Build started 4/11/2026 2:23:43 AM.
     0>Process = "C:\Program Files\dotnet\dotnet.exe"
       MSBuild executable path = "C:\Program Files\dotnet\sdk\8.0.400\MSBuild.dll"
       Command line arguments = "C:\Program Files\dotnet\sdk\8.0.400\MSBuild.dll -maxcpucount -verbosity:m -nologo -restore -consoleloggerparameters:Summary -target:Rebuild Jarvis.sln /v:d -distributedlogger:Microsoft.DotNet.Tools.MSBuild.MSBuildLogger,C:\Program Files\dotnet\sdk\8.0.400\dotnet.dll*Microsoft.DotNet.Tools.MSBuild.MSBuildForwardingLogger,C:\Program Files\dotnet\sdk\8.0.400\dotnet.dll"
       Current directory = "C:\Users\NoahR\OneDrive\Desktop\Jarvis"
       MSBuild version = "17.11.3+0c8610977"
       Based on the Windows registry key LongPathsEnabled, the LongPaths feature is enabled.
       Assembly loaded during Evaluation: Microsoft.NET.StringTools, Version=1.0.0.0, Culture=neutral, PublicKeyToken=b03f5f7f11d50a3a (location: C:\Program Files\dotnet\sdk\8.0.400\Microsoft.NET.StringTools.dll, MVID: 34afc25a-bd2b-4096-909b-efbfc6d9c9d0, AssemblyLoadContext: Default)
       Property 'MSBuildExtensionsPath' with value 'C:\Program Files\dotnet\sdk\8.0.400\' expanded from the environment.
       Assembly loaded during Evaluation: System.Threading.Tasks.Parallel, Version=8.0.0.0, Culture=neutral, PublicKeyToken=b03f5f7f11d50a3a (location: C:\Program Files\dotnet\shared\Microsoft.NETCore.App\8.0.25\System.Threading.Tasks.Parallel.dll, MVID: fc449f48-e481-49f5-9405-cb8700248eac, AssemblyLoadContext: Default)
       Property reassignment: $(_GenerateRestoreGraphProjectEntryInputProperties)="
             ExcludeRestorePackageImports=true;
             _RestoreSolutionFileUsed=true;
             SolutionDir=C:\Users\NoahR\OneDrive\Desktop\Jarvis\;
             SolutionName=Jarvis;
             SolutionFileName=Jarvis.sln;
             SolutionPath=C:\Users\NoahR\OneDrive\Desktop\Jarvis\Jarvis.sln;
             SolutionExt=.sln;
           " (previous value: "ExcludeRestorePackageImports=true") at C:\Program Files\dotnet\sdk\8.0.400\NuGet.targets (101,5)
       Overriding target "Restore" in project "C:\Users\NoahR\OneDrive\Desktop\Jarvis\Jarvis.sln.metaproj" with target "Restore" from project "C:\Program Files\dotnet\sdk\8.0.400\NuGet.targets".
       The target "Store" listed in a BeforeTargets attribute at "C:\Program Files\dotnet\sdk\8.0.400\Current\SolutionFile\ImportAfter\Microsoft.NET.Sdk.Solution.targets (33,11)" does not exist in the project, and will be ignored.
       The target "VSTest" listed in a BeforeTargets attribute at "C:\Program Files\dotnet\sdk\8.0.400\Current\SolutionFile\ImportAfter\Microsoft.NET.Sdk.Solution.targets (33,11)" does not exist in the project, and will be ignored.
       The target "_CheckForInvalidConfigurationAndPlatform" listed in a BeforeTargets attribute at "C:\Program Files\dotnet\sdk\8.0.400\NuGet.targets (667,11)" does not exist in the project, and will be ignored.
     1>Project "C:\Users\NoahR\OneDrive\Desktop\Jarvis\Jarvis.sln" on node 1 (Restore target(s)).
     1>Target "ValidateSolutionConfiguration" in file "C:\Users\NoahR\OneDrive\Desktop\Jarvis\Jarvis.sln.metaproj" from project "C:\Users\NoahR\OneDrive\Desktop\Jarvis\Jarvis.sln" (entry point):
     1>Task "Error" skipped, due to false condition; (('$(CurrentSolutionConfigurationContents)' == '') and ('$(SkipInvalidConfigurations)' != 'true')) was evaluated as (('<SolutionConfiguration>
  <ProjectConfiguration Project="{66ABF665-9EB4-45B3-BA63-6E4BB26B35C7}" AbsolutePath="C:\Users\NoahR\OneDrive\Desktop\Jarvis\src\Jarvis.Core\Jarvis.Core.csproj" BuildProjectInSolution="True">Debug|AnyCPU</ProjectConfiguration>
  <ProjectConfiguration Project="{D4B49CE1-3EF3-4F7C-ACE4-B4095CEDF721}" AbsolutePath="C:\Users\NoahR\OneDrive\Desktop\Jarvis\src\Jarvis.App\Jarvis.App.csproj" BuildProjectInSolution="True">Debug|AnyCPU</ProjectConfiguration>
</SolutionConfiguration>' == '') and ('' != 'true')).
       Task "Warning" skipped, due to false condition; (('$(CurrentSolutionConfigurationContents)' == '') and ('$(SkipInvalidConfigurations)' == 'true')) was evaluated as (('<SolutionConfiguration>
         <ProjectConfiguration Project="{66ABF665-9EB4-45B3-BA63-6E4BB26B35C7}" AbsolutePath="C:\Users\NoahR\OneDrive\Desktop\Jarvis\src\Jarvis.Core\Jarvis.Core.csproj" BuildProjectInSolution="True">Debug|AnyCPU</ProjectConfiguration>
         <ProjectConfiguration Project="{D4B49CE1-3EF3-4F7C-ACE4-B4095CEDF721}" AbsolutePath="C:\Users\NoahR\OneDrive\Desktop\Jarvis\src\Jarvis.App\Jarvis.App.csproj" BuildProjectInSolution="True">Debug|AnyCPU</ProjectConfiguration>
       </SolutionConfiguration>' == '') and ('' == 'true')).
       Using "Message" task from assembly "Microsoft.Build.Tasks.Core, Version=15.1.0.0, Culture=neutral, PublicKeyToken=b03f5f7f11d50a3a".
       Task "Message"
         Building solution configuration "Debug|Any CPU".
       Done executing task "Message".
     1>Done building target "ValidateSolutionConfiguration" in project "Jarvis.sln".
     1>Target "ValidateToolsVersions" in file "C:\Users\NoahR\OneDrive\Desktop\Jarvis\Jarvis.sln.metaproj" from project "C:\Users\NoahR\OneDrive\Desktop\Jarvis\Jarvis.sln" (entry point):
       Task "Error" skipped, due to false condition; ('$(MSBuildToolsVersion)' == '2.0' and ('$(ProjectToolsVersion)' != '2.0' and '$(ProjectToolsVersion)' != '')) was evaluated as ('Current' == '2.0' and ('' != '2.0' and '' != '')).
     1>Done building target "ValidateToolsVersions" in project "Jarvis.sln".
     1>Target "ValidateProjects" in file "C:\Users\NoahR\OneDrive\Desktop\Jarvis\Jarvis.sln.metaproj" from project "C:\Users\NoahR\OneDrive\Desktop\Jarvis\Jarvis.sln" (entry point):
     1>Done building target "ValidateProjects" in project "Jarvis.sln".
     1>Target "_LoadRestoreGraphEntryPoints" in file "C:\Program Files\dotnet\sdk\8.0.400\NuGet.targets" from project "C:\Users\NoahR\OneDrive\Desktop\Jarvis\Jarvis.sln" (target "_FilterRestoreGraphProjectInputItems" depends on it):
       Assembly loaded during TaskRun: NuGet.Build.Tasks, Version=6.11.0.122, Culture=neutral, PublicKeyToken=31bf3856ad364e35 (location: C:\Program Files\dotnet\sdk\8.0.400\NuGet.Build.Tasks.dll, MVID: 4d404562-f83a-4395-9811-c805633a12f0, AssemblyLoadContext: MSBuild plugin C:\Program Files\dotnet\sdk\8.0.400\NuGet.Build.Tasks.dll)
       Assembly loaded during TaskRun: System.Reflection.Metadata, Version=8.0.0.0, Culture=neutral, PublicKeyToken=b03f5f7f11d50a3a (location: C:\Program Files\dotnet\shared\Microsoft.NETCore.App\8.0.25\System.Reflection.Metadata.dll, MVID: 6eaa5e01-50ae-47b3-b340-8e414a33a11d, AssemblyLoadContext: Default)
       Assembly loaded during TaskRun: NuGet.Common, Version=6.11.0.122, Culture=neutral, PublicKeyToken=31bf3856ad364e35 (location: C:\Program Files\dotnet\sdk\8.0.400\NuGet.Common.dll, MVID: 697be56d-9006-4c0a-b9a6-da909188ab01, AssemblyLoadContext: MSBuild plugin C:\Program Files\dotnet\sdk\8.0.400\NuGet.Build.Tasks.dll)
       Assembly loaded during TaskRun: NuGet.Commands, Version=6.11.0.122, Culture=neutral, PublicKeyToken=31bf3856ad364e35 (location: C:\Program Files\dotnet\sdk\8.0.400\NuGet.Commands.dll, MVID: bfe959a7-94a1-4221-b49d-10e582ed92eb, AssemblyLoadContext: MSBuild plugin C:\Program Files\dotnet\sdk\8.0.400\NuGet.Build.Tasks.dll)
       Assembly loaded during TaskRun: NuGet.ProjectModel, Version=6.11.0.122, Culture=neutral, PublicKeyToken=31bf3856ad364e35 (location: C:\Program Files\dotnet\sdk\8.0.400\NuGet.ProjectModel.dll, MVID: 1cfdf709-3861-4966-acfd-bef9da616f95, AssemblyLoadContext: MSBuild plugin C:\Program Files\dotnet\sdk\8.0.400\NuGet.Build.Tasks.dll)
       Using "GetRestoreSolutionProjectsTask" task from assembly "C:\Program Files\dotnet\sdk\8.0.400\NuGet.Build.Tasks.dll".
       Task "GetRestoreSolutionProjectsTask"
       Done executing task "GetRestoreSolutionProjectsTask".
     1>Done building target "_LoadRestoreGraphEntryPoints" in project "Jarvis.sln".
     1>Target "_FilterRestoreGraphProjectInputItems" in file "C:\Program Files\dotnet\sdk\8.0.400\NuGet.targets" from project "C:\Users\NoahR\OneDrive\Desktop\Jarvis\Jarvis.sln" (target "_GenerateRestoreGraph" depends on it):
       Using "RemoveDuplicates" task from assembly "Microsoft.Build.Tasks.Core, Version=15.1.0.0, Culture=neutral, PublicKeyToken=b03f5f7f11d50a3a".
       Task "RemoveDuplicates"
       Done executing task "RemoveDuplicates".
       Using "MSBuild" task from assembly "Microsoft.Build.Tasks.Core, Version=15.1.0.0, Culture=neutral, PublicKeyToken=b03f5f7f11d50a3a".
       Task "MSBuild"
         Global Properties:
           ExcludeRestorePackageImports=true
           _RestoreSolutionFileUsed=true
           SolutionDir=C:\Users\NoahR\OneDrive\Desktop\Jarvis\
           SolutionName=Jarvis
           SolutionFileName=Jarvis.sln
           SolutionPath=C:\Users\NoahR\OneDrive\Desktop\Jarvis\Jarvis.sln
           SolutionExt=.sln
         Additional Properties for project "C:\Users\NoahR\OneDrive\Desktop\Jarvis\src\Jarvis.Core\Jarvis.Core.csproj":
           Configuration=Debug
           Platform=AnyCPU
         Additional Properties for project "C:\Users\NoahR\OneDrive\Desktop\Jarvis\src\Jarvis.App\Jarvis.App.csproj":
           Configuration=Debug
           Platform=AnyCPU
     0>The SDK "Microsoft.NET.Sdk" was successfully resolved by the "DefaultSdkResolver" resolver to location "C:\Program Files\dotnet\sdk\8.0.400\Sdks\Microsoft.NET.Sdk\Sdk" and version "".
       Property 'MSBuildExtensionsPath' with value 'C:\Program Files\dotnet\sdk\8.0.400\' expanded from the environment.
       Property reassignment: $(MSBuildProjectExtensionsPath)="C:\Users\NoahR\OneDrive\Desktop\Jarvis\src\Jarvis.Core\obj\" (previous value: "obj\") at C:\Program Files\dotnet\sdk\8.0.400\Current\Microsoft.Common.props (60,5)
       Property 'MSBuildUserExtensionsPath' with value 'C:\Users\NoahR\AppData\Local\Microsoft\MSBuild' expanded from the environment.
       The "Configuration" property is a global property, and cannot be modified.
       The "Platform" property is a global property, and cannot be modified.
       The "Configuration" property is a global property, and cannot be modified.
       The "Platform" property is a global property, and cannot be modified.
       Property reassignment: $(AssemblySearchPaths)="{CandidateAssemblyFiles};{HintPathFromItem}" (previous value: "{CandidateAssemblyFiles}") at C:\Program Files\dotnet\sdk\8.0.400\Sdks\Microsoft.NET.Sdk\targets\Microsoft.NET.Sdk.props (91,5)
       Property reassignment: $(AssemblySearchPaths)="{CandidateAssemblyFiles};{HintPathFromItem};{TargetFrameworkDirectory}" (previous value: "{CandidateAssemblyFiles};{HintPathFromItem}") at C:\Program Files\dotnet\sdk\8.0.400\Sdks\Microsoft.NET.Sdk\targets\Microsoft.NET.Sdk.props (92,5)
       Property reassignment: $(AssemblySearchPaths)="{CandidateAssemblyFiles};{HintPathFromItem};{TargetFrameworkDirectory};{RawFileName}" (previous value: "{CandidateAssemblyFiles};{HintPathFromItem};{TargetFrameworkDirectory}") at C:\Program Files\dotnet\sdk\8.0.400\Sdks\Microsoft.NET.Sdk\targets\Microsoft.NET.Sdk.props (93,5)
       The "DefaultSdkResolver" resolver attempted to resolve the SDK "Microsoft.NET.SDK.WorkloadAutoImportPropsLocator".
       Warnings: null
       Errors: MSB4276: The default SDK resolver failed to resolve SDK "Microsoft.NET.SDK.WorkloadAutoImportPropsLocator" because directory "C:\Program Files\dotnet\sdk\8.0.400\Sdks\Microsoft.NET.SDK.WorkloadAutoImportPropsLocator\Sdk" did not exist.
       Assembly loaded during Evaluation: Microsoft.Build.NuGetSdkResolver, Version=6.11.0.122, Culture=neutral, PublicKeyToken=31bf3856ad364e35 (location: C:\Program Files\dotnet\sdk\8.0.400\Microsoft.Build.NuGetSdkResolver.dll, MVID: 3234ae34-0ce4-41ed-9206-09b860f960c5, AssemblyLoadContext: MSBuild plugin C:\Program Files\dotnet\sdk\8.0.400\Microsoft.Build.NuGetSdkResolver.dll)
       Assembly loaded during Evaluation: Microsoft.NET.Sdk.WorkloadMSBuildSdkResolver, Version=8.0.400.0, Culture=neutral, PublicKeyToken=31bf3856ad364e35 (location: C:\Program Files\dotnet\sdk\8.0.400\Microsoft.NET.Sdk.WorkloadMSBuildSdkResolver.dll, MVID: e70eadda-2737-4368-8dda-f59f071e9aaa, AssemblyLoadContext: MSBuild plugin C:\Program Files\dotnet\sdk\8.0.400\Microsoft.NET.Sdk.WorkloadMSBuildSdkResolver.dll)
       Assembly loaded during Evaluation: Microsoft.DotNet.Cli.Utils, Version=8.0.400.0, Culture=neutral, PublicKeyToken=adb9793829ddae60 (location: C:\Program Files\dotnet\sdk\8.0.400\Microsoft.DotNet.Cli.Utils.dll, MVID: 3614b473-4753-4be7-bf58-06f7b715a9d3, AssemblyLoadContext: MSBuild plugin C:\Program Files\dotnet\sdk\8.0.400\Microsoft.NET.Sdk.WorkloadMSBuildSdkResolver.dll)
       Assembly loaded during Evaluation: System.IO.Pipes, Version=8.0.0.0, Culture=neutral, PublicKeyToken=b03f5f7f11d50a3a (location: C:\Program Files\dotnet\shared\Microsoft.NETCore.App\8.0.25\System.IO.Pipes.dll, MVID: eedce00e-fa40-4b80-8eaf-f25b5f86c32a, AssemblyLoadContext: Default)
       Assembly loaded during Evaluation: Microsoft.NET.Sdk.WorkloadManifestReader, Version=8.0.400.0, Culture=neutral, PublicKeyToken=adb9793829ddae60 (location: C:\Program Files\dotnet\sdk\8.0.400\Microsoft.NET.Sdk.WorkloadManifestReader.dll, MVID: c51be2ac-5d62-4f28-bde0-f1ce3cf35a6b, AssemblyLoadContext: MSBuild plugin C:\Program Files\dotnet\sdk\8.0.400\Microsoft.NET.Sdk.WorkloadMSBuildSdkResolver.dll)
       Assembly loaded during Evaluation: System.Threading.Overlapped, Version=8.0.0.0, Culture=neutral, PublicKeyToken=b03f5f7f11d50a3a (location: C:\Program Files\dotnet\shared\Microsoft.NETCore.App\8.0.25\System.Threading.Overlapped.dll, MVID: 60c3c31e-e2e3-485c-8f62-b23b4cb09f56, AssemblyLoadContext: Default)
       Assembly loaded during Evaluation: System.Security.AccessControl, Version=8.0.0.0, Culture=neutral, PublicKeyToken=b03f5f7f11d50a3a (location: C:\Program Files\dotnet\shared\Microsoft.NETCore.App\8.0.25\System.Security.AccessControl.dll, MVID: 970b2bef-fd70-4e10-bd87-8a4ca1fbc18c, AssemblyLoadContext: Default)
       Assembly loaded during Evaluation: Microsoft.Deployment.DotNet.Releases, Version=2.0.0.0, Culture=neutral, PublicKeyToken=31bf3856ad364e35 (location: C:\Program Files\dotnet\sdk\8.0.400\Microsoft.Deployment.DotNet.Releases.dll, MVID: eb340e0e-b895-41fa-8fc4-c04faee03b3b, AssemblyLoadContext: MSBuild plugin C:\Program Files\dotnet\sdk\8.0.400\Microsoft.NET.Sdk.WorkloadMSBuildSdkResolver.dll)
       Assembly loaded during Evaluation: System.Net.Sockets, Version=8.0.0.0, Culture=neutral, PublicKeyToken=b03f5f7f11d50a3a (location: C:\Program Files\dotnet\shared\Microsoft.NETCore.App\8.0.25\System.Net.Sockets.dll, MVID: 6667a615-98a5-4e91-bbf8-59e78129835f, AssemblyLoadContext: Default)
       Reusing node 2 (PID: 14920).
       The SDK "Microsoft.NET.SDK.WorkloadAutoImportPropsLocator" was successfully resolved by the "Microsoft.DotNet.MSBuildWorkloadSdkResolver" resolver to location "null" and version "null".
       Property reassignment: $(TargetsForTfmSpecificContentInPackage)=";PackTool;_PackProjectToolValidation" (previous value: ";PackTool") at C:\Program Files\dotnet\sdk\8.0.400\Sdks\Microsoft.NET.Sdk\targets\Microsoft.NET.PackProjectTool.props (15,5)
       The "Configuration" property is a global property, and cannot be modified.
       The "Platform" property is a global property, and cannot be modified.
       Property reassignment: $(PublishProfileImported)="false" (previous value: "true") at C:\Program Files\dotnet\sdk\8.0.400\Sdks\Microsoft.NET.Sdk\targets\Microsoft.NET.Sdk.ImportPublishProfile.targets (28,5)
       Assembly loaded during Evaluation: NuGet.Frameworks, Version=6.11.0.122, Culture=neutral, PublicKeyToken=31bf3856ad364e35 (location: C:\Program Files\dotnet\sdk\8.0.400\NuGet.Frameworks.dll, MVID: 80bb22ee-4830-4f2a-9342-0a8089fc1dfa, AssemblyLoadContext: Assembly.LoadFile(C:\Program Files\dotnet\sdk\8.0.400\NuGet.Frameworks.dll))
       Property 'MSBuildExtensionsPath' with value 'C:\Program Files\dotnet\sdk\8.0.400\' expanded from the environment.
       Property reassignment: $(TargetPlatformVersion)="" (previous value: "0.0") at C:\Program Files\dotnet\sdk\8.0.400\Sdks\Microsoft.NET.Sdk\targets\Microsoft.NET.TargetFrameworkInference.targets (69,5)
       Property reassignment: $(MSBuildProjectExtensionsPath)="C:\Users\NoahR\OneDrive\Desktop\Jarvis\src\Jarvis.App\obj\" (previous value: "obj\") at C:\Program Files\dotnet\sdk\8.0.400\Current\Microsoft.Common.props (60,5)
       Property 'MSBuildUserExtensionsPath' with value 'C:\Users\NoahR\AppData\Local\Microsoft\MSBuild' expanded from the environment.
       The "Configuration" property is a global property, and cannot be modified.
       The "Platform" property is a global property, and cannot be modified.
       The "Configuration" property is a global property, and cannot be modified.
       The "Platform" property is a global property, and cannot be modified.
       Property reassignment: $(AssemblySearchPaths)="{CandidateAssemblyFiles};{HintPathFromItem}" (previous value: "{CandidateAssemblyFiles}") at C:\Program Files\dotnet\sdk\8.0.400\Sdks\Microsoft.NET.Sdk\targets\Microsoft.NET.Sdk.props (91,5)
       Property reassignment: $(AssemblySearchPaths)="{CandidateAssemblyFiles};{HintPathFromItem};{TargetFrameworkDirectory}" (previous value: "{CandidateAssemblyFiles};{HintPathFromItem}") at C:\Program Files\dotnet\sdk\8.0.400\Sdks\Microsoft.NET.Sdk\targets\Microsoft.NET.Sdk.props (92,5)
       Property reassignment: $(AssemblySearchPaths)="{CandidateAssemblyFiles};{HintPathFromItem};{TargetFrameworkDirectory};{RawFileName}" (previous value: "{CandidateAssemblyFiles};{HintPathFromItem};{TargetFrameworkDirectory}") at C:\Program Files\dotnet\sdk\8.0.400\Sdks\Microsoft.NET.Sdk\targets\Microsoft.NET.Sdk.props (93,5)
       Property reassignment: $(TargetsForTfmSpecificContentInPackage)=";PackTool;_PackProjectToolValidation" (previous value: ";PackTool") at C:\Program Files\dotnet\sdk\8.0.400\Sdks\Microsoft.NET.Sdk\targets\Microsoft.NET.PackProjectTool.props (15,5)
       Property reassignment: $(DefaultItemExcludes)=";bin\Debug\/**;obj\Debug\/**" (previous value: ";bin\Debug\/**") at C:\Program Files\dotnet\sdk\8.0.400\Sdks\Microsoft.NET.Sdk\targets\Microsoft.NET.DefaultOutputPaths.targets (122,5)
       Property reassignment: $(OutputPath)="bin\Debug\net8.0\" (previous value: "bin\Debug\") at C:\Program Files\dotnet\sdk\8.0.400\Sdks\Microsoft.NET.Sdk\targets\Microsoft.NET.DefaultOutputPaths.targets (137,5)
       Property reassignment: $(IntermediateOutputPath)="obj\Debug\net8.0\" (previous value: "obj\Debug\") at C:\Program Files\dotnet\sdk\8.0.400\Sdks\Microsoft.NET.Sdk\targets\Microsoft.NET.DefaultOutputPaths.targets (142,5)
       Property reassignment: $(OutputType)="WinExe" (previous value: "Library") at C:\Users\NoahR\OneDrive\Desktop\Jarvis\src\Jarvis.App\Jarvis.App.csproj (10,5)
       The "Configuration" property is a global property, and cannot be modified.
       The "Platform" property is a global property, and cannot be modified.
       Property reassignment: $(PublishProfileImported)="false" (previous value: "true") at C:\Program Files\dotnet\sdk\8.0.400\Sdks\Microsoft.NET.Sdk\targets\Microsoft.NET.Sdk.ImportPublishProfile.targets (28,5)
       The "DefaultSdkResolver" resolver attempted to resolve the SDK "Microsoft.NET.SDK.WorkloadManifestTargetsLocator".
       Warnings: null
       Errors: MSB4276: The default SDK resolver failed to resolve SDK "Microsoft.NET.SDK.WorkloadManifestTargetsLocator" because directory "C:\Program Files\dotnet\sdk\8.0.400\Sdks\Microsoft.NET.SDK.WorkloadManifestTargetsLocator\Sdk" did not exist.
       Property reassignment: $(TargetPlatformVersion)="0.0" (previous value: "0.0.0.0") at C:\Program Files\dotnet\sdk\8.0.400\Sdks\Microsoft.NET.Sdk\targets\Microsoft.NET.TargetFrameworkInference.targets (68,5)
       Property reassignment: $(TargetPlatformVersion)="" (previous value: "0.0") at C:\Program Files\dotnet\sdk\8.0.400\Sdks\Microsoft.NET.Sdk\targets\Microsoft.NET.TargetFrameworkInference.targets (69,5)
       Property reassignment: $(TargetPlatformIdentifier)="Windows" (previous value: "windows") at C:\Program Files\dotnet\sdk\8.0.400\Sdks\Microsoft.NET.Sdk\targets\Microsoft.NET.TargetFrameworkInference.targets (71,5)
       Property reassignment: $(DefaultItemExcludes)=";bin\Debug\/**;obj\Debug\/**" (previous value: ";bin\Debug\/**") at C:\Program Files\dotnet\sdk\8.0.400\Sdks\Microsoft.NET.Sdk\targets\Microsoft.NET.DefaultOutputPaths.targets (122,5)
       Property reassignment: $(OutputPath)="bin\Debug\net8.0-windows\" (previous value: "bin\Debug\") at C:\Program Files\dotnet\sdk\8.0.400\Sdks\Microsoft.NET.Sdk\targets\Microsoft.NET.DefaultOutputPaths.targets (137,5)
       Property reassignment: $(IntermediateOutputPath)="obj\Debug\net8.0-windows\" (previous value: "obj\Debug\") at C:\Program Files\dotnet\sdk\8.0.400\Sdks\Microsoft.NET.Sdk\targets\Microsoft.NET.DefaultOutputPaths.targets (142,5)
       The SDK "Microsoft.NET.SDK.WorkloadManifestTargetsLocator" was successfully resolved by the "Microsoft.DotNet.MSBuildWorkloadSdkResolver" resolver to location "C:\Program Files\dotnet\sdk-manifests\8.0.100\microsoft.net.sdk.android\34.0.113" and version "null".
       Property reassignment: $(_FrameworkIdentifierForImplicitDefine)="NET" (previous value: "NETCOREAPP") at C:\Program Files\dotnet\sdk\8.0.400\Sdks\Microsoft.NET.Sdk\targets\Microsoft.NET.Sdk.BeforeCommon.targets (187,5)
       Property reassignment: $(_FrameworkVersionForImplicitDefine)="8_0" (previous value: "8.0") at C:\Program Files\dotnet\sdk\8.0.400\Sdks\Microsoft.NET.Sdk\targets\Microsoft.NET.Sdk.BeforeCommon.targets (192,5)
       Property reassignment: $(CommandLineArgsForDesignTimeEvaluation)="-langversion:12.0 -define:TRACE" (previous value: "-langversion:12.0") at C:\Program Files\dotnet\sdk\8.0.400\Roslyn\Microsoft.CSharp.Core.targets (200,5)
       The "Platform" property is a global property, and cannot be modified.
       The "Configuration" property is a global property, and cannot be modified.
       Property reassignment: $(_DebugSymbolsProduced)="true" (previous value: "false") at C:\Program Files\dotnet\sdk\8.0.400\Microsoft.Common.CurrentVersion.targets (175,5)
       Property reassignment: $(_DocumentationFileProduced)="false" (previous value: "true") at C:\Program Files\dotnet\sdk\8.0.400\Microsoft.Common.CurrentVersion.targets (185,5)
       The "SolutionName" property is a global property, and cannot be modified.
       The "SolutionFileName" property is a global property, and cannot be modified.
       The "SolutionPath" property is a global property, and cannot be modified.
       The "SolutionDir" property is a global property, and cannot be modified.
       The "SolutionExt" property is a global property, and cannot be modified.
       Property reassignment: $(MSBuildCopyMarkerName)="Jarvis.App.csproj.Up2Date" (previous value: "Jarvis.App.csproj") at C:\Program Files\dotnet\sdk\8.0.400\Microsoft.Common.CurrentVersion.targets (393,5)
       Property reassignment: $(ProcessorArchitecture)="msil" (previous value: "") at C:\Program Files\dotnet\sdk\8.0.400\Microsoft.Common.CurrentVersion.targets (541,5)
       Property reassignment: $(DelaySign)="" (previous value: "false") at C:\Program Files\dotnet\sdk\8.0.400\Microsoft.Common.CurrentVersion.targets (580,5)
       Property 'LOCALAPPDATA' with value 'C:\Users\NoahR\AppData\Local' expanded from the environment.
       Property reassignment: $(_SGenGenerateSerializationAssembliesConfig)="Auto" (previous value: "") at C:\Program Files\dotnet\sdk\8.0.400\Microsoft.Common.CurrentVersion.targets (3896,5)
       Property reassignment: $(_SGenGenerateSerializationAssembliesConfig)="Off" (previous value: "Auto") at C:\Program Files\dotnet\sdk\8.0.400\Microsoft.Common.CurrentVersion.targets (3897,5)
       Property reassignment: $(_TargetsThatPrepareProjectReferences)="
             AssignProjectConfiguration;
             _SplitProjectReferencesByFileExistence
           " (previous value: "_SplitProjectReferencesByFileExistence") at C:\Program Files\dotnet\sdk\8.0.400\Microsoft.Common.CurrentVersion.targets (5099,5)
       Property 'MSBuildExtensionsPath32' with value 'C:\Program Files\dotnet\sdk\8.0.400' expanded from the environment.
       The "_RestoreSolutionFileUsed" property is a global property, and cannot be modified.
       Property reassignment: $(_GenerateRestoreGraphProjectEntryInputProperties)="
             ExcludeRestorePackageImports=true;
             _RestoreSolutionFileUsed=true;
             SolutionDir=C:\Users\NoahR\OneDrive\Desktop\Jarvis\;
             SolutionName=Jarvis;
             SolutionFileName=Jarvis.sln;
             SolutionPath=C:\Users\NoahR\OneDrive\Desktop\Jarvis\Jarvis.sln;
             SolutionExt=.sln;
           " (previous value: "ExcludeRestorePackageImports=true") at C:\Program Files\dotnet\sdk\8.0.400\NuGet.targets (101,5)
       Property reassignment: $(ProjectAssetsFile)="C:\Users\NoahR\OneDrive\Desktop\Jarvis\src\Jarvis.App\obj\project.assets.json" (previous value: "C:\Users\NoahR\OneDrive\Desktop\Jarvis\src\Jarvis.App\obj\/project.assets.json") at C:\Program Files\dotnet\sdk\8.0.400\Sdks\Microsoft.NET.Sdk\targets\Microsoft.PackageDependencyResolution.targets (24,5)
       Property reassignment: $(ProjectAssetsCacheFile)="C:\Users\NoahR\OneDrive\Desktop\Jarvis\src\Jarvis.App\obj\Debug\net8.0-windows\Jarvis.App.assets.cache" (previous value: "obj\Debug\net8.0-windows\Jarvis.App.assets.cache") at C:\Program Files\dotnet\sdk\8.0.400\Sdks\Microsoft.NET.Sdk\targets\Microsoft.PackageDependencyResolution.targets (29,5)
       Property reassignment: $(ResolveAssemblyReferencesDependsOn)="
             
             ResolveProjectReferences;
             FindInvalidProjectReferences;
             GetFrameworkPaths;
             GetReferenceAssemblyPaths;
             PrepareForBuild;
             ResolveSDKReferences;
             ExpandSDKReferences;
           ;
             ResolvePackageDependenciesForBuild;
             _HandlePackageFileConflicts;
           " (previous value: "
             ResolveProjectReferences;
             FindInvalidProjectReferences;
             GetFrameworkPaths;
             GetReferenceAssemblyPaths;
             PrepareForBuild;
             ResolveSDKReferences;
             ExpandSDKReferences;
           ") at C:\Program Files\dotnet\sdk\8.0.400\Sdks\Microsoft.NET.Sdk\targets\Microsoft.PackageDependencyResolution.targets (80,5)
       Property reassignment: $(PrepareResourcesDependsOn)="
             ResolvePackageDependenciesForBuild;
             _HandlePackageFileConflicts;
             
             ;
             PrepareResourceNames;
             ResGen;
             CompileLicxFiles
           
           " (previous value: "
             ;
             PrepareResourceNames;
             ResGen;
             CompileLicxFiles
           ") at C:\Program Files\dotnet\sdk\8.0.400\Sdks\Microsoft.NET.Sdk\targets\Microsoft.PackageDependencyResolution.targets (86,5)
       Property reassignment: $(DefaultItemExcludes)=";bin\Debug\/**;obj\Debug\/**;bin\/**" (previous value: ";bin\Debug\/**;obj\Debug\/**") at C:\Program Files\dotnet\sdk\8.0.400\Sdks\Microsoft.NET.Sdk\targets\Microsoft.NET.Sdk.DefaultItems.targets (27,5)
       Property reassignment: $(DefaultItemExcludes)=";bin\Debug\/**;obj\Debug\/**;bin\/**;obj\/**" (previous value: ";bin\Debug\/**;obj\Debug\/**;bin\/**") at C:\Program Files\dotnet\sdk\8.0.400\Sdks\Microsoft.NET.Sdk\targets\Microsoft.NET.Sdk.DefaultItems.targets (29,5)
       Property reassignment: $(DefaultItemExcludes)=";bin\Debug\/**;obj\Debug\/**;bin\/**;obj\/**;**/*.user" (previous value: ";bin\Debug\/**;obj\Debug\/**;bin\/**;obj\/**") at C:\Program Files\dotnet\sdk\8.0.400\Sdks\Microsoft.NET.Sdk\targets\Microsoft.NET.Sdk.DefaultItems.targets (32,5)
       Property reassignment: $(DefaultItemExcludes)=";bin\Debug\/**;obj\Debug\/**;bin\/**;obj\/**;**/*.user;**/*.*proj" (previous value: ";bin\Debug\/**;obj\Debug\/**;bin\/**;obj\/**;**/*.user") at C:\Program Files\dotnet\sdk\8.0.400\Sdks\Microsoft.NET.Sdk\targets\Microsoft.NET.Sdk.DefaultItems.targets (33,5)
       Property reassignment: $(DefaultItemExcludes)=";bin\Debug\/**;obj\Debug\/**;bin\/**;obj\/**;**/*.user;**/*.*proj;**/*.sln" (previous value: ";bin\Debug\/**;obj\Debug\/**;bin\/**;obj\/**;**/*.user;**/*.*proj") at C:\Program Files\dotnet\sdk\8.0.400\Sdks\Microsoft.NET.Sdk\targets\Microsoft.NET.Sdk.DefaultItems.targets (34,5)
       Property reassignment: $(DefaultItemExcludes)=";bin\Debug\/**;obj\Debug\/**;bin\/**;obj\/**;**/*.user;**/*.*proj;**/*.sln;**/*.vssscc" (previous value: ";bin\Debug\/**;obj\Debug\/**;bin\/**;obj\/**;**/*.user;**/*.*proj;**/*.sln") at C:\Program Files\dotnet\sdk\8.0.400\Sdks\Microsoft.NET.Sdk\targets\Microsoft.NET.Sdk.DefaultItems.targets (35,5)
       Property reassignment: $(DefaultItemExcludes)=";bin\Debug\/**;obj\Debug\/**;bin\/**;obj\/**;**/*.user;**/*.*proj;**/*.sln;**/*.vssscc;**/.DS_Store" (previous value: ";bin\Debug\/**;obj\Debug\/**;bin\/**;obj\/**;**/*.user;**/*.*proj;**/*.sln;**/*.vssscc") at C:\Program Files\dotnet\sdk\8.0.400\Sdks\Microsoft.NET.Sdk\targets\Microsoft.NET.Sdk.DefaultItems.targets (36,5)
       Property reassignment: $(ResolveAssemblyReferencesDependsOn)="
             
             
             ResolveProjectReferences;
             FindInvalidProjectReferences;
             GetFrameworkPaths;
             GetReferenceAssemblyPaths;
             PrepareForBuild;
             ResolveSDKReferences;
             ExpandSDKReferences;
           ;
             ResolvePackageDependenciesForBuild;
             _HandlePackageFileConflicts;
           ;
             ResolveTargetingPackAssets;
           " (previous value: "
             
             ResolveProjectReferences;
             FindInvalidProjectReferences;
             GetFrameworkPaths;
             GetReferenceAssemblyPaths;
             PrepareForBuild;
             ResolveSDKReferences;
             ExpandSDKReferences;
           ;
             ResolvePackageDependenciesForBuild;
             _HandlePackageFileConflicts;
           ") at C:\Program Files\dotnet\sdk\8.0.400\Sdks\Microsoft.NET.Sdk\targets\Microsoft.NET.Sdk.FrameworkReferenceResolution.targets (14,5)
       Property reassignment: $(_GenerateRuntimeConfigurationPropertyInputsCache)="C:\Users\NoahR\OneDrive\Desktop\Jarvis\src\Jarvis.App\obj\Debug\net8.0-windows\Jarvis.App.genruntimeconfig.cache" (previous value: "obj\Debug\net8.0-windows\Jarvis.App.genruntimeconfig.cache") at C:\Program Files\dotnet\sdk\8.0.400\Sdks\Microsoft.NET.Sdk\targets\Microsoft.NET.Sdk.targets (44,5)
       Property reassignment: $(_GeneratePublishDependencyFilePropertyInputsCache)="C:\Users\NoahR\OneDrive\Desktop\Jarvis\src\Jarvis.App\obj\Debug\net8.0-windows\Jarvis.App.genpublishdeps.cache" (previous value: "obj\Debug\net8.0-windows\Jarvis.App.genpublishdeps.cache") at C:\Program Files\dotnet\sdk\8.0.400\Sdks\Microsoft.NET.Sdk\targets\Microsoft.NET.Sdk.targets (46,5)
       Property reassignment: $(_GenerateSingleFileBundlePropertyInputsCache)="C:\Users\NoahR\OneDrive\Desktop\Jarvis\src\Jarvis.App\obj\Debug\net8.0-windows\Jarvis.App.genbundle.cache" (previous value: "obj\Debug\net8.0-windows\Jarvis.App.genbundle.cache") at C:\Program Files\dotnet\sdk\8.0.400\Sdks\Microsoft.NET.Sdk\targets\Microsoft.NET.Sdk.targets (48,5)
       Property reassignment: $(GenerateRuntimeConfigDevFile)="false" (previous value: "true") at C:\Program Files\dotnet\sdk\8.0.400\Sdks\Microsoft.NET.Sdk\targets\Microsoft.NET.Sdk.targets (81,5)
       Property 'USERPROFILE' with value 'C:\Users\NoahR' expanded from the environment.
       Property reassignment: $(_DefaultUserProfileRuntimeStorePath)="C:\Users\NoahR" (previous value: "") at C:\Program Files\dotnet\sdk\8.0.400\Sdks\Microsoft.NET.Sdk\targets\Microsoft.NET.Sdk.targets (97,5)
       Property reassignment: $(_DefaultUserProfileRuntimeStorePath)="C:\Users\NoahR\.dotnet\store" (previous value: "C:\Users\NoahR") at C:\Program Files\dotnet\sdk\8.0.400\Sdks\Microsoft.NET.Sdk\targets\Microsoft.NET.Sdk.targets (98,5)
       Property reassignment: $(AvailablePlatforms)="Any CPU,x86,x64,ARM32" (previous value: "Any CPU,x86,x64") at C:\Program Files\dotnet\sdk\8.0.400\Sdks\Microsoft.NET.Sdk\targets\Microsoft.NET.Sdk.targets (136,5)
       Property reassignment: $(AvailablePlatforms)="Any CPU,x86,x64,ARM32,ARM64" (previous value: "Any CPU,x86,x64,ARM32") at C:\Program Files\dotnet\sdk\8.0.400\Sdks\Microsoft.NET.Sdk\targets\Microsoft.NET.Sdk.targets (140,5)
       Property reassignment: $(CoreBuildDependsOn)="
             _CheckForBuildWithNoBuild;
             
             BuildOnlySettings;
             PrepareForBuild;
             PreBuildEvent;
             ResolveReferences;
             PrepareResources;
             ResolveKeySource;
             Compile;
             ExportWindowsMDFile;
             UnmanagedUnregistration;
             GenerateSerializationAssemblies;
             CreateSatelliteAssemblies;
             GenerateManifests;
             GetTargetPath;
             PrepareForRun;
             UnmanagedRegistration;
             IncrementalClean;
             PostBuildEvent
           ;
             GenerateBuildDependencyFile;
             GenerateBuildRuntimeConfigurationFiles
           " (previous value: "
             BuildOnlySettings;
             PrepareForBuild;
             PreBuildEvent;
             ResolveReferences;
             PrepareResources;
             ResolveKeySource;
             Compile;
             ExportWindowsMDFile;
             UnmanagedUnregistration;
             GenerateSerializationAssemblies;
             CreateSatelliteAssemblies;
             GenerateManifests;
             GetTargetPath;
             PrepareForRun;
             UnmanagedRegistration;
             IncrementalClean;
             PostBuildEvent
           ") at C:\Program Files\dotnet\sdk\8.0.400\Sdks\Microsoft.NET.Sdk\targets\Microsoft.NET.Sdk.targets (197,5)
       Property reassignment: $(CoreCleanDependsOn)="
             _SdkBeforeClean;
             
           " (previous value: "") at C:\Program Files\dotnet\sdk\8.0.400\Sdks\Microsoft.NET.Sdk\targets\Microsoft.NET.Sdk.targets (206,5)
       Property reassignment: $(RebuildDependsOn)="
             _SdkBeforeRebuild;
             
             BeforeRebuild;
             Clean;
             Build;
             AfterRebuild;
           
           " (previous value: "
             BeforeRebuild;
             Clean;
             Build;
             AfterRebuild;
           ") at C:\Program Files\dotnet\sdk\8.0.400\Sdks\Microsoft.NET.Sdk\targets\Microsoft.NET.Sdk.targets (213,5)
       Property reassignment: $(CompileDependsOn)="
             
             ResolveReferences;
             ResolveKeySource;
             SetWin32ManifestProperties;
             _SetPreferNativeArm64Win32ManifestProperties;
             FindReferenceAssembliesForReferences;
             _GenerateCompileInputs;
             BeforeCompile;
             _TimeStampBeforeCompile;
             _GenerateCompileDependencyCache;
             CoreCompile;
             _TimeStampAfterCompile;
             AfterCompile;
           ;
             _CreateAppHost;
             _CreateComHost;
             _GetIjwHostPaths;
           " (previous value: "
             ResolveReferences;
             ResolveKeySource;
             SetWin32ManifestProperties;
             _SetPreferNativeArm64Win32ManifestProperties;
             FindReferenceAssembliesForReferences;
             _GenerateCompileInputs;
             BeforeCompile;
             _TimeStampBeforeCompile;
             _GenerateCompileDependencyCache;
             CoreCompile;
             _TimeStampAfterCompile;
             AfterCompile;
           ") at C:\Program Files\dotnet\sdk\8.0.400\Sdks\Microsoft.NET.Sdk\targets\Microsoft.NET.Sdk.targets (679,5)
       Property reassignment: $(CreateSatelliteAssembliesDependsOn)="
             
             ;
             _GenerateSatelliteAssemblyInputs;
             ComputeIntermediateSatelliteAssemblies;
             GenerateSatelliteAssemblies
           ;
             CoreGenerateSatelliteAssemblies
           " (previous value: "
             ;
             _GenerateSatelliteAssemblyInputs;
             ComputeIntermediateSatelliteAssemblies;
             GenerateSatelliteAssemblies
           ") at C:\Program Files\dotnet\sdk\8.0.400\Sdks\Microsoft.NET.Sdk\targets\Microsoft.NET.Sdk.targets (1065,5)
       Property reassignment: $(SourceLinkUrlInitializerTargets)=";_InitializeGitHubSourceLinkUrl;_InitializeGitLabSourceLinkUrl" (previous value: ";_InitializeGitHubSourceLinkUrl") at C:\Program Files\dotnet\sdk\8.0.400\Sdks\Microsoft.SourceLink.GitLab\build\Microsoft.SourceLink.GitLab.targets (12,5)
       Property reassignment: $(SourceControlManagerUrlTranslationTargets)=";TranslateGitHubUrlsInSourceControlInformation;TranslateGitLabUrlsInSourceControlInformation" (previous value: ";TranslateGitHubUrlsInSourceControlInformation") at C:\Program Files\dotnet\sdk\8.0.400\Sdks\Microsoft.SourceLink.GitLab\build\Microsoft.SourceLink.GitLab.targets (13,5)
       Property reassignment: $(SourceLinkUrlInitializerTargets)=";_InitializeGitHubSourceLinkUrl;_InitializeGitLabSourceLinkUrl;_InitializeAzureReposGitSourceLinkUrl" (previous value: ";_InitializeGitHubSourceLinkUrl;_InitializeGitLabSourceLinkUrl") at C:\Program Files\dotnet\sdk\8.0.400\Sdks\Microsoft.SourceLink.AzureRepos.Git\build\Microsoft.SourceLink.AzureRepos.Git.targets (12,5)
       Property reassignment: $(SourceControlManagerUrlTranslationTargets)=";TranslateGitHubUrlsInSourceControlInformation;TranslateGitLabUrlsInSourceControlInformation;TranslateAzureReposGitUrlsInSourceControlInformation" (previous value: ";TranslateGitHubUrlsInSourceControlInformation;TranslateGitLabUrlsInSourceControlInformation") at C:\Program Files\dotnet\sdk\8.0.400\Sdks\Microsoft.SourceLink.AzureRepos.Git\build\Microsoft.SourceLink.AzureRepos.Git.targets (13,5)
       Property reassignment: $(SourceLinkUrlInitializerTargets)=";_InitializeGitHubSourceLinkUrl;_InitializeGitLabSourceLinkUrl;_InitializeAzureReposGitSourceLinkUrl;_InitializeBitbucketGitSourceLinkUrl" (previous value: ";_InitializeGitHubSourceLinkUrl;_InitializeGitLabSourceLinkUrl;_InitializeAzureReposGitSourceLinkUrl") at C:\Program Files\dotnet\sdk\8.0.400\Sdks\Microsoft.SourceLink.Bitbucket.Git\build\Microsoft.SourceLink.Bitbucket.Git.targets (12,5)
       Property reassignment: $(SourceControlManagerUrlTranslationTargets)=";TranslateGitHubUrlsInSourceControlInformation;TranslateGitLabUrlsInSourceControlInformation;TranslateAzureReposGitUrlsInSourceControlInformation;TranslateBitbucketGitUrlsInSourceControlInformation" (previous value: ";TranslateGitHubUrlsInSourceControlInformation;TranslateGitLabUrlsInSourceControlInformation;TranslateAzureReposGitUrlsInSourceControlInformation") at C:\Program Files\dotnet\sdk\8.0.400\Sdks\Microsoft.SourceLink.Bitbucket.Git\build\Microsoft.SourceLink.Bitbucket.Git.targets (13,5)
       Property reassignment: $(DesignerRuntimeImplementationProjectOutputGroupDependsOn)="
             
             ;
             
             ;
             BuildOnlySettings;
             PrepareForBuild;
             AssignTargetPaths;
             ResolveReferences
           
           ;
             _GenerateDesignerDepsFile;
             _GenerateDesignerRuntimeConfigFile;
             GetCopyToOutputDirectoryItems;
             _GatherDesignerShadowCopyFiles;
           " (previous value: "
             ;
             
             ;
             BuildOnlySettings;
             PrepareForBuild;
             AssignTargetPaths;
             ResolveReferences
           
           ") at C:\Program Files\dotnet\sdk\8.0.400\Sdks\Microsoft.NET.Sdk\targets\Microsoft.NET.DesignerSupport.targets (21,5)
       Property reassignment: $(_GenerateToolsSettingsFileCacheFile)="C:\Users\NoahR\OneDrive\Desktop\Jarvis\src\Jarvis.App\obj\Debug\net8.0-windows\Jarvis.App.toolssettingsinput.cache" (previous value: "obj\Debug\net8.0-windows\Jarvis.App.toolssettingsinput.cache") at C:\Program Files\dotnet\sdk\8.0.400\Sdks\Microsoft.NET.Sdk\targets\Microsoft.NET.PackTool.targets (68,5)
       Property reassignment: $(_ShimInputCacheFile)="C:\Users\NoahR\OneDrive\Desktop\Jarvis\src\Jarvis.App\obj\Debug\net8.0-windows\Jarvis.App.shiminput.cache" (previous value: "obj\Debug\net8.0-windows\Jarvis.App.shiminput.cache") at C:\Program Files\dotnet\sdk\8.0.400\Sdks\Microsoft.NET.Sdk\targets\Microsoft.NET.PackTool.targets (137,5)
       Property reassignment: $(_ShimCreatedSentinelFile)="C:\Users\NoahR\OneDrive\Desktop\Jarvis\src\Jarvis.App\obj\Debug\net8.0-windows\Jarvis.App.shimcreated.sentinel" (previous value: "obj\Debug\net8.0-windows\Jarvis.App.shimcreated.sentinel") at C:\Program Files\dotnet\sdk\8.0.400\Sdks\Microsoft.NET.Sdk\targets\Microsoft.NET.PackTool.targets (139,5)
       Property reassignment: $(DefineConstants)="TRACE;DEBUG" (previous value: "TRACE") at C:\Program Files\dotnet\sdk\8.0.400\Sdks\Microsoft.NET.Sdk\targets\Microsoft.NET.Sdk.CSharp.targets (31,5)
       Property reassignment: $(DefineConstants)="TRACE;DEBUG;NET;NET8_0;NETCOREAPP" (previous value: "TRACE;DEBUG") at C:\Program Files\dotnet\sdk\8.0.400\Sdks\Microsoft.NET.Sdk\targets\Microsoft.NET.Sdk.CSharp.targets (34,5)
       Property reassignment: $(WarningsAsErrors)=";NU1605;SYSLIB0011" (previous value: ";NU1605") at C:\Program Files\dotnet\sdk\8.0.400\Sdks\Microsoft.NET.Sdk\targets\Microsoft.NET.Sdk.CSharp.targets (48,5)
       Property reassignment: $(_FrameworkIdentifierForImplicitDefine)="NET" (previous value: "NETCOREAPP") at C:\Program Files\dotnet\sdk\8.0.400\Sdks\Microsoft.NET.Sdk\targets\Microsoft.NET.Sdk.BeforeCommon.targets (187,5)
       Property reassignment: $(_FrameworkVersionForImplicitDefine)="8_0" (previous value: "8.0") at C:\Program Files\dotnet\sdk\8.0.400\Sdks\Microsoft.NET.Sdk\targets\Microsoft.NET.Sdk.BeforeCommon.targets (192,5)
       Property reassignment: $(TargetPlatformVersion)="7.0" (previous value: "") at C:\Program Files\dotnet\sdk\8.0.400\Sdks\Microsoft.NET.Sdk\targets\Microsoft.NET.Windows.targets (34,5)
       Property reassignment: $(SupportedOSPlatformVersion)="7.0" (previous value: "") at C:\Program Files\dotnet\sdk\8.0.400\Sdks\Microsoft.NET.Sdk\targets\Microsoft.NET.Windows.targets (44,5)
       Property reassignment: $(TargetPlatformMinVersion)="7.0" (previous value: "") at C:\Program Files\dotnet\sdk\8.0.400\Sdks\Microsoft.NET.Sdk\targets\Microsoft.NET.Windows.targets (45,5)
       Property reassignment: $(TargetPlatformDisplayName)="Windows 7.0" (previous value: "Windows ") at C:\Program Files\dotnet\sdk\8.0.400\Sdks\Microsoft.NET.Sdk\targets\Microsoft.NET.Sdk.targets (1347,5)
       Property reassignment: $(_TargetFrameworkVersionValue)="8.0" (previous value: "0.0") at C:\Program Files\dotnet\sdk\8.0.400\Sdks\Microsoft.NET.Sdk.WindowsDesktop\targets\Microsoft.NET.Sdk.WindowsDesktop.targets (51,5)
       Property reassignment: $(PrepareResourceNamesDependsOn)="
                           AssignWinFXEmbeddedResource;
                           
             AssignTargetPaths;
             SplitResourcesByCulture;
             CreateManifestResourceNames;
             CreateCustomManifestResourceNames
           
             " (previous value: "
             AssignTargetPaths;
             SplitResourcesByCulture;
             CreateManifestResourceNames;
             CreateCustomManifestResourceNames
           ") at C:\Program Files\dotnet\sdk\8.0.400\Sdks\Microsoft.NET.Sdk.WindowsDesktop\targets\Microsoft.WinFX.targets (61,7)
       Property reassignment: $(PrepareResourcesDependsOn)="
                       MarkupCompilePass1;
                       AfterMarkupCompilePass1;
                       MarkupCompilePass2ForMainAssembly;
                       FileClassification;
                       MainResourcesGeneration;
                       
             ResolvePackageDependenciesForBuild;
             _HandlePackageFileConflicts;
             
             ;
             PrepareResourceNames;
             ResGen;
             CompileLicxFiles
           
           
             " (previous value: "
             ResolvePackageDependenciesForBuild;
             _HandlePackageFileConflicts;
             
             ;
             PrepareResourceNames;
             ResGen;
             CompileLicxFiles
           
           ") at C:\Program Files\dotnet\sdk\8.0.400\Sdks\Microsoft.NET.Sdk.WindowsDesktop\targets\Microsoft.WinFX.targets (69,7)
       Property reassignment: $(CompileDependsOn)="
               
             
             ResolveReferences;
             ResolveKeySource;
             SetWin32ManifestProperties;
             _SetPreferNativeArm64Win32ManifestProperties;
             FindReferenceAssembliesForReferences;
             _GenerateCompileInputs;
             BeforeCompile;
             _TimeStampBeforeCompile;
             _GenerateCompileDependencyCache;
             CoreCompile;
             _TimeStampAfterCompile;
             AfterCompile;
           ;
             _CreateAppHost;
             _CreateComHost;
             _GetIjwHostPaths;
           ;
               _AfterCompileWinFXInternal
           " (previous value: "
             
             ResolveReferences;
             ResolveKeySource;
             SetWin32ManifestProperties;
             _SetPreferNativeArm64Win32ManifestProperties;
             FindReferenceAssembliesForReferences;
             _GenerateCompileInputs;
             BeforeCompile;
             _TimeStampBeforeCompile;
             _GenerateCompileDependencyCache;
             CoreCompile;
             _TimeStampAfterCompile;
             AfterCompile;
           ;
             _CreateAppHost;
             _CreateComHost;
             _GetIjwHostPaths;
           ") at C:\Program Files\dotnet\sdk\8.0.400\Sdks\Microsoft.NET.Sdk.WindowsDesktop\targets\Microsoft.WinFX.targets (136,5)
       Property reassignment: $(PublishBuildDependsOn)="
                   BuildOnlySettings;
                   PrepareForBuild;
                   ResolveReferences;
                   PrepareResources;
                   ResolveKeySource;
                   PrepareResourcesForSatelliteAssemblies;
                   GenerateSerializationAssemblies;
                   CreateSatelliteAssemblies;
               " (previous value: "
             BuildOnlySettings;
             PrepareForBuild;
             ResolveReferences;
             PrepareResources;
             ResolveKeySource;
             GenerateSerializationAssemblies;
             CreateSatelliteAssemblies;
           ") at C:\Program Files\dotnet\sdk\8.0.400\Sdks\Microsoft.NET.Sdk.WindowsDesktop\targets\Microsoft.WinFX.targets (802,9)
       Property reassignment: $(PackageDescription)="Package Description" (previous value: "") at C:\Program Files\dotnet\sdk\8.0.400\Sdks\NuGet.Build.Tasks.Pack\build\NuGet.Build.Tasks.Pack.targets (34,5)
       Property reassignment: $(GenerateNuspecDependsOn)="Build;_LoadPackInputItems; _GetTargetFrameworksOutput; _WalkEachTargetPerFramework; _GetPackageFiles; " (previous value: "_LoadPackInputItems; _GetTargetFrameworksOutput; _WalkEachTargetPerFramework; _GetPackageFiles; ") at C:\Program Files\dotnet\sdk\8.0.400\Sdks\NuGet.Build.Tasks.Pack\build\NuGet.Build.Tasks.Pack.targets (59,5)
       Property reassignment: $(_IsSDKContainerAllowedVersion)="true" (previous value: "false") at C:\Program Files\dotnet\sdk\8.0.400\Containers\build\Microsoft.NET.Build.Containers.targets (5,5)
       Property reassignment: $(_ContainerIsTargetingNet8TFM)="true" (previous value: "false") at C:\Program Files\dotnet\sdk\8.0.400\Containers\build\Microsoft.NET.Build.Containers.targets (15,5)
       Property reassignment: $(CommandLineArgsForDesignTimeEvaluation)="-langversion:12.0 -define:TRACE" (previous value: "-langversion:12.0") at C:\Program Files\dotnet\sdk\8.0.400\Roslyn\Microsoft.CSharp.Core.targets (200,5)
       Overriding target "ResolveFrameworkReferences" in project "C:\Program Files\dotnet\sdk\8.0.400\Microsoft.Common.CurrentVersion.targets" with target "ResolveFrameworkReferences" from project "C:\Program Files\dotnet\sdk\8.0.400\Sdks\Microsoft.NET.Sdk\targets\Microsoft.NET.Sdk.FrameworkReferenceResolution.targets".
       Overriding target "Run" in project "C:\Program Files\dotnet\sdk\8.0.400\Microsoft.Common.CurrentVersion.targets" with target "Run" from project "C:\Program Files\dotnet\sdk\8.0.400\Sdks\Microsoft.NET.Sdk\targets\Microsoft.NET.Sdk.targets".
       Overriding target "GenerateSupportedTargetFrameworkAlias" in project "C:\Program Files\dotnet\sdk\8.0.400\Microsoft.Common.CurrentVersion.targets" with target "GenerateSupportedTargetFrameworkAlias" from project "C:\Program Files\dotnet\sdk\8.0.400\Sdks\Microsoft.NET.Sdk\targets\Microsoft.NET.Sdk.targets".
       Overriding target "GetReferenceAssemblyPaths" in project "C:\Program Files\dotnet\sdk\8.0.400\Microsoft.Common.CurrentVersion.targets" with target "GetReferenceAssemblyPaths" from project "C:\Program Files\dotnet\sdk\8.0.400\Sdks\Microsoft.NET.Sdk\targets\Microsoft.NET.DisableStandardFrameworkResolution.targets".
       Overriding target "GetFrameworkPaths" in project "C:\Program Files\dotnet\sdk\8.0.400\Microsoft.Common.CurrentVersion.targets" with target "GetFrameworkPaths" from project "C:\Program Files\dotnet\sdk\8.0.400\Sdks\Microsoft.NET.Sdk\targets\Microsoft.NET.DisableStandardFrameworkResolution.targets".
       Overriding target "DesignerRuntimeImplementationProjectOutputGroup" in project "C:\Program Files\dotnet\sdk\8.0.400\Microsoft.Common.CurrentVersion.targets" with target "DesignerRuntimeImplementationProjectOutputGroup" from project "C:\Program Files\dotnet\sdk\8.0.400\Sdks\Microsoft.NET.Sdk\targets\Microsoft.NET.DesignerSupport.targets".
       Overriding target "Publish" in project "C:\Program Files\dotnet\sdk\8.0.400\Microsoft.Common.CurrentVersion.targets" with target "Publish" from project "C:\Program Files\dotnet\sdk\8.0.400\Sdks\Microsoft.NET.Sdk\targets\Microsoft.NET.Publish.targets".
       Overriding target "ResolveReadyToRunCompilers" in project "C:\Program Files\dotnet\sdk\8.0.400\Sdks\Microsoft.NET.Sdk\targets\Microsoft.NET.CrossGen.targets" with target "ResolveReadyToRunCompilers" from project "C:\Program Files\dotnet\sdk\8.0.400\Sdks\Microsoft.NET.Sdk\targets\Microsoft.NET.Publish.targets".
       Overriding target "GetCopyToPublishDirectoryItems" in project "C:\Program Files\dotnet\sdk\8.0.400\Microsoft.Common.CurrentVersion.targets" with target "GetCopyToPublishDirectoryItems" from project "C:\Program Files\dotnet\sdk\8.0.400\Sdks\Microsoft.NET.Sdk\targets\Microsoft.NET.Publish.targets".
       Overriding target "SatelliteDllsProjectOutputGroup" in project "C:\Program Files\dotnet\sdk\8.0.400\Microsoft.Common.CurrentVersion.targets" with target "SatelliteDllsProjectOutputGroup" from project "C:\Program Files\dotnet\sdk\8.0.400\Sdks\Microsoft.NET.Sdk.WindowsDesktop\targets\Microsoft.WinFX.targets".
       The "Platform" property is a global property, and cannot be modified.
       The "Configuration" property is a global property, and cannot be modified.
       Property reassignment: $(_DebugSymbolsProduced)="true" (previous value: "false") at C:\Program Files\dotnet\sdk\8.0.400\Microsoft.Common.CurrentVersion.targets (175,5)
       Property reassignment: $(_DocumentationFileProduced)="false" (previous value: "true") at C:\Program Files\dotnet\sdk\8.0.400\Microsoft.Common.CurrentVersion.targets (185,5)
       The "SolutionName" property is a global property, and cannot be modified.
       The "SolutionFileName" property is a global property, and cannot be modified.
       The "SolutionPath" property is a global property, and cannot be modified.
       The "SolutionDir" property is a global property, and cannot be modified.
       The "SolutionExt" property is a global property, and cannot be modified.
       Property reassignment: $(MSBuildCopyMarkerName)="Jarvis.C.3702E29A" (previous value: "Jarvis.Core.csproj") at C:\Program Files\dotnet\sdk\8.0.400\Microsoft.Common.CurrentVersion.targets (392,5)
       Property reassignment: $(MSBuildCopyMarkerName)="Jarvis.C.3702E29A.Up2Date" (previous value: "Jarvis.C.3702E29A") at C:\Program Files\dotnet\sdk\8.0.400\Microsoft.Common.CurrentVersion.targets (393,5)
       Property reassignment: $(ProcessorArchitecture)="msil" (previous value: "") at C:\Program Files\dotnet\sdk\8.0.400\Microsoft.Common.CurrentVersion.targets (541,5)
       Property reassignment: $(DelaySign)="" (previous value: "false") at C:\Program Files\dotnet\sdk\8.0.400\Microsoft.Common.CurrentVersion.targets (580,5)
       Property 'LOCALAPPDATA' with value 'C:\Users\NoahR\AppData\Local' expanded from the environment.
       Property reassignment: $(_SGenGenerateSerializationAssembliesConfig)="Auto" (previous value: "") at C:\Program Files\dotnet\sdk\8.0.400\Microsoft.Common.CurrentVersion.targets (3896,5)
       Property reassignment: $(_SGenGenerateSerializationAssembliesConfig)="Off" (previous value: "Auto") at C:\Program Files\dotnet\sdk\8.0.400\Microsoft.Common.CurrentVersion.targets (3897,5)
       Property reassignment: $(_TargetsThatPrepareProjectReferences)="
             AssignProjectConfiguration;
             _SplitProjectReferencesByFileExistence
           " (previous value: "_SplitProjectReferencesByFileExistence") at C:\Program Files\dotnet\sdk\8.0.400\Microsoft.Common.CurrentVersion.targets (5099,5)
       Property 'MSBuildExtensionsPath32' with value 'C:\Program Files\dotnet\sdk\8.0.400' expanded from the environment.
     1>Project "C:\Users\NoahR\OneDrive\Desktop\Jarvis\Jarvis.sln" (1) is building "C:\Users\NoahR\OneDrive\Desktop\Jarvis\src\Jarvis.App\Jarvis.App.csproj" (2) on node 2 (_IsProjectRestoreSupported target(s)).
     2>Target "_IsProjectRestoreSupported" in file "C:\Program Files\dotnet\sdk\8.0.400\NuGet.targets" from project "C:\Users\NoahR\OneDrive\Desktop\Jarvis\src\Jarvis.App\Jarvis.App.csproj" (entry point):
     2>Done building target "_IsProjectRestoreSupported" in project "Jarvis.App.csproj".
     2>Done Building Project "C:\Users\NoahR\OneDrive\Desktop\Jarvis\src\Jarvis.App\Jarvis.App.csproj" (_IsProjectRestoreSupported target(s)).
     0>The "_RestoreSolutionFileUsed" property is a global property, and cannot be modified.
       Property reassignment: $(_GenerateRestoreGraphProjectEntryInputProperties)="
             ExcludeRestorePackageImports=true;
             _RestoreSolutionFileUsed=true;
             SolutionDir=C:\Users\NoahR\OneDrive\Desktop\Jarvis\;
             SolutionName=Jarvis;
             SolutionFileName=Jarvis.sln;
             SolutionPath=C:\Users\NoahR\OneDrive\Desktop\Jarvis\Jarvis.sln;
             SolutionExt=.sln;
           " (previous value: "ExcludeRestorePackageImports=true") at C:\Program Files\dotnet\sdk\8.0.400\NuGet.targets (101,5)
       Property reassignment: $(ProjectAssetsFile)="C:\Users\NoahR\OneDrive\Desktop\Jarvis\src\Jarvis.Core\obj\project.assets.json" (previous value: "C:\Users\NoahR\OneDrive\Desktop\Jarvis\src\Jarvis.Core\obj\/project.assets.json") at C:\Program Files\dotnet\sdk\8.0.400\Sdks\Microsoft.NET.Sdk\targets\Microsoft.PackageDependencyResolution.targets (24,5)
       Property reassignment: $(ProjectAssetsCacheFile)="C:\Users\NoahR\OneDrive\Desktop\Jarvis\src\Jarvis.Core\obj\Debug\net8.0\Jarvis.Core.assets.cache" (previous value: "obj\Debug\net8.0\Jarvis.Core.assets.cache") at C:\Program Files\dotnet\sdk\8.0.400\Sdks\Microsoft.NET.Sdk\targets\Microsoft.PackageDependencyResolution.targets (29,5)
       Property reassignment: $(ResolveAssemblyReferencesDependsOn)="
             
             ResolveProjectReferences;
             FindInvalidProjectReferences;
             GetFrameworkPaths;
             GetReferenceAssemblyPaths;
             PrepareForBuild;
             ResolveSDKReferences;
             ExpandSDKReferences;
           ;
             ResolvePackageDependenciesForBuild;
             _HandlePackageFileConflicts;
           " (previous value: "
             ResolveProjectReferences;
             FindInvalidProjectReferences;
             GetFrameworkPaths;
             GetReferenceAssemblyPaths;
             PrepareForBuild;
             ResolveSDKReferences;
             ExpandSDKReferences;
           ") at C:\Program Files\dotnet\sdk\8.0.400\Sdks\Microsoft.NET.Sdk\targets\Microsoft.PackageDependencyResolution.targets (80,5)
       Property reassignment: $(PrepareResourcesDependsOn)="
             ResolvePackageDependenciesForBuild;
             _HandlePackageFileConflicts;
             
             ;
             PrepareResourceNames;
             ResGen;
             CompileLicxFiles
           
           " (previous value: "
             ;
             PrepareResourceNames;
             ResGen;
             CompileLicxFiles
           ") at C:\Program Files\dotnet\sdk\8.0.400\Sdks\Microsoft.NET.Sdk\targets\Microsoft.PackageDependencyResolution.targets (86,5)
       Property reassignment: $(DefaultItemExcludes)=";bin\Debug\/**;obj\Debug\/**;bin\/**" (previous value: ";bin\Debug\/**;obj\Debug\/**") at C:\Program Files\dotnet\sdk\8.0.400\Sdks\Microsoft.NET.Sdk\targets\Microsoft.NET.Sdk.DefaultItems.targets (27,5)
       Property reassignment: $(DefaultItemExcludes)=";bin\Debug\/**;obj\Debug\/**;bin\/**;obj\/**" (previous value: ";bin\Debug\/**;obj\Debug\/**;bin\/**") at C:\Program Files\dotnet\sdk\8.0.400\Sdks\Microsoft.NET.Sdk\targets\Microsoft.NET.Sdk.DefaultItems.targets (29,5)
       Property reassignment: $(DefaultItemExcludes)=";bin\Debug\/**;obj\Debug\/**;bin\/**;obj\/**;**/*.user" (previous value: ";bin\Debug\/**;obj\Debug\/**;bin\/**;obj\/**") at C:\Program Files\dotnet\sdk\8.0.400\Sdks\Microsoft.NET.Sdk\targets\Microsoft.NET.Sdk.DefaultItems.targets (32,5)
       Property reassignment: $(DefaultItemExcludes)=";bin\Debug\/**;obj\Debug\/**;bin\/**;obj\/**;**/*.user;**/*.*proj" (previous value: ";bin\Debug\/**;obj\Debug\/**;bin\/**;obj\/**;**/*.user") at C:\Program Files\dotnet\sdk\8.0.400\Sdks\Microsoft.NET.Sdk\targets\Microsoft.NET.Sdk.DefaultItems.targets (33,5)
       Property reassignment: $(DefaultItemExcludes)=";bin\Debug\/**;obj\Debug\/**;bin\/**;obj\/**;**/*.user;**/*.*proj;**/*.sln" (previous value: ";bin\Debug\/**;obj\Debug\/**;bin\/**;obj\/**;**/*.user;**/*.*proj") at C:\Program Files\dotnet\sdk\8.0.400\Sdks\Microsoft.NET.Sdk\targets\Microsoft.NET.Sdk.DefaultItems.targets (34,5)
       Property reassignment: $(DefaultItemExcludes)=";bin\Debug\/**;obj\Debug\/**;bin\/**;obj\/**;**/*.user;**/*.*proj;**/*.sln;**/*.vssscc" (previous value: ";bin\Debug\/**;obj\Debug\/**;bin\/**;obj\/**;**/*.user;**/*.*proj;**/*.sln") at C:\Program Files\dotnet\sdk\8.0.400\Sdks\Microsoft.NET.Sdk\targets\Microsoft.NET.Sdk.DefaultItems.targets (35,5)
       Property reassignment: $(DefaultItemExcludes)=";bin\Debug\/**;obj\Debug\/**;bin\/**;obj\/**;**/*.user;**/*.*proj;**/*.sln;**/*.vssscc;**/.DS_Store" (previous value: ";bin\Debug\/**;obj\Debug\/**;bin\/**;obj\/**;**/*.user;**/*.*proj;**/*.sln;**/*.vssscc") at C:\Program Files\dotnet\sdk\8.0.400\Sdks\Microsoft.NET.Sdk\targets\Microsoft.NET.Sdk.DefaultItems.targets (36,5)
       Property reassignment: $(ResolveAssemblyReferencesDependsOn)="
             
             
             ResolveProjectReferences;
             FindInvalidProjectReferences;
             GetFrameworkPaths;
             GetReferenceAssemblyPaths;
             PrepareForBuild;
             ResolveSDKReferences;
             ExpandSDKReferences;
           ;
             ResolvePackageDependenciesForBuild;
             _HandlePackageFileConflicts;
           ;
             ResolveTargetingPackAssets;
           " (previous value: "
             
             ResolveProjectReferences;
             FindInvalidProjectReferences;
             GetFrameworkPaths;
             GetReferenceAssemblyPaths;
             PrepareForBuild;
             ResolveSDKReferences;
             ExpandSDKReferences;
           ;
             ResolvePackageDependenciesForBuild;
             _HandlePackageFileConflicts;
           ") at C:\Program Files\dotnet\sdk\8.0.400\Sdks\Microsoft.NET.Sdk\targets\Microsoft.NET.Sdk.FrameworkReferenceResolution.targets (14,5)
       Property reassignment: $(_GenerateRuntimeConfigurationPropertyInputsCache)="C:\Users\NoahR\OneDrive\Desktop\Jarvis\src\Jarvis.Core\obj\Debug\net8.0\Jarvis.Core.genruntimeconfig.cache" (previous value: "obj\Debug\net8.0\Jarvis.Core.genruntimeconfig.cache") at C:\Program Files\dotnet\sdk\8.0.400\Sdks\Microsoft.NET.Sdk\targets\Microsoft.NET.Sdk.targets (44,5)
       Property reassignment: $(_GeneratePublishDependencyFilePropertyInputsCache)="C:\Users\NoahR\OneDrive\Desktop\Jarvis\src\Jarvis.Core\obj\Debug\net8.0\Jarvis.Core.genpublishdeps.cache" (previous value: "obj\Debug\net8.0\Jarvis.Core.genpublishdeps.cache") at C:\Program Files\dotnet\sdk\8.0.400\Sdks\Microsoft.NET.Sdk\targets\Microsoft.NET.Sdk.targets (46,5)
       Property reassignment: $(_GenerateSingleFileBundlePropertyInputsCache)="C:\Users\NoahR\OneDrive\Desktop\Jarvis\src\Jarvis.Core\obj\Debug\net8.0\Jarvis.Core.genbundle.cache" (previous value: "obj\Debug\net8.0\Jarvis.Core.genbundle.cache") at C:\Program Files\dotnet\sdk\8.0.400\Sdks\Microsoft.NET.Sdk\targets\Microsoft.NET.Sdk.targets (48,5)
       Property reassignment: $(GenerateRuntimeConfigDevFile)="false" (previous value: "true") at C:\Program Files\dotnet\sdk\8.0.400\Sdks\Microsoft.NET.Sdk\targets\Microsoft.NET.Sdk.targets (81,5)
       Property 'USERPROFILE' with value 'C:\Users\NoahR' expanded from the environment.
       Property reassignment: $(_DefaultUserProfileRuntimeStorePath)="C:\Users\NoahR" (previous value: "") at C:\Program Files\dotnet\sdk\8.0.400\Sdks\Microsoft.NET.Sdk\targets\Microsoft.NET.Sdk.targets (97,5)
       Property reassignment: $(_DefaultUserProfileRuntimeStorePath)="C:\Users\NoahR\.dotnet\store" (previous value: "C:\Users\NoahR") at C:\Program Files\dotnet\sdk\8.0.400\Sdks\Microsoft.NET.Sdk\targets\Microsoft.NET.Sdk.targets (98,5)
       Property reassignment: $(AvailablePlatforms)="Any CPU,x86,x64,ARM32" (previous value: "Any CPU,x86,x64") at C:\Program Files\dotnet\sdk\8.0.400\Sdks\Microsoft.NET.Sdk\targets\Microsoft.NET.Sdk.targets (136,5)
       Property reassignment: $(AvailablePlatforms)="Any CPU,x86,x64,ARM32,ARM64" (previous value: "Any CPU,x86,x64,ARM32") at C:\Program Files\dotnet\sdk\8.0.400\Sdks\Microsoft.NET.Sdk\targets\Microsoft.NET.Sdk.targets (140,5)
       Property reassignment: $(CoreBuildDependsOn)="
             _CheckForBuildWithNoBuild;
             
             BuildOnlySettings;
             PrepareForBuild;
             PreBuildEvent;
             ResolveReferences;
             PrepareResources;
             ResolveKeySource;
             Compile;
             ExportWindowsMDFile;
             UnmanagedUnregistration;
             GenerateSerializationAssemblies;
             CreateSatelliteAssemblies;
             GenerateManifests;
             GetTargetPath;
             PrepareForRun;
             UnmanagedRegistration;
             IncrementalClean;
             PostBuildEvent
           ;
             GenerateBuildDependencyFile;
             GenerateBuildRuntimeConfigurationFiles
           " (previous value: "
             BuildOnlySettings;
             PrepareForBuild;
             PreBuildEvent;
             ResolveReferences;
             PrepareResources;
             ResolveKeySource;
             Compile;
             ExportWindowsMDFile;
             UnmanagedUnregistration;
             GenerateSerializationAssemblies;
             CreateSatelliteAssemblies;
             GenerateManifests;
             GetTargetPath;
             PrepareForRun;
             UnmanagedRegistration;
             IncrementalClean;
             PostBuildEvent
           ") at C:\Program Files\dotnet\sdk\8.0.400\Sdks\Microsoft.NET.Sdk\targets\Microsoft.NET.Sdk.targets (197,5)
       Property reassignment: $(CoreCleanDependsOn)="
             _SdkBeforeClean;
             
           " (previous value: "") at C:\Program Files\dotnet\sdk\8.0.400\Sdks\Microsoft.NET.Sdk\targets\Microsoft.NET.Sdk.targets (206,5)
       Property reassignment: $(RebuildDependsOn)="
             _SdkBeforeRebuild;
             
             BeforeRebuild;
             Clean;
             Build;
             AfterRebuild;
           
           " (previous value: "
             BeforeRebuild;
             Clean;
             Build;
             AfterRebuild;
           ") at C:\Program Files\dotnet\sdk\8.0.400\Sdks\Microsoft.NET.Sdk\targets\Microsoft.NET.Sdk.targets (213,5)
       Property reassignment: $(CompileDependsOn)="
             
             ResolveReferences;
             ResolveKeySource;
             SetWin32ManifestProperties;
             _SetPreferNativeArm64Win32ManifestProperties;
             FindReferenceAssembliesForReferences;
             _GenerateCompileInputs;
             BeforeCompile;
             _TimeStampBeforeCompile;
             _GenerateCompileDependencyCache;
             CoreCompile;
             _TimeStampAfterCompile;
             AfterCompile;
           ;
             _CreateAppHost;
             _CreateComHost;
             _GetIjwHostPaths;
           " (previous value: "
             ResolveReferences;
             ResolveKeySource;
             SetWin32ManifestProperties;
             _SetPreferNativeArm64Win32ManifestProperties;
             FindReferenceAssembliesForReferences;
             _GenerateCompileInputs;
             BeforeCompile;
             _TimeStampBeforeCompile;
             _GenerateCompileDependencyCache;
             CoreCompile;
             _TimeStampAfterCompile;
             AfterCompile;
           ") at C:\Program Files\dotnet\sdk\8.0.400\Sdks\Microsoft.NET.Sdk\targets\Microsoft.NET.Sdk.targets (679,5)
       Property reassignment: $(CreateSatelliteAssembliesDependsOn)="
             
             ;
             _GenerateSatelliteAssemblyInputs;
             ComputeIntermediateSatelliteAssemblies;
             GenerateSatelliteAssemblies
           ;
             CoreGenerateSatelliteAssemblies
           " (previous value: "
             ;
             _GenerateSatelliteAssemblyInputs;
             ComputeIntermediateSatelliteAssemblies;
             GenerateSatelliteAssemblies
           ") at C:\Program Files\dotnet\sdk\8.0.400\Sdks\Microsoft.NET.Sdk\targets\Microsoft.NET.Sdk.targets (1065,5)
       Property reassignment: $(SourceLinkUrlInitializerTargets)=";_InitializeGitHubSourceLinkUrl;_InitializeGitLabSourceLinkUrl" (previous value: ";_InitializeGitHubSourceLinkUrl") at C:\Program Files\dotnet\sdk\8.0.400\Sdks\Microsoft.SourceLink.GitLab\build\Microsoft.SourceLink.GitLab.targets (12,5)
       Property reassignment: $(SourceControlManagerUrlTranslationTargets)=";TranslateGitHubUrlsInSourceControlInformation;TranslateGitLabUrlsInSourceControlInformation" (previous value: ";TranslateGitHubUrlsInSourceControlInformation") at C:\Program Files\dotnet\sdk\8.0.400\Sdks\Microsoft.SourceLink.GitLab\build\Microsoft.SourceLink.GitLab.targets (13,5)
       Property reassignment: $(SourceLinkUrlInitializerTargets)=";_InitializeGitHubSourceLinkUrl;_InitializeGitLabSourceLinkUrl;_InitializeAzureReposGitSourceLinkUrl" (previous value: ";_InitializeGitHubSourceLinkUrl;_InitializeGitLabSourceLinkUrl") at C:\Program Files\dotnet\sdk\8.0.400\Sdks\Microsoft.SourceLink.AzureRepos.Git\build\Microsoft.SourceLink.AzureRepos.Git.targets (12,5)
       Property reassignment: $(SourceControlManagerUrlTranslationTargets)=";TranslateGitHubUrlsInSourceControlInformation;TranslateGitLabUrlsInSourceControlInformation;TranslateAzureReposGitUrlsInSourceControlInformation" (previous value: ";TranslateGitHubUrlsInSourceControlInformation;TranslateGitLabUrlsInSourceControlInformation") at C:\Program Files\dotnet\sdk\8.0.400\Sdks\Microsoft.SourceLink.AzureRepos.Git\build\Microsoft.SourceLink.AzureRepos.Git.targets (13,5)
       Property reassignment: $(SourceLinkUrlInitializerTargets)=";_InitializeGitHubSourceLinkUrl;_InitializeGitLabSourceLinkUrl;_InitializeAzureReposGitSourceLinkUrl;_InitializeBitbucketGitSourceLinkUrl" (previous value: ";_InitializeGitHubSourceLinkUrl;_InitializeGitLabSourceLinkUrl;_InitializeAzureReposGitSourceLinkUrl") at C:\Program Files\dotnet\sdk\8.0.400\Sdks\Microsoft.SourceLink.Bitbucket.Git\build\Microsoft.SourceLink.Bitbucket.Git.targets (12,5)
       Property reassignment: $(SourceControlManagerUrlTranslationTargets)=";TranslateGitHubUrlsInSourceControlInformation;TranslateGitLabUrlsInSourceControlInformation;TranslateAzureReposGitUrlsInSourceControlInformation;TranslateBitbucketGitUrlsInSourceControlInformation" (previous value: ";TranslateGitHubUrlsInSourceControlInformation;TranslateGitLabUrlsInSourceControlInformation;TranslateAzureReposGitUrlsInSourceControlInformation") at C:\Program Files\dotnet\sdk\8.0.400\Sdks\Microsoft.SourceLink.Bitbucket.Git\build\Microsoft.SourceLink.Bitbucket.Git.targets (13,5)
       Property reassignment: $(DesignerRuntimeImplementationProjectOutputGroupDependsOn)="
             
             ;
             
             ;
             BuildOnlySettings;
             PrepareForBuild;
             AssignTargetPaths;
             ResolveReferences
           
           ;
             _GenerateDesignerDepsFile;
             _GenerateDesignerRuntimeConfigFile;
             GetCopyToOutputDirectoryItems;
             _GatherDesignerShadowCopyFiles;
           " (previous value: "
             ;
             
             ;
             BuildOnlySettings;
             PrepareForBuild;
             AssignTargetPaths;
             ResolveReferences
           
           ") at C:\Program Files\dotnet\sdk\8.0.400\Sdks\Microsoft.NET.Sdk\targets\Microsoft.NET.DesignerSupport.targets (21,5)
       Property reassignment: $(_GenerateToolsSettingsFileCacheFile)="C:\Users\NoahR\OneDrive\Desktop\Jarvis\src\Jarvis.Core\obj\Debug\net8.0\Jarvis.Core.toolssettingsinput.cache" (previous value: "obj\Debug\net8.0\Jarvis.Core.toolssettingsinput.cache") at C:\Program Files\dotnet\sdk\8.0.400\Sdks\Microsoft.NET.Sdk\targets\Microsoft.NET.PackTool.targets (68,5)
       Property reassignment: $(_ShimInputCacheFile)="C:\Users\NoahR\OneDrive\Desktop\Jarvis\src\Jarvis.Core\obj\Debug\net8.0\Jarvis.Core.shiminput.cache" (previous value: "obj\Debug\net8.0\Jarvis.Core.shiminput.cache") at C:\Program Files\dotnet\sdk\8.0.400\Sdks\Microsoft.NET.Sdk\targets\Microsoft.NET.PackTool.targets (137,5)
       Property reassignment: $(_ShimCreatedSentinelFile)="C:\Users\NoahR\OneDrive\Desktop\Jarvis\src\Jarvis.Core\obj\Debug\net8.0\Jarvis.Core.shimcreated.sentinel" (previous value: "obj\Debug\net8.0\Jarvis.Core.shimcreated.sentinel") at C:\Program Files\dotnet\sdk\8.0.400\Sdks\Microsoft.NET.Sdk\targets\Microsoft.NET.PackTool.targets (139,5)
       Property reassignment: $(DefineConstants)="TRACE;DEBUG" (previous value: "TRACE") at C:\Program Files\dotnet\sdk\8.0.400\Sdks\Microsoft.NET.Sdk\targets\Microsoft.NET.Sdk.CSharp.targets (31,5)
       Property reassignment: $(DefineConstants)="TRACE;DEBUG;NET;NET8_0;NETCOREAPP" (previous value: "TRACE;DEBUG") at C:\Program Files\dotnet\sdk\8.0.400\Sdks\Microsoft.NET.Sdk\targets\Microsoft.NET.Sdk.CSharp.targets (34,5)
       Property reassignment: $(WarningsAsErrors)=";NU1605;SYSLIB0011" (previous value: ";NU1605") at C:\Program Files\dotnet\sdk\8.0.400\Sdks\Microsoft.NET.Sdk\targets\Microsoft.NET.Sdk.CSharp.targets (48,5)
       Property reassignment: $(PackageDescription)="Package Description" (previous value: "") at C:\Program Files\dotnet\sdk\8.0.400\Sdks\NuGet.Build.Tasks.Pack\build\NuGet.Build.Tasks.Pack.targets (34,5)
       Property reassignment: $(GenerateNuspecDependsOn)="Build;_LoadPackInputItems; _GetTargetFrameworksOutput; _WalkEachTargetPerFramework; _GetPackageFiles; " (previous value: "_LoadPackInputItems; _GetTargetFrameworksOutput; _WalkEachTargetPerFramework; _GetPackageFiles; ") at C:\Program Files\dotnet\sdk\8.0.400\Sdks\NuGet.Build.Tasks.Pack\build\NuGet.Build.Tasks.Pack.targets (59,5)
       Property reassignment: $(_IsSDKContainerAllowedVersion)="true" (previous value: "false") at C:\Program Files\dotnet\sdk\8.0.400\Containers\build\Microsoft.NET.Build.Containers.targets (5,5)
       Property reassignment: $(_ContainerIsTargetingNet8TFM)="true" (previous value: "false") at C:\Program Files\dotnet\sdk\8.0.400\Containers\build\Microsoft.NET.Build.Containers.targets (15,5)
       Overriding target "ResolveFrameworkReferences" in project "C:\Program Files\dotnet\sdk\8.0.400\Microsoft.Common.CurrentVersion.targets" with target "ResolveFrameworkReferences" from project "C:\Program Files\dotnet\sdk\8.0.400\Sdks\Microsoft.NET.Sdk\targets\Microsoft.NET.Sdk.FrameworkReferenceResolution.targets".
       Overriding target "Run" in project "C:\Program Files\dotnet\sdk\8.0.400\Microsoft.Common.CurrentVersion.targets" with target "Run" from project "C:\Program Files\dotnet\sdk\8.0.400\Sdks\Microsoft.NET.Sdk\targets\Microsoft.NET.Sdk.targets".
       Overriding target "GenerateSupportedTargetFrameworkAlias" in project "C:\Program Files\dotnet\sdk\8.0.400\Microsoft.Common.CurrentVersion.targets" with target "GenerateSupportedTargetFrameworkAlias" from project "C:\Program Files\dotnet\sdk\8.0.400\Sdks\Microsoft.NET.Sdk\targets\Microsoft.NET.Sdk.targets".
       Overriding target "GetReferenceAssemblyPaths" in project "C:\Program Files\dotnet\sdk\8.0.400\Microsoft.Common.CurrentVersion.targets" with target "GetReferenceAssemblyPaths" from project "C:\Program Files\dotnet\sdk\8.0.400\Sdks\Microsoft.NET.Sdk\targets\Microsoft.NET.DisableStandardFrameworkResolution.targets".
       Overriding target "GetFrameworkPaths" in project "C:\Program Files\dotnet\sdk\8.0.400\Microsoft.Common.CurrentVersion.targets" with target "GetFrameworkPaths" from project "C:\Program Files\dotnet\sdk\8.0.400\Sdks\Microsoft.NET.Sdk\targets\Microsoft.NET.DisableStandardFrameworkResolution.targets".
       Overriding target "DesignerRuntimeImplementationProjectOutputGroup" in project "C:\Program Files\dotnet\sdk\8.0.400\Microsoft.Common.CurrentVersion.targets" with target "DesignerRuntimeImplementationProjectOutputGroup" from project "C:\Program Files\dotnet\sdk\8.0.400\Sdks\Microsoft.NET.Sdk\targets\Microsoft.NET.DesignerSupport.targets".
       Overriding target "Publish" in project "C:\Program Files\dotnet\sdk\8.0.400\Microsoft.Common.CurrentVersion.targets" with target "Publish" from project "C:\Program Files\dotnet\sdk\8.0.400\Sdks\Microsoft.NET.Sdk\targets\Microsoft.NET.Publish.targets".
       Overriding target "ResolveReadyToRunCompilers" in project "C:\Program Files\dotnet\sdk\8.0.400\Sdks\Microsoft.NET.Sdk\targets\Microsoft.NET.CrossGen.targets" with target "ResolveReadyToRunCompilers" from project "C:\Program Files\dotnet\sdk\8.0.400\Sdks\Microsoft.NET.Sdk\targets\Microsoft.NET.Publish.targets".
       Overriding target "GetCopyToPublishDirectoryItems" in project "C:\Program Files\dotnet\sdk\8.0.400\Microsoft.Common.CurrentVersion.targets" with target "GetCopyToPublishDirectoryItems" from project "C:\Program Files\dotnet\sdk\8.0.400\Sdks\Microsoft.NET.Sdk\targets\Microsoft.NET.Publish.targets".
     1>Project "C:\Users\NoahR\OneDrive\Desktop\Jarvis\Jarvis.sln" (1) is building "C:\Users\NoahR\OneDrive\Desktop\Jarvis\src\Jarvis.Core\Jarvis.Core.csproj" (3) on node 1 (_IsProjectRestoreSupported target(s)).
     3>Target "_IsProjectRestoreSupported" in file "C:\Program Files\dotnet\sdk\8.0.400\NuGet.targets" from project "C:\Users\NoahR\OneDrive\Desktop\Jarvis\src\Jarvis.Core\Jarvis.Core.csproj" (entry point):
     3>Done building target "_IsProjectRestoreSupported" in project "Jarvis.Core.csproj".
     3>Done Building Project "C:\Users\NoahR\OneDrive\Desktop\Jarvis\src\Jarvis.Core\Jarvis.Core.csproj" (_IsProjectRestoreSupported target(s)).
     1>Done executing task "MSBuild".
       Task "MSBuild" skipped, due to false condition; ( '$(RestoreUseSkipNonexistentTargets)' != 'true' ) was evaluated as ( 'true' != 'true' ).
       Using "WarnForInvalidProjectsTask" task from assembly "C:\Program Files\dotnet\sdk\8.0.400\NuGet.Build.Tasks.dll".
       Task "WarnForInvalidProjectsTask"
       Done executing task "WarnForInvalidProjectsTask".
     1>Done building target "_FilterRestoreGraphProjectInputItems" in project "Jarvis.sln".
       Target "_FilterRestoreGraphProjectInputItems" skipped. Previously built successfully.
     1>Target "_GetAllRestoreProjectPathItems" in file "C:\Program Files\dotnet\sdk\8.0.400\NuGet.targets" from project "C:\Users\NoahR\OneDrive\Desktop\Jarvis\Jarvis.sln" (target "_GenerateRestoreGraph" depends on it):
       Using "NuGetMessageTask" task from assembly "C:\Program Files\dotnet\sdk\8.0.400\NuGet.Build.Tasks.dll".
       Task "NuGetMessageTask"
         Determining projects to restore...
       Done executing task "NuGetMessageTask".
       Task "MSBuild"
         Global Properties:
           ExcludeRestorePackageImports=true
           _RestoreSolutionFileUsed=true
           SolutionDir=C:\Users\NoahR\OneDrive\Desktop\Jarvis\
           SolutionName=Jarvis
           SolutionFileName=Jarvis.sln
           SolutionPath=C:\Users\NoahR\OneDrive\Desktop\Jarvis\Jarvis.sln
           SolutionExt=.sln
         Additional Properties for project "C:\Users\NoahR\OneDrive\Desktop\Jarvis\src\Jarvis.Core\Jarvis.Core.csproj":
           Configuration=Debug
           Platform=AnyCPU
         Additional Properties for project "C:\Users\NoahR\OneDrive\Desktop\Jarvis\src\Jarvis.App\Jarvis.App.csproj":
           Configuration=Debug
           Platform=AnyCPU
     1>Project "C:\Users\NoahR\OneDrive\Desktop\Jarvis\Jarvis.sln" (1) is building "C:\Users\NoahR\OneDrive\Desktop\Jarvis\src\Jarvis.Core\Jarvis.Core.csproj" (3:2) on node 1 (_GenerateRestoreProjectPathWalk target(s)).
   3:2>Target "_GenerateRestoreProjectPathItemsAllFrameworks" skipped, due to false condition; ( '$(TargetFrameworks)' != '' ) was evaluated as ( '' != '' ).
     1>Project "C:\Users\NoahR\OneDrive\Desktop\Jarvis\Jarvis.sln" (1) is building "C:\Users\NoahR\OneDrive\Desktop\Jarvis\src\Jarvis.App\Jarvis.App.csproj" (2:2) on node 2 (_GenerateRestoreProjectPathWalk target(s)).
   2:2>Target "_GenerateRestoreProjectPathItemsAllFrameworks" skipped, due to false condition; ( '$(TargetFrameworks)' != '' ) was evaluated as ( '' != '' ).
   2:2>Target "_GenerateRestoreProjectPathItemsPerFramework" in file "C:\Program Files\dotnet\sdk\8.0.400\NuGet.targets" from project "C:\Users\NoahR\OneDrive\Desktop\Jarvis\src\Jarvis.App\Jarvis.App.csproj" (target "_GenerateRestoreProjectPathItemsCurrentProject" depends on it):
       Using "ConvertToAbsolutePath" task from assembly "Microsoft.Build.Tasks.Core, Version=15.1.0.0, Culture=neutral, PublicKeyToken=b03f5f7f11d50a3a".
       Task "ConvertToAbsolutePath"
       Done executing task "ConvertToAbsolutePath".
   2:2>Done building target "_GenerateRestoreProjectPathItemsPerFramework" in project "Jarvis.App.csproj".
   2:2>Target "_GenerateRestoreProjectPathItemsCurrentProject" in file "C:\Program Files\dotnet\sdk\8.0.400\NuGet.targets" from project "C:\Users\NoahR\OneDrive\Desktop\Jarvis\src\Jarvis.App\Jarvis.App.csproj" (target "_GenerateRestoreProjectPathItems" depends on it):
   2:2>Done building target "_GenerateRestoreProjectPathItemsCurrentProject" in project "Jarvis.App.csproj".
   2:2>Target "_GenerateRestoreProjectPathItems" in file "C:\Program Files\dotnet\sdk\8.0.400\NuGet.targets" from project "C:\Users\NoahR\OneDrive\Desktop\Jarvis\src\Jarvis.App\Jarvis.App.csproj" (target "_GenerateRestoreProjectPathWalk" depends on it):
       Using "RemoveDuplicates" task from assembly "Microsoft.Build.Tasks.Core, Version=15.1.0.0, Culture=neutral, PublicKeyToken=b03f5f7f11d50a3a".
       Task "RemoveDuplicates"
       Done executing task "RemoveDuplicates".
   2:2>Done building target "_GenerateRestoreProjectPathItems" in project "Jarvis.App.csproj".
   2:2>Target "_GenerateRestoreProjectPathWalk" in file "C:\Program Files\dotnet\sdk\8.0.400\NuGet.targets" from project "C:\Users\NoahR\OneDrive\Desktop\Jarvis\src\Jarvis.App\Jarvis.App.csproj" (entry point):
       Using "MSBuild" task from assembly "Microsoft.Build.Tasks.Core, Version=15.1.0.0, Culture=neutral, PublicKeyToken=b03f5f7f11d50a3a".
       Task "MSBuild"
         Global Properties:
           ExcludeRestorePackageImports=true
   3:2>Target "_GenerateRestoreProjectPathItemsPerFramework" in file "C:\Program Files\dotnet\sdk\8.0.400\NuGet.targets" from project "C:\Users\NoahR\OneDrive\Desktop\Jarvis\src\Jarvis.Core\Jarvis.Core.csproj" (target "_GenerateRestoreProjectPathItemsCurrentProject" depends on it):
   3:2>Using "ConvertToAbsolutePath" task from assembly "Microsoft.Build.Tasks.Core, Version=15.1.0.0, Culture=neutral, PublicKeyToken=b03f5f7f11d50a3a".
       Task "ConvertToAbsolutePath"
   2:2>_GenerateRestoreProjectPathWalk:
           _RestoreSolutionFileUsed=true
           SolutionDir=C:\Users\NoahR\OneDrive\Desktop\Jarvis\
           SolutionName=Jarvis
           SolutionFileName=Jarvis.sln
           SolutionPath=C:\Users\NoahR\OneDrive\Desktop\Jarvis\Jarvis.sln
   3:2>Done executing task "ConvertToAbsolutePath".
   2:2>_GenerateRestoreProjectPathWalk:
           SolutionExt=.sln
   3:2>Done building target "_GenerateRestoreProjectPathItemsPerFramework" in project "Jarvis.Core.csproj".
   3:2>Target "_GenerateRestoreProjectPathItemsCurrentProject" in file "C:\Program Files\dotnet\sdk\8.0.400\NuGet.targets" from project "C:\Users\NoahR\OneDrive\Desktop\Jarvis\src\Jarvis.Core\Jarvis.Core.csproj" (target "_GenerateRestoreProjectPathItems" depends on it):
   3:2>Done building target "_GenerateRestoreProjectPathItemsCurrentProject" in project "Jarvis.Core.csproj".
   3:2>Target "_GenerateRestoreProjectPathItems" in file "C:\Program Files\dotnet\sdk\8.0.400\NuGet.targets" from project "C:\Users\NoahR\OneDrive\Desktop\Jarvis\src\Jarvis.Core\Jarvis.Core.csproj" (target "_GenerateRestoreProjectPathWalk" depends on it):
       Using "RemoveDuplicates" task from assembly "Microsoft.Build.Tasks.Core, Version=15.1.0.0, Culture=neutral, PublicKeyToken=b03f5f7f11d50a3a".
       Task "RemoveDuplicates"
       Done executing task "RemoveDuplicates".
   3:2>Done building target "_GenerateRestoreProjectPathItems" in project "Jarvis.Core.csproj".
   3:2>Target "_GenerateRestoreProjectPathWalk" in file "C:\Program Files\dotnet\sdk\8.0.400\NuGet.targets" from project "C:\Users\NoahR\OneDrive\Desktop\Jarvis\src\Jarvis.Core\Jarvis.Core.csproj" (entry point):
       Using "MSBuild" task from assembly "Microsoft.Build.Tasks.Core, Version=15.1.0.0, Culture=neutral, PublicKeyToken=b03f5f7f11d50a3a".
       Task "MSBuild"
       Done executing task "MSBuild".
       Task "MSBuild" skipped, due to false condition; ( '$(RestoreUseSkipNonexistentTargets)' != 'true' ) was evaluated as ( 'true' != 'true' ).
       Task "RemoveDuplicates"
       Done executing task "RemoveDuplicates".
   3:2>Done building target "_GenerateRestoreProjectPathWalk" in project "Jarvis.Core.csproj".
   3:2>Done Building Project "C:\Users\NoahR\OneDrive\Desktop\Jarvis\src\Jarvis.Core\Jarvis.Core.csproj" (_GenerateRestoreProjectPathWalk target(s)).
   2:2>Project "C:\Users\NoahR\OneDrive\Desktop\Jarvis\src\Jarvis.App\Jarvis.App.csproj" (2:2) is building "C:\Users\NoahR\OneDrive\Desktop\Jarvis\src\Jarvis.Core\Jarvis.Core.csproj" (3:3) on node 1 (_GenerateRestoreProjectPathWalk target(s)).
   3:3>Target "_GenerateRestoreProjectPathWalk" skipped. Previously built successfully.
   3:3>Done Building Project "C:\Users\NoahR\OneDrive\Desktop\Jarvis\src\Jarvis.Core\Jarvis.Core.csproj" (_GenerateRestoreProjectPathWalk target(s)).
   2:2>Done executing task "MSBuild".
       Task "MSBuild" skipped, due to false condition; ( '$(RestoreUseSkipNonexistentTargets)' != 'true' ) was evaluated as ( 'true' != 'true' ).
       Task "RemoveDuplicates"
       Done executing task "RemoveDuplicates".
   2:2>Done building target "_GenerateRestoreProjectPathWalk" in project "Jarvis.App.csproj".
   2:2>Done Building Project "C:\Users\NoahR\OneDrive\Desktop\Jarvis\src\Jarvis.App\Jarvis.App.csproj" (_GenerateRestoreProjectPathWalk target(s)).
     1>Done executing task "MSBuild".
       Task "MSBuild" skipped, due to false condition; ( '$(RestoreUseSkipNonexistentTargets)' != 'true' ) was evaluated as ( 'true' != 'true' ).
       Task "RemoveDuplicates"
       Done executing task "RemoveDuplicates".
       Task "MSBuild"
         Global Properties:
           ExcludeRestorePackageImports=true
           _RestoreSolutionFileUsed=true
           SolutionDir=C:\Users\NoahR\OneDrive\Desktop\Jarvis\
           SolutionName=Jarvis
           SolutionFileName=Jarvis.sln
           SolutionPath=C:\Users\NoahR\OneDrive\Desktop\Jarvis\Jarvis.sln
           SolutionExt=.sln
         Additional Properties for project "C:\Users\NoahR\OneDrive\Desktop\Jarvis\src\Jarvis.Core\Jarvis.Core.csproj":
           Configuration=Debug
           Platform=AnyCPU
         Additional Properties for project "C:\Users\NoahR\OneDrive\Desktop\Jarvis\src\Jarvis.App\Jarvis.App.csproj":
           Configuration=Debug
           Platform=AnyCPU
     1>Project "C:\Users\NoahR\OneDrive\Desktop\Jarvis\Jarvis.sln" (1) is building "C:\Users\NoahR\OneDrive\Desktop\Jarvis\src\Jarvis.Core\Jarvis.Core.csproj" (3:4) on node 1 (_IsProjectRestoreSupported target(s)).
   3:4>Target "_IsProjectRestoreSupported" skipped. Previously built successfully.
   3:4>Done Building Project "C:\Users\NoahR\OneDrive\Desktop\Jarvis\src\Jarvis.Core\Jarvis.Core.csproj" (_IsProjectRestoreSupported target(s)).
     1>Project "C:\Users\NoahR\OneDrive\Desktop\Jarvis\Jarvis.sln" (1) is building "C:\Users\NoahR\OneDrive\Desktop\Jarvis\src\Jarvis.App\Jarvis.App.csproj" (2:3) on node 1 (_IsProjectRestoreSupported target(s)).
   2:3>Target "_IsProjectRestoreSupported" skipped. Previously built successfully.
   2:3>Done Building Project "C:\Users\NoahR\OneDrive\Desktop\Jarvis\src\Jarvis.App\Jarvis.App.csproj" (_IsProjectRestoreSupported target(s)).
     1>Done executing task "MSBuild".
       Task "MSBuild" skipped, due to false condition; ( '$(RestoreUseSkipNonexistentTargets)' != 'true' ) was evaluated as ( 'true' != 'true' ).
     1>Done building target "_GetAllRestoreProjectPathItems" in project "Jarvis.sln".
     1>Target "_GenerateRestoreGraph" in file "C:\Program Files\dotnet\sdk\8.0.400\NuGet.targets" from project "C:\Users\NoahR\OneDrive\Desktop\Jarvis\Jarvis.sln" (target "Restore" depends on it):
       Task "Message"
         Generating dg file
       Done executing task "Message".
       Task "Message"
         C:\Users\NoahR\OneDrive\Desktop\Jarvis\src\Jarvis.Core\Jarvis.Core.csproj
       Done executing task "Message".
       Task "Message"
         C:\Users\NoahR\OneDrive\Desktop\Jarvis\src\Jarvis.App\Jarvis.App.csproj
       Done executing task "Message".
       Task "MSBuild"
         Global Properties:
           ExcludeRestorePackageImports=true
           _RestoreSolutionFileUsed=true
           SolutionDir=C:\Users\NoahR\OneDrive\Desktop\Jarvis\
           SolutionName=Jarvis
           SolutionFileName=Jarvis.sln
           SolutionPath=C:\Users\NoahR\OneDrive\Desktop\Jarvis\Jarvis.sln
           SolutionExt=.sln
         Additional Properties for project "C:\Users\NoahR\OneDrive\Desktop\Jarvis\src\Jarvis.Core\Jarvis.Core.csproj":
           Configuration=Debug
           Platform=AnyCPU
         Additional Properties for project "C:\Users\NoahR\OneDrive\Desktop\Jarvis\src\Jarvis.App\Jarvis.App.csproj":
           Configuration=Debug
           Platform=AnyCPU
     1>Project "C:\Users\NoahR\OneDrive\Desktop\Jarvis\Jarvis.sln" (1) is building "C:\Users\NoahR\OneDrive\Desktop\Jarvis\src\Jarvis.App\Jarvis.App.csproj" (2:4) on node 2 (_GenerateRestoreGraphProjectEntry target(s)).
   2:4>Target "_GetProjectJsonPath" in file "C:\Program Files\dotnet\sdk\8.0.400\NuGet.targets" from project "C:\Users\NoahR\OneDrive\Desktop\Jarvis\src\Jarvis.App\Jarvis.App.csproj" (target "_GetRestoreProjectStyle" depends on it):
   2:4>Task "GetRestoreProjectJsonPathTask" skipped, due to false condition; ( '$(RestoreProjectStyle)' == 'ProjectJson' OR '$(RestoreProjectStyle)' == '' ) was evaluated as ( 'PackageReference' == 'ProjectJson' OR 'PackageReference' == '' ).
   2:4>Done building target "_GetProjectJsonPath" in project "Jarvis.App.csproj".
       Target "_CheckForMissingWorkload" skipped, due to false condition; ('@(MissingWorkloadPack)' != '' And '$(DesignTimeBuild)' != 'true') was evaluated as ('' != '' And '' != 'true').
     1>Project "C:\Users\NoahR\OneDrive\Desktop\Jarvis\Jarvis.sln" (1) is building "C:\Users\NoahR\OneDrive\Desktop\Jarvis\src\Jarvis.Core\Jarvis.Core.csproj" (3:5) on node 1 (_GenerateRestoreGraphProjectEntry target(s)).
   3:5>Target "_GetProjectJsonPath" in file "C:\Program Files\dotnet\sdk\8.0.400\NuGet.targets" from project "C:\Users\NoahR\OneDrive\Desktop\Jarvis\src\Jarvis.Core\Jarvis.Core.csproj" (target "_GetRestoreProjectStyle" depends on it):
   3:5>Task "GetRestoreProjectJsonPathTask" skipped, due to false condition; ( '$(RestoreProjectStyle)' == 'ProjectJson' OR '$(RestoreProjectStyle)' == '' ) was evaluated as ( 'PackageReference' == 'ProjectJson' OR 'PackageReference' == '' ).
   3:5>Done building target "_GetProjectJsonPath" in project "Jarvis.Core.csproj".
   2:4>Target "_CheckForUnsupportedTargetPlatformIdentifier" in file "C:\Program Files\dotnet\sdk\8.0.400\Sdks\Microsoft.NET.Sdk\targets\Microsoft.NET.TargetFrameworkInference.targets" from project "C:\Users\NoahR\OneDrive\Desktop\Jarvis\src\Jarvis.App\Jarvis.App.csproj" (target "CollectPackageReferences" depends on it):
   2:4>Task "NETSdkError" skipped, due to false condition; ('$(TargetPlatformSupported)' != 'true' and '$(UseWorkloadsSpecificError)' != 'true') was evaluated as ('true' != 'true' and '' != 'true').
       Task "NETSdkError" skipped, due to false condition; ('$(TargetPlatformSupported)' != 'true' and '$(UseWorkloadsSpecificError)' == 'true') was evaluated as ('true' != 'true' and '' == 'true').
   3:5>Target "_CheckForUnsupportedTargetPlatformIdentifier" skipped, due to false condition; ('$(TargetPlatformIdentifier)' != '' and '$(TargetFrameworkIdentifier)' == '.NETCoreApp' and $([MSBuild]::VersionGreaterThanOrEquals($(TargetFrameworkVersion), 5.0)) And ('$(DesignTimeBuild)' != 'true' Or '@(MissingWorkloadPack)' == '')) was evaluated as ('' != '' and '.NETCoreApp' == '.NETCoreApp' and True And ('' != 'true' Or '' == '')).
   2:4>Done building target "_CheckForUnsupportedTargetPlatformIdentifier" in project "Jarvis.App.csproj".
   3:5>Target "_CheckForMissingWorkload" skipped, due to false condition; ('@(MissingWorkloadPack)' != '' And '$(DesignTimeBuild)' != 'true') was evaluated as ('' != '' And '' != 'true').
   2:4>Target "_CheckForUnsupportedNETCoreVersion" in file "C:\Program Files\dotnet\sdk\8.0.400\Sdks\Microsoft.NET.Sdk\targets\Microsoft.NET.TargetFrameworkInference.targets" from project "C:\Users\NoahR\OneDrive\Desktop\Jarvis\src\Jarvis.App\Jarvis.App.csproj" (target "CollectPackageReferences" depends on it):
   2:4>Task "NETSdkError" skipped, due to false condition; ('$(_TargetFrameworkVersionWithoutV)' > '$(NETCoreAppMaximumVersion)' and '$(DisplayVSMessage)' != 'true') was evaluated as ('8.0' > '8.0' and '' != 'true').
       Task "NETSdkError" skipped, due to false condition; ('$(DisplayVSMessage)' == 'true') was evaluated as ('' == 'true').
   3:5>Target "_CheckForUnsupportedNETCoreVersion" in file "C:\Program Files\dotnet\sdk\8.0.400\Sdks\Microsoft.NET.Sdk\targets\Microsoft.NET.TargetFrameworkInference.targets" from project "C:\Users\NoahR\OneDrive\Desktop\Jarvis\src\Jarvis.Core\Jarvis.Core.csproj" (target "CollectPackageReferences" depends on it):
   3:5>Task "NETSdkError" skipped, due to false condition; ('$(_TargetFrameworkVersionWithoutV)' > '$(NETCoreAppMaximumVersion)' and '$(DisplayVSMessage)' != 'true') was evaluated as ('8.0' > '8.0' and '' != 'true').
       Task "NETSdkError" skipped, due to false condition; ('$(DisplayVSMessage)' == 'true') was evaluated as ('' == 'true').
   3:5>Done building target "_CheckForUnsupportedNETCoreVersion" in project "Jarvis.Core.csproj".
   2:4>Done building target "_CheckForUnsupportedNETCoreVersion" in project "Jarvis.App.csproj".
       Target "_CheckForEolTargetFrameworks" skipped, due to false condition; ('@(_EolNetCoreTargetFrameworkVersions->AnyHaveMetadataValue('Identity', '$(_TargetFrameworkVersionWithoutV)'))' and '$(TargetFrameworkIdentifier)' == '.NETCoreApp' and '$(CheckEolTargetFramework)' == 'true') was evaluated as ('false' and '.NETCoreApp' == '.NETCoreApp' and 'true' == 'true').
       Target "_CheckForEolWorkloads" skipped, due to false condition; ('@(EolWorkload)' != '' and '$(CheckEolWorkloads)' == 'true') was evaluated as ('' != '' and 'true' == 'true').
   2:4>Target "_CheckForUnsupportedCppNETCoreVersion" in file "C:\Program Files\dotnet\sdk\8.0.400\Sdks\Microsoft.NET.Sdk\targets\Microsoft.NET.TargetFrameworkInference.targets" from project "C:\Users\NoahR\OneDrive\Desktop\Jarvis\src\Jarvis.App\Jarvis.App.csproj" (target "CollectPackageReferences" depends on it):
       Task "NETSdkError" skipped, due to false condition; ('$(TargetFrameworkIdentifier)' == '.NETCoreApp' and '$(_TargetFrameworkVersionWithoutV)' < '3.1' and ('$(Language)' == 'C++' and '$(_EnablePackageReferencesInVCProjects)' != 'true')) was evaluated as ('.NETCoreApp' == '.NETCoreApp' and '8.0' < '3.1' and ('C#' == 'C++' and '' != 'true')).
   2:4>Done building target "_CheckForUnsupportedCppNETCoreVersion" in project "Jarvis.App.csproj".
       Target "_CheckForUnsupportedNETStandardVersion" skipped, due to false condition; ('$(TargetFrameworkIdentifier)' == '.NETStandard' And '$(NETStandardMaximumVersion)' != '') was evaluated as ('.NETCoreApp' == '.NETStandard' And '' != '').
       Target "_CheckForUnsupportedTargetFrameworkAndFeatureCombination" skipped, due to false condition; ('$(TargetFrameworkIdentifier)' == '.NETFramework') was evaluated as ('.NETCoreApp' == '.NETFramework').
   3:5>Target "_CheckForEolTargetFrameworks" skipped, due to false condition; ('@(_EolNetCoreTargetFrameworkVersions->AnyHaveMetadataValue('Identity', '$(_TargetFrameworkVersionWithoutV)'))' and '$(TargetFrameworkIdentifier)' == '.NETCoreApp' and '$(CheckEolTargetFramework)' == 'true') was evaluated as ('false' and '.NETCoreApp' == '.NETCoreApp' and '' == 'true').
       Target "_CheckForEolWorkloads" skipped, due to false condition; ('@(EolWorkload)' != '' and '$(CheckEolWorkloads)' == 'true') was evaluated as ('' != '' and 'true' == 'true').
   2:4>Target "UpdateAspNetToFrameworkReference" in file "C:\Program Files\dotnet\sdk\8.0.400\Sdks\Microsoft.NET.Sdk\targets\Microsoft.NET.Sdk.DefaultItems.Shared.targets" from project "C:\Users\NoahR\OneDrive\Desktop\Jarvis\src\Jarvis.App\Jarvis.App.csproj" (target "ApplyImplicitVersions" depends on it):
   2:4>Using "CheckIfPackageReferenceShouldBeFrameworkReference" task from assembly "C:\Program Files\dotnet\sdk\8.0.400\Sdks\Microsoft.NET.Sdk\targets\..\tools\net8.0\Microsoft.NET.Build.Tasks.dll".
   3:5>Target "_CheckForUnsupportedCppNETCoreVersion" in file "C:\Program Files\dotnet\sdk\8.0.400\Sdks\Microsoft.NET.Sdk\targets\Microsoft.NET.TargetFrameworkInference.targets" from project "C:\Users\NoahR\OneDrive\Desktop\Jarvis\src\Jarvis.Core\Jarvis.Core.csproj" (target "CollectPackageReferences" depends on it):
   3:5>Task "NETSdkError" skipped, due to false condition; ('$(TargetFrameworkIdentifier)' == '.NETCoreApp' and '$(_TargetFrameworkVersionWithoutV)' < '3.1' and ('$(Language)' == 'C++' and '$(_EnablePackageReferencesInVCProjects)' != 'true')) was evaluated as ('.NETCoreApp' == '.NETCoreApp' and '8.0' < '3.1' and ('C#' == 'C++' and '' != 'true')).
   3:5>Done building target "_CheckForUnsupportedCppNETCoreVersion" in project "Jarvis.Core.csproj".
       Target "_CheckForUnsupportedNETStandardVersion" skipped, due to false condition; ('$(TargetFrameworkIdentifier)' == '.NETStandard' And '$(NETStandardMaximumVersion)' != '') was evaluated as ('.NETCoreApp' == '.NETStandard' And '' != '').
       Target "_CheckForUnsupportedTargetFrameworkAndFeatureCombination" skipped, due to false condition; ('$(TargetFrameworkIdentifier)' == '.NETFramework') was evaluated as ('.NETCoreApp' == '.NETFramework').
   2:4>Task "CheckIfPackageReferenceShouldBeFrameworkReference"
   3:5>Target "ApplyImplicitVersions" skipped, due to false condition; ('@(PackageReference)' != '') was evaluated as ('' != '').
       Target "IncludeTargetingPackReference" skipped, due to false condition; ('$(TargetFrameworkMoniker)' != '' and '$(TargetFrameworkIdentifier)' == '.NETFramework' and '$(AutomaticallyUseReferenceAssemblyPackages)' == 'true') was evaluated as ('.NETCoreApp,Version=v8.0' != '' and '.NETCoreApp' == '.NETFramework' and 'true' == 'true').
   2:4>Done executing task "CheckIfPackageReferenceShouldBeFrameworkReference".
       Task "NETSdkError" skipped, due to false condition; ('$(_ShouldRemoveAspNetCoreAll)' == 'true') was evaluated as ('False' == 'true').
       Task "CheckIfPackageReferenceShouldBeFrameworkReference"
       Done executing task "CheckIfPackageReferenceShouldBeFrameworkReference".
       Task "NETSdkWarning" skipped, due to false condition; ('$(_ShouldRemoveAspNetCoreApp)' == 'true') was evaluated as ('False' == 'true').
   2:4>Done building target "UpdateAspNetToFrameworkReference" in project "Jarvis.App.csproj".
       Target "IncludeTargetingPackReference" skipped, due to false condition; ('$(TargetFrameworkMoniker)' != '' and '$(TargetFrameworkIdentifier)' == '.NETFramework' and '$(AutomaticallyUseReferenceAssemblyPackages)' == 'true') was evaluated as ('.NETCoreApp,Version=v8.0' != '' and '.NETCoreApp' == '.NETFramework' and 'true' == 'true').
   2:4>Target "CheckForImplicitPackageReferenceOverrides" in file "C:\Program Files\dotnet\sdk\8.0.400\Sdks\Microsoft.NET.Sdk\targets\Microsoft.NET.Sdk.DefaultItems.Shared.targets" from project "C:\Users\NoahR\OneDrive\Desktop\Jarvis\src\Jarvis.App\Jarvis.App.csproj" (target "ApplyImplicitVersions" depends on it):
       Using "CheckForImplicitPackageReferenceOverrides" task from assembly "C:\Program Files\dotnet\sdk\8.0.400\Sdks\Microsoft.NET.Sdk\targets\..\tools\net8.0\Microsoft.NET.Build.Tasks.dll".
       Task "CheckForImplicitPackageReferenceOverrides"
       Done executing task "CheckForImplicitPackageReferenceOverrides".
   2:4>Done building target "CheckForImplicitPackageReferenceOverrides" in project "Jarvis.App.csproj".
   2:4>Target "ApplyImplicitVersions" in file "C:\Program Files\dotnet\sdk\8.0.400\Sdks\Microsoft.NET.Sdk\targets\Microsoft.NET.Sdk.DefaultItems.Shared.targets" from project "C:\Users\NoahR\OneDrive\Desktop\Jarvis\src\Jarvis.App\Jarvis.App.csproj" (target "CollectPackageReferences" depends on it):
       Using "ApplyImplicitVersions" task from assembly "C:\Program Files\dotnet\sdk\8.0.400\Sdks\Microsoft.NET.Sdk\targets\..\tools\net8.0\Microsoft.NET.Build.Tasks.dll".
       Task "ApplyImplicitVersions"
       Done executing task "ApplyImplicitVersions".
   2:4>Done building target "ApplyImplicitVersions" in project "Jarvis.App.csproj".
       Target "CheckForImplicitPackageReferenceOverrides" skipped. Previously built successfully.
   2:4>Target "AddWindowsSdkKnownFrameworkReferences" in file "C:\Program Files\dotnet\sdk\8.0.400\Sdks\Microsoft.NET.Sdk\targets\Microsoft.NET.Sdk.FrameworkReferenceResolution.targets" from project "C:\Users\NoahR\OneDrive\Desktop\Jarvis\src\Jarvis.App\Jarvis.App.csproj" (target "ProcessFrameworkReferences" depends on it):
       Using "CreateWindowsSdkKnownFrameworkReferences" task from assembly "C:\Program Files\dotnet\sdk\8.0.400\Sdks\Microsoft.NET.Sdk\targets\..\tools\net8.0\Microsoft.NET.Build.Tasks.dll".
       Task "CreateWindowsSdkKnownFrameworkReferences"
   3:5>Target "CheckForImplicitPackageReferenceOverrides" in file "C:\Program Files\dotnet\sdk\8.0.400\Sdks\Microsoft.NET.Sdk\targets\Microsoft.NET.Sdk.DefaultItems.Shared.targets" from project "C:\Users\NoahR\OneDrive\Desktop\Jarvis\src\Jarvis.Core\Jarvis.Core.csproj" (target "CollectPackageReferences" depends on it):
   3:5>Using "CheckForImplicitPackageReferenceOverrides" task from assembly "C:\Program Files\dotnet\sdk\8.0.400\Sdks\Microsoft.NET.Sdk\targets\..\tools\net8.0\Microsoft.NET.Build.Tasks.dll".
       Task "CheckForImplicitPackageReferenceOverrides"
   2:4>Done executing task "CreateWindowsSdkKnownFrameworkReferences".
   2:4>Done building target "AddWindowsSdkKnownFrameworkReferences" in project "Jarvis.App.csproj".
   2:4>Target "_NormalizeTargetPlatformVersion" in file "C:\Program Files\dotnet\sdk\8.0.400\Sdks\Microsoft.NET.Sdk\targets\Microsoft.NET.TargetFrameworkInference.targets" from project "C:\Users\NoahR\OneDrive\Desktop\Jarvis\src\Jarvis.App\Jarvis.App.csproj" (target "ProcessFrameworkReferences" depends on it):
   2:4>Done building target "_NormalizeTargetPlatformVersion" in project "Jarvis.App.csproj".
   2:4>Target "_CheckForLanguageAndFeatureCombinationSupport" in file "C:\Program Files\dotnet\sdk\8.0.400\Sdks\Microsoft.NET.Sdk\targets\Microsoft.NET.RuntimeIdentifierInference.targets" from project "C:\Users\NoahR\OneDrive\Desktop\Jarvis\src\Jarvis.App\Jarvis.App.csproj" (target "ProcessFrameworkReferences" depends on it):
       Task "NETSdkError" skipped, due to false condition; (('$(Language)' == 'C++' and '$(_EnablePackageReferencesInVCProjects)' != 'true') and $(OutputType) != 'library' and '$(TargetFrameworkIdentifier)' == '.NETCoreApp') was evaluated as (('C#' == 'C++' and '' != 'true') and WinExe != 'library' and '.NETCoreApp' == '.NETCoreApp').
       Task "NETSdkError" skipped, due to false condition; (('$(Language)' == 'C++' and '$(_EnablePackageReferencesInVCProjects)' != 'true') and $(EnableComHosting) == 'true') was evaluated as (('C#' == 'C++' and '' != 'true') and  == 'true').
       Task "NETSdkError" skipped, due to false condition; (('$(Language)' == 'C++' and '$(_EnablePackageReferencesInVCProjects)' != 'true') and $(SelfContained) == 'true') was evaluated as (('C#' == 'C++' and '' != 'true') and false == 'true').
   2:4>Done building target "_CheckForLanguageAndFeatureCombinationSupport" in project "Jarvis.App.csproj".
   2:4>Target "_ComputeToolPackInputsToProcessFrameworkReferences" in file "C:\Program Files\dotnet\sdk\8.0.400\Sdks\Microsoft.NET.Sdk\targets\Microsoft.NET.Publish.targets" from project "C:\Users\NoahR\OneDrive\Desktop\Jarvis\src\Jarvis.App\Jarvis.App.csproj" (target "ProcessFrameworkReferences" depends on it):
   2:4>Done building target "_ComputeToolPackInputsToProcessFrameworkReferences" in project "Jarvis.App.csproj".
   3:5>Done executing task "CheckForImplicitPackageReferenceOverrides".
   3:5>Done building target "CheckForImplicitPackageReferenceOverrides" in project "Jarvis.Core.csproj".
   2:4>Target "ProcessFrameworkReferences" in file "C:\Program Files\dotnet\sdk\8.0.400\Sdks\Microsoft.NET.Sdk\targets\Microsoft.NET.Sdk.FrameworkReferenceResolution.targets" from project "C:\Users\NoahR\OneDrive\Desktop\Jarvis\src\Jarvis.App\Jarvis.App.csproj" (target "CollectPackageReferences" depends on it):
   2:4>Using "CheckForDuplicateFrameworkReferences" task from assembly "C:\Program Files\dotnet\sdk\8.0.400\Sdks\Microsoft.NET.Sdk\targets\..\tools\net8.0\Microsoft.NET.Build.Tasks.dll".
   3:5>Target "AddWindowsSdkKnownFrameworkReferences" skipped, due to false condition; ('$(TargetFrameworkIdentifier)' == '.NETCoreApp' And '$(TargetPlatformIdentifier)' == 'Windows') was evaluated as ('.NETCoreApp' == '.NETCoreApp' And '' == 'Windows').
   2:4>Task "CheckForDuplicateFrameworkReferences"
       Done executing task "CheckForDuplicateFrameworkReferences".
   3:5>Target "_NormalizeTargetPlatformVersion" skipped, due to false condition; ('$(TargetPlatformVersion)' != '' and '$(TargetFrameworkIdentifier)' == '.NETCoreApp' and $([MSBuild]::VersionGreaterThanOrEquals($(TargetFrameworkVersion), 5.0)) and ('$(Language)' != 'C++' or '$(_EnablePackageReferencesInVCProjects)' == 'true')) was evaluated as ('' != '' and '.NETCoreApp' == '.NETCoreApp' and True and ('C#' != 'C++' or '' == 'true')).
   3:5>Target "_CheckForLanguageAndFeatureCombinationSupport" in file "C:\Program Files\dotnet\sdk\8.0.400\Sdks\Microsoft.NET.Sdk\targets\Microsoft.NET.RuntimeIdentifierInference.targets" from project "C:\Users\NoahR\OneDrive\Desktop\Jarvis\src\Jarvis.Core\Jarvis.Core.csproj" (target "ProcessFrameworkReferences" depends on it):
       Task "NETSdkError" skipped, due to false condition; (('$(Language)' == 'C++' and '$(_EnablePackageReferencesInVCProjects)' != 'true') and $(OutputType) != 'library' and '$(TargetFrameworkIdentifier)' == '.NETCoreApp') was evaluated as (('C#' == 'C++' and '' != 'true') and Library != 'library' and '.NETCoreApp' == '.NETCoreApp').
       Task "NETSdkError" skipped, due to false condition; (('$(Language)' == 'C++' and '$(_EnablePackageReferencesInVCProjects)' != 'true') and $(EnableComHosting) == 'true') was evaluated as (('C#' == 'C++' and '' != 'true') and  == 'true').
       Task "NETSdkError" skipped, due to false condition; (('$(Language)' == 'C++' and '$(_EnablePackageReferencesInVCProjects)' != 'true') and $(SelfContained) == 'true') was evaluated as (('C#' == 'C++' and '' != 'true') and  == 'true').
   3:5>Done building target "_CheckForLanguageAndFeatureCombinationSupport" in project "Jarvis.Core.csproj".
       Target "ApplyImplicitVersions" skipped, due to false condition; ('@(PackageReference)' != '') was evaluated as ('' != '').
   2:4>ProcessFrameworkReferences:
       Using "ProcessFrameworkReferences" task from assembly "C:\Program Files\dotnet\sdk\8.0.400\Sdks\Microsoft.NET.Sdk\targets\..\tools\net8.0\Microsoft.NET.Build.Tasks.dll".
       Task "ProcessFrameworkReferences"
   3:5>Target "_ComputeToolPackInputsToProcessFrameworkReferences" in file "C:\Program Files\dotnet\sdk\8.0.400\Sdks\Microsoft.NET.Sdk\targets\Microsoft.NET.Publish.targets" from project "C:\Users\NoahR\OneDrive\Desktop\Jarvis\src\Jarvis.Core\Jarvis.Core.csproj" (target "ProcessFrameworkReferences" depends on it):
   3:5>Done building target "_ComputeToolPackInputsToProcessFrameworkReferences" in project "Jarvis.Core.csproj".
   2:4>Done executing task "ProcessFrameworkReferences".
   3:5>Target "ProcessFrameworkReferences" in file "C:\Program Files\dotnet\sdk\8.0.400\Sdks\Microsoft.NET.Sdk\targets\Microsoft.NET.Sdk.FrameworkReferenceResolution.targets" from project "C:\Users\NoahR\OneDrive\Desktop\Jarvis\src\Jarvis.Core\Jarvis.Core.csproj" (target "CollectPackageReferences" depends on it):
   3:5>Using "CheckForDuplicateFrameworkReferences" task from assembly "C:\Program Files\dotnet\sdk\8.0.400\Sdks\Microsoft.NET.Sdk\targets\..\tools\net8.0\Microsoft.NET.Build.Tasks.dll".
       Task "CheckForDuplicateFrameworkReferences"
   2:4>ProcessFrameworkReferences:
       Using "ResolveAppHosts" task from assembly "C:\Program Files\dotnet\sdk\8.0.400\Sdks\Microsoft.NET.Sdk\targets\..\tools\net8.0\Microsoft.NET.Build.Tasks.dll".
       Task "ResolveAppHosts"
   3:5>Done executing task "CheckForDuplicateFrameworkReferences".
       Using "ProcessFrameworkReferences" task from assembly "C:\Program Files\dotnet\sdk\8.0.400\Sdks\Microsoft.NET.Sdk\targets\..\tools\net8.0\Microsoft.NET.Build.Tasks.dll".
       Task "ProcessFrameworkReferences"
   2:4>Done executing task "ResolveAppHosts".
   2:4>Done building target "ProcessFrameworkReferences" in project "Jarvis.App.csproj".
       Target "IncludeTargetingPackReference" skipped, due to false condition; ('$(TargetFrameworkMoniker)' != '' and '$(TargetFrameworkIdentifier)' == '.NETFramework' and '$(AutomaticallyUseReferenceAssemblyPackages)' == 'true') was evaluated as ('.NETCoreApp,Version=v8.0' != '' and '.NETCoreApp' == '.NETFramework' and 'true' == 'true').
   2:4>Target "_AddMicrosoftNetCompilerToolsetFrameworkPackage" in file "C:\Program Files\dotnet\sdk\8.0.400\Sdks\Microsoft.NET.Sdk\targets\Microsoft.NET.Sdk.targets" from project "C:\Users\NoahR\OneDrive\Desktop\Jarvis\src\Jarvis.App\Jarvis.App.csproj" (target "CollectPackageReferences" depends on it):
       Task "NETSdkWarning" skipped, due to false condition; ('@(PackageReference->AnyHaveMetadataValue('Identity', 'Microsoft.Net.Compilers.Toolset.Framework'))' == 'true') was evaluated as ('false' == 'true').
   2:4>Done building target "_AddMicrosoftNetCompilerToolsetFrameworkPackage" in project "Jarvis.App.csproj".
   2:4>Target "_CheckForObsoleteDotNetCliToolReferences" in file "C:\Program Files\dotnet\sdk\8.0.400\Sdks\Microsoft.NET.Sdk\targets\Microsoft.NET.ObsoleteReferences.targets" from project "C:\Users\NoahR\OneDrive\Desktop\Jarvis\src\Jarvis.App\Jarvis.App.csproj" (target "CollectPackageReferences" depends on it):
       Task "NETSdkWarning" skipped, due to false condition; ( '%(_ReferenceToObsoleteDotNetCliTool.Identity)' != '' ) was evaluated as ( '' != '' ).
   2:4>Done building target "_CheckForObsoleteDotNetCliToolReferences" in project "Jarvis.App.csproj".
   2:4>Target "CollectPackageReferences" in file "C:\Program Files\dotnet\sdk\8.0.400\NuGet.targets" from project "C:\Users\NoahR\OneDrive\Desktop\Jarvis\src\Jarvis.App\Jarvis.App.csproj" (target "_GetRestoreProjectStyle" depends on it):
       Using "CheckForDuplicateNuGetItemsTask" task from assembly "C:\Program Files\dotnet\sdk\8.0.400\NuGet.Build.Tasks.dll".
       Task "CheckForDuplicateNuGetItemsTask"
       Done executing task "CheckForDuplicateNuGetItemsTask".
   2:4>Done building target "CollectPackageReferences" in project "Jarvis.App.csproj".
   2:4>Target "_GetRestoreProjectStyle" in file "C:\Program Files\dotnet\sdk\8.0.400\NuGet.targets" from project "C:\Users\NoahR\OneDrive\Desktop\Jarvis\src\Jarvis.App\Jarvis.App.csproj" (target "_GenerateRestoreSpecs" depends on it):
       Using "GetRestoreProjectStyleTask" task from assembly "C:\Program Files\dotnet\sdk\8.0.400\NuGet.Build.Tasks.dll".
       Task "GetRestoreProjectStyleTask"
       Done executing task "GetRestoreProjectStyleTask".
   2:4>Done building target "_GetRestoreProjectStyle" in project "Jarvis.App.csproj".
   2:4>Target "_GenerateRestoreSpecs" in file "C:\Program Files\dotnet\sdk\8.0.400\NuGet.targets" from project "C:\Users\NoahR\OneDrive\Desktop\Jarvis\src\Jarvis.App\Jarvis.App.csproj" (target "_GenerateRestoreGraphProjectEntry" depends on it):
       Using "Message" task from assembly "Microsoft.Build.Tasks.Core, Version=15.1.0.0, Culture=neutral, PublicKeyToken=b03f5f7f11d50a3a".
       Task "Message"
         Restore entry point C:\Users\NoahR\OneDrive\Desktop\Jarvis\src\Jarvis.App\Jarvis.App.csproj
       Done executing task "Message".
   2:4>Done building target "_GenerateRestoreSpecs" in project "Jarvis.App.csproj".
   2:4>Target "_GetRestoreSettingsOverrides" in file "C:\Program Files\dotnet\sdk\8.0.400\NuGet.targets" from project "C:\Users\NoahR\OneDrive\Desktop\Jarvis\src\Jarvis.App\Jarvis.App.csproj" (target "_GetRestoreSettings" depends on it):
       Task "MSBuild" skipped, due to false condition; ( '$(RestorePackagesPath)' != '' ) was evaluated as ( '' != '' ).
       Task "MSBuild" skipped, due to false condition; ( '$(RestoreRepositoryPathOverride)' != '' ) was evaluated as ( '' != '' ).
       Task "MSBuild" skipped, due to false condition; ( '$(RestoreSources)' != '' ) was evaluated as ( '' != '' ).
       Task "MSBuild" skipped, due to false condition; ( '$(RestoreFallbackFolders)' != '' ) was evaluated as ( '' != '' ).
   2:4>Done building target "_GetRestoreSettingsOverrides" in project "Jarvis.App.csproj".
   2:4>Target "_GetRestoreSettingsPerFramework" in file "C:\Program Files\dotnet\sdk\8.0.400\NuGet.targets" from project "C:\Users\NoahR\OneDrive\Desktop\Jarvis\src\Jarvis.App\Jarvis.App.csproj" (target "_GetRestoreSettingsCurrentProject" depends on it):
   2:4>Done building target "_GetRestoreSettingsPerFramework" in project "Jarvis.App.csproj".
   2:4>Target "_GetRestoreSettingsCurrentProject" in file "C:\Program Files\dotnet\sdk\8.0.400\NuGet.targets" from project "C:\Users\NoahR\OneDrive\Desktop\Jarvis\src\Jarvis.App\Jarvis.App.csproj" (target "_GetRestoreSettings" depends on it):
   2:4>Done building target "_GetRestoreSettingsCurrentProject" in project "Jarvis.App.csproj".
       Target "_GetRestoreSettingsAllFrameworks" skipped, due to false condition; ( '$(TargetFrameworks)' != '' AND '$(PackageReferenceCompatibleProjectStyle)' == 'true' ) was evaluated as ( '' != '' AND 'True' == 'true' ).
   2:4>Target "_GetRestoreSettings" in file "C:\Program Files\dotnet\sdk\8.0.400\NuGet.targets" from project "C:\Users\NoahR\OneDrive\Desktop\Jarvis\src\Jarvis.App\Jarvis.App.csproj" (target "_GenerateDotnetCliToolReferenceSpecs" depends on it):
       Using "GetRestoreSettingsTask" task from assembly "C:\Program Files\dotnet\sdk\8.0.400\NuGet.Build.Tasks.dll".
       Task "GetRestoreSettingsTask"
       Done executing task "GetRestoreSettingsTask".
   2:4>Done building target "_GetRestoreSettings" in project "Jarvis.App.csproj".
   2:4>Target "_GenerateDotnetCliToolReferenceSpecs" in file "C:\Program Files\dotnet\sdk\8.0.400\NuGet.targets" from project "C:\Users\NoahR\OneDrive\Desktop\Jarvis\src\Jarvis.App\Jarvis.App.csproj" (target "_GenerateRestoreGraphProjectEntry" depends on it):
       Using "GetRestoreDotnetCliToolsTask" task from assembly "C:\Program Files\dotnet\sdk\8.0.400\NuGet.Build.Tasks.dll".
       Task "GetRestoreDotnetCliToolsTask"
       Done executing task "GetRestoreDotnetCliToolsTask".
   2:4>Done building target "_GenerateDotnetCliToolReferenceSpecs" in project "Jarvis.App.csproj".
   2:4>Target "_GenerateRestoreGraphProjectEntry" in file "C:\Program Files\dotnet\sdk\8.0.400\NuGet.targets" from project "C:\Users\NoahR\OneDrive\Desktop\Jarvis\src\Jarvis.App\Jarvis.App.csproj" (entry point):
   2:4>Done building target "_GenerateRestoreGraphProjectEntry" in project "Jarvis.App.csproj".
   2:4>Done Building Project "C:\Users\NoahR\OneDrive\Desktop\Jarvis\src\Jarvis.App\Jarvis.App.csproj" (_GenerateRestoreGraphProjectEntry target(s)).
   3:5>Done executing task "ProcessFrameworkReferences".
       Using "ResolveAppHosts" task from assembly "C:\Program Files\dotnet\sdk\8.0.400\Sdks\Microsoft.NET.Sdk\targets\..\tools\net8.0\Microsoft.NET.Build.Tasks.dll".
       Task "ResolveAppHosts"
       Done executing task "ResolveAppHosts".
   3:5>Done building target "ProcessFrameworkReferences" in project "Jarvis.Core.csproj".
       Target "IncludeTargetingPackReference" skipped, due to false condition; ('$(TargetFrameworkMoniker)' != '' and '$(TargetFrameworkIdentifier)' == '.NETFramework' and '$(AutomaticallyUseReferenceAssemblyPackages)' == 'true') was evaluated as ('.NETCoreApp,Version=v8.0' != '' and '.NETCoreApp' == '.NETFramework' and 'true' == 'true').
   3:5>Target "_AddMicrosoftNetCompilerToolsetFrameworkPackage" in file "C:\Program Files\dotnet\sdk\8.0.400\Sdks\Microsoft.NET.Sdk\targets\Microsoft.NET.Sdk.targets" from project "C:\Users\NoahR\OneDrive\Desktop\Jarvis\src\Jarvis.Core\Jarvis.Core.csproj" (target "CollectPackageReferences" depends on it):
       Task "NETSdkWarning" skipped, due to false condition; ('@(PackageReference->AnyHaveMetadataValue('Identity', 'Microsoft.Net.Compilers.Toolset.Framework'))' == 'true') was evaluated as ('false' == 'true').
   3:5>Done building target "_AddMicrosoftNetCompilerToolsetFrameworkPackage" in project "Jarvis.Core.csproj".
   3:5>Target "_CheckForObsoleteDotNetCliToolReferences" in file "C:\Program Files\dotnet\sdk\8.0.400\Sdks\Microsoft.NET.Sdk\targets\Microsoft.NET.ObsoleteReferences.targets" from project "C:\Users\NoahR\OneDrive\Desktop\Jarvis\src\Jarvis.Core\Jarvis.Core.csproj" (target "CollectPackageReferences" depends on it):
       Task "NETSdkWarning" skipped, due to false condition; ( '%(_ReferenceToObsoleteDotNetCliTool.Identity)' != '' ) was evaluated as ( '' != '' ).
   3:5>Done building target "_CheckForObsoleteDotNetCliToolReferences" in project "Jarvis.Core.csproj".
   3:5>Target "CollectPackageReferences" in file "C:\Program Files\dotnet\sdk\8.0.400\NuGet.targets" from project "C:\Users\NoahR\OneDrive\Desktop\Jarvis\src\Jarvis.Core\Jarvis.Core.csproj" (target "_GetRestoreProjectStyle" depends on it):
       Using "CheckForDuplicateNuGetItemsTask" task from assembly "C:\Program Files\dotnet\sdk\8.0.400\NuGet.Build.Tasks.dll".
       Task "CheckForDuplicateNuGetItemsTask"
       Done executing task "CheckForDuplicateNuGetItemsTask".
   3:5>Done building target "CollectPackageReferences" in project "Jarvis.Core.csproj".
   3:5>Target "_GetRestoreProjectStyle" in file "C:\Program Files\dotnet\sdk\8.0.400\NuGet.targets" from project "C:\Users\NoahR\OneDrive\Desktop\Jarvis\src\Jarvis.Core\Jarvis.Core.csproj" (target "_GenerateRestoreSpecs" depends on it):
       Using "GetRestoreProjectStyleTask" task from assembly "C:\Program Files\dotnet\sdk\8.0.400\NuGet.Build.Tasks.dll".
       Task "GetRestoreProjectStyleTask"
       Done executing task "GetRestoreProjectStyleTask".
   3:5>Done building target "_GetRestoreProjectStyle" in project "Jarvis.Core.csproj".
   3:5>Target "_GenerateRestoreSpecs" in file "C:\Program Files\dotnet\sdk\8.0.400\NuGet.targets" from project "C:\Users\NoahR\OneDrive\Desktop\Jarvis\src\Jarvis.Core\Jarvis.Core.csproj" (target "_GenerateRestoreGraphProjectEntry" depends on it):
       Using "Message" task from assembly "Microsoft.Build.Tasks.Core, Version=15.1.0.0, Culture=neutral, PublicKeyToken=b03f5f7f11d50a3a".
       Task "Message"
         Restore entry point C:\Users\NoahR\OneDrive\Desktop\Jarvis\src\Jarvis.Core\Jarvis.Core.csproj
       Done executing task "Message".
   3:5>Done building target "_GenerateRestoreSpecs" in project "Jarvis.Core.csproj".
   3:5>Target "_GetRestoreSettingsOverrides" in file "C:\Program Files\dotnet\sdk\8.0.400\NuGet.targets" from project "C:\Users\NoahR\OneDrive\Desktop\Jarvis\src\Jarvis.Core\Jarvis.Core.csproj" (target "_GetRestoreSettings" depends on it):
       Task "MSBuild" skipped, due to false condition; ( '$(RestorePackagesPath)' != '' ) was evaluated as ( '' != '' ).
       Task "MSBuild" skipped, due to false condition; ( '$(RestoreRepositoryPathOverride)' != '' ) was evaluated as ( '' != '' ).
       Task "MSBuild" skipped, due to false condition; ( '$(RestoreSources)' != '' ) was evaluated as ( '' != '' ).
       Task "MSBuild" skipped, due to false condition; ( '$(RestoreFallbackFolders)' != '' ) was evaluated as ( '' != '' ).
   3:5>Done building target "_GetRestoreSettingsOverrides" in project "Jarvis.Core.csproj".
   3:5>Target "_GetRestoreSettingsPerFramework" in file "C:\Program Files\dotnet\sdk\8.0.400\NuGet.targets" from project "C:\Users\NoahR\OneDrive\Desktop\Jarvis\src\Jarvis.Core\Jarvis.Core.csproj" (target "_GetRestoreSettingsCurrentProject" depends on it):
   3:5>Done building target "_GetRestoreSettingsPerFramework" in project "Jarvis.Core.csproj".
   3:5>Target "_GetRestoreSettingsCurrentProject" in file "C:\Program Files\dotnet\sdk\8.0.400\NuGet.targets" from project "C:\Users\NoahR\OneDrive\Desktop\Jarvis\src\Jarvis.Core\Jarvis.Core.csproj" (target "_GetRestoreSettings" depends on it):
   3:5>Done building target "_GetRestoreSettingsCurrentProject" in project "Jarvis.Core.csproj".
       Target "_GetRestoreSettingsAllFrameworks" skipped, due to false condition; ( '$(TargetFrameworks)' != '' AND '$(PackageReferenceCompatibleProjectStyle)' == 'true' ) was evaluated as ( '' != '' AND 'True' == 'true' ).
   3:5>Target "_GetRestoreSettings" in file "C:\Program Files\dotnet\sdk\8.0.400\NuGet.targets" from project "C:\Users\NoahR\OneDrive\Desktop\Jarvis\src\Jarvis.Core\Jarvis.Core.csproj" (target "_GenerateDotnetCliToolReferenceSpecs" depends on it):
       Using "GetRestoreSettingsTask" task from assembly "C:\Program Files\dotnet\sdk\8.0.400\NuGet.Build.Tasks.dll".
       Task "GetRestoreSettingsTask"
         Assembly loaded during TaskRun (NuGet.Build.Tasks.GetRestoreSettingsTask): NuGet.Configuration, Version=6.11.0.122, Culture=neutral, PublicKeyToken=31bf3856ad364e35 (location: C:\Program Files\dotnet\sdk\8.0.400\NuGet.Configuration.dll, MVID: ae520ef5-387b-46bc-9b37-fe365b97797e, AssemblyLoadContext: MSBuild plugin C:\Program Files\dotnet\sdk\8.0.400\NuGet.Build.Tasks.dll)
       Done executing task "GetRestoreSettingsTask".
   3:5>Done building target "_GetRestoreSettings" in project "Jarvis.Core.csproj".
   3:5>Target "_GenerateDotnetCliToolReferenceSpecs" in file "C:\Program Files\dotnet\sdk\8.0.400\NuGet.targets" from project "C:\Users\NoahR\OneDrive\Desktop\Jarvis\src\Jarvis.Core\Jarvis.Core.csproj" (target "_GenerateRestoreGraphProjectEntry" depends on it):
       Using "GetRestoreDotnetCliToolsTask" task from assembly "C:\Program Files\dotnet\sdk\8.0.400\NuGet.Build.Tasks.dll".
       Task "GetRestoreDotnetCliToolsTask"
       Done executing task "GetRestoreDotnetCliToolsTask".
   3:5>Done building target "_GenerateDotnetCliToolReferenceSpecs" in project "Jarvis.Core.csproj".
   3:5>Target "_GenerateRestoreGraphProjectEntry" in file "C:\Program Files\dotnet\sdk\8.0.400\NuGet.targets" from project "C:\Users\NoahR\OneDrive\Desktop\Jarvis\src\Jarvis.Core\Jarvis.Core.csproj" (entry point):
   3:5>Done building target "_GenerateRestoreGraphProjectEntry" in project "Jarvis.Core.csproj".
   3:5>Done Building Project "C:\Users\NoahR\OneDrive\Desktop\Jarvis\src\Jarvis.Core\Jarvis.Core.csproj" (_GenerateRestoreGraphProjectEntry target(s)).
     1>Done executing task "MSBuild".
       Task "MSBuild"
         Global Properties:
           ExcludeRestorePackageImports=true
           _RestoreSolutionFileUsed=true
           SolutionDir=C:\Users\NoahR\OneDrive\Desktop\Jarvis\
           SolutionName=Jarvis
           SolutionFileName=Jarvis.sln
           SolutionPath=C:\Users\NoahR\OneDrive\Desktop\Jarvis\Jarvis.sln
           SolutionExt=.sln
         Additional Properties for project "C:\Users\NoahR\OneDrive\Desktop\Jarvis\src\Jarvis.Core\Jarvis.Core.csproj":
           Configuration=Debug
           Platform=AnyCPU
         Additional Properties for project "C:\Users\NoahR\OneDrive\Desktop\Jarvis\src\Jarvis.App\Jarvis.App.csproj":
           Configuration=Debug
           Platform=AnyCPU
     1>Project "C:\Users\NoahR\OneDrive\Desktop\Jarvis\Jarvis.sln" (1) is building "C:\Users\NoahR\OneDrive\Desktop\Jarvis\src\Jarvis.Core\Jarvis.Core.csproj" (3:6) on node 1 (_GenerateProjectRestoreGraph target(s)).
   3:6>Target "_GetRestoreProjectStyle" skipped. Previously built successfully.
       Target "_GetRestoreProjectStyle" skipped. Previously built successfully.
       Target "_GetRestoreProjectStyle" skipped. Previously built successfully.
   3:6>Target "_GetRestoreTargetFrameworkOverride" in file "C:\Program Files\dotnet\sdk\8.0.400\NuGet.targets" from project "C:\Users\NoahR\OneDrive\Desktop\Jarvis\src\Jarvis.Core\Jarvis.Core.csproj" (target "_GetRestoreTargetFrameworksOutput" depends on it):
       Task "GetGlobalPropertyValueTask" skipped, due to false condition; ( '$(TargetFrameworks)' != '' ) was evaluated as ( '' != '' ).
   3:6>Done building target "_GetRestoreTargetFrameworkOverride" in project "Jarvis.Core.csproj".
     1>Project "C:\Users\NoahR\OneDrive\Desktop\Jarvis\Jarvis.sln" (1) is building "C:\Users\NoahR\OneDrive\Desktop\Jarvis\src\Jarvis.App\Jarvis.App.csproj" (2:5) on node 2 (_GenerateProjectRestoreGraph target(s)).
   2:5>Target "_GetRestoreProjectStyle" skipped. Previously built successfully.
       Target "_GetRestoreProjectStyle" skipped. Previously built successfully.
   3:6>Target "_GetRestoreTargetFrameworksOutput" in file "C:\Program Files\dotnet\sdk\8.0.400\NuGet.targets" from project "C:\Users\NoahR\OneDrive\Desktop\Jarvis\src\Jarvis.Core\Jarvis.Core.csproj" (target "_GenerateRestoreProjectSpec" depends on it):
   3:6>Using "GetProjectTargetFrameworksTask" task from assembly "C:\Program Files\dotnet\sdk\8.0.400\NuGet.Build.Tasks.dll".
       Task "GetProjectTargetFrameworksTask"
   2:5>Target "_GetRestoreProjectStyle" skipped. Previously built successfully.
   2:5>Target "_GetRestoreTargetFrameworkOverride" in file "C:\Program Files\dotnet\sdk\8.0.400\NuGet.targets" from project "C:\Users\NoahR\OneDrive\Desktop\Jarvis\src\Jarvis.App\Jarvis.App.csproj" (target "_GetRestoreTargetFrameworksOutput" depends on it):
       Task "GetGlobalPropertyValueTask" skipped, due to false condition; ( '$(TargetFrameworks)' != '' ) was evaluated as ( '' != '' ).
   2:5>Done building target "_GetRestoreTargetFrameworkOverride" in project "Jarvis.App.csproj".
   2:5>Target "_GetRestoreTargetFrameworksOutput" in file "C:\Program Files\dotnet\sdk\8.0.400\NuGet.targets" from project "C:\Users\NoahR\OneDrive\Desktop\Jarvis\src\Jarvis.App\Jarvis.App.csproj" (target "_GenerateRestoreProjectSpec" depends on it):
       Using "GetProjectTargetFrameworksTask" task from assembly "C:\Program Files\dotnet\sdk\8.0.400\NuGet.Build.Tasks.dll".
       Task "GetProjectTargetFrameworksTask"
       Done executing task "GetProjectTargetFrameworksTask".
   2:5>Done building target "_GetRestoreTargetFrameworksOutput" in project "Jarvis.App.csproj".
       Target "_GetRestoreSettings" skipped. Previously built successfully.
   2:5>Target "_GenerateRestoreProjectSpec" in file "C:\Program Files\dotnet\sdk\8.0.400\NuGet.targets" from project "C:\Users\NoahR\OneDrive\Desktop\Jarvis\src\Jarvis.App\Jarvis.App.csproj" (target "_GenerateProjectRestoreGraph" depends on it):
       Task "ConvertToAbsolutePath"
   3:6>Done executing task "GetProjectTargetFrameworksTask".
   2:5>Done executing task "ConvertToAbsolutePath".
   2:5>Done building target "_GenerateRestoreProjectSpec" in project "Jarvis.App.csproj".
   3:6>Done building target "_GetRestoreTargetFrameworksOutput" in project "Jarvis.Core.csproj".
       Target "_GetRestoreSettings" skipped. Previously built successfully.
   2:5>Target "_GenerateProjectRestoreGraphAllFrameworks" skipped, due to false condition; ( '$(TargetFrameworks)' != '' ) was evaluated as ( '' != '' ).
   3:6>Target "_GenerateRestoreProjectSpec" in file "C:\Program Files\dotnet\sdk\8.0.400\NuGet.targets" from project "C:\Users\NoahR\OneDrive\Desktop\Jarvis\src\Jarvis.Core\Jarvis.Core.csproj" (target "_GenerateProjectRestoreGraph" depends on it):
   3:6>Task "ConvertToAbsolutePath"
   2:5>Target "_GetRestoreProjectStyle" skipped. Previously built successfully.
       Target "CollectPackageReferences" skipped. Previously built successfully.
   2:5>Target "CollectPackageDownloads" in file "C:\Program Files\dotnet\sdk\8.0.400\NuGet.targets" from project "C:\Users\NoahR\OneDrive\Desktop\Jarvis\src\Jarvis.App\Jarvis.App.csproj" (target "_CollectRestoreInputs" depends on it):
       Task "CheckForDuplicateNuGetItemsTask"
   3:6>Done executing task "ConvertToAbsolutePath".
   2:5>Done executing task "CheckForDuplicateNuGetItemsTask".
   3:6>Done building target "_GenerateRestoreProjectSpec" in project "Jarvis.Core.csproj".
       Target "_GenerateProjectRestoreGraphAllFrameworks" skipped, due to false condition; ( '$(TargetFrameworks)' != '' ) was evaluated as ( '' != '' ).
       Target "_GetRestoreProjectStyle" skipped. Previously built successfully.
       Target "CollectPackageReferences" skipped. Previously built successfully.
   2:5>Done building target "CollectPackageDownloads" in project "Jarvis.App.csproj".
   3:6>Target "CollectPackageDownloads" in file "C:\Program Files\dotnet\sdk\8.0.400\NuGet.targets" from project "C:\Users\NoahR\OneDrive\Desktop\Jarvis\src\Jarvis.Core\Jarvis.Core.csproj" (target "_CollectRestoreInputs" depends on it):
   3:6>Task "CheckForDuplicateNuGetItemsTask"
   2:5>Target "CollectFrameworkReferences" in file "C:\Program Files\dotnet\sdk\8.0.400\NuGet.targets" from project "C:\Users\NoahR\OneDrive\Desktop\Jarvis\src\Jarvis.App\Jarvis.App.csproj" (target "_CollectRestoreInputs" depends on it):
   2:5>Done building target "CollectFrameworkReferences" in project "Jarvis.App.csproj".
   2:5>Target "CollectCentralPackageVersions" in file "C:\Program Files\dotnet\sdk\8.0.400\NuGet.targets" from project "C:\Users\NoahR\OneDrive\Desktop\Jarvis\src\Jarvis.App\Jarvis.App.csproj" (target "_CollectRestoreInputs" depends on it):
       Task "CheckForDuplicateNuGetItemsTask"
       Done executing task "CheckForDuplicateNuGetItemsTask".
   2:5>Done building target "CollectCentralPackageVersions" in project "Jarvis.App.csproj".
   2:5>Target "CollectNuGetAuditSuppressions" in file "C:\Program Files\dotnet\sdk\8.0.400\NuGet.targets" from project "C:\Users\NoahR\OneDrive\Desktop\Jarvis\src\Jarvis.App\Jarvis.App.csproj" (target "_CollectRestoreInputs" depends on it):
       Task "CheckForDuplicateNuGetItemsTask"
       Done executing task "CheckForDuplicateNuGetItemsTask".
   2:5>Done building target "CollectNuGetAuditSuppressions" in project "Jarvis.App.csproj".
   3:6>Done executing task "CheckForDuplicateNuGetItemsTask".
   3:6>Done building target "CollectPackageDownloads" in project "Jarvis.Core.csproj".
   2:5>Target "_CollectRestoreInputs" in file "C:\Program Files\dotnet\sdk\8.0.400\NuGet.targets" from project "C:\Users\NoahR\OneDrive\Desktop\Jarvis\src\Jarvis.App\Jarvis.App.csproj" (target "_GenerateProjectRestoreGraphPerFramework" depends on it):
   2:5>Done building target "_CollectRestoreInputs" in project "Jarvis.App.csproj".
       Target "PrepRestoreForStoreProjects" skipped, due to false condition; ('$(StorePackageName)' != '') was evaluated as ('' != '').
   3:6>Target "CollectFrameworkReferences" in file "C:\Program Files\dotnet\sdk\8.0.400\NuGet.targets" from project "C:\Users\NoahR\OneDrive\Desktop\Jarvis\src\Jarvis.Core\Jarvis.Core.csproj" (target "_CollectRestoreInputs" depends on it):
   3:6>Done building target "CollectFrameworkReferences" in project "Jarvis.Core.csproj".
   2:5>Target "_GenerateProjectRestoreGraphPerFramework" in file "C:\Program Files\dotnet\sdk\8.0.400\NuGet.targets" from project "C:\Users\NoahR\OneDrive\Desktop\Jarvis\src\Jarvis.App\Jarvis.App.csproj" (target "_GenerateProjectRestoreGraphCurrentProject" depends on it):
   2:5>Using "GetRestoreProjectReferencesTask" task from assembly "C:\Program Files\dotnet\sdk\8.0.400\NuGet.Build.Tasks.dll".
       Task "GetRestoreProjectReferencesTask"
   3:6>Target "CollectCentralPackageVersions" in file "C:\Program Files\dotnet\sdk\8.0.400\NuGet.targets" from project "C:\Users\NoahR\OneDrive\Desktop\Jarvis\src\Jarvis.Core\Jarvis.Core.csproj" (target "_CollectRestoreInputs" depends on it):
   3:6>Task "CheckForDuplicateNuGetItemsTask"
   2:5>Done executing task "GetRestoreProjectReferencesTask".
       Using "GetRestorePackageReferencesTask" task from assembly "C:\Program Files\dotnet\sdk\8.0.400\NuGet.Build.Tasks.dll".
       Task "GetRestorePackageReferencesTask"
       Done executing task "GetRestorePackageReferencesTask".
       Task "GetCentralPackageVersionsTask" skipped, due to false condition; ( '$(PackageReferenceCompatibleProjectStyle)' == 'true' AND '$(_CentralPackageVersionsEnabled)' == 'true' ) was evaluated as ( 'True' == 'true' AND '' == 'true' ).
       Using "GetRestorePackageDownloadsTask" task from assembly "C:\Program Files\dotnet\sdk\8.0.400\NuGet.Build.Tasks.dll".
       Task "GetRestorePackageDownloadsTask"
       Done executing task "GetRestorePackageDownloadsTask".
       Using "GetRestoreFrameworkReferencesTask" task from assembly "C:\Program Files\dotnet\sdk\8.0.400\NuGet.Build.Tasks.dll".
       Task "GetRestoreFrameworkReferencesTask"
       Done executing task "GetRestoreFrameworkReferencesTask".
       Using "GetRestoreNuGetAuditSuppressionsTask" task from assembly "C:\Program Files\dotnet\sdk\8.0.400\NuGet.Build.Tasks.dll".
   3:6>Done executing task "CheckForDuplicateNuGetItemsTask".
   2:5>Task "GetRestoreNuGetAuditSuppressionsTask"
   3:6>Done building target "CollectCentralPackageVersions" in project "Jarvis.Core.csproj".
   3:6>Target "CollectNuGetAuditSuppressions" in file "C:\Program Files\dotnet\sdk\8.0.400\NuGet.targets" from project "C:\Users\NoahR\OneDrive\Desktop\Jarvis\src\Jarvis.Core\Jarvis.Core.csproj" (target "_CollectRestoreInputs" depends on it):
       Task "CheckForDuplicateNuGetItemsTask"
   2:5>Done executing task "GetRestoreNuGetAuditSuppressionsTask".
   2:5>Done building target "_GenerateProjectRestoreGraphPerFramework" in project "Jarvis.App.csproj".
   3:6>Done executing task "CheckForDuplicateNuGetItemsTask".
   3:6>Done building target "CollectNuGetAuditSuppressions" in project "Jarvis.Core.csproj".
   3:6>Target "_CollectRestoreInputs" in file "C:\Program Files\dotnet\sdk\8.0.400\NuGet.targets" from project "C:\Users\NoahR\OneDrive\Desktop\Jarvis\src\Jarvis.Core\Jarvis.Core.csproj" (target "_GenerateProjectRestoreGraphPerFramework" depends on it):
   3:6>Done building target "_CollectRestoreInputs" in project "Jarvis.Core.csproj".
       Target "PrepRestoreForStoreProjects" skipped, due to false condition; ('$(StorePackageName)' != '') was evaluated as ('' != '').
   2:5>Target "_GenerateProjectRestoreGraphCurrentProject" in file "C:\Program Files\dotnet\sdk\8.0.400\NuGet.targets" from project "C:\Users\NoahR\OneDrive\Desktop\Jarvis\src\Jarvis.App\Jarvis.App.csproj" (target "_GenerateRestoreDependencies" depends on it):
   2:5>Done building target "_GenerateProjectRestoreGraphCurrentProject" in project "Jarvis.App.csproj".
   2:5>Target "_GenerateRestoreDependencies" in file "C:\Program Files\dotnet\sdk\8.0.400\NuGet.targets" from project "C:\Users\NoahR\OneDrive\Desktop\Jarvis\src\Jarvis.App\Jarvis.App.csproj" (target "_GenerateProjectRestoreGraph" depends on it):
   2:5>Done building target "_GenerateRestoreDependencies" in project "Jarvis.App.csproj".
   2:5>Target "_GenerateProjectRestoreGraph" in file "C:\Program Files\dotnet\sdk\8.0.400\NuGet.targets" from project "C:\Users\NoahR\OneDrive\Desktop\Jarvis\src\Jarvis.App\Jarvis.App.csproj" (entry point):
   2:5>Done building target "_GenerateProjectRestoreGraph" in project "Jarvis.App.csproj".
   3:6>Target "_GenerateProjectRestoreGraphPerFramework" in file "C:\Program Files\dotnet\sdk\8.0.400\NuGet.targets" from project "C:\Users\NoahR\OneDrive\Desktop\Jarvis\src\Jarvis.Core\Jarvis.Core.csproj" (target "_GenerateProjectRestoreGraphCurrentProject" depends on it):
   3:6>Using "GetRestoreProjectReferencesTask" task from assembly "C:\Program Files\dotnet\sdk\8.0.400\NuGet.Build.Tasks.dll".
       Task "GetRestoreProjectReferencesTask"
   2:5>Done Building Project "C:\Users\NoahR\OneDrive\Desktop\Jarvis\src\Jarvis.App\Jarvis.App.csproj" (_GenerateProjectRestoreGraph target(s)).
   3:6>Done executing task "GetRestoreProjectReferencesTask".
       Using "GetRestorePackageReferencesTask" task from assembly "C:\Program Files\dotnet\sdk\8.0.400\NuGet.Build.Tasks.dll".
       Task "GetRestorePackageReferencesTask"
       Done executing task "GetRestorePackageReferencesTask".
       Task "GetCentralPackageVersionsTask" skipped, due to false condition; ( '$(PackageReferenceCompatibleProjectStyle)' == 'true' AND '$(_CentralPackageVersionsEnabled)' == 'true' ) was evaluated as ( 'True' == 'true' AND '' == 'true' ).
       Using "GetRestorePackageDownloadsTask" task from assembly "C:\Program Files\dotnet\sdk\8.0.400\NuGet.Build.Tasks.dll".
       Task "GetRestorePackageDownloadsTask"
       Done executing task "GetRestorePackageDownloadsTask".
       Using "GetRestoreFrameworkReferencesTask" task from assembly "C:\Program Files\dotnet\sdk\8.0.400\NuGet.Build.Tasks.dll".
       Task "GetRestoreFrameworkReferencesTask"
       Done executing task "GetRestoreFrameworkReferencesTask".
       Using "GetRestoreNuGetAuditSuppressionsTask" task from assembly "C:\Program Files\dotnet\sdk\8.0.400\NuGet.Build.Tasks.dll".
       Task "GetRestoreNuGetAuditSuppressionsTask"
       Done executing task "GetRestoreNuGetAuditSuppressionsTask".
   3:6>Done building target "_GenerateProjectRestoreGraphPerFramework" in project "Jarvis.Core.csproj".
   3:6>Target "_GenerateProjectRestoreGraphCurrentProject" in file "C:\Program Files\dotnet\sdk\8.0.400\NuGet.targets" from project "C:\Users\NoahR\OneDrive\Desktop\Jarvis\src\Jarvis.Core\Jarvis.Core.csproj" (target "_GenerateRestoreDependencies" depends on it):
   3:6>Done building target "_GenerateProjectRestoreGraphCurrentProject" in project "Jarvis.Core.csproj".
   3:6>Target "_GenerateRestoreDependencies" in file "C:\Program Files\dotnet\sdk\8.0.400\NuGet.targets" from project "C:\Users\NoahR\OneDrive\Desktop\Jarvis\src\Jarvis.Core\Jarvis.Core.csproj" (target "_GenerateProjectRestoreGraph" depends on it):
   3:6>Done building target "_GenerateRestoreDependencies" in project "Jarvis.Core.csproj".
   3:6>Target "_GenerateProjectRestoreGraph" in file "C:\Program Files\dotnet\sdk\8.0.400\NuGet.targets" from project "C:\Users\NoahR\OneDrive\Desktop\Jarvis\src\Jarvis.Core\Jarvis.Core.csproj" (entry point):
   3:6>Done building target "_GenerateProjectRestoreGraph" in project "Jarvis.Core.csproj".
   3:6>Done Building Project "C:\Users\NoahR\OneDrive\Desktop\Jarvis\src\Jarvis.Core\Jarvis.Core.csproj" (_GenerateProjectRestoreGraph target(s)).
     1>Done executing task "MSBuild".
     1>Done building target "_GenerateRestoreGraph" in project "Jarvis.sln".
     1>Target "Restore" in file "C:\Program Files\dotnet\sdk\8.0.400\NuGet.targets" from project "C:\Users\NoahR\OneDrive\Desktop\Jarvis\Jarvis.sln" (entry point):
       Task "RemoveDuplicates"
       Done executing task "RemoveDuplicates".
       Using "RestoreTask" task from assembly "C:\Program Files\dotnet\sdk\8.0.400\NuGet.Build.Tasks.dll".
       Task "RestoreTask"
         Assembly loaded during TaskRun (NuGet.Build.Tasks.RestoreTask): NuGet.Packaging, Version=6.11.0.122, Culture=neutral, PublicKeyToken=31bf3856ad364e35 (location: C:\Program Files\dotnet\sdk\8.0.400\NuGet.Packaging.dll, MVID: e836e49c-02f6-4a3e-a59d-f1ce821d2d90, AssemblyLoadContext: MSBuild plugin C:\Program Files\dotnet\sdk\8.0.400\NuGet.Build.Tasks.dll)
         Assembly loaded during TaskRun (NuGet.Build.Tasks.RestoreTask): NuGet.LibraryModel, Version=6.11.0.122, Culture=neutral, PublicKeyToken=31bf3856ad364e35 (location: C:\Program Files\dotnet\sdk\8.0.400\NuGet.LibraryModel.dll, MVID: 6dcc92eb-7cb3-41d9-af5a-695dee45a38f, AssemblyLoadContext: MSBuild plugin C:\Program Files\dotnet\sdk\8.0.400\NuGet.Build.Tasks.dll)
         Assembly loaded during TaskRun (NuGet.Build.Tasks.RestoreTask): NuGet.Versioning, Version=6.11.0.122, Culture=neutral, PublicKeyToken=31bf3856ad364e35 (location: C:\Program Files\dotnet\sdk\8.0.400\NuGet.Versioning.dll, MVID: 10f043fd-3d73-4229-ac96-cc2b3a6df344, AssemblyLoadContext: MSBuild plugin C:\Program Files\dotnet\sdk\8.0.400\NuGet.Build.Tasks.dll)
         Assembly loaded during TaskRun (NuGet.Build.Tasks.RestoreTask): System.ObjectModel, Version=8.0.0.0, Culture=neutral, PublicKeyToken=b03f5f7f11d50a3a (location: C:\Program Files\dotnet\shared\Microsoft.NETCore.App\8.0.25\System.ObjectModel.dll, MVID: 56bdc5bd-dacc-4f34-8163-5e58fcddde1a, AssemblyLoadContext: Default)
         Assembly loaded during TaskRun (NuGet.Build.Tasks.RestoreTask): NuGet.Frameworks, Version=6.11.0.122, Culture=neutral, PublicKeyToken=31bf3856ad364e35 (location: C:\Program Files\dotnet\sdk\8.0.400\NuGet.Frameworks.dll, MVID: 80bb22ee-4830-4f2a-9342-0a8089fc1dfa, AssemblyLoadContext: MSBuild plugin C:\Program Files\dotnet\sdk\8.0.400\NuGet.Build.Tasks.dll)
         Assembly loaded during TaskRun (NuGet.Build.Tasks.RestoreTask): NuGet.Protocol, Version=6.11.0.122, Culture=neutral, PublicKeyToken=31bf3856ad364e35 (location: C:\Program Files\dotnet\sdk\8.0.400\NuGet.Protocol.dll, MVID: 56b8419b-f94f-4bbf-bccd-f4804460961b, AssemblyLoadContext: MSBuild plugin C:\Program Files\dotnet\sdk\8.0.400\NuGet.Build.Tasks.dll)
         Assembly loaded during TaskRun (NuGet.Build.Tasks.RestoreTask): NuGet.Credentials, Version=6.11.0.122, Culture=neutral, PublicKeyToken=31bf3856ad364e35 (location: C:\Program Files\dotnet\sdk\8.0.400\NuGet.Credentials.dll, MVID: c43b94e7-e45e-4bca-924b-4d1d70ded7f8, AssemblyLoadContext: MSBuild plugin C:\Program Files\dotnet\sdk\8.0.400\NuGet.Build.Tasks.dll)
         Assembly loaded during TaskRun (NuGet.Build.Tasks.RestoreTask): System.Security.Cryptography.X509Certificates, Version=8.0.0.0, Culture=neutral, PublicKeyToken=b03f5f7f11d50a3a (location: C:\Program Files\dotnet\shared\Microsoft.NETCore.App\8.0.25\System.Security.Cryptography.X509Certificates.dll, MVID: 679e6b37-bca1-477c-be31-a6d70c7489d7, AssemblyLoadContext: Default)
         X.509 certificate chain validation will use the default trust store selected by .NET for code signing.
         X.509 certificate chain validation will use the default trust store selected by .NET for timestamping.
         Assembly loaded during TaskRun (NuGet.Build.Tasks.RestoreTask): NuGet.DependencyResolver.Core, Version=6.11.0.122, Culture=neutral, PublicKeyToken=31bf3856ad364e35 (location: C:\Program Files\dotnet\sdk\8.0.400\NuGet.DependencyResolver.Core.dll, MVID: 4f214867-0bcd-48d0-8d02-3f30de524b92, AssemblyLoadContext: MSBuild plugin C:\Program Files\dotnet\sdk\8.0.400\NuGet.Build.Tasks.dll)
         Running restore with 16 concurrent jobs.
         Reading project file C:\Users\NoahR\OneDrive\Desktop\Jarvis\src\Jarvis.App\Jarvis.App.csproj.
         Reading project file C:\Users\NoahR\OneDrive\Desktop\Jarvis\src\Jarvis.Core\Jarvis.Core.csproj.
         Assembly loaded during TaskRun (NuGet.Build.Tasks.RestoreTask): System.IO.FileSystem, Version=8.0.0.0, Culture=neutral, PublicKeyToken=b03f5f7f11d50a3a (location: C:\Program Files\dotnet\shared\Microsoft.NETCore.App\8.0.25\System.IO.FileSystem.dll, MVID: ed442912-86eb-4f24-a4b5-9dd2e84589d5, AssemblyLoadContext: Default)
         Assembly loaded during TaskRun (NuGet.Build.Tasks.RestoreTask): Newtonsoft.Json, Version=13.0.0.0, Culture=neutral, PublicKeyToken=30ad4fe6b2a6aeed (location: C:\Program Files\dotnet\sdk\8.0.400\Newtonsoft.Json.dll, MVID: 7e62198b-eab2-4380-bbac-29171862d1d8, AssemblyLoadContext: MSBuild plugin C:\Program Files\dotnet\sdk\8.0.400\NuGet.Build.Tasks.dll)
         Assembly loaded during TaskRun (NuGet.Build.Tasks.RestoreTask): System.Runtime.Serialization.Primitives, Version=8.0.0.0, Culture=neutral, PublicKeyToken=b03f5f7f11d50a3a (location: C:\Program Files\dotnet\shared\Microsoft.NETCore.App\8.0.25\System.Runtime.Serialization.Primitives.dll, MVID: 6e44f06f-0a71-4bac-9650-455cc84040bd, AssemblyLoadContext: Default)
         Assembly loaded during TaskRun (NuGet.Build.Tasks.RestoreTask): System.Runtime.Numerics, Version=8.0.0.0, Culture=neutral, PublicKeyToken=b03f5f7f11d50a3a (location: C:\Program Files\dotnet\shared\Microsoft.NETCore.App\8.0.25\System.Runtime.Numerics.dll, MVID: a700b544-81fa-4718-b3e9-0702735db0ff, AssemblyLoadContext: Default)
         Assembly loaded during TaskRun (NuGet.Build.Tasks.RestoreTask): System.Linq.Expressions, Version=8.0.0.0, Culture=neutral, PublicKeyToken=b03f5f7f11d50a3a (location: C:\Program Files\dotnet\shared\Microsoft.NETCore.App\8.0.25\System.Linq.Expressions.dll, MVID: 1ad91673-1999-4063-888d-6f4dca161148, AssemblyLoadContext: Default)
         Assembly loaded during TaskRun (NuGet.Build.Tasks.RestoreTask): System.ComponentModel.TypeConverter, Version=8.0.0.0, Culture=neutral, PublicKeyToken=b03f5f7f11d50a3a (location: C:\Program Files\dotnet\shared\Microsoft.NETCore.App\8.0.25\System.ComponentModel.TypeConverter.dll, MVID: ad7593e0-c929-48d3-bed1-6bf9b0c324b2, AssemblyLoadContext: Default)
         The restore inputs for 'Jarvis.App' have not changed. No further actions are required to complete the restore.
         The restore inputs for 'Jarvis.Core' have not changed. No further actions are required to complete the restore.
         Committing restore...
         Assets file has not changed. Skipping assets file writing. Path: C:\Users\NoahR\OneDrive\Desktop\Jarvis\src\Jarvis.Core\obj\project.assets.json
         No-Op restore. The cache will not be updated. Path: C:\Users\NoahR\OneDrive\Desktop\Jarvis\src\Jarvis.Core\obj\project.nuget.cache
         Restored C:\Users\NoahR\OneDrive\Desktop\Jarvis\src\Jarvis.Core\Jarvis.Core.csproj (in 33 ms).
         Committing restore...
         Assets file has not changed. Skipping assets file writing. Path: C:\Users\NoahR\OneDrive\Desktop\Jarvis\src\Jarvis.App\obj\project.assets.json
         No-Op restore. The cache will not be updated. Path: C:\Users\NoahR\OneDrive\Desktop\Jarvis\src\Jarvis.App\obj\project.nuget.cache
         Restored C:\Users\NoahR\OneDrive\Desktop\Jarvis\src\Jarvis.App\Jarvis.App.csproj (in 42 ms).
         
         NuGet Config files used:
             C:\Users\NoahR\AppData\Roaming\NuGet\NuGet.Config
             C:\Program Files (x86)\NuGet\Config\Microsoft.VisualStudio.FallbackLocation.config
             C:\Program Files (x86)\NuGet\Config\Microsoft.VisualStudio.Offline.config
         
         Feeds used:
             https://api.nuget.org/v3/index.json
             C:\Program Files (x86)\Microsoft SDKs\NuGetPackages\
         All projects are up-to-date for restore.
       Done executing task "RestoreTask".
     1>Done building target "Restore" in project "Jarvis.sln".
     1>Done Building Project "C:\Users\NoahR\OneDrive\Desktop\Jarvis\Jarvis.sln" (Restore target(s)).
     0>Property 'MSBuildExtensionsPath' with value 'C:\Program Files\dotnet\sdk\8.0.400\' expanded from the environment.
       Property reassignment: $(_GenerateRestoreGraphProjectEntryInputProperties)="
             ExcludeRestorePackageImports=true;
             _RestoreSolutionFileUsed=true;
             SolutionDir=C:\Users\NoahR\OneDrive\Desktop\Jarvis\;
             SolutionName=Jarvis;
             SolutionFileName=Jarvis.sln;
             SolutionPath=C:\Users\NoahR\OneDrive\Desktop\Jarvis\Jarvis.sln;
             SolutionExt=.sln;
           " (previous value: "ExcludeRestorePackageImports=true") at C:\Program Files\dotnet\sdk\8.0.400\NuGet.targets (101,5)
       The target "Store" listed in a BeforeTargets attribute at "C:\Program Files\dotnet\sdk\8.0.400\Current\SolutionFile\ImportAfter\Microsoft.NET.Sdk.Solution.targets (33,11)" does not exist in the project, and will be ignored.
       The target "VSTest" listed in a BeforeTargets attribute at "C:\Program Files\dotnet\sdk\8.0.400\Current\SolutionFile\ImportAfter\Microsoft.NET.Sdk.Solution.targets (33,11)" does not exist in the project, and will be ignored.
       The target "_CheckForInvalidConfigurationAndPlatform" listed in a BeforeTargets attribute at "C:\Program Files\dotnet\sdk\8.0.400\NuGet.targets (667,11)" does not exist in the project, and will be ignored.
   1:2>Project "C:\Users\NoahR\OneDrive\Desktop\Jarvis\Jarvis.sln" on node 1 (Rebuild target(s)).
   1:2>Target "ValidateSolutionConfiguration" in file "C:\Users\NoahR\OneDrive\Desktop\Jarvis\Jarvis.sln.metaproj" from project "C:\Users\NoahR\OneDrive\Desktop\Jarvis\Jarvis.sln" (entry point):
   1:2>Task "Error" skipped, due to false condition; (('$(CurrentSolutionConfigurationContents)' == '') and ('$(SkipInvalidConfigurations)' != 'true')) was evaluated as (('<SolutionConfiguration>
  <ProjectConfiguration Project="{66ABF665-9EB4-45B3-BA63-6E4BB26B35C7}" AbsolutePath="C:\Users\NoahR\OneDrive\Desktop\Jarvis\src\Jarvis.Core\Jarvis.Core.csproj" BuildProjectInSolution="True">Debug|AnyCPU</ProjectConfiguration>
  <ProjectConfiguration Project="{D4B49CE1-3EF3-4F7C-ACE4-B4095CEDF721}" AbsolutePath="C:\Users\NoahR\OneDrive\Desktop\Jarvis\src\Jarvis.App\Jarvis.App.csproj" BuildProjectInSolution="True">Debug|AnyCPU</ProjectConfiguration>
</SolutionConfiguration>' == '') and ('' != 'true')).
       Task "Warning" skipped, due to false condition; (('$(CurrentSolutionConfigurationContents)' == '') and ('$(SkipInvalidConfigurations)' == 'true')) was evaluated as (('<SolutionConfiguration>
         <ProjectConfiguration Project="{66ABF665-9EB4-45B3-BA63-6E4BB26B35C7}" AbsolutePath="C:\Users\NoahR\OneDrive\Desktop\Jarvis\src\Jarvis.Core\Jarvis.Core.csproj" BuildProjectInSolution="True">Debug|AnyCPU</ProjectConfiguration>
         <ProjectConfiguration Project="{D4B49CE1-3EF3-4F7C-ACE4-B4095CEDF721}" AbsolutePath="C:\Users\NoahR\OneDrive\Desktop\Jarvis\src\Jarvis.App\Jarvis.App.csproj" BuildProjectInSolution="True">Debug|AnyCPU</ProjectConfiguration>
       </SolutionConfiguration>' == '') and ('' == 'true')).
       Using "Message" task from assembly "Microsoft.Build.Tasks.Core, Version=15.1.0.0, Culture=neutral, PublicKeyToken=b03f5f7f11d50a3a".
       Task "Message"
         Building solution configuration "Debug|Any CPU".
       Done executing task "Message".
   1:2>Done building target "ValidateSolutionConfiguration" in project "Jarvis.sln".
   1:2>Target "ValidateToolsVersions" in file "C:\Users\NoahR\OneDrive\Desktop\Jarvis\Jarvis.sln.metaproj" from project "C:\Users\NoahR\OneDrive\Desktop\Jarvis\Jarvis.sln" (entry point):
       Task "Error" skipped, due to false condition; ('$(MSBuildToolsVersion)' == '2.0' and ('$(ProjectToolsVersion)' != '2.0' and '$(ProjectToolsVersion)' != '')) was evaluated as ('Current' == '2.0' and ('' != '2.0' and '' != '')).
   1:2>Done building target "ValidateToolsVersions" in project "Jarvis.sln".
   1:2>Target "ValidateProjects" in file "C:\Users\NoahR\OneDrive\Desktop\Jarvis\Jarvis.sln.metaproj" from project "C:\Users\NoahR\OneDrive\Desktop\Jarvis\Jarvis.sln" (entry point):
   1:2>Done building target "ValidateProjects" in project "Jarvis.sln".
   1:2>Target "Rebuild" in file "C:\Users\NoahR\OneDrive\Desktop\Jarvis\Jarvis.sln.metaproj" from project "C:\Users\NoahR\OneDrive\Desktop\Jarvis\Jarvis.sln" (entry point):
       Using "MSBuild" task from assembly "Microsoft.Build.Tasks.Core, Version=15.1.0.0, Culture=neutral, PublicKeyToken=b03f5f7f11d50a3a".
       Task "MSBuild"
         Global Properties:
           BuildingSolutionFile=true
           CurrentSolutionConfigurationContents=<SolutionConfiguration>
           <ProjectConfiguration Project="{66ABF665-9EB4-45B3-BA63-6E4BB26B35C7}" AbsolutePath="C:\Users\NoahR\OneDrive\Desktop\Jarvis\src\Jarvis.Core\Jarvis.Core.csproj" BuildProjectInSolution="True">Debug|AnyCPU</ProjectConfiguration>
           <ProjectConfiguration Project="{D4B49CE1-3EF3-4F7C-ACE4-B4095CEDF721}" AbsolutePath="C:\Users\NoahR\OneDrive\Desktop\Jarvis\src\Jarvis.App\Jarvis.App.csproj" BuildProjectInSolution="True">Debug|AnyCPU</ProjectConfiguration>
         </SolutionConfiguration>
           SolutionDir=C:\Users\NoahR\OneDrive\Desktop\Jarvis\
           SolutionExt=.sln
           SolutionFileName=Jarvis.sln
           SolutionName=Jarvis
           SolutionPath=C:\Users\NoahR\OneDrive\Desktop\Jarvis\Jarvis.sln
         Additional Properties for project "C:\Users\NoahR\OneDrive\Desktop\Jarvis\src\Jarvis.Core\Jarvis.Core.csproj":
           Configuration=Debug
           Platform=AnyCPU
         Additional Properties for project "C:\Users\NoahR\OneDrive\Desktop\Jarvis\src\Jarvis.App\Jarvis.App.csproj":
           Configuration=Debug
           Platform=AnyCPU
     0>The SDK "Microsoft.NET.Sdk" was successfully resolved by the "DefaultSdkResolver" resolver to location "C:\Program Files\dotnet\sdk\8.0.400\Sdks\Microsoft.NET.Sdk\Sdk" and version "".
       Property 'MSBuildExtensionsPath' with value 'C:\Program Files\dotnet\sdk\8.0.400\' expanded from the environment.
       Property 'MSBuildExtensionsPath' with value 'C:\Program Files\dotnet\sdk\8.0.400\' expanded from the environment.
       Property reassignment: $(MSBuildProjectExtensionsPath)="C:\Users\NoahR\OneDrive\Desktop\Jarvis\src\Jarvis.Core\obj\" (previous value: "obj\") at C:\Program Files\dotnet\sdk\8.0.400\Current\Microsoft.Common.props (60,5)
       Property reassignment: $(MSBuildProjectExtensionsPath)="C:\Users\NoahR\OneDrive\Desktop\Jarvis\src\Jarvis.App\obj\" (previous value: "obj\") at C:\Program Files\dotnet\sdk\8.0.400\Current\Microsoft.Common.props (60,5)
       Property 'USERPROFILE' with value 'C:\Users\NoahR' expanded from the environment.
       Property 'MSBuildUserExtensionsPath' with value 'C:\Users\NoahR\AppData\Local\Microsoft\MSBuild' expanded from the environment.
       The "Configuration" property is a global property, and cannot be modified.
       The "Platform" property is a global property, and cannot be modified.
       Property 'USERPROFILE' with value 'C:\Users\NoahR' expanded from the environment.
       Property 'MSBuildUserExtensionsPath' with value 'C:\Users\NoahR\AppData\Local\Microsoft\MSBuild' expanded from the environment.
       The "Configuration" property is a global property, and cannot be modified.
       The "Platform" property is a global property, and cannot be modified.
       The "Configuration" property is a global property, and cannot be modified.
       The "Platform" property is a global property, and cannot be modified.
       Property reassignment: $(AssemblySearchPaths)="{CandidateAssemblyFiles};{HintPathFromItem}" (previous value: "{CandidateAssemblyFiles}") at C:\Program Files\dotnet\sdk\8.0.400\Sdks\Microsoft.NET.Sdk\targets\Microsoft.NET.Sdk.props (91,5)
       Property reassignment: $(AssemblySearchPaths)="{CandidateAssemblyFiles};{HintPathFromItem};{TargetFrameworkDirectory}" (previous value: "{CandidateAssemblyFiles};{HintPathFromItem}") at C:\Program Files\dotnet\sdk\8.0.400\Sdks\Microsoft.NET.Sdk\targets\Microsoft.NET.Sdk.props (92,5)
       Property reassignment: $(AssemblySearchPaths)="{CandidateAssemblyFiles};{HintPathFromItem};{TargetFrameworkDirectory};{RawFileName}" (previous value: "{CandidateAssemblyFiles};{HintPathFromItem};{TargetFrameworkDirectory}") at C:\Program Files\dotnet\sdk\8.0.400\Sdks\Microsoft.NET.Sdk\targets\Microsoft.NET.Sdk.props (93,5)
       Property reassignment: $(TargetsForTfmSpecificContentInPackage)=";PackTool;_PackProjectToolValidation" (previous value: ";PackTool") at C:\Program Files\dotnet\sdk\8.0.400\Sdks\Microsoft.NET.Sdk\targets\Microsoft.NET.PackProjectTool.props (15,5)
       The "Configuration" property is a global property, and cannot be modified.
       The "Platform" property is a global property, and cannot be modified.
       Property reassignment: $(AssemblySearchPaths)="{CandidateAssemblyFiles};{HintPathFromItem}" (previous value: "{CandidateAssemblyFiles}") at C:\Program Files\dotnet\sdk\8.0.400\Sdks\Microsoft.NET.Sdk\targets\Microsoft.NET.Sdk.props (91,5)
       Property reassignment: $(AssemblySearchPaths)="{CandidateAssemblyFiles};{HintPathFromItem};{TargetFrameworkDirectory}" (previous value: "{CandidateAssemblyFiles};{HintPathFromItem}") at C:\Program Files\dotnet\sdk\8.0.400\Sdks\Microsoft.NET.Sdk\targets\Microsoft.NET.Sdk.props (92,5)
       Property reassignment: $(AssemblySearchPaths)="{CandidateAssemblyFiles};{HintPathFromItem};{TargetFrameworkDirectory};{RawFileName}" (previous value: "{CandidateAssemblyFiles};{HintPathFromItem};{TargetFrameworkDirectory}") at C:\Program Files\dotnet\sdk\8.0.400\Sdks\Microsoft.NET.Sdk\targets\Microsoft.NET.Sdk.props (93,5)
       Property reassignment: $(OutputType)="WinExe" (previous value: "Library") at C:\Users\NoahR\OneDrive\Desktop\Jarvis\src\Jarvis.App\Jarvis.App.csproj (10,5)
       The "Configuration" property is a global property, and cannot be modified.
       The "Platform" property is a global property, and cannot be modified.
       Property reassignment: $(PublishProfileImported)="false" (previous value: "true") at C:\Program Files\dotnet\sdk\8.0.400\Sdks\Microsoft.NET.Sdk\targets\Microsoft.NET.Sdk.ImportPublishProfile.targets (28,5)
       Property reassignment: $(TargetPlatformVersion)="0.0" (previous value: "0.0.0.0") at C:\Program Files\dotnet\sdk\8.0.400\Sdks\Microsoft.NET.Sdk\targets\Microsoft.NET.TargetFrameworkInference.targets (68,5)
       Property reassignment: $(TargetPlatformVersion)="" (previous value: "0.0") at C:\Program Files\dotnet\sdk\8.0.400\Sdks\Microsoft.NET.Sdk\targets\Microsoft.NET.TargetFrameworkInference.targets (69,5)
       Property reassignment: $(TargetPlatformIdentifier)="Windows" (previous value: "windows") at C:\Program Files\dotnet\sdk\8.0.400\Sdks\Microsoft.NET.Sdk\targets\Microsoft.NET.TargetFrameworkInference.targets (71,5)
       Property reassignment: $(DefaultItemExcludes)=";bin\Debug\/**;obj\Debug\/**" (previous value: ";bin\Debug\/**") at C:\Program Files\dotnet\sdk\8.0.400\Sdks\Microsoft.NET.Sdk\targets\Microsoft.NET.DefaultOutputPaths.targets (122,5)
       The "DefaultSdkResolver" resolver attempted to resolve the SDK "Microsoft.NET.SDK.WorkloadAutoImportPropsLocator".
       Warnings: null
       Errors: MSB4276: The default SDK resolver failed to resolve SDK "Microsoft.NET.SDK.WorkloadAutoImportPropsLocator" because directory "C:\Program Files\dotnet\sdk\8.0.400\Sdks\Microsoft.NET.SDK.WorkloadAutoImportPropsLocator\Sdk" did not exist.
       Property reassignment: $(OutputPath)="bin\Debug\net8.0-windows\" (previous value: "bin\Debug\") at C:\Program Files\dotnet\sdk\8.0.400\Sdks\Microsoft.NET.Sdk\targets\Microsoft.NET.DefaultOutputPaths.targets (137,5)
       Property reassignment: $(IntermediateOutputPath)="obj\Debug\net8.0-windows\" (previous value: "obj\Debug\") at C:\Program Files\dotnet\sdk\8.0.400\Sdks\Microsoft.NET.Sdk\targets\Microsoft.NET.DefaultOutputPaths.targets (142,5)
       Property reassignment: $(_FrameworkIdentifierForImplicitDefine)="NET" (previous value: "NETCOREAPP") at C:\Program Files\dotnet\sdk\8.0.400\Sdks\Microsoft.NET.Sdk\targets\Microsoft.NET.Sdk.BeforeCommon.targets (187,5)
       Property reassignment: $(_FrameworkVersionForImplicitDefine)="8_0" (previous value: "8.0") at C:\Program Files\dotnet\sdk\8.0.400\Sdks\Microsoft.NET.Sdk\targets\Microsoft.NET.Sdk.BeforeCommon.targets (192,5)
       Property reassignment: $(CommandLineArgsForDesignTimeEvaluation)="-langversion:12.0 -define:TRACE" (previous value: "-langversion:12.0") at C:\Program Files\dotnet\sdk\8.0.400\Roslyn\Microsoft.CSharp.Core.targets (200,5)
       The "Platform" property is a global property, and cannot be modified.
       The "Configuration" property is a global property, and cannot be modified.
       Property reassignment: $(_DebugSymbolsProduced)="true" (previous value: "false") at C:\Program Files\dotnet\sdk\8.0.400\Microsoft.Common.CurrentVersion.targets (175,5)
       Property reassignment: $(_DocumentationFileProduced)="false" (previous value: "true") at C:\Program Files\dotnet\sdk\8.0.400\Microsoft.Common.CurrentVersion.targets (185,5)
       The "SolutionName" property is a global property, and cannot be modified.
       The "SolutionFileName" property is a global property, and cannot be modified.
       The "SolutionPath" property is a global property, and cannot be modified.
       The "SolutionDir" property is a global property, and cannot be modified.
       The "SolutionExt" property is a global property, and cannot be modified.
       Property reassignment: $(MSBuildCopyMarkerName)="Jarvis.App.csproj.Up2Date" (previous value: "Jarvis.App.csproj") at C:\Program Files\dotnet\sdk\8.0.400\Microsoft.Common.CurrentVersion.targets (393,5)
       Property reassignment: $(ProcessorArchitecture)="msil" (previous value: "") at C:\Program Files\dotnet\sdk\8.0.400\Microsoft.Common.CurrentVersion.targets (541,5)
       Property reassignment: $(DelaySign)="" (previous value: "false") at C:\Program Files\dotnet\sdk\8.0.400\Microsoft.Common.CurrentVersion.targets (580,5)
       Property 'LOCALAPPDATA' with value 'C:\Users\NoahR\AppData\Local' expanded from the environment.
       Property reassignment: $(_SGenGenerateSerializationAssembliesConfig)="Auto" (previous value: "") at C:\Program Files\dotnet\sdk\8.0.400\Microsoft.Common.CurrentVersion.targets (3896,5)
       Property reassignment: $(_SGenGenerateSerializationAssembliesConfig)="Off" (previous value: "Auto") at C:\Program Files\dotnet\sdk\8.0.400\Microsoft.Common.CurrentVersion.targets (3897,5)
       Property reassignment: $(_TargetsThatPrepareProjectReferences)="
             AssignProjectConfiguration;
             _SplitProjectReferencesByFileExistence
           " (previous value: "_SplitProjectReferencesByFileExistence") at C:\Program Files\dotnet\sdk\8.0.400\Microsoft.Common.CurrentVersion.targets (5099,5)
       Property 'MSBuildExtensionsPath32' with value 'C:\Program Files\dotnet\sdk\8.0.400' expanded from the environment.
       Property reassignment: $(ProjectAssetsCacheFile)="C:\Users\NoahR\OneDrive\Desktop\Jarvis\src\Jarvis.App\obj\Debug\net8.0-windows\Jarvis.App.assets.cache" (previous value: "obj\Debug\net8.0-windows\Jarvis.App.assets.cache") at C:\Program Files\dotnet\sdk\8.0.400\Sdks\Microsoft.NET.Sdk\targets\Microsoft.PackageDependencyResolution.targets (29,5)
       Property reassignment: $(ResolveAssemblyReferencesDependsOn)="
             
             ResolveProjectReferences;
             FindInvalidProjectReferences;
             GetFrameworkPaths;
             GetReferenceAssemblyPaths;
             PrepareForBuild;
             ResolveSDKReferences;
             ExpandSDKReferences;
           ;
             ResolvePackageDependenciesForBuild;
             _HandlePackageFileConflicts;
           " (previous value: "
             ResolveProjectReferences;
             FindInvalidProjectReferences;
             GetFrameworkPaths;
             GetReferenceAssemblyPaths;
             PrepareForBuild;
             ResolveSDKReferences;
             ExpandSDKReferences;
           ") at C:\Program Files\dotnet\sdk\8.0.400\Sdks\Microsoft.NET.Sdk\targets\Microsoft.PackageDependencyResolution.targets (80,5)
       Property reassignment: $(PrepareResourcesDependsOn)="
             ResolvePackageDependenciesForBuild;
             _HandlePackageFileConflicts;
             
             ;
             PrepareResourceNames;
             ResGen;
             CompileLicxFiles
           
           " (previous value: "
             ;
             PrepareResourceNames;
             ResGen;
             CompileLicxFiles
           ") at C:\Program Files\dotnet\sdk\8.0.400\Sdks\Microsoft.NET.Sdk\targets\Microsoft.PackageDependencyResolution.targets (86,5)
       Property reassignment: $(DefaultItemExcludes)=";bin\Debug\/**;obj\Debug\/**;bin\/**" (previous value: ";bin\Debug\/**;obj\Debug\/**") at C:\Program Files\dotnet\sdk\8.0.400\Sdks\Microsoft.NET.Sdk\targets\Microsoft.NET.Sdk.DefaultItems.targets (27,5)
       Property reassignment: $(DefaultItemExcludes)=";bin\Debug\/**;obj\Debug\/**;bin\/**;obj\/**" (previous value: ";bin\Debug\/**;obj\Debug\/**;bin\/**") at C:\Program Files\dotnet\sdk\8.0.400\Sdks\Microsoft.NET.Sdk\targets\Microsoft.NET.Sdk.DefaultItems.targets (29,5)
       Property reassignment: $(DefaultItemExcludes)=";bin\Debug\/**;obj\Debug\/**;bin\/**;obj\/**;**/*.user" (previous value: ";bin\Debug\/**;obj\Debug\/**;bin\/**;obj\/**") at C:\Program Files\dotnet\sdk\8.0.400\Sdks\Microsoft.NET.Sdk\targets\Microsoft.NET.Sdk.DefaultItems.targets (32,5)
       Property reassignment: $(DefaultItemExcludes)=";bin\Debug\/**;obj\Debug\/**;bin\/**;obj\/**;**/*.user;**/*.*proj" (previous value: ";bin\Debug\/**;obj\Debug\/**;bin\/**;obj\/**;**/*.user") at C:\Program Files\dotnet\sdk\8.0.400\Sdks\Microsoft.NET.Sdk\targets\Microsoft.NET.Sdk.DefaultItems.targets (33,5)
       Property reassignment: $(DefaultItemExcludes)=";bin\Debug\/**;obj\Debug\/**;bin\/**;obj\/**;**/*.user;**/*.*proj;**/*.sln" (previous value: ";bin\Debug\/**;obj\Debug\/**;bin\/**;obj\/**;**/*.user;**/*.*proj") at C:\Program Files\dotnet\sdk\8.0.400\Sdks\Microsoft.NET.Sdk\targets\Microsoft.NET.Sdk.DefaultItems.targets (34,5)
       Property reassignment: $(DefaultItemExcludes)=";bin\Debug\/**;obj\Debug\/**;bin\/**;obj\/**;**/*.user;**/*.*proj;**/*.sln;**/*.vssscc" (previous value: ";bin\Debug\/**;obj\Debug\/**;bin\/**;obj\/**;**/*.user;**/*.*proj;**/*.sln") at C:\Program Files\dotnet\sdk\8.0.400\Sdks\Microsoft.NET.Sdk\targets\Microsoft.NET.Sdk.DefaultItems.targets (35,5)
       Property reassignment: $(DefaultItemExcludes)=";bin\Debug\/**;obj\Debug\/**;bin\/**;obj\/**;**/*.user;**/*.*proj;**/*.sln;**/*.vssscc;**/.DS_Store" (previous value: ";bin\Debug\/**;obj\Debug\/**;bin\/**;obj\/**;**/*.user;**/*.*proj;**/*.sln;**/*.vssscc") at C:\Program Files\dotnet\sdk\8.0.400\Sdks\Microsoft.NET.Sdk\targets\Microsoft.NET.Sdk.DefaultItems.targets (36,5)
       Property reassignment: $(ResolveAssemblyReferencesDependsOn)="
             
             
             ResolveProjectReferences;
             FindInvalidProjectReferences;
             GetFrameworkPaths;
             GetReferenceAssemblyPaths;
             PrepareForBuild;
             ResolveSDKReferences;
             ExpandSDKReferences;
           ;
             ResolvePackageDependenciesForBuild;
             _HandlePackageFileConflicts;
           ;
             ResolveTargetingPackAssets;
           " (previous value: "
             
             ResolveProjectReferences;
             FindInvalidProjectReferences;
             GetFrameworkPaths;
             GetReferenceAssemblyPaths;
             PrepareForBuild;
             ResolveSDKReferences;
             ExpandSDKReferences;
           ;
             ResolvePackageDependenciesForBuild;
             _HandlePackageFileConflicts;
           ") at C:\Program Files\dotnet\sdk\8.0.400\Sdks\Microsoft.NET.Sdk\targets\Microsoft.NET.Sdk.FrameworkReferenceResolution.targets (14,5)
       Property reassignment: $(_GenerateRuntimeConfigurationPropertyInputsCache)="C:\Users\NoahR\OneDrive\Desktop\Jarvis\src\Jarvis.App\obj\Debug\net8.0-windows\Jarvis.App.genruntimeconfig.cache" (previous value: "obj\Debug\net8.0-windows\Jarvis.App.genruntimeconfig.cache") at C:\Program Files\dotnet\sdk\8.0.400\Sdks\Microsoft.NET.Sdk\targets\Microsoft.NET.Sdk.targets (44,5)
       Property reassignment: $(_GeneratePublishDependencyFilePropertyInputsCache)="C:\Users\NoahR\OneDrive\Desktop\Jarvis\src\Jarvis.App\obj\Debug\net8.0-windows\Jarvis.App.genpublishdeps.cache" (previous value: "obj\Debug\net8.0-windows\Jarvis.App.genpublishdeps.cache") at C:\Program Files\dotnet\sdk\8.0.400\Sdks\Microsoft.NET.Sdk\targets\Microsoft.NET.Sdk.targets (46,5)
       Property reassignment: $(_GenerateSingleFileBundlePropertyInputsCache)="C:\Users\NoahR\OneDrive\Desktop\Jarvis\src\Jarvis.App\obj\Debug\net8.0-windows\Jarvis.App.genbundle.cache" (previous value: "obj\Debug\net8.0-windows\Jarvis.App.genbundle.cache") at C:\Program Files\dotnet\sdk\8.0.400\Sdks\Microsoft.NET.Sdk\targets\Microsoft.NET.Sdk.targets (48,5)
       Property reassignment: $(GenerateRuntimeConfigDevFile)="false" (previous value: "true") at C:\Program Files\dotnet\sdk\8.0.400\Sdks\Microsoft.NET.Sdk\targets\Microsoft.NET.Sdk.targets (81,5)
       Property reassignment: $(_DefaultUserProfileRuntimeStorePath)="C:\Users\NoahR" (previous value: "") at C:\Program Files\dotnet\sdk\8.0.400\Sdks\Microsoft.NET.Sdk\targets\Microsoft.NET.Sdk.targets (97,5)
       Property reassignment: $(_DefaultUserProfileRuntimeStorePath)="C:\Users\NoahR\.dotnet\store" (previous value: "C:\Users\NoahR") at C:\Program Files\dotnet\sdk\8.0.400\Sdks\Microsoft.NET.Sdk\targets\Microsoft.NET.Sdk.targets (98,5)
       Property reassignment: $(AvailablePlatforms)="Any CPU,x86,x64,ARM32" (previous value: "Any CPU,x86,x64") at C:\Program Files\dotnet\sdk\8.0.400\Sdks\Microsoft.NET.Sdk\targets\Microsoft.NET.Sdk.targets (136,5)
       Property reassignment: $(AvailablePlatforms)="Any CPU,x86,x64,ARM32,ARM64" (previous value: "Any CPU,x86,x64,ARM32") at C:\Program Files\dotnet\sdk\8.0.400\Sdks\Microsoft.NET.Sdk\targets\Microsoft.NET.Sdk.targets (140,5)
       Property reassignment: $(CoreBuildDependsOn)="
             _CheckForBuildWithNoBuild;
             
             BuildOnlySettings;
             PrepareForBuild;
             PreBuildEvent;
             ResolveReferences;
             PrepareResources;
             ResolveKeySource;
             Compile;
             ExportWindowsMDFile;
             UnmanagedUnregistration;
             GenerateSerializationAssemblies;
             CreateSatelliteAssemblies;
             GenerateManifests;
             GetTargetPath;
             PrepareForRun;
             UnmanagedRegistration;
             IncrementalClean;
             PostBuildEvent
           ;
             GenerateBuildDependencyFile;
             GenerateBuildRuntimeConfigurationFiles
           " (previous value: "
             BuildOnlySettings;
             PrepareForBuild;
             PreBuildEvent;
             ResolveReferences;
             PrepareResources;
             ResolveKeySource;
             Compile;
             ExportWindowsMDFile;
             UnmanagedUnregistration;
             GenerateSerializationAssemblies;
             CreateSatelliteAssemblies;
             GenerateManifests;
             GetTargetPath;
             PrepareForRun;
             UnmanagedRegistration;
             IncrementalClean;
             PostBuildEvent
           ") at C:\Program Files\dotnet\sdk\8.0.400\Sdks\Microsoft.NET.Sdk\targets\Microsoft.NET.Sdk.targets (197,5)
       Property reassignment: $(CoreCleanDependsOn)="
             _SdkBeforeClean;
             
           " (previous value: "") at C:\Program Files\dotnet\sdk\8.0.400\Sdks\Microsoft.NET.Sdk\targets\Microsoft.NET.Sdk.targets (206,5)
       Property reassignment: $(RebuildDependsOn)="
             _SdkBeforeRebuild;
             
             BeforeRebuild;
             Clean;
             Build;
             AfterRebuild;
           
           " (previous value: "
             BeforeRebuild;
             Clean;
             Build;
             AfterRebuild;
           ") at C:\Program Files\dotnet\sdk\8.0.400\Sdks\Microsoft.NET.Sdk\targets\Microsoft.NET.Sdk.targets (213,5)
       Property reassignment: $(CompileDependsOn)="
             
             ResolveReferences;
             ResolveKeySource;
             SetWin32ManifestProperties;
             _SetPreferNativeArm64Win32ManifestProperties;
             FindReferenceAssembliesForReferences;
             _GenerateCompileInputs;
             BeforeCompile;
             _TimeStampBeforeCompile;
             _GenerateCompileDependencyCache;
             CoreCompile;
             _TimeStampAfterCompile;
             AfterCompile;
           ;
             _CreateAppHost;
             _CreateComHost;
             _GetIjwHostPaths;
           " (previous value: "
             ResolveReferences;
             ResolveKeySource;
             SetWin32ManifestProperties;
             _SetPreferNativeArm64Win32ManifestProperties;
             FindReferenceAssembliesForReferences;
             _GenerateCompileInputs;
             BeforeCompile;
             _TimeStampBeforeCompile;
             _GenerateCompileDependencyCache;
             CoreCompile;
             _TimeStampAfterCompile;
             AfterCompile;
           ") at C:\Program Files\dotnet\sdk\8.0.400\Sdks\Microsoft.NET.Sdk\targets\Microsoft.NET.Sdk.targets (679,5)
       Property reassignment: $(CreateSatelliteAssembliesDependsOn)="
             
             ;
             _GenerateSatelliteAssemblyInputs;
             ComputeIntermediateSatelliteAssemblies;
             GenerateSatelliteAssemblies
           ;
             CoreGenerateSatelliteAssemblies
           " (previous value: "
             ;
             _GenerateSatelliteAssemblyInputs;
             ComputeIntermediateSatelliteAssemblies;
             GenerateSatelliteAssemblies
           ") at C:\Program Files\dotnet\sdk\8.0.400\Sdks\Microsoft.NET.Sdk\targets\Microsoft.NET.Sdk.targets (1065,5)
       Property reassignment: $(SourceLinkUrlInitializerTargets)=";_InitializeGitHubSourceLinkUrl;_InitializeGitLabSourceLinkUrl" (previous value: ";_InitializeGitHubSourceLinkUrl") at C:\Program Files\dotnet\sdk\8.0.400\Sdks\Microsoft.SourceLink.GitLab\build\Microsoft.SourceLink.GitLab.targets (12,5)
       Property reassignment: $(SourceControlManagerUrlTranslationTargets)=";TranslateGitHubUrlsInSourceControlInformation;TranslateGitLabUrlsInSourceControlInformation" (previous value: ";TranslateGitHubUrlsInSourceControlInformation") at C:\Program Files\dotnet\sdk\8.0.400\Sdks\Microsoft.SourceLink.GitLab\build\Microsoft.SourceLink.GitLab.targets (13,5)
       Property reassignment: $(SourceLinkUrlInitializerTargets)=";_InitializeGitHubSourceLinkUrl;_InitializeGitLabSourceLinkUrl;_InitializeAzureReposGitSourceLinkUrl" (previous value: ";_InitializeGitHubSourceLinkUrl;_InitializeGitLabSourceLinkUrl") at C:\Program Files\dotnet\sdk\8.0.400\Sdks\Microsoft.SourceLink.AzureRepos.Git\build\Microsoft.SourceLink.AzureRepos.Git.targets (12,5)
       Property reassignment: $(SourceControlManagerUrlTranslationTargets)=";TranslateGitHubUrlsInSourceControlInformation;TranslateGitLabUrlsInSourceControlInformation;TranslateAzureReposGitUrlsInSourceControlInformation" (previous value: ";TranslateGitHubUrlsInSourceControlInformation;TranslateGitLabUrlsInSourceControlInformation") at C:\Program Files\dotnet\sdk\8.0.400\Sdks\Microsoft.SourceLink.AzureRepos.Git\build\Microsoft.SourceLink.AzureRepos.Git.targets (13,5)
       Property reassignment: $(SourceLinkUrlInitializerTargets)=";_InitializeGitHubSourceLinkUrl;_InitializeGitLabSourceLinkUrl;_InitializeAzureReposGitSourceLinkUrl;_InitializeBitbucketGitSourceLinkUrl" (previous value: ";_InitializeGitHubSourceLinkUrl;_InitializeGitLabSourceLinkUrl;_InitializeAzureReposGitSourceLinkUrl") at C:\Program Files\dotnet\sdk\8.0.400\Sdks\Microsoft.SourceLink.Bitbucket.Git\build\Microsoft.SourceLink.Bitbucket.Git.targets (12,5)
       Property reassignment: $(SourceControlManagerUrlTranslationTargets)=";TranslateGitHubUrlsInSourceControlInformation;TranslateGitLabUrlsInSourceControlInformation;TranslateAzureReposGitUrlsInSourceControlInformation;TranslateBitbucketGitUrlsInSourceControlInformation" (previous value: ";TranslateGitHubUrlsInSourceControlInformation;TranslateGitLabUrlsInSourceControlInformation;TranslateAzureReposGitUrlsInSourceControlInformation") at C:\Program Files\dotnet\sdk\8.0.400\Sdks\Microsoft.SourceLink.Bitbucket.Git\build\Microsoft.SourceLink.Bitbucket.Git.targets (13,5)
       Property reassignment: $(DesignerRuntimeImplementationProjectOutputGroupDependsOn)="
             
             ;
             
             ;
             BuildOnlySettings;
             PrepareForBuild;
             AssignTargetPaths;
             ResolveReferences
           
           ;
             _GenerateDesignerDepsFile;
             _GenerateDesignerRuntimeConfigFile;
             GetCopyToOutputDirectoryItems;
             _GatherDesignerShadowCopyFiles;
           " (previous value: "
             ;
             
             ;
             BuildOnlySettings;
             PrepareForBuild;
             AssignTargetPaths;
             ResolveReferences
           
           ") at C:\Program Files\dotnet\sdk\8.0.400\Sdks\Microsoft.NET.Sdk\targets\Microsoft.NET.DesignerSupport.targets (21,5)
       Property reassignment: $(_GenerateToolsSettingsFileCacheFile)="C:\Users\NoahR\OneDrive\Desktop\Jarvis\src\Jarvis.App\obj\Debug\net8.0-windows\Jarvis.App.toolssettingsinput.cache" (previous value: "obj\Debug\net8.0-windows\Jarvis.App.toolssettingsinput.cache") at C:\Program Files\dotnet\sdk\8.0.400\Sdks\Microsoft.NET.Sdk\targets\Microsoft.NET.PackTool.targets (68,5)
       Property reassignment: $(_ShimInputCacheFile)="C:\Users\NoahR\OneDrive\Desktop\Jarvis\src\Jarvis.App\obj\Debug\net8.0-windows\Jarvis.App.shiminput.cache" (previous value: "obj\Debug\net8.0-windows\Jarvis.App.shiminput.cache") at C:\Program Files\dotnet\sdk\8.0.400\Sdks\Microsoft.NET.Sdk\targets\Microsoft.NET.PackTool.targets (137,5)
       Property reassignment: $(_ShimCreatedSentinelFile)="C:\Users\NoahR\OneDrive\Desktop\Jarvis\src\Jarvis.App\obj\Debug\net8.0-windows\Jarvis.App.shimcreated.sentinel" (previous value: "obj\Debug\net8.0-windows\Jarvis.App.shimcreated.sentinel") at C:\Program Files\dotnet\sdk\8.0.400\Sdks\Microsoft.NET.Sdk\targets\Microsoft.NET.PackTool.targets (139,5)
       Property reassignment: $(DefineConstants)="TRACE;DEBUG" (previous value: "TRACE") at C:\Program Files\dotnet\sdk\8.0.400\Sdks\Microsoft.NET.Sdk\targets\Microsoft.NET.Sdk.CSharp.targets (31,5)
       Property reassignment: $(DefineConstants)="TRACE;DEBUG;NET;NET8_0;NETCOREAPP" (previous value: "TRACE;DEBUG") at C:\Program Files\dotnet\sdk\8.0.400\Sdks\Microsoft.NET.Sdk\targets\Microsoft.NET.Sdk.CSharp.targets (34,5)
       Property reassignment: $(WarningsAsErrors)=";NU1605;SYSLIB0011" (previous value: ";NU1605") at C:\Program Files\dotnet\sdk\8.0.400\Sdks\Microsoft.NET.Sdk\targets\Microsoft.NET.Sdk.CSharp.targets (48,5)
       Property reassignment: $(TargetPlatformVersion)="7.0" (previous value: "") at C:\Program Files\dotnet\sdk\8.0.400\Sdks\Microsoft.NET.Sdk\targets\Microsoft.NET.Windows.targets (34,5)
       Property reassignment: $(SupportedOSPlatformVersion)="7.0" (previous value: "") at C:\Program Files\dotnet\sdk\8.0.400\Sdks\Microsoft.NET.Sdk\targets\Microsoft.NET.Windows.targets (44,5)
       Property reassignment: $(TargetPlatformMinVersion)="7.0" (previous value: "") at C:\Program Files\dotnet\sdk\8.0.400\Sdks\Microsoft.NET.Sdk\targets\Microsoft.NET.Windows.targets (45,5)
       Property reassignment: $(TargetPlatformDisplayName)="Windows 7.0" (previous value: "Windows ") at C:\Program Files\dotnet\sdk\8.0.400\Sdks\Microsoft.NET.Sdk\targets\Microsoft.NET.Sdk.targets (1347,5)
       Property reassignment: $(_TargetFrameworkVersionValue)="8.0" (previous value: "0.0") at C:\Program Files\dotnet\sdk\8.0.400\Sdks\Microsoft.NET.Sdk.WindowsDesktop\targets\Microsoft.NET.Sdk.WindowsDesktop.targets (51,5)
       Property reassignment: $(PrepareResourceNamesDependsOn)="
                           AssignWinFXEmbeddedResource;
                           
             AssignTargetPaths;
             SplitResourcesByCulture;
             CreateManifestResourceNames;
             CreateCustomManifestResourceNames
           
             " (previous value: "
             AssignTargetPaths;
             SplitResourcesByCulture;
             CreateManifestResourceNames;
             CreateCustomManifestResourceNames
           ") at C:\Program Files\dotnet\sdk\8.0.400\Sdks\Microsoft.NET.Sdk.WindowsDesktop\targets\Microsoft.WinFX.targets (61,7)
       Property reassignment: $(PrepareResourcesDependsOn)="
                       MarkupCompilePass1;
                       AfterMarkupCompilePass1;
                       MarkupCompilePass2ForMainAssembly;
                       FileClassification;
                       MainResourcesGeneration;
                       
             ResolvePackageDependenciesForBuild;
             _HandlePackageFileConflicts;
             
             ;
             PrepareResourceNames;
             ResGen;
             CompileLicxFiles
           
           
             " (previous value: "
             ResolvePackageDependenciesForBuild;
             _HandlePackageFileConflicts;
             
             ;
             PrepareResourceNames;
             ResGen;
             CompileLicxFiles
           
           ") at C:\Program Files\dotnet\sdk\8.0.400\Sdks\Microsoft.NET.Sdk.WindowsDesktop\targets\Microsoft.WinFX.targets (69,7)
       Property reassignment: $(CompileDependsOn)="
               
             
             ResolveReferences;
             ResolveKeySource;
             SetWin32ManifestProperties;
             _SetPreferNativeArm64Win32ManifestProperties;
             FindReferenceAssembliesForReferences;
             _GenerateCompileInputs;
             BeforeCompile;
             _TimeStampBeforeCompile;
             _GenerateCompileDependencyCache;
             CoreCompile;
             _TimeStampAfterCompile;
             AfterCompile;
           ;
             _CreateAppHost;
             _CreateComHost;
             _GetIjwHostPaths;
           ;
               _AfterCompileWinFXInternal
           " (previous value: "
             
             ResolveReferences;
             ResolveKeySource;
             SetWin32ManifestProperties;
             _SetPreferNativeArm64Win32ManifestProperties;
             FindReferenceAssembliesForReferences;
             _GenerateCompileInputs;
             BeforeCompile;
             _TimeStampBeforeCompile;
             _GenerateCompileDependencyCache;
             CoreCompile;
             _TimeStampAfterCompile;
             AfterCompile;
           ;
             _CreateAppHost;
             _CreateComHost;
             _GetIjwHostPaths;
           ") at C:\Program Files\dotnet\sdk\8.0.400\Sdks\Microsoft.NET.Sdk.WindowsDesktop\targets\Microsoft.WinFX.targets (136,5)
       Property reassignment: $(PublishBuildDependsOn)="
                   BuildOnlySettings;
                   PrepareForBuild;
                   ResolveReferences;
                   PrepareResources;
                   ResolveKeySource;
                   PrepareResourcesForSatelliteAssemblies;
                   GenerateSerializationAssemblies;
                   CreateSatelliteAssemblies;
               " (previous value: "
             BuildOnlySettings;
             PrepareForBuild;
             ResolveReferences;
             PrepareResources;
             ResolveKeySource;
             GenerateSerializationAssemblies;
             CreateSatelliteAssemblies;
           ") at C:\Program Files\dotnet\sdk\8.0.400\Sdks\Microsoft.NET.Sdk.WindowsDesktop\targets\Microsoft.WinFX.targets (802,9)
       Property reassignment: $(PackageDescription)="Package Description" (previous value: "") at C:\Program Files\dotnet\sdk\8.0.400\Sdks\NuGet.Build.Tasks.Pack\build\NuGet.Build.Tasks.Pack.targets (34,5)
       Property reassignment: $(GenerateNuspecDependsOn)="Build;_LoadPackInputItems; _GetTargetFrameworksOutput; _WalkEachTargetPerFramework; _GetPackageFiles; " (previous value: "_LoadPackInputItems; _GetTargetFrameworksOutput; _WalkEachTargetPerFramework; _GetPackageFiles; ") at C:\Program Files\dotnet\sdk\8.0.400\Sdks\NuGet.Build.Tasks.Pack\build\NuGet.Build.Tasks.Pack.targets (59,5)
       Property reassignment: $(_IsSDKContainerAllowedVersion)="true" (previous value: "false") at C:\Program Files\dotnet\sdk\8.0.400\Containers\build\Microsoft.NET.Build.Containers.targets (5,5)
       Property reassignment: $(_ContainerIsTargetingNet8TFM)="true" (previous value: "false") at C:\Program Files\dotnet\sdk\8.0.400\Containers\build\Microsoft.NET.Build.Containers.targets (15,5)
       Overriding target "ResolveFrameworkReferences" in project "C:\Program Files\dotnet\sdk\8.0.400\Microsoft.Common.CurrentVersion.targets" with target "ResolveFrameworkReferences" from project "C:\Program Files\dotnet\sdk\8.0.400\Sdks\Microsoft.NET.Sdk\targets\Microsoft.NET.Sdk.FrameworkReferenceResolution.targets".
       Overriding target "Run" in project "C:\Program Files\dotnet\sdk\8.0.400\Microsoft.Common.CurrentVersion.targets" with target "Run" from project "C:\Program Files\dotnet\sdk\8.0.400\Sdks\Microsoft.NET.Sdk\targets\Microsoft.NET.Sdk.targets".
       Overriding target "GenerateSupportedTargetFrameworkAlias" in project "C:\Program Files\dotnet\sdk\8.0.400\Microsoft.Common.CurrentVersion.targets" with target "GenerateSupportedTargetFrameworkAlias" from project "C:\Program Files\dotnet\sdk\8.0.400\Sdks\Microsoft.NET.Sdk\targets\Microsoft.NET.Sdk.targets".
       Overriding target "GetReferenceAssemblyPaths" in project "C:\Program Files\dotnet\sdk\8.0.400\Microsoft.Common.CurrentVersion.targets" with target "GetReferenceAssemblyPaths" from project "C:\Program Files\dotnet\sdk\8.0.400\Sdks\Microsoft.NET.Sdk\targets\Microsoft.NET.DisableStandardFrameworkResolution.targets".
       Overriding target "GetFrameworkPaths" in project "C:\Program Files\dotnet\sdk\8.0.400\Microsoft.Common.CurrentVersion.targets" with target "GetFrameworkPaths" from project "C:\Program Files\dotnet\sdk\8.0.400\Sdks\Microsoft.NET.Sdk\targets\Microsoft.NET.DisableStandardFrameworkResolution.targets".
       Overriding target "DesignerRuntimeImplementationProjectOutputGroup" in project "C:\Program Files\dotnet\sdk\8.0.400\Microsoft.Common.CurrentVersion.targets" with target "DesignerRuntimeImplementationProjectOutputGroup" from project "C:\Program Files\dotnet\sdk\8.0.400\Sdks\Microsoft.NET.Sdk\targets\Microsoft.NET.DesignerSupport.targets".
       Overriding target "Publish" in project "C:\Program Files\dotnet\sdk\8.0.400\Microsoft.Common.CurrentVersion.targets" with target "Publish" from project "C:\Program Files\dotnet\sdk\8.0.400\Sdks\Microsoft.NET.Sdk\targets\Microsoft.NET.Publish.targets".
       Overriding target "ResolveReadyToRunCompilers" in project "C:\Program Files\dotnet\sdk\8.0.400\Sdks\Microsoft.NET.Sdk\targets\Microsoft.NET.CrossGen.targets" with target "ResolveReadyToRunCompilers" from project "C:\Program Files\dotnet\sdk\8.0.400\Sdks\Microsoft.NET.Sdk\targets\Microsoft.NET.Publish.targets".
       Overriding target "GetCopyToPublishDirectoryItems" in project "C:\Program Files\dotnet\sdk\8.0.400\Microsoft.Common.CurrentVersion.targets" with target "GetCopyToPublishDirectoryItems" from project "C:\Program Files\dotnet\sdk\8.0.400\Sdks\Microsoft.NET.Sdk\targets\Microsoft.NET.Publish.targets".
       Overriding target "SatelliteDllsProjectOutputGroup" in project "C:\Program Files\dotnet\sdk\8.0.400\Microsoft.Common.CurrentVersion.targets" with target "SatelliteDllsProjectOutputGroup" from project "C:\Program Files\dotnet\sdk\8.0.400\Sdks\Microsoft.NET.Sdk.WindowsDesktop\targets\Microsoft.WinFX.targets".
   1:2>Project "C:\Users\NoahR\OneDrive\Desktop\Jarvis\Jarvis.sln" (1:2) is building "C:\Users\NoahR\OneDrive\Desktop\Jarvis\src\Jarvis.App\Jarvis.App.csproj" (2:6) on node 2 (Rebuild target(s)).
   2:6>Target "_CheckForUnsupportedTargetFramework" skipped, due to false condition; ('$(_UnsupportedTargetFrameworkError)' == 'true') was evaluated as ('' == 'true').
   2:6>Target "_CollectTargetFrameworkForTelemetry" in file "C:\Program Files\dotnet\sdk\8.0.400\Sdks\Microsoft.NET.Sdk\targets\Microsoft.NET.TargetFrameworkInference.targets" from project "C:\Users\NoahR\OneDrive\Desktop\Jarvis\src\Jarvis.App\Jarvis.App.csproj" (target "_CheckForInvalidConfigurationAndPlatform" depends on it):
       Using "AllowEmptyTelemetry" task from assembly "C:\Program Files\dotnet\sdk\8.0.400\Sdks\Microsoft.NET.Sdk\targets\..\tools\net8.0\Microsoft.NET.Build.Tasks.dll".
       Task "AllowEmptyTelemetry"
       Done executing task "AllowEmptyTelemetry".
   2:6>Done building target "_CollectTargetFrameworkForTelemetry" in project "Jarvis.App.csproj".
       Target "_CheckForMissingWorkload" skipped, due to false condition; ('@(MissingWorkloadPack)' != '' And '$(DesignTimeBuild)' != 'true') was evaluated as ('' != '' And '' != 'true').
   2:6>Target "_CheckForUnsupportedTargetPlatformIdentifier" in file "C:\Program Files\dotnet\sdk\8.0.400\Sdks\Microsoft.NET.Sdk\targets\Microsoft.NET.TargetFrameworkInference.targets" from project "C:\Users\NoahR\OneDrive\Desktop\Jarvis\src\Jarvis.App\Jarvis.App.csproj" (target "_CheckForInvalidConfigurationAndPlatform" depends on it):
       Task "NETSdkError" skipped, due to false condition; ('$(TargetPlatformSupported)' != 'true' and '$(UseWorkloadsSpecificError)' != 'true') was evaluated as ('true' != 'true' and '' != 'true').
       Task "NETSdkError" skipped, due to false condition; ('$(TargetPlatformSupported)' != 'true' and '$(UseWorkloadsSpecificError)' == 'true') was evaluated as ('true' != 'true' and '' == 'true').
   2:6>Done building target "_CheckForUnsupportedTargetPlatformIdentifier" in project "Jarvis.App.csproj".
   2:6>Target "_CheckForUnsupportedNETCoreVersion" in file "C:\Program Files\dotnet\sdk\8.0.400\Sdks\Microsoft.NET.Sdk\targets\Microsoft.NET.TargetFrameworkInference.targets" from project "C:\Users\NoahR\OneDrive\Desktop\Jarvis\src\Jarvis.App\Jarvis.App.csproj" (target "_CheckForInvalidConfigurationAndPlatform" depends on it):
       Task "NETSdkError" skipped, due to false condition; ('$(_TargetFrameworkVersionWithoutV)' > '$(NETCoreAppMaximumVersion)' and '$(DisplayVSMessage)' != 'true') was evaluated as ('8.0' > '8.0' and '' != 'true').
       Task "NETSdkError" skipped, due to false condition; ('$(DisplayVSMessage)' == 'true') was evaluated as ('' == 'true').
   2:6>Done building target "_CheckForUnsupportedNETCoreVersion" in project "Jarvis.App.csproj".
       Target "_CheckForEolTargetFrameworks" skipped, due to false condition; ('@(_EolNetCoreTargetFrameworkVersions->AnyHaveMetadataValue('Identity', '$(_TargetFrameworkVersionWithoutV)'))' and '$(TargetFrameworkIdentifier)' == '.NETCoreApp' and '$(CheckEolTargetFramework)' == 'true') was evaluated as ('false' and '.NETCoreApp' == '.NETCoreApp' and 'true' == 'true').
       Target "_CheckForEolWorkloads" skipped, due to false condition; ('@(EolWorkload)' != '' and '$(CheckEolWorkloads)' == 'true') was evaluated as ('' != '' and 'true' == 'true').
   2:6>Target "_CheckForUnsupportedCppNETCoreVersion" in file "C:\Program Files\dotnet\sdk\8.0.400\Sdks\Microsoft.NET.Sdk\targets\Microsoft.NET.TargetFrameworkInference.targets" from project "C:\Users\NoahR\OneDrive\Desktop\Jarvis\src\Jarvis.App\Jarvis.App.csproj" (target "_CheckForInvalidConfigurationAndPlatform" depends on it):
       Task "NETSdkError" skipped, due to false condition; ('$(TargetFrameworkIdentifier)' == '.NETCoreApp' and '$(_TargetFrameworkVersionWithoutV)' < '3.1' and ('$(Language)' == 'C++' and '$(_EnablePackageReferencesInVCProjects)' != 'true')) was evaluated as ('.NETCoreApp' == '.NETCoreApp' and '8.0' < '3.1' and ('C#' == 'C++' and '' != 'true')).
   2:6>Done building target "_CheckForUnsupportedCppNETCoreVersion" in project "Jarvis.App.csproj".
       Target "_CheckForUnsupportedNETStandardVersion" skipped, due to false condition; ('$(TargetFrameworkIdentifier)' == '.NETStandard' And '$(NETStandardMaximumVersion)' != '') was evaluated as ('.NETCoreApp' == '.NETStandard' And '' != '').
       Target "_CheckForUnsupportedTargetFrameworkAndFeatureCombination" skipped, due to false condition; ('$(TargetFrameworkIdentifier)' == '.NETFramework') was evaluated as ('.NETCoreApp' == '.NETFramework').
   2:6>Target "_CheckForSupportedOSPlatformVersionHigherThanTargetPlatformVersion" in file "C:\Program Files\dotnet\sdk\8.0.400\Sdks\Microsoft.NET.Sdk\targets\Microsoft.NET.TargetFrameworkInference.targets" from project "C:\Users\NoahR\OneDrive\Desktop\Jarvis\src\Jarvis.App\Jarvis.App.csproj" (target "_CheckForInvalidConfigurationAndPlatform" depends on it):
       Task "NETSdkError" skipped, due to false condition; ('$(SupportedOSPlatformVersion)' != '' and $(TargetPlatformVersion) != '' and $([MSBuild]::VersionGreaterThan($(SupportedOSPlatformVersion), $(TargetPlatformVersion)))) was evaluated as ('7.0' != '' and 7.0 != '' and False).
   2:6>Done building target "_CheckForSupportedOSPlatformVersionHigherThanTargetPlatformVersion" in project "Jarvis.App.csproj".
   2:6>Target "_NormalizeTargetPlatformVersion" in file "C:\Program Files\dotnet\sdk\8.0.400\Sdks\Microsoft.NET.Sdk\targets\Microsoft.NET.TargetFrameworkInference.targets" from project "C:\Users\NoahR\OneDrive\Desktop\Jarvis\src\Jarvis.App\Jarvis.App.csproj" (target "_CheckForInvalidTargetPlatformVersion" depends on it):
   2:6>Done building target "_NormalizeTargetPlatformVersion" in project "Jarvis.App.csproj".
   2:6>Target "_CheckForInvalidTargetPlatformVersion" in file "C:\Program Files\dotnet\sdk\8.0.400\Sdks\Microsoft.NET.Sdk\targets\Microsoft.NET.TargetFrameworkInference.targets" from project "C:\Users\NoahR\OneDrive\Desktop\Jarvis\src\Jarvis.App\Jarvis.App.csproj" (target "_CheckForInvalidConfigurationAndPlatform" depends on it):
       Task "NetSdkError" skipped, due to false condition; ('$(TargetPlatformVersionSupported)' != 'true') was evaluated as ('true' != 'true').
   2:6>Done building target "_CheckForInvalidTargetPlatformVersion" in project "Jarvis.App.csproj".
   2:6>Target "_CheckForUnsupportedArtifactsPath" in file "C:\Program Files\dotnet\sdk\8.0.400\Sdks\Microsoft.NET.Sdk\targets\Microsoft.NET.DefaultOutputPaths.targets" from project "C:\Users\NoahR\OneDrive\Desktop\Jarvis\src\Jarvis.App\Jarvis.App.csproj" (target "_CheckForInvalidConfigurationAndPlatform" depends on it):
       Task "NetSdkError" skipped, due to false condition; ('$(UseArtifactsOutput)' == 'true' and '$(_ArtifactsPathSetEarly)' != 'true') was evaluated as ('' == 'true' and '' != 'true').
       Task "NetSdkError" skipped, due to false condition; ('$(_ArtifactsPathLocationType)' == 'ProjectFolder') was evaluated as ('' == 'ProjectFolder').
   2:6>Done building target "_CheckForUnsupportedArtifactsPath" in project "Jarvis.App.csproj".
       Target "_CheckForMissingWorkload" skipped, due to false condition; ('@(MissingWorkloadPack)' != '' And '$(DesignTimeBuild)' != 'true') was evaluated as ('' != '' And '' != 'true').
   2:6>Target "_CheckForUnsupportedAppHostUsage" in file "C:\Program Files\dotnet\sdk\8.0.400\Sdks\Microsoft.NET.Sdk\targets\Microsoft.NET.RuntimeIdentifierInference.targets" from project "C:\Users\NoahR\OneDrive\Desktop\Jarvis\src\Jarvis.App\Jarvis.App.csproj" (target "_CheckForInvalidConfigurationAndPlatform" depends on it):
       Task "NETSdkError" skipped, due to false condition; ('$(SelfContained)' == 'true' and '$(RuntimeIdentifier)' == '' and '$(AllowSelfContainedWithoutRuntimeIdentifier)' != 'true') was evaluated as ('false' == 'true' and '' == '' and '' != 'true').
       Task "NETSdkError" skipped, due to false condition; ('$(PublishReadyToRun)' == 'true' and '$(RuntimeIdentifier)' == '' and '$(_IsPublishing)' == 'true') was evaluated as ('' == 'true' and '' == '' and '' == 'true').
     0>The SDK "Microsoft.NET.SDK.WorkloadAutoImportPropsLocator" was successfully resolved by the "Microsoft.DotNet.MSBuildWorkloadSdkResolver" resolver to location "null" and version "null".
   2:6>_CheckForUnsupportedAppHostUsage:
       Task "NETSdkError" skipped, due to false condition; ('$(PublishSingleFile)' == 'true' and '$(RuntimeIdentifier)' == '' and '$(_IsPublishing)' == 'true') was evaluated as ('' == 'true' and '' == '' and '' == 'true').
       Task "NETSdkError" skipped, due to false condition; ('$(PublishAot)' == 'true' and '$(RuntimeIdentifier)' == '' and '$(_IsPublishing)' == 'true' and '$(AllowPublishAotWithoutRuntimeIdentifier)' != 'true') was evaluated as ('' == 'true' and '' == '' and '' == 'true' and '' != 'true').
       Task "NETSdkError" skipped, due to false condition; ('$(PublishSelfContained)' != 'true' and '$(PublishSelfContained)' != 'false' and '$(PublishSelfContained)' != '') was evaluated as ('' != 'true' and '' != 'false' and '' != '').
       Task "NETSdkError" skipped, due to false condition; ('$(SelfContained)' == 'true' and '$(UseAppHost)' != 'true' and '$(_RuntimeIdentifierUsesAppHost)' == 'true') was evaluated as ('false' == 'true' and 'true' != 'true' and 'true' == 'true').
       Task "NETSdkError" skipped, due to false condition; ('$(SelfContained)' != 'true' and '$(UseAppHost)' == 'true' and '$(_TargetFrameworkVersionWithoutV)' < '2.1') was evaluated as ('false' != 'true' and 'true' == 'true' and '8.0' < '2.1').
       Task "NETSdkError" skipped, due to false condition; ('$(PublishSingleFile)' == 'true' and '$(_TargetFrameworkVersionWithoutV)' < '3.0') was evaluated as ('' == 'true' and '8.0' < '3.0').
       Task "NETSdkWarning" skipped, due to false condition; ('$(PublishReadyToRun)' == 'true' and '$(_TargetFrameworkVersionWithoutV)' < '3.0') was evaluated as ('' == 'true' and '8.0' < '3.0').
     0>Property reassignment: $(TargetsForTfmSpecificContentInPackage)=";PackTool;_PackProjectToolValidation" (previous value: ";PackTool") at C:\Program Files\dotnet\sdk\8.0.400\Sdks\Microsoft.NET.Sdk\targets\Microsoft.NET.PackProjectTool.props (15,5)
   2:6>_CheckForUnsupportedAppHostUsage:
       Task "NETSdkWarning" skipped, due to false condition; ('$(RuntimeIdentifier)' != '' and '$(_TargetFrameworkVersionWithoutV)' != '' and $([MSBuild]::VersionLessThan($(_TargetFrameworkVersionWithoutV), '8.0')) and '$(_SelfContainedWasSpecified)' != 'true') was evaluated as ('' != '' and '8.0' != '' and False and '' != 'true').
       Task "NetSdkError" skipped, due to false condition; (('$(UseWindowsForms)' == 'true') and ('$(PublishTrimmed)' == 'true') and ('$(_SuppressWinFormsTrimError)' != 'true')) was evaluated as (('true' == 'true') and ('' == 'true') and ('' != 'true')).
       Task "NetSdkError" skipped, due to false condition; (('$(UseWpf)' == 'true') and ('$(PublishTrimmed)' == 'true') and ('$(_SuppressWpfTrimError)' != 'true')) was evaluated as (('' == 'true') and ('' == 'true') and ('' != 'true')).
   2:6>Done building target "_CheckForUnsupportedAppHostUsage" in project "Jarvis.App.csproj".
   2:6>Target "_CheckForUnsupportedHostingUsage" in file "C:\Program Files\dotnet\sdk\8.0.400\Sdks\Microsoft.NET.Sdk\targets\Microsoft.NET.RuntimeIdentifierInference.targets" from project "C:\Users\NoahR\OneDrive\Desktop\Jarvis\src\Jarvis.App\Jarvis.App.csproj" (target "_CheckForInvalidConfigurationAndPlatform" depends on it):
       Task "NETSdkWarning" skipped, due to false condition; ('$(SelfContained)' == 'true' and '$(EnableComHosting)' == 'true') was evaluated as ('false' == 'true' and '' == 'true').
   2:6>Done building target "_CheckForUnsupportedHostingUsage" in project "Jarvis.App.csproj".
     0>The "Configuration" property is a global property, and cannot be modified.
       The "Platform" property is a global property, and cannot be modified.
       Property reassignment: $(PublishProfileImported)="false" (previous value: "true") at C:\Program Files\dotnet\sdk\8.0.400\Sdks\Microsoft.NET.Sdk\targets\Microsoft.NET.Sdk.ImportPublishProfile.targets (28,5)
   2:6>Target "_CheckAndUnsetUnsupportedPrefer32Bit" in file "C:\Program Files\dotnet\sdk\8.0.400\Sdks\Microsoft.NET.Sdk\targets\Microsoft.NET.RuntimeIdentifierInference.targets" from project "C:\Users\NoahR\OneDrive\Desktop\Jarvis\src\Jarvis.App\Jarvis.App.csproj" (target "_CheckForInvalidConfigurationAndPlatform" depends on it):
   2:6>Task "NETSdkWarning" skipped, due to false condition; ('$(Prefer32Bit)' == 'true') was evaluated as ('false' == 'true').
   2:6>Done building target "_CheckAndUnsetUnsupportedPrefer32Bit" in project "Jarvis.App.csproj".
       Target "_CheckForMismatchingPlatform" skipped, due to false condition; ('$(RuntimeIdentifier)' != '' and '$(PlatformTarget)' != '') was evaluated as ('' != '' and '' != '').
   2:6>Target "_CheckForLanguageAndFeatureCombinationSupport" in file "C:\Program Files\dotnet\sdk\8.0.400\Sdks\Microsoft.NET.Sdk\targets\Microsoft.NET.RuntimeIdentifierInference.targets" from project "C:\Users\NoahR\OneDrive\Desktop\Jarvis\src\Jarvis.App\Jarvis.App.csproj" (target "_CheckForInvalidConfigurationAndPlatform" depends on it):
       Task "NETSdkError" skipped, due to false condition; (('$(Language)' == 'C++' and '$(_EnablePackageReferencesInVCProjects)' != 'true') and $(OutputType) != 'library' and '$(TargetFrameworkIdentifier)' == '.NETCoreApp') was evaluated as (('C#' == 'C++' and '' != 'true') and WinExe != 'library' and '.NETCoreApp' == '.NETCoreApp').
       Task "NETSdkError" skipped, due to false condition; (('$(Language)' == 'C++' and '$(_EnablePackageReferencesInVCProjects)' != 'true') and $(EnableComHosting) == 'true') was evaluated as (('C#' == 'C++' and '' != 'true') and  == 'true').
       Task "NETSdkError" skipped, due to false condition; (('$(Language)' == 'C++' and '$(_EnablePackageReferencesInVCProjects)' != 'true') and $(SelfContained) == 'true') was evaluated as (('C#' == 'C++' and '' != 'true') and false == 'true').
   2:6>Done building target "_CheckForLanguageAndFeatureCombinationSupport" in project "Jarvis.App.csproj".
     0>Property reassignment: $(TargetPlatformVersion)="" (previous value: "0.0") at C:\Program Files\dotnet\sdk\8.0.400\Sdks\Microsoft.NET.Sdk\targets\Microsoft.NET.TargetFrameworkInference.targets (69,5)
   2:6>Target "_CheckForNETCoreSdkIsPreview" skipped, due to false condition; ( '$(_NETCoreSdkIsPreview)' == 'true' AND '$(SuppressNETCoreSdkPreviewMessage)' != 'true' ) was evaluated as ( 'false' == 'true' AND '' != 'true' ).
   2:6>Target "_GetProjectJsonPath" in file "C:\Program Files\dotnet\sdk\8.0.400\NuGet.targets" from project "C:\Users\NoahR\OneDrive\Desktop\Jarvis\src\Jarvis.App\Jarvis.App.csproj" (target "_GetRestoreProjectStyle" depends on it):
       Task "GetRestoreProjectJsonPathTask" skipped, due to false condition; ( '$(RestoreProjectStyle)' == 'ProjectJson' OR '$(RestoreProjectStyle)' == '' ) was evaluated as ( 'PackageReference' == 'ProjectJson' OR 'PackageReference' == '' ).
     0>Property reassignment: $(DefaultItemExcludes)=";bin\Debug\/**;obj\Debug\/**" (previous value: ";bin\Debug\/**") at C:\Program Files\dotnet\sdk\8.0.400\Sdks\Microsoft.NET.Sdk\targets\Microsoft.NET.DefaultOutputPaths.targets (122,5)
   2:6>Done building target "_GetProjectJsonPath" in project "Jarvis.App.csproj".
     0>Property reassignment: $(OutputPath)="bin\Debug\net8.0\" (previous value: "bin\Debug\") at C:\Program Files\dotnet\sdk\8.0.400\Sdks\Microsoft.NET.Sdk\targets\Microsoft.NET.DefaultOutputPaths.targets (137,5)
       Property reassignment: $(IntermediateOutputPath)="obj\Debug\net8.0\" (previous value: "obj\Debug\") at C:\Program Files\dotnet\sdk\8.0.400\Sdks\Microsoft.NET.Sdk\targets\Microsoft.NET.DefaultOutputPaths.targets (142,5)
   2:6>Target "_CheckForUnsupportedNETStandardVersion" skipped, due to false condition; ('$(TargetFrameworkIdentifier)' == '.NETStandard' And '$(NETStandardMaximumVersion)' != '') was evaluated as ('.NETCoreApp' == '.NETStandard' And '' != '').
       Target "_CheckForUnsupportedTargetFrameworkAndFeatureCombination" skipped, due to false condition; ('$(TargetFrameworkIdentifier)' == '.NETFramework') was evaluated as ('.NETCoreApp' == '.NETFramework').
     0>The "DefaultSdkResolver" resolver attempted to resolve the SDK "Microsoft.NET.SDK.WorkloadManifestTargetsLocator".
Warnings: null
Errors: MSB4276: The default SDK resolver failed to resolve SDK "Microsoft.NET.SDK.WorkloadManifestTargetsLocator" because directory "C:\Program Files\dotnet\sdk\8.0.400\Sdks\Microsoft.NET.SDK.WorkloadManifestTargetsLocator\Sdk" did not exist.
   2:6>Target "UpdateAspNetToFrameworkReference" in file "C:\Program Files\dotnet\sdk\8.0.400\Sdks\Microsoft.NET.Sdk\targets\Microsoft.NET.Sdk.DefaultItems.Shared.targets" from project "C:\Users\NoahR\OneDrive\Desktop\Jarvis\src\Jarvis.App\Jarvis.App.csproj" (target "ApplyImplicitVersions" depends on it):
   2:6>Using "CheckIfPackageReferenceShouldBeFrameworkReference" task from assembly "C:\Program Files\dotnet\sdk\8.0.400\Sdks\Microsoft.NET.Sdk\targets\..\tools\net8.0\Microsoft.NET.Build.Tasks.dll".
       Task "CheckIfPackageReferenceShouldBeFrameworkReference"
       Done executing task "CheckIfPackageReferenceShouldBeFrameworkReference".
       Task "NETSdkError" skipped, due to false condition; ('$(_ShouldRemoveAspNetCoreAll)' == 'true') was evaluated as ('False' == 'true').
       Task "CheckIfPackageReferenceShouldBeFrameworkReference"
       Done executing task "CheckIfPackageReferenceShouldBeFrameworkReference".
       Task "NETSdkWarning" skipped, due to false condition; ('$(_ShouldRemoveAspNetCoreApp)' == 'true') was evaluated as ('False' == 'true').
   2:6>Done building target "UpdateAspNetToFrameworkReference" in project "Jarvis.App.csproj".
       Target "IncludeTargetingPackReference" skipped, due to false condition; ('$(TargetFrameworkMoniker)' != '' and '$(TargetFrameworkIdentifier)' == '.NETFramework' and '$(AutomaticallyUseReferenceAssemblyPackages)' == 'true') was evaluated as ('.NETCoreApp,Version=v8.0' != '' and '.NETCoreApp' == '.NETFramework' and 'true' == 'true').
   2:6>Target "CheckForImplicitPackageReferenceOverrides" in file "C:\Program Files\dotnet\sdk\8.0.400\Sdks\Microsoft.NET.Sdk\targets\Microsoft.NET.Sdk.DefaultItems.Shared.targets" from project "C:\Users\NoahR\OneDrive\Desktop\Jarvis\src\Jarvis.App\Jarvis.App.csproj" (target "ApplyImplicitVersions" depends on it):
       Using "CheckForImplicitPackageReferenceOverrides" task from assembly "C:\Program Files\dotnet\sdk\8.0.400\Sdks\Microsoft.NET.Sdk\targets\..\tools\net8.0\Microsoft.NET.Build.Tasks.dll".
       Task "CheckForImplicitPackageReferenceOverrides"
       Done executing task "CheckForImplicitPackageReferenceOverrides".
   2:6>Done building target "CheckForImplicitPackageReferenceOverrides" in project "Jarvis.App.csproj".
   2:6>Target "ApplyImplicitVersions" in file "C:\Program Files\dotnet\sdk\8.0.400\Sdks\Microsoft.NET.Sdk\targets\Microsoft.NET.Sdk.DefaultItems.Shared.targets" from project "C:\Users\NoahR\OneDrive\Desktop\Jarvis\src\Jarvis.App\Jarvis.App.csproj" (target "CollectPackageReferences" depends on it):
       Using "ApplyImplicitVersions" task from assembly "C:\Program Files\dotnet\sdk\8.0.400\Sdks\Microsoft.NET.Sdk\targets\..\tools\net8.0\Microsoft.NET.Build.Tasks.dll".
       Task "ApplyImplicitVersions"
       Done executing task "ApplyImplicitVersions".
   2:6>Done building target "ApplyImplicitVersions" in project "Jarvis.App.csproj".
       Target "CheckForImplicitPackageReferenceOverrides" skipped. Previously built successfully.
   2:6>Target "AddWindowsSdkKnownFrameworkReferences" in file "C:\Program Files\dotnet\sdk\8.0.400\Sdks\Microsoft.NET.Sdk\targets\Microsoft.NET.Sdk.FrameworkReferenceResolution.targets" from project "C:\Users\NoahR\OneDrive\Desktop\Jarvis\src\Jarvis.App\Jarvis.App.csproj" (target "ProcessFrameworkReferences" depends on it):
       Using "CreateWindowsSdkKnownFrameworkReferences" task from assembly "C:\Program Files\dotnet\sdk\8.0.400\Sdks\Microsoft.NET.Sdk\targets\..\tools\net8.0\Microsoft.NET.Build.Tasks.dll".
       Task "CreateWindowsSdkKnownFrameworkReferences"
       Done executing task "CreateWindowsSdkKnownFrameworkReferences".
   2:6>Done building target "AddWindowsSdkKnownFrameworkReferences" in project "Jarvis.App.csproj".
   2:6>Target "_ComputeToolPackInputsToProcessFrameworkReferences" in file "C:\Program Files\dotnet\sdk\8.0.400\Sdks\Microsoft.NET.Sdk\targets\Microsoft.NET.Publish.targets" from project "C:\Users\NoahR\OneDrive\Desktop\Jarvis\src\Jarvis.App\Jarvis.App.csproj" (target "ProcessFrameworkReferences" depends on it):
   2:6>Done building target "_ComputeToolPackInputsToProcessFrameworkReferences" in project "Jarvis.App.csproj".
   2:6>Target "ProcessFrameworkReferences" in file "C:\Program Files\dotnet\sdk\8.0.400\Sdks\Microsoft.NET.Sdk\targets\Microsoft.NET.Sdk.FrameworkReferenceResolution.targets" from project "C:\Users\NoahR\OneDrive\Desktop\Jarvis\src\Jarvis.App\Jarvis.App.csproj" (target "CollectPackageReferences" depends on it):
       Using "CheckForDuplicateFrameworkReferences" task from assembly "C:\Program Files\dotnet\sdk\8.0.400\Sdks\Microsoft.NET.Sdk\targets\..\tools\net8.0\Microsoft.NET.Build.Tasks.dll".
       Task "CheckForDuplicateFrameworkReferences"
       Done executing task "CheckForDuplicateFrameworkReferences".
       Using "ProcessFrameworkReferences" task from assembly "C:\Program Files\dotnet\sdk\8.0.400\Sdks\Microsoft.NET.Sdk\targets\..\tools\net8.0\Microsoft.NET.Build.Tasks.dll".
       Task "ProcessFrameworkReferences"
       Done executing task "ProcessFrameworkReferences".
       Using "ResolveAppHosts" task from assembly "C:\Program Files\dotnet\sdk\8.0.400\Sdks\Microsoft.NET.Sdk\targets\..\tools\net8.0\Microsoft.NET.Build.Tasks.dll".
       Task "ResolveAppHosts"
       Done executing task "ResolveAppHosts".
   2:6>Done building target "ProcessFrameworkReferences" in project "Jarvis.App.csproj".
       Target "IncludeTargetingPackReference" skipped, due to false condition; ('$(TargetFrameworkMoniker)' != '' and '$(TargetFrameworkIdentifier)' == '.NETFramework' and '$(AutomaticallyUseReferenceAssemblyPackages)' == 'true') was evaluated as ('.NETCoreApp,Version=v8.0' != '' and '.NETCoreApp' == '.NETFramework' and 'true' == 'true').
   2:6>Target "_AddMicrosoftNetCompilerToolsetFrameworkPackage" in file "C:\Program Files\dotnet\sdk\8.0.400\Sdks\Microsoft.NET.Sdk\targets\Microsoft.NET.Sdk.targets" from project "C:\Users\NoahR\OneDrive\Desktop\Jarvis\src\Jarvis.App\Jarvis.App.csproj" (target "CollectPackageReferences" depends on it):
       Task "NETSdkWarning" skipped, due to false condition; ('@(PackageReference->AnyHaveMetadataValue('Identity', 'Microsoft.Net.Compilers.Toolset.Framework'))' == 'true') was evaluated as ('false' == 'true').
   2:6>Done building target "_AddMicrosoftNetCompilerToolsetFrameworkPackage" in project "Jarvis.App.csproj".
   2:6>Target "_CheckForObsoleteDotNetCliToolReferences" in file "C:\Program Files\dotnet\sdk\8.0.400\Sdks\Microsoft.NET.Sdk\targets\Microsoft.NET.ObsoleteReferences.targets" from project "C:\Users\NoahR\OneDrive\Desktop\Jarvis\src\Jarvis.App\Jarvis.App.csproj" (target "CollectPackageReferences" depends on it):
       Task "NETSdkWarning" skipped, due to false condition; ( '%(_ReferenceToObsoleteDotNetCliTool.Identity)' != '' ) was evaluated as ( '' != '' ).
   2:6>Done building target "_CheckForObsoleteDotNetCliToolReferences" in project "Jarvis.App.csproj".
   2:6>Target "CollectPackageReferences" in file "C:\Program Files\dotnet\sdk\8.0.400\NuGet.targets" from project "C:\Users\NoahR\OneDrive\Desktop\Jarvis\src\Jarvis.App\Jarvis.App.csproj" (target "_GetRestoreProjectStyle" depends on it):
       Using "CheckForDuplicateNuGetItemsTask" task from assembly "C:\Program Files\dotnet\sdk\8.0.400\NuGet.Build.Tasks.dll".
       Task "CheckForDuplicateNuGetItemsTask"
       Done executing task "CheckForDuplicateNuGetItemsTask".
   2:6>Done building target "CollectPackageReferences" in project "Jarvis.App.csproj".
   2:6>Target "_GetRestoreProjectStyle" in file "C:\Program Files\dotnet\sdk\8.0.400\NuGet.targets" from project "C:\Users\NoahR\OneDrive\Desktop\Jarvis\src\Jarvis.App\Jarvis.App.csproj" (target "EnableIntermediateOutputPathMismatchWarning" depends on it):
       Using "GetRestoreProjectStyleTask" task from assembly "C:\Program Files\dotnet\sdk\8.0.400\NuGet.Build.Tasks.dll".
       Task "GetRestoreProjectStyleTask"
       Done executing task "GetRestoreProjectStyleTask".
   2:6>Done building target "_GetRestoreProjectStyle" in project "Jarvis.App.csproj".
   2:6>Target "EnableIntermediateOutputPathMismatchWarning" in file "C:\Program Files\dotnet\sdk\8.0.400\NuGet.targets" from project "C:\Users\NoahR\OneDrive\Desktop\Jarvis\src\Jarvis.App\Jarvis.App.csproj" (target "_CheckForInvalidConfigurationAndPlatform" depends on it):
   2:6>Done building target "EnableIntermediateOutputPathMismatchWarning" in project "Jarvis.App.csproj".
       Target "ApplyImplicitVersions" skipped. Previously built successfully.
       Target "CheckForImplicitPackageReferenceOverrides" skipped. Previously built successfully.
   2:6>Target "CheckForDuplicateItems" in file "C:\Program Files\dotnet\sdk\8.0.400\Sdks\Microsoft.NET.Sdk\targets\Microsoft.NET.Sdk.DefaultItems.Shared.targets" from project "C:\Users\NoahR\OneDrive\Desktop\Jarvis\src\Jarvis.App\Jarvis.App.csproj" (target "_CheckForInvalidConfigurationAndPlatform" depends on it):
       Using "CheckForDuplicateItems" task from assembly "C:\Program Files\dotnet\sdk\8.0.400\Sdks\Microsoft.NET.Sdk\targets\..\tools\net8.0\Microsoft.NET.Build.Tasks.dll".
       Task "CheckForDuplicateItems"
       Done executing task "CheckForDuplicateItems".
       Task "CheckForDuplicateItems"
       Done executing task "CheckForDuplicateItems".
       Task "CheckForDuplicateItems"
       Done executing task "CheckForDuplicateItems".
   2:6>Done building target "CheckForDuplicateItems" in project "Jarvis.App.csproj".
       Target "WarnForExplicitVersions" skipped, due to false condition; ('@(SdkBuildWarning)' != '') was evaluated as ('' != '').
       Target "_CheckForFailedSDKResolution" skipped, due to false condition; ('$(SdkResolverHonoredGlobalJson)' == 'false') was evaluated as ('' == 'false').
       Target "_WarnWhenUsingNET8AndVSPriorTo178" skipped, due to false condition; ($([MSBuild]::VersionLessThan($(MSBuildVersion), '17.8.0')) and '$(TargetFrameworkIdentifier)' == '.NETCoreApp' and $([MSBuild]::VersionGreaterThanOrEquals($(_TargetFrameworkVersionWithoutV), '8.0'))) was evaluated as (False and '.NETCoreApp' == '.NETCoreApp' and True).
   2:6>Target "_CheckForInvalidWindowsDesktopTargetingConfiguration" in file "C:\Program Files\dotnet\sdk\8.0.400\Sdks\Microsoft.NET.Sdk\targets\Microsoft.NET.Sdk.DefaultItems.targets" from project "C:\Users\NoahR\OneDrive\Desktop\Jarvis\src\Jarvis.App\Jarvis.App.csproj" (target "_CheckForInvalidConfigurationAndPlatform" depends on it):
       Task "NETSdkError" skipped, due to false condition; ('$(TargetPlatformIdentifier)' != 'Windows') was evaluated as ('Windows' != 'Windows').
   2:6>Done building target "_CheckForInvalidWindowsDesktopTargetingConfiguration" in project "Jarvis.App.csproj".
       Target "_CheckForUnnecessaryWindowsDesktopSDK" skipped, due to false condition; ('$(TargetFrameworkIdentifier)' == '.NETCoreApp' and $([MSBuild]::VersionGreaterThanOrEquals($(_TargetFrameworkVersionWithoutV), '5.0')) and '$(_MicrosoftWindowsDesktopSdkImported)' == 'true' and '$(TargetFrameworks)' == '') was evaluated as ('.NETCoreApp' == '.NETCoreApp' and True and '' == 'true' and '' == '').
       Target "ProcessFrameworkReferences" skipped. Previously built successfully.
       Target "IncludeTargetingPackReference" skipped, due to false condition; ('$(TargetFrameworkMoniker)' != '' and '$(TargetFrameworkIdentifier)' == '.NETFramework' and '$(AutomaticallyUseReferenceAssemblyPackages)' == 'true') was evaluated as ('.NETCoreApp,Version=v8.0' != '' and '.NETCoreApp' == '.NETFramework' and 'true' == 'true').
       Target "CheckForDuplicatePageItems" skipped, due to false condition; (('$(UseWPF)' == 'true') And ('$(_TargetFrameworkVersionValue)' != '$(_UndefinedTargetFrameworkVersion)') And ('$(_TargetFrameworkVersionValue)' >= '$(_WindowsDesktopSdkTargetFrameworkVersionFloor)')) was evaluated as (('' == 'true') And ('8.0' != '0.0') And ('8.0' >= '3.0')).
   2:6>Target "_WindowsDesktopFrameworkRequiresUseWpfOrUseWindowsForms" in file "C:\Program Files\dotnet\sdk\8.0.400\Sdks\Microsoft.NET.Sdk.WindowsDesktop\targets\Microsoft.NET.Sdk.WindowsDesktop.targets" from project "C:\Users\NoahR\OneDrive\Desktop\Jarvis\src\Jarvis.App\Jarvis.App.csproj" (target "_CheckForInvalidConfigurationAndPlatform" depends on it):
       Task "NetSdkWarning" skipped, due to false condition; ('$(UseWpf)' != 'true' And '$(UseWindowsForms)' != 'true') was evaluated as ('' != 'true' And 'true' != 'true').
   2:6>Done building target "_WindowsDesktopFrameworkRequiresUseWpfOrUseWindowsForms" in project "Jarvis.App.csproj".
       Target "_WindowsDesktopFrameworkRequiresVersion30" skipped, due to false condition; (('$(TargetFrameworkIdentifier)' == '.NETCoreApp') And
                         ('$(_TargetFrameworkVersionValue)' != '$(_UndefinedTargetFrameworkVersion)') And ('$(_TargetFrameworkVersionValue)' < '$(_WindowsDesktopSdkTargetFrameworkVersionFloor)')) was evaluated as (('.NETCoreApp' == '.NETCoreApp') And
                         ('8.0' != '0.0') And ('8.0' < '3.0')).
   2:6>Target "_CheckForInvalidConfigurationAndPlatform" in file "C:\Program Files\dotnet\sdk\8.0.400\Microsoft.Common.CurrentVersion.targets" from project "C:\Users\NoahR\OneDrive\Desktop\Jarvis\src\Jarvis.App\Jarvis.App.csproj" (target "_SdkBeforeRebuild" depends on it):
       Task "Error" skipped, due to false condition; ( '$(_InvalidConfigurationError)' == 'true' ) was evaluated as ( '' == 'true' ).
       Task "Warning" skipped, due to false condition; ( '$(_InvalidConfigurationWarning)' == 'true' ) was evaluated as ( '' == 'true' ).
       Task "Message"
         Configuration=Debug
       Done executing task "Message".
       Task "Message"
         Platform=AnyCPU
       Done executing task "Message".
       Task "Error" skipped, due to false condition; ('$(OutDir)' != '' and !HasTrailingSlash('$(OutDir)')) was evaluated as ('bin\Debug\net8.0-windows\' != '' and !HasTrailingSlash('bin\Debug\net8.0-windows\')).
       Task "Error" skipped, due to false condition; ('$(IntermediateOutputPath)' != '' and !HasTrailingSlash('$(IntermediateOutputPath)')) was evaluated as ('obj\Debug\net8.0-windows\' != '' and !HasTrailingSlash('obj\Debug\net8.0-windows\')).
       Task "Error" skipped, due to false condition; ('$(BaseIntermediateOutputPath)' != '' and !HasTrailingSlash('$(BaseIntermediateOutputPath)')) was evaluated as ('obj\' != '' and !HasTrailingSlash('obj\')).
       Task "MSBuildInternalMessage" skipped, due to false condition; ( '$(Prefer32Bit)' == 'true' and '$(PreferNativeArm64)' == 'true' ) was evaluated as ( 'false' == 'true' and '' == 'true' ).
       Task "MSBuildInternalMessage" skipped, due to false condition; ( '$(NoWin32Manifest)' == 'true' and '$(PreferNativeArm64)' == 'true' ) was evaluated as ( '' == 'true' and '' == 'true' ).
       Task "MSBuildInternalMessage" skipped, due to false condition; ( '$(PreferNativeArm64)' == 'true' and '$(Platform)' != 'AnyCPU' ) was evaluated as ( '' == 'true' and 'AnyCPU' != 'AnyCPU' ).
       Task "Error" skipped, due to false condition; ( '$(_InitialMSBuildProjectExtensionsPath)' != '' And '$(MSBuildProjectExtensionsPath)' != '$(_InitialMSBuildProjectExtensionsPath)' ) was evaluated as ( 'C:\Users\NoahR\OneDrive\Desktop\Jarvis\src\Jarvis.App\obj\' != '' And 'C:\Users\NoahR\OneDrive\Desktop\Jarvis\src\Jarvis.App\obj\' != 'C:\Users\NoahR\OneDrive\Desktop\Jarvis\src\Jarvis.App\obj\' ).
       Task "Warning" skipped, due to false condition; ( '$(EnableBaseIntermediateOutputPathMismatchWarning)' == 'true' And '$(_InitialBaseIntermediateOutputPath)' != '$(BaseIntermediateOutputPath)' And '$(BaseIntermediateOutputPath)' != '$(MSBuildProjectExtensionsPath)' ) was evaluated as ( 'true' == 'true' And 'obj\' != 'obj\' And 'obj\' != 'C:\Users\NoahR\OneDrive\Desktop\Jarvis\src\Jarvis.App\obj\' ).
   2:6>Done building target "_CheckForInvalidConfigurationAndPlatform" in project "Jarvis.App.csproj".
   2:6>Target "ValidateCommandLineProperties" in file "C:\Program Files\dotnet\sdk\8.0.400\Sdks\Microsoft.NET.Sdk\targets\Microsoft.NET.Sdk.targets" from project "C:\Users\NoahR\OneDrive\Desktop\Jarvis\src\Jarvis.App\Jarvis.App.csproj" (target "_SdkBeforeRebuild" depends on it):
   2:6>Done building target "ValidateCommandLineProperties" in project "Jarvis.App.csproj".
   2:6>Target "_SdkBeforeRebuild" in file "C:\Program Files\dotnet\sdk\8.0.400\Sdks\Microsoft.NET.Sdk\targets\Microsoft.NET.Sdk.targets" from project "C:\Users\NoahR\OneDrive\Desktop\Jarvis\src\Jarvis.App\Jarvis.App.csproj" (target "Rebuild" depends on it):
   2:6>Done building target "_SdkBeforeRebuild" in project "Jarvis.App.csproj".
   2:6>Target "BeforeRebuild" in file "C:\Program Files\dotnet\sdk\8.0.400\Microsoft.Common.CurrentVersion.targets" from project "C:\Users\NoahR\OneDrive\Desktop\Jarvis\src\Jarvis.App\Jarvis.App.csproj" (target "Rebuild" depends on it):
   2:6>Done building target "BeforeRebuild" in project "Jarvis.App.csproj".
   2:6>Target "BeforeClean" in file "C:\Program Files\dotnet\sdk\8.0.400\Microsoft.Common.CurrentVersion.targets" from project "C:\Users\NoahR\OneDrive\Desktop\Jarvis\src\Jarvis.App\Jarvis.App.csproj" (target "Clean" depends on it):
   2:6>Done building target "BeforeClean" in project "Jarvis.App.csproj".
       Target "UnmanagedUnregistration" skipped, due to false condition; ((('$(_AssemblyTimestampBeforeCompile)' != '$(_AssemblyTimestampAfterCompile)' or '$(RegisterForComInterop)' != 'true' or '$(OutputType)' != 'library') or
                           ('$(_AssemblyTimestampBeforeCompile)' == '')) and
                          Exists('@(_UnmanagedRegistrationCache)')) was evaluated as ((('' != '' or '' != 'true' or 'WinExe' != 'library') or
                           ('' == '')) and
                          Exists('obj\Jarvis.App.csproj.UnmanagedRegistration.cache')).
   2:6>Target "_SdkBeforeClean" in file "C:\Program Files\dotnet\sdk\8.0.400\Sdks\Microsoft.NET.Sdk\targets\Microsoft.NET.Sdk.targets" from project "C:\Users\NoahR\OneDrive\Desktop\Jarvis\src\Jarvis.App\Jarvis.App.csproj" (target "CoreClean" depends on it):
   2:6>Done building target "_SdkBeforeClean" in project "Jarvis.App.csproj".
   2:6>Target "CoreClean" in file "C:\Program Files\dotnet\sdk\8.0.400\Microsoft.Common.CurrentVersion.targets" from project "C:\Users\NoahR\OneDrive\Desktop\Jarvis\src\Jarvis.App\Jarvis.App.csproj" (target "Clean" depends on it):
       Using "Delete" task from assembly "Microsoft.Build.Tasks.Core, Version=15.1.0.0, Culture=neutral, PublicKeyToken=b03f5f7f11d50a3a".
       Task "Delete"
       Done executing task "Delete".
       Using "ReadLinesFromFile" task from assembly "Microsoft.Build.Tasks.Core, Version=15.1.0.0, Culture=neutral, PublicKeyToken=b03f5f7f11d50a3a".
       Task "ReadLinesFromFile"
       Done executing task "ReadLinesFromFile".
       Using "FindUnderPath" task from assembly "Microsoft.Build.Tasks.Core, Version=15.1.0.0, Culture=neutral, PublicKeyToken=b03f5f7f11d50a3a".
       Task "FindUnderPath"
         Comparison path is "bin\Debug\net8.0-windows\".
       Done executing task "FindUnderPath".
       Task "FindUnderPath"
         Comparison path is "obj\Debug\net8.0-windows\".
       Done executing task "FindUnderPath".
       Task "Delete"
         Deleting file "C:\Users\NoahR\OneDrive\Desktop\Jarvis\src\Jarvis.App\bin\Debug\net8.0-windows\Jarvis.App.exe".
         Deleting file "C:\Users\NoahR\OneDrive\Desktop\Jarvis\src\Jarvis.App\bin\Debug\net8.0-windows\Jarvis.App.deps.json".
         Deleting file "C:\Users\NoahR\OneDrive\Desktop\Jarvis\src\Jarvis.App\bin\Debug\net8.0-windows\Jarvis.App.runtimeconfig.json".
         Deleting file "C:\Users\NoahR\OneDrive\Desktop\Jarvis\src\Jarvis.App\bin\Debug\net8.0-windows\Jarvis.App.dll".
         Deleting file "C:\Users\NoahR\OneDrive\Desktop\Jarvis\src\Jarvis.App\bin\Debug\net8.0-windows\Jarvis.App.pdb".
     0>The SDK "Microsoft.NET.SDK.WorkloadManifestTargetsLocator" was successfully resolved by the "Microsoft.DotNet.MSBuildWorkloadSdkResolver" resolver to location "C:\Program Files\dotnet\sdk-manifests\8.0.100\microsoft.net.sdk.android\34.0.113" and version "null".
   2:6>CoreClean:
         Deleting file "C:\Users\NoahR\OneDrive\Desktop\Jarvis\src\Jarvis.App\bin\Debug\net8.0-windows\Jarvis.Core.dll".
     0>Property reassignment: $(_FrameworkIdentifierForImplicitDefine)="NET" (previous value: "NETCOREAPP") at C:\Program Files\dotnet\sdk\8.0.400\Sdks\Microsoft.NET.Sdk\targets\Microsoft.NET.Sdk.BeforeCommon.targets (187,5)
       Property reassignment: $(_FrameworkVersionForImplicitDefine)="8_0" (previous value: "8.0") at C:\Program Files\dotnet\sdk\8.0.400\Sdks\Microsoft.NET.Sdk\targets\Microsoft.NET.Sdk.BeforeCommon.targets (192,5)
       Property reassignment: $(CommandLineArgsForDesignTimeEvaluation)="-langversion:12.0 -define:TRACE" (previous value: "-langversion:12.0") at C:\Program Files\dotnet\sdk\8.0.400\Roslyn\Microsoft.CSharp.Core.targets (200,5)
   2:6>CoreClean:
         Deleting file "C:\Users\NoahR\OneDrive\Desktop\Jarvis\src\Jarvis.App\bin\Debug\net8.0-windows\Jarvis.Core.pdb".
     0>The "Platform" property is a global property, and cannot be modified.
       The "Configuration" property is a global property, and cannot be modified.
       Property reassignment: $(_DebugSymbolsProduced)="true" (previous value: "false") at C:\Program Files\dotnet\sdk\8.0.400\Microsoft.Common.CurrentVersion.targets (175,5)
       Property reassignment: $(_DocumentationFileProduced)="false" (previous value: "true") at C:\Program Files\dotnet\sdk\8.0.400\Microsoft.Common.CurrentVersion.targets (185,5)
       The "SolutionName" property is a global property, and cannot be modified.
       The "SolutionFileName" property is a global property, and cannot be modified.
       The "SolutionPath" property is a global property, and cannot be modified.
       The "SolutionDir" property is a global property, and cannot be modified.
       The "SolutionExt" property is a global property, and cannot be modified.
       Property reassignment: $(MSBuildCopyMarkerName)="Jarvis.C.3702E29A" (previous value: "Jarvis.Core.csproj") at C:\Program Files\dotnet\sdk\8.0.400\Microsoft.Common.CurrentVersion.targets (392,5)
       Property reassignment: $(MSBuildCopyMarkerName)="Jarvis.C.3702E29A.Up2Date" (previous value: "Jarvis.C.3702E29A") at C:\Program Files\dotnet\sdk\8.0.400\Microsoft.Common.CurrentVersion.targets (393,5)
       Property reassignment: $(ProcessorArchitecture)="msil" (previous value: "") at C:\Program Files\dotnet\sdk\8.0.400\Microsoft.Common.CurrentVersion.targets (541,5)
       Property reassignment: $(DelaySign)="" (previous value: "false") at C:\Program Files\dotnet\sdk\8.0.400\Microsoft.Common.CurrentVersion.targets (580,5)
       Property 'LOCALAPPDATA' with value 'C:\Users\NoahR\AppData\Local' expanded from the environment.
       Property reassignment: $(_SGenGenerateSerializationAssembliesConfig)="Auto" (previous value: "") at C:\Program Files\dotnet\sdk\8.0.400\Microsoft.Common.CurrentVersion.targets (3896,5)
       Property reassignment: $(_SGenGenerateSerializationAssembliesConfig)="Off" (previous value: "Auto") at C:\Program Files\dotnet\sdk\8.0.400\Microsoft.Common.CurrentVersion.targets (3897,5)
   2:6>CoreClean:
         Deleting file "C:\Users\NoahR\OneDrive\Desktop\Jarvis\src\Jarvis.App\bin\Debug\net8.0-windows\System.Speech.dll".
     0>Property reassignment: $(_TargetsThatPrepareProjectReferences)="
      AssignProjectConfiguration;
      _SplitProjectReferencesByFileExistence
    " (previous value: "_SplitProjectReferencesByFileExistence") at C:\Program Files\dotnet\sdk\8.0.400\Microsoft.Common.CurrentVersion.targets (5099,5)
       Property 'MSBuildExtensionsPath32' with value 'C:\Program Files\dotnet\sdk\8.0.400' expanded from the environment.
   2:6>CoreClean:
         Deleting file "C:\Users\NoahR\OneDrive\Desktop\Jarvis\src\Jarvis.App\bin\Debug\net8.0-windows\runtimes\win\lib\net8.0\System.Speech.dll".
         Deleting file "C:\Users\NoahR\OneDrive\Desktop\Jarvis\src\Jarvis.App\bin\Debug\net8.0-windows\NAudio.dll".
         Deleting file "C:\Users\NoahR\OneDrive\Desktop\Jarvis\src\Jarvis.App\bin\Debug\net8.0-windows\NAudio.Asio.dll".
         Deleting file "C:\Users\NoahR\OneDrive\Desktop\Jarvis\src\Jarvis.App\bin\Debug\net8.0-windows\NAudio.Core.dll".
     0>Property reassignment: $(ProjectAssetsCacheFile)="C:\Users\NoahR\OneDrive\Desktop\Jarvis\src\Jarvis.Core\obj\Debug\net8.0\Jarvis.Core.assets.cache" (previous value: "obj\Debug\net8.0\Jarvis.Core.assets.cache") at C:\Program Files\dotnet\sdk\8.0.400\Sdks\Microsoft.NET.Sdk\targets\Microsoft.PackageDependencyResolution.targets (29,5)
       Property reassignment: $(ResolveAssemblyReferencesDependsOn)="
             
             ResolveProjectReferences;
             FindInvalidProjectReferences;
             GetFrameworkPaths;
             GetReferenceAssemblyPaths;
             PrepareForBuild;
             ResolveSDKReferences;
             ExpandSDKReferences;
           ;
             ResolvePackageDependenciesForBuild;
             _HandlePackageFileConflicts;
           " (previous value: "
             ResolveProjectReferences;
             FindInvalidProjectReferences;
             GetFrameworkPaths;
             GetReferenceAssemblyPaths;
             PrepareForBuild;
             ResolveSDKReferences;
             ExpandSDKReferences;
           ") at C:\Program Files\dotnet\sdk\8.0.400\Sdks\Microsoft.NET.Sdk\targets\Microsoft.PackageDependencyResolution.targets (80,5)
       Property reassignment: $(PrepareResourcesDependsOn)="
             ResolvePackageDependenciesForBuild;
             _HandlePackageFileConflicts;
             
             ;
             PrepareResourceNames;
             ResGen;
             CompileLicxFiles
           
           " (previous value: "
             ;
             PrepareResourceNames;
             ResGen;
             CompileLicxFiles
           ") at C:\Program Files\dotnet\sdk\8.0.400\Sdks\Microsoft.NET.Sdk\targets\Microsoft.PackageDependencyResolution.targets (86,5)
       Property reassignment: $(DefaultItemExcludes)=";bin\Debug\/**;obj\Debug\/**;bin\/**" (previous value: ";bin\Debug\/**;obj\Debug\/**") at C:\Program Files\dotnet\sdk\8.0.400\Sdks\Microsoft.NET.Sdk\targets\Microsoft.NET.Sdk.DefaultItems.targets (27,5)
       Property reassignment: $(DefaultItemExcludes)=";bin\Debug\/**;obj\Debug\/**;bin\/**;obj\/**" (previous value: ";bin\Debug\/**;obj\Debug\/**;bin\/**") at C:\Program Files\dotnet\sdk\8.0.400\Sdks\Microsoft.NET.Sdk\targets\Microsoft.NET.Sdk.DefaultItems.targets (29,5)
       Property reassignment: $(DefaultItemExcludes)=";bin\Debug\/**;obj\Debug\/**;bin\/**;obj\/**;**/*.user" (previous value: ";bin\Debug\/**;obj\Debug\/**;bin\/**;obj\/**") at C:\Program Files\dotnet\sdk\8.0.400\Sdks\Microsoft.NET.Sdk\targets\Microsoft.NET.Sdk.DefaultItems.targets (32,5)
       Property reassignment: $(DefaultItemExcludes)=";bin\Debug\/**;obj\Debug\/**;bin\/**;obj\/**;**/*.user;**/*.*proj" (previous value: ";bin\Debug\/**;obj\Debug\/**;bin\/**;obj\/**;**/*.user") at C:\Program Files\dotnet\sdk\8.0.400\Sdks\Microsoft.NET.Sdk\targets\Microsoft.NET.Sdk.DefaultItems.targets (33,5)
       Property reassignment: $(DefaultItemExcludes)=";bin\Debug\/**;obj\Debug\/**;bin\/**;obj\/**;**/*.user;**/*.*proj;**/*.sln" (previous value: ";bin\Debug\/**;obj\Debug\/**;bin\/**;obj\/**;**/*.user;**/*.*proj") at C:\Program Files\dotnet\sdk\8.0.400\Sdks\Microsoft.NET.Sdk\targets\Microsoft.NET.Sdk.DefaultItems.targets (34,5)
       Property reassignment: $(DefaultItemExcludes)=";bin\Debug\/**;obj\Debug\/**;bin\/**;obj\/**;**/*.user;**/*.*proj;**/*.sln;**/*.vssscc" (previous value: ";bin\Debug\/**;obj\Debug\/**;bin\/**;obj\/**;**/*.user;**/*.*proj;**/*.sln") at C:\Program Files\dotnet\sdk\8.0.400\Sdks\Microsoft.NET.Sdk\targets\Microsoft.NET.Sdk.DefaultItems.targets (35,5)
       Property reassignment: $(DefaultItemExcludes)=";bin\Debug\/**;obj\Debug\/**;bin\/**;obj\/**;**/*.user;**/*.*proj;**/*.sln;**/*.vssscc;**/.DS_Store" (previous value: ";bin\Debug\/**;obj\Debug\/**;bin\/**;obj\/**;**/*.user;**/*.*proj;**/*.sln;**/*.vssscc") at C:\Program Files\dotnet\sdk\8.0.400\Sdks\Microsoft.NET.Sdk\targets\Microsoft.NET.Sdk.DefaultItems.targets (36,5)
       Property reassignment: $(ResolveAssemblyReferencesDependsOn)="
             
             
             ResolveProjectReferences;
             FindInvalidProjectReferences;
             GetFrameworkPaths;
             GetReferenceAssemblyPaths;
             PrepareForBuild;
             ResolveSDKReferences;
             ExpandSDKReferences;
           ;
             ResolvePackageDependenciesForBuild;
             _HandlePackageFileConflicts;
           ;
             ResolveTargetingPackAssets;
           " (previous value: "
             
             ResolveProjectReferences;
             FindInvalidProjectReferences;
             GetFrameworkPaths;
             GetReferenceAssemblyPaths;
             PrepareForBuild;
             ResolveSDKReferences;
             ExpandSDKReferences;
           ;
             ResolvePackageDependenciesForBuild;
             _HandlePackageFileConflicts;
           ") at C:\Program Files\dotnet\sdk\8.0.400\Sdks\Microsoft.NET.Sdk\targets\Microsoft.NET.Sdk.FrameworkReferenceResolution.targets (14,5)
       Property reassignment: $(_GenerateRuntimeConfigurationPropertyInputsCache)="C:\Users\NoahR\OneDrive\Desktop\Jarvis\src\Jarvis.Core\obj\Debug\net8.0\Jarvis.Core.genruntimeconfig.cache" (previous value: "obj\Debug\net8.0\Jarvis.Core.genruntimeconfig.cache") at C:\Program Files\dotnet\sdk\8.0.400\Sdks\Microsoft.NET.Sdk\targets\Microsoft.NET.Sdk.targets (44,5)
       Property reassignment: $(_GeneratePublishDependencyFilePropertyInputsCache)="C:\Users\NoahR\OneDrive\Desktop\Jarvis\src\Jarvis.Core\obj\Debug\net8.0\Jarvis.Core.genpublishdeps.cache" (previous value: "obj\Debug\net8.0\Jarvis.Core.genpublishdeps.cache") at C:\Program Files\dotnet\sdk\8.0.400\Sdks\Microsoft.NET.Sdk\targets\Microsoft.NET.Sdk.targets (46,5)
       Property reassignment: $(_GenerateSingleFileBundlePropertyInputsCache)="C:\Users\NoahR\OneDrive\Desktop\Jarvis\src\Jarvis.Core\obj\Debug\net8.0\Jarvis.Core.genbundle.cache" (previous value: "obj\Debug\net8.0\Jarvis.Core.genbundle.cache") at C:\Program Files\dotnet\sdk\8.0.400\Sdks\Microsoft.NET.Sdk\targets\Microsoft.NET.Sdk.targets (48,5)
       Property reassignment: $(GenerateRuntimeConfigDevFile)="false" (previous value: "true") at C:\Program Files\dotnet\sdk\8.0.400\Sdks\Microsoft.NET.Sdk\targets\Microsoft.NET.Sdk.targets (81,5)
       Property reassignment: $(_DefaultUserProfileRuntimeStorePath)="C:\Users\NoahR" (previous value: "") at C:\Program Files\dotnet\sdk\8.0.400\Sdks\Microsoft.NET.Sdk\targets\Microsoft.NET.Sdk.targets (97,5)
       Property reassignment: $(_DefaultUserProfileRuntimeStorePath)="C:\Users\NoahR\.dotnet\store" (previous value: "C:\Users\NoahR") at C:\Program Files\dotnet\sdk\8.0.400\Sdks\Microsoft.NET.Sdk\targets\Microsoft.NET.Sdk.targets (98,5)
   2:6>CoreClean:
         Deleting file "C:\Users\NoahR\OneDrive\Desktop\Jarvis\src\Jarvis.App\bin\Debug\net8.0-windows\NAudio.Midi.dll".
     0>Property reassignment: $(AvailablePlatforms)="Any CPU,x86,x64,ARM32" (previous value: "Any CPU,x86,x64") at C:\Program Files\dotnet\sdk\8.0.400\Sdks\Microsoft.NET.Sdk\targets\Microsoft.NET.Sdk.targets (136,5)
       Property reassignment: $(AvailablePlatforms)="Any CPU,x86,x64,ARM32,ARM64" (previous value: "Any CPU,x86,x64,ARM32") at C:\Program Files\dotnet\sdk\8.0.400\Sdks\Microsoft.NET.Sdk\targets\Microsoft.NET.Sdk.targets (140,5)
       Property reassignment: $(CoreBuildDependsOn)="
             _CheckForBuildWithNoBuild;
             
             BuildOnlySettings;
             PrepareForBuild;
             PreBuildEvent;
             ResolveReferences;
             PrepareResources;
             ResolveKeySource;
             Compile;
             ExportWindowsMDFile;
             UnmanagedUnregistration;
             GenerateSerializationAssemblies;
             CreateSatelliteAssemblies;
             GenerateManifests;
             GetTargetPath;
             PrepareForRun;
             UnmanagedRegistration;
             IncrementalClean;
             PostBuildEvent
           ;
             GenerateBuildDependencyFile;
             GenerateBuildRuntimeConfigurationFiles
           " (previous value: "
             BuildOnlySettings;
             PrepareForBuild;
             PreBuildEvent;
             ResolveReferences;
             PrepareResources;
             ResolveKeySource;
             Compile;
             ExportWindowsMDFile;
             UnmanagedUnregistration;
             GenerateSerializationAssemblies;
             CreateSatelliteAssemblies;
             GenerateManifests;
             GetTargetPath;
             PrepareForRun;
             UnmanagedRegistration;
             IncrementalClean;
             PostBuildEvent
           ") at C:\Program Files\dotnet\sdk\8.0.400\Sdks\Microsoft.NET.Sdk\targets\Microsoft.NET.Sdk.targets (197,5)
       Property reassignment: $(CoreCleanDependsOn)="
             _SdkBeforeClean;
             
           " (previous value: "") at C:\Program Files\dotnet\sdk\8.0.400\Sdks\Microsoft.NET.Sdk\targets\Microsoft.NET.Sdk.targets (206,5)
       Property reassignment: $(RebuildDependsOn)="
             _SdkBeforeRebuild;
             
             BeforeRebuild;
             Clean;
             Build;
             AfterRebuild;
           
           " (previous value: "
             BeforeRebuild;
             Clean;
             Build;
             AfterRebuild;
           ") at C:\Program Files\dotnet\sdk\8.0.400\Sdks\Microsoft.NET.Sdk\targets\Microsoft.NET.Sdk.targets (213,5)
       Property reassignment: $(CompileDependsOn)="
             
             ResolveReferences;
             ResolveKeySource;
             SetWin32ManifestProperties;
             _SetPreferNativeArm64Win32ManifestProperties;
             FindReferenceAssembliesForReferences;
             _GenerateCompileInputs;
             BeforeCompile;
             _TimeStampBeforeCompile;
             _GenerateCompileDependencyCache;
             CoreCompile;
             _TimeStampAfterCompile;
             AfterCompile;
           ;
             _CreateAppHost;
             _CreateComHost;
             _GetIjwHostPaths;
           " (previous value: "
             ResolveReferences;
             ResolveKeySource;
             SetWin32ManifestProperties;
             _SetPreferNativeArm64Win32ManifestProperties;
             FindReferenceAssembliesForReferences;
             _GenerateCompileInputs;
             BeforeCompile;
             _TimeStampBeforeCompile;
             _GenerateCompileDependencyCache;
             CoreCompile;
             _TimeStampAfterCompile;
             AfterCompile;
           ") at C:\Program Files\dotnet\sdk\8.0.400\Sdks\Microsoft.NET.Sdk\targets\Microsoft.NET.Sdk.targets (679,5)
       Property reassignment: $(CreateSatelliteAssembliesDependsOn)="
             
             ;
             _GenerateSatelliteAssemblyInputs;
             ComputeIntermediateSatelliteAssemblies;
             GenerateSatelliteAssemblies
           ;
             CoreGenerateSatelliteAssemblies
           " (previous value: "
             ;
             _GenerateSatelliteAssemblyInputs;
             ComputeIntermediateSatelliteAssemblies;
             GenerateSatelliteAssemblies
           ") at C:\Program Files\dotnet\sdk\8.0.400\Sdks\Microsoft.NET.Sdk\targets\Microsoft.NET.Sdk.targets (1065,5)
       Property reassignment: $(SourceLinkUrlInitializerTargets)=";_InitializeGitHubSourceLinkUrl;_InitializeGitLabSourceLinkUrl" (previous value: ";_InitializeGitHubSourceLinkUrl") at C:\Program Files\dotnet\sdk\8.0.400\Sdks\Microsoft.SourceLink.GitLab\build\Microsoft.SourceLink.GitLab.targets (12,5)
       Property reassignment: $(SourceControlManagerUrlTranslationTargets)=";TranslateGitHubUrlsInSourceControlInformation;TranslateGitLabUrlsInSourceControlInformation" (previous value: ";TranslateGitHubUrlsInSourceControlInformation") at C:\Program Files\dotnet\sdk\8.0.400\Sdks\Microsoft.SourceLink.GitLab\build\Microsoft.SourceLink.GitLab.targets (13,5)
       Property reassignment: $(SourceLinkUrlInitializerTargets)=";_InitializeGitHubSourceLinkUrl;_InitializeGitLabSourceLinkUrl;_InitializeAzureReposGitSourceLinkUrl" (previous value: ";_InitializeGitHubSourceLinkUrl;_InitializeGitLabSourceLinkUrl") at C:\Program Files\dotnet\sdk\8.0.400\Sdks\Microsoft.SourceLink.AzureRepos.Git\build\Microsoft.SourceLink.AzureRepos.Git.targets (12,5)
       Property reassignment: $(SourceControlManagerUrlTranslationTargets)=";TranslateGitHubUrlsInSourceControlInformation;TranslateGitLabUrlsInSourceControlInformation;TranslateAzureReposGitUrlsInSourceControlInformation" (previous value: ";TranslateGitHubUrlsInSourceControlInformation;TranslateGitLabUrlsInSourceControlInformation") at C:\Program Files\dotnet\sdk\8.0.400\Sdks\Microsoft.SourceLink.AzureRepos.Git\build\Microsoft.SourceLink.AzureRepos.Git.targets (13,5)
       Property reassignment: $(SourceLinkUrlInitializerTargets)=";_InitializeGitHubSourceLinkUrl;_InitializeGitLabSourceLinkUrl;_InitializeAzureReposGitSourceLinkUrl;_InitializeBitbucketGitSourceLinkUrl" (previous value: ";_InitializeGitHubSourceLinkUrl;_InitializeGitLabSourceLinkUrl;_InitializeAzureReposGitSourceLinkUrl") at C:\Program Files\dotnet\sdk\8.0.400\Sdks\Microsoft.SourceLink.Bitbucket.Git\build\Microsoft.SourceLink.Bitbucket.Git.targets (12,5)
       Property reassignment: $(SourceControlManagerUrlTranslationTargets)=";TranslateGitHubUrlsInSourceControlInformation;TranslateGitLabUrlsInSourceControlInformation;TranslateAzureReposGitUrlsInSourceControlInformation;TranslateBitbucketGitUrlsInSourceControlInformation" (previous value: ";TranslateGitHubUrlsInSourceControlInformation;TranslateGitLabUrlsInSourceControlInformation;TranslateAzureReposGitUrlsInSourceControlInformation") at C:\Program Files\dotnet\sdk\8.0.400\Sdks\Microsoft.SourceLink.Bitbucket.Git\build\Microsoft.SourceLink.Bitbucket.Git.targets (13,5)
       Property reassignment: $(DesignerRuntimeImplementationProjectOutputGroupDependsOn)="
             
             ;
             
             ;
             BuildOnlySettings;
             PrepareForBuild;
             AssignTargetPaths;
             ResolveReferences
           
           ;
             _GenerateDesignerDepsFile;
             _GenerateDesignerRuntimeConfigFile;
             GetCopyToOutputDirectoryItems;
             _GatherDesignerShadowCopyFiles;
           " (previous value: "
             ;
             
             ;
             BuildOnlySettings;
             PrepareForBuild;
             AssignTargetPaths;
             ResolveReferences
           
           ") at C:\Program Files\dotnet\sdk\8.0.400\Sdks\Microsoft.NET.Sdk\targets\Microsoft.NET.DesignerSupport.targets (21,5)
       Property reassignment: $(_GenerateToolsSettingsFileCacheFile)="C:\Users\NoahR\OneDrive\Desktop\Jarvis\src\Jarvis.Core\obj\Debug\net8.0\Jarvis.Core.toolssettingsinput.cache" (previous value: "obj\Debug\net8.0\Jarvis.Core.toolssettingsinput.cache") at C:\Program Files\dotnet\sdk\8.0.400\Sdks\Microsoft.NET.Sdk\targets\Microsoft.NET.PackTool.targets (68,5)
       Property reassignment: $(_ShimInputCacheFile)="C:\Users\NoahR\OneDrive\Desktop\Jarvis\src\Jarvis.Core\obj\Debug\net8.0\Jarvis.Core.shiminput.cache" (previous value: "obj\Debug\net8.0\Jarvis.Core.shiminput.cache") at C:\Program Files\dotnet\sdk\8.0.400\Sdks\Microsoft.NET.Sdk\targets\Microsoft.NET.PackTool.targets (137,5)
       Property reassignment: $(_ShimCreatedSentinelFile)="C:\Users\NoahR\OneDrive\Desktop\Jarvis\src\Jarvis.Core\obj\Debug\net8.0\Jarvis.Core.shimcreated.sentinel" (previous value: "obj\Debug\net8.0\Jarvis.Core.shimcreated.sentinel") at C:\Program Files\dotnet\sdk\8.0.400\Sdks\Microsoft.NET.Sdk\targets\Microsoft.NET.PackTool.targets (139,5)
   2:6>CoreClean:
         Deleting file "C:\Users\NoahR\OneDrive\Desktop\Jarvis\src\Jarvis.App\bin\Debug\net8.0-windows\NAudio.Wasapi.dll".
     0>Property reassignment: $(DefineConstants)="TRACE;DEBUG" (previous value: "TRACE") at C:\Program Files\dotnet\sdk\8.0.400\Sdks\Microsoft.NET.Sdk\targets\Microsoft.NET.Sdk.CSharp.targets (31,5)
       Property reassignment: $(DefineConstants)="TRACE;DEBUG;NET;NET8_0;NETCOREAPP" (previous value: "TRACE;DEBUG") at C:\Program Files\dotnet\sdk\8.0.400\Sdks\Microsoft.NET.Sdk\targets\Microsoft.NET.Sdk.CSharp.targets (34,5)
       Property reassignment: $(WarningsAsErrors)=";NU1605;SYSLIB0011" (previous value: ";NU1605") at C:\Program Files\dotnet\sdk\8.0.400\Sdks\Microsoft.NET.Sdk\targets\Microsoft.NET.Sdk.CSharp.targets (48,5)
       Property reassignment: $(PackageDescription)="Package Description" (previous value: "") at C:\Program Files\dotnet\sdk\8.0.400\Sdks\NuGet.Build.Tasks.Pack\build\NuGet.Build.Tasks.Pack.targets (34,5)
       Property reassignment: $(GenerateNuspecDependsOn)="Build;_LoadPackInputItems; _GetTargetFrameworksOutput; _WalkEachTargetPerFramework; _GetPackageFiles; " (previous value: "_LoadPackInputItems; _GetTargetFrameworksOutput; _WalkEachTargetPerFramework; _GetPackageFiles; ") at C:\Program Files\dotnet\sdk\8.0.400\Sdks\NuGet.Build.Tasks.Pack\build\NuGet.Build.Tasks.Pack.targets (59,5)
   2:6>CoreClean:
         Deleting file "C:\Users\NoahR\OneDrive\Desktop\Jarvis\src\Jarvis.App\bin\Debug\net8.0-windows\NAudio.WinForms.dll".
     0>Property reassignment: $(_IsSDKContainerAllowedVersion)="true" (previous value: "false") at C:\Program Files\dotnet\sdk\8.0.400\Containers\build\Microsoft.NET.Build.Containers.targets (5,5)
       Property reassignment: $(_ContainerIsTargetingNet8TFM)="true" (previous value: "false") at C:\Program Files\dotnet\sdk\8.0.400\Containers\build\Microsoft.NET.Build.Containers.targets (15,5)
   2:6>CoreClean:
         Deleting file "C:\Users\NoahR\OneDrive\Desktop\Jarvis\src\Jarvis.App\bin\Debug\net8.0-windows\NAudio.WinMM.dll".
         Deleting file "C:\Users\NoahR\OneDrive\Desktop\Jarvis\src\Jarvis.App\obj\Debug\net8.0-windows\Jarvis.App.csproj.AssemblyReference.cache".
         Deleting file "C:\Users\NoahR\OneDrive\Desktop\Jarvis\src\Jarvis.App\obj\Debug\net8.0-windows\Jarvis.App.GeneratedMSBuildEditorConfig.editorconfig".
         Deleting file "C:\Users\NoahR\OneDrive\Desktop\Jarvis\src\Jarvis.App\obj\Debug\net8.0-windows\Jarvis.App.AssemblyInfoInputs.cache".
         Deleting file "C:\Users\NoahR\OneDrive\Desktop\Jarvis\src\Jarvis.App\obj\Debug\net8.0-windows\Jarvis.App.AssemblyInfo.cs".
         Deleting file "C:\Users\NoahR\OneDrive\Desktop\Jarvis\src\Jarvis.App\obj\Debug\net8.0-windows\Jarvis.App.csproj.CoreCompileInputs.cache".
         Deleting file "C:\Users\NoahR\OneDrive\Desktop\Jarvis\src\Jarvis.App\obj\Debug\net8.0-windows\Jarvis.App.csproj.Up2Date".
         Deleting file "C:\Users\NoahR\OneDrive\Desktop\Jarvis\src\Jarvis.App\obj\Debug\net8.0-windows\Jarvis.App.dll".
         Deleting file "C:\Users\NoahR\OneDrive\Desktop\Jarvis\src\Jarvis.App\obj\Debug\net8.0-windows\refint\Jarvis.App.dll".
         Deleting file "C:\Users\NoahR\OneDrive\Desktop\Jarvis\src\Jarvis.App\obj\Debug\net8.0-windows\Jarvis.App.pdb".
         Deleting file "C:\Users\NoahR\OneDrive\Desktop\Jarvis\src\Jarvis.App\obj\Debug\net8.0-windows\Jarvis.App.genruntimeconfig.cache".
         Deleting file "C:\Users\NoahR\OneDrive\Desktop\Jarvis\src\Jarvis.App\obj\Debug\net8.0-windows\ref\Jarvis.App.dll".
       Done executing task "Delete".
       Task "RemoveDuplicates"
       Done executing task "RemoveDuplicates".
       Using "MakeDir" task from assembly "Microsoft.Build.Tasks.Core, Version=15.1.0.0, Culture=neutral, PublicKeyToken=b03f5f7f11d50a3a".
       Task "MakeDir"
       Done executing task "MakeDir".
       Using "WriteLinesToFile" task from assembly "Microsoft.Build.Tasks.Core, Version=15.1.0.0, Culture=neutral, PublicKeyToken=b03f5f7f11d50a3a".
       Task "WriteLinesToFile"
     0>Overriding target "ResolveFrameworkReferences" in project "C:\Program Files\dotnet\sdk\8.0.400\Microsoft.Common.CurrentVersion.targets" with target "ResolveFrameworkReferences" from project "C:\Program Files\dotnet\sdk\8.0.400\Sdks\Microsoft.NET.Sdk\targets\Microsoft.NET.Sdk.FrameworkReferenceResolution.targets".
       Overriding target "Run" in project "C:\Program Files\dotnet\sdk\8.0.400\Microsoft.Common.CurrentVersion.targets" with target "Run" from project "C:\Program Files\dotnet\sdk\8.0.400\Sdks\Microsoft.NET.Sdk\targets\Microsoft.NET.Sdk.targets".
       Overriding target "GenerateSupportedTargetFrameworkAlias" in project "C:\Program Files\dotnet\sdk\8.0.400\Microsoft.Common.CurrentVersion.targets" with target "GenerateSupportedTargetFrameworkAlias" from project "C:\Program Files\dotnet\sdk\8.0.400\Sdks\Microsoft.NET.Sdk\targets\Microsoft.NET.Sdk.targets".
       Overriding target "GetReferenceAssemblyPaths" in project "C:\Program Files\dotnet\sdk\8.0.400\Microsoft.Common.CurrentVersion.targets" with target "GetReferenceAssemblyPaths" from project "C:\Program Files\dotnet\sdk\8.0.400\Sdks\Microsoft.NET.Sdk\targets\Microsoft.NET.DisableStandardFrameworkResolution.targets".
       Overriding target "GetFrameworkPaths" in project "C:\Program Files\dotnet\sdk\8.0.400\Microsoft.Common.CurrentVersion.targets" with target "GetFrameworkPaths" from project "C:\Program Files\dotnet\sdk\8.0.400\Sdks\Microsoft.NET.Sdk\targets\Microsoft.NET.DisableStandardFrameworkResolution.targets".
       Overriding target "DesignerRuntimeImplementationProjectOutputGroup" in project "C:\Program Files\dotnet\sdk\8.0.400\Microsoft.Common.CurrentVersion.targets" with target "DesignerRuntimeImplementationProjectOutputGroup" from project "C:\Program Files\dotnet\sdk\8.0.400\Sdks\Microsoft.NET.Sdk\targets\Microsoft.NET.DesignerSupport.targets".
       Overriding target "Publish" in project "C:\Program Files\dotnet\sdk\8.0.400\Microsoft.Common.CurrentVersion.targets" with target "Publish" from project "C:\Program Files\dotnet\sdk\8.0.400\Sdks\Microsoft.NET.Sdk\targets\Microsoft.NET.Publish.targets".
       Overriding target "ResolveReadyToRunCompilers" in project "C:\Program Files\dotnet\sdk\8.0.400\Sdks\Microsoft.NET.Sdk\targets\Microsoft.NET.CrossGen.targets" with target "ResolveReadyToRunCompilers" from project "C:\Program Files\dotnet\sdk\8.0.400\Sdks\Microsoft.NET.Sdk\targets\Microsoft.NET.Publish.targets".
       Overriding target "GetCopyToPublishDirectoryItems" in project "C:\Program Files\dotnet\sdk\8.0.400\Microsoft.Common.CurrentVersion.targets" with target "GetCopyToPublishDirectoryItems" from project "C:\Program Files\dotnet\sdk\8.0.400\Sdks\Microsoft.NET.Sdk\targets\Microsoft.NET.Publish.targets".
   2:6>Done executing task "WriteLinesToFile".
   2:6>Done building target "CoreClean" in project "Jarvis.App.csproj".
   2:6>Target "IgnoreJavaScriptOutputAssembly" in file "C:\Program Files\dotnet\sdk\8.0.400\Microsoft.Common.CurrentVersion.targets" from project "C:\Users\NoahR\OneDrive\Desktop\Jarvis\src\Jarvis.App\Jarvis.App.csproj" (target "AssignProjectConfiguration" depends on it):
   2:6>Done building target "IgnoreJavaScriptOutputAssembly" in project "Jarvis.App.csproj".
       Target "ProcessFrameworkReferences" skipped. Previously built successfully.
   2:6>Target "_DefaultMicrosoftNETPlatformLibrary" in file "C:\Program Files\dotnet\sdk\8.0.400\Sdks\Microsoft.NET.Sdk\targets\Microsoft.NET.Sdk.Shared.targets" from project "C:\Users\NoahR\OneDrive\Desktop\Jarvis\src\Jarvis.App\Jarvis.App.csproj" (target "ResolvePackageAssets" depends on it):
   2:6>Done building target "_DefaultMicrosoftNETPlatformLibrary" in project "Jarvis.App.csproj".
   2:6>Target "_ComputePackageReferencePublish" in file "C:\Program Files\dotnet\sdk\8.0.400\Sdks\Microsoft.NET.Sdk\targets\Microsoft.NET.Sdk.Shared.targets" from project "C:\Users\NoahR\OneDrive\Desktop\Jarvis\src\Jarvis.App\Jarvis.App.csproj" (target "ResolvePackageAssets" depends on it):
   2:6>Done building target "_ComputePackageReferencePublish" in project "Jarvis.App.csproj".
       Target "_ResolveCompilerVersion" skipped, due to false condition; ('$(CompilerApiVersion)' == '' And
                            ('$(Language)' == 'C#' Or '$(Language)' == 'VB') And
                            Exists('$(RoslynTargetsPath)\Microsoft.Build.Tasks.CodeAnalysis.dll')) was evaluated as ('roslyn4.11' == '' And
                            ('C#' == 'C#' Or 'C#' == 'VB') And
                            Exists('C:\Program Files\dotnet\sdk\8.0.400\Roslyn\Microsoft.Build.Tasks.CodeAnalysis.dll')).
   2:6>Target "ResolvePackageAssets" in file "C:\Program Files\dotnet\sdk\8.0.400\Sdks\Microsoft.NET.Sdk\targets\Microsoft.PackageDependencyResolution.targets" from project "C:\Users\NoahR\OneDrive\Desktop\Jarvis\src\Jarvis.App\Jarvis.App.csproj" (target "ResolveLockFileReferences" depends on it):
       Using "ResolvePackageAssets" task from assembly "C:\Program Files\dotnet\sdk\8.0.400\Sdks\Microsoft.NET.Sdk\targets\..\tools\net8.0\Microsoft.NET.Build.Tasks.dll".
       Task "ResolvePackageAssets"
   1:2>Project "C:\Users\NoahR\OneDrive\Desktop\Jarvis\Jarvis.sln" (1:2) is building "C:\Users\NoahR\OneDrive\Desktop\Jarvis\src\Jarvis.Core\Jarvis.Core.csproj" (3:7) on node 1 (Rebuild target(s)).
   3:7>Target "_CheckForUnsupportedTargetFramework" skipped, due to false condition; ('$(_UnsupportedTargetFrameworkError)' == 'true') was evaluated as ('' == 'true').
   3:7>Target "_CollectTargetFrameworkForTelemetry" in file "C:\Program Files\dotnet\sdk\8.0.400\Sdks\Microsoft.NET.Sdk\targets\Microsoft.NET.TargetFrameworkInference.targets" from project "C:\Users\NoahR\OneDrive\Desktop\Jarvis\src\Jarvis.Core\Jarvis.Core.csproj" (target "_CheckForInvalidConfigurationAndPlatform" depends on it):
       Using "AllowEmptyTelemetry" task from assembly "C:\Program Files\dotnet\sdk\8.0.400\Sdks\Microsoft.NET.Sdk\targets\..\tools\net8.0\Microsoft.NET.Build.Tasks.dll".
       Task "AllowEmptyTelemetry"
       Done executing task "AllowEmptyTelemetry".
   3:7>Done building target "_CollectTargetFrameworkForTelemetry" in project "Jarvis.Core.csproj".
       Target "_CheckForUnsupportedTargetPlatformIdentifier" skipped, due to false condition; ('$(TargetPlatformIdentifier)' != '' and '$(TargetFrameworkIdentifier)' == '.NETCoreApp' and $([MSBuild]::VersionGreaterThanOrEquals($(TargetFrameworkVersion), 5.0)) And ('$(DesignTimeBuild)' != 'true' Or '@(MissingWorkloadPack)' == '')) was evaluated as ('' != '' and '.NETCoreApp' == '.NETCoreApp' and True And ('' != 'true' Or '' == '')).
       Target "_CheckForMissingWorkload" skipped, due to false condition; ('@(MissingWorkloadPack)' != '' And '$(DesignTimeBuild)' != 'true') was evaluated as ('' != '' And '' != 'true').
   3:7>Target "_CheckForUnsupportedNETCoreVersion" in file "C:\Program Files\dotnet\sdk\8.0.400\Sdks\Microsoft.NET.Sdk\targets\Microsoft.NET.TargetFrameworkInference.targets" from project "C:\Users\NoahR\OneDrive\Desktop\Jarvis\src\Jarvis.Core\Jarvis.Core.csproj" (target "_CheckForInvalidConfigurationAndPlatform" depends on it):
       Task "NETSdkError" skipped, due to false condition; ('$(_TargetFrameworkVersionWithoutV)' > '$(NETCoreAppMaximumVersion)' and '$(DisplayVSMessage)' != 'true') was evaluated as ('8.0' > '8.0' and '' != 'true').
       Task "NETSdkError" skipped, due to false condition; ('$(DisplayVSMessage)' == 'true') was evaluated as ('' == 'true').
   3:7>Done building target "_CheckForUnsupportedNETCoreVersion" in project "Jarvis.Core.csproj".
       Target "_CheckForEolTargetFrameworks" skipped, due to false condition; ('@(_EolNetCoreTargetFrameworkVersions->AnyHaveMetadataValue('Identity', '$(_TargetFrameworkVersionWithoutV)'))' and '$(TargetFrameworkIdentifier)' == '.NETCoreApp' and '$(CheckEolTargetFramework)' == 'true') was evaluated as ('false' and '.NETCoreApp' == '.NETCoreApp' and '' == 'true').
       Target "_CheckForEolWorkloads" skipped, due to false condition; ('@(EolWorkload)' != '' and '$(CheckEolWorkloads)' == 'true') was evaluated as ('' != '' and 'true' == 'true').
   3:7>Target "_CheckForUnsupportedCppNETCoreVersion" in file "C:\Program Files\dotnet\sdk\8.0.400\Sdks\Microsoft.NET.Sdk\targets\Microsoft.NET.TargetFrameworkInference.targets" from project "C:\Users\NoahR\OneDrive\Desktop\Jarvis\src\Jarvis.Core\Jarvis.Core.csproj" (target "_CheckForInvalidConfigurationAndPlatform" depends on it):
       Task "NETSdkError" skipped, due to false condition; ('$(TargetFrameworkIdentifier)' == '.NETCoreApp' and '$(_TargetFrameworkVersionWithoutV)' < '3.1' and ('$(Language)' == 'C++' and '$(_EnablePackageReferencesInVCProjects)' != 'true')) was evaluated as ('.NETCoreApp' == '.NETCoreApp' and '8.0' < '3.1' and ('C#' == 'C++' and '' != 'true')).
   3:7>Done building target "_CheckForUnsupportedCppNETCoreVersion" in project "Jarvis.Core.csproj".
       Target "_CheckForUnsupportedNETStandardVersion" skipped, due to false condition; ('$(TargetFrameworkIdentifier)' == '.NETStandard' And '$(NETStandardMaximumVersion)' != '') was evaluated as ('.NETCoreApp' == '.NETStandard' And '' != '').
       Target "_CheckForUnsupportedTargetFrameworkAndFeatureCombination" skipped, due to false condition; ('$(TargetFrameworkIdentifier)' == '.NETFramework') was evaluated as ('.NETCoreApp' == '.NETFramework').
       Target "_CheckForSupportedOSPlatformVersionHigherThanTargetPlatformVersion" skipped, due to false condition; ('$(TargetPlatformVersion)' != '' and '$(TargetFrameworkIdentifier)' == '.NETCoreApp' and $([MSBuild]::VersionGreaterThanOrEquals($(TargetFrameworkVersion), 5.0))) was evaluated as ('' != '' and '.NETCoreApp' == '.NETCoreApp' and True).
       Target "_CheckForInvalidTargetPlatformVersion" skipped, due to false condition; ('$(TargetPlatformVersion)' != '' and '$(TargetFrameworkIdentifier)' == '.NETCoreApp' and $([MSBuild]::VersionGreaterThanOrEquals($(TargetFrameworkVersion), 5.0)) and ('$(Language)' != 'C++' or '$(_EnablePackageReferencesInVCProjects)' == 'true')) was evaluated as ('' != '' and '.NETCoreApp' == '.NETCoreApp' and True and ('C#' != 'C++' or '' == 'true')).
   3:7>Target "_CheckForUnsupportedArtifactsPath" in file "C:\Program Files\dotnet\sdk\8.0.400\Sdks\Microsoft.NET.Sdk\targets\Microsoft.NET.DefaultOutputPaths.targets" from project "C:\Users\NoahR\OneDrive\Desktop\Jarvis\src\Jarvis.Core\Jarvis.Core.csproj" (target "_CheckForInvalidConfigurationAndPlatform" depends on it):
       Task "NetSdkError" skipped, due to false condition; ('$(UseArtifactsOutput)' == 'true' and '$(_ArtifactsPathSetEarly)' != 'true') was evaluated as ('' == 'true' and '' != 'true').
       Task "NetSdkError" skipped, due to false condition; ('$(_ArtifactsPathLocationType)' == 'ProjectFolder') was evaluated as ('' == 'ProjectFolder').
   3:7>Done building target "_CheckForUnsupportedArtifactsPath" in project "Jarvis.Core.csproj".
   2:6>Done executing task "ResolvePackageAssets".
   3:7>Target "_CheckForMissingWorkload" skipped, due to false condition; ('@(MissingWorkloadPack)' != '' And '$(DesignTimeBuild)' != 'true') was evaluated as ('' != '' And '' != 'true').
       Target "_CheckForUnsupportedAppHostUsage" skipped, due to false condition; ('$(TargetFrameworkIdentifier)' == '.NETCoreApp' and '$(HasRuntimeOutput)' == 'true') was evaluated as ('.NETCoreApp' == '.NETCoreApp' and '' == 'true').
   2:6>Done building target "ResolvePackageAssets" in project "Jarvis.App.csproj".
       Target "AdjustDefaultPlatformTargetForNetFrameworkExeWithNoNativeCopyLocalItems" skipped, due to false condition; ('$(_UsingDefaultPlatformTarget)' == 'true' and
                            '$(_UsingDefaultRuntimeIdentifier)' == 'true') was evaluated as ('true' == 'true' and
                            '' == 'true').
   3:7>Target "_CheckForUnsupportedHostingUsage" in file "C:\Program Files\dotnet\sdk\8.0.400\Sdks\Microsoft.NET.Sdk\targets\Microsoft.NET.RuntimeIdentifierInference.targets" from project "C:\Users\NoahR\OneDrive\Desktop\Jarvis\src\Jarvis.Core\Jarvis.Core.csproj" (target "_CheckForInvalidConfigurationAndPlatform" depends on it):
   3:7>Task "NETSdkWarning" skipped, due to false condition; ('$(SelfContained)' == 'true' and '$(EnableComHosting)' == 'true') was evaluated as ('' == 'true' and '' == 'true').
   3:7>Done building target "_CheckForUnsupportedHostingUsage" in project "Jarvis.Core.csproj".
   2:6>Target "_CheckForTransitiveWindowsDesktopDependencies" skipped, due to false condition; ('$(TargetFrameworkIdentifier)' == '.NETCoreApp' and $([MSBuild]::VersionGreaterThanOrEquals($(_TargetFrameworkVersionWithoutV), '5.0')) and '$(TargetPlatformIdentifier)' != 'Windows' and '@(TransitiveFrameworkReference)' != '') was evaluated as ('.NETCoreApp' == '.NETCoreApp' and True and 'Windows' != 'Windows' and 'Microsoft.WindowsDesktop.App.WindowsForms' != '').
   3:7>Target "_CheckAndUnsetUnsupportedPrefer32Bit" in file "C:\Program Files\dotnet\sdk\8.0.400\Sdks\Microsoft.NET.Sdk\targets\Microsoft.NET.RuntimeIdentifierInference.targets" from project "C:\Users\NoahR\OneDrive\Desktop\Jarvis\src\Jarvis.Core\Jarvis.Core.csproj" (target "_CheckForInvalidConfigurationAndPlatform" depends on it):
   3:7>Task "NETSdkWarning" skipped, due to false condition; ('$(Prefer32Bit)' == 'true') was evaluated as ('false' == 'true').
   3:7>Done building target "_CheckAndUnsetUnsupportedPrefer32Bit" in project "Jarvis.Core.csproj".
       Target "_CheckForMismatchingPlatform" skipped, due to false condition; ('$(RuntimeIdentifier)' != '' and '$(PlatformTarget)' != '') was evaluated as ('' != '' and '' != '').
   3:7>Target "_CheckForLanguageAndFeatureCombinationSupport" in file "C:\Program Files\dotnet\sdk\8.0.400\Sdks\Microsoft.NET.Sdk\targets\Microsoft.NET.RuntimeIdentifierInference.targets" from project "C:\Users\NoahR\OneDrive\Desktop\Jarvis\src\Jarvis.Core\Jarvis.Core.csproj" (target "_CheckForInvalidConfigurationAndPlatform" depends on it):
       Task "NETSdkError" skipped, due to false condition; (('$(Language)' == 'C++' and '$(_EnablePackageReferencesInVCProjects)' != 'true') and $(OutputType) != 'library' and '$(TargetFrameworkIdentifier)' == '.NETCoreApp') was evaluated as (('C#' == 'C++' and '' != 'true') and Library != 'library' and '.NETCoreApp' == '.NETCoreApp').
       Task "NETSdkError" skipped, due to false condition; (('$(Language)' == 'C++' and '$(_EnablePackageReferencesInVCProjects)' != 'true') and $(EnableComHosting) == 'true') was evaluated as (('C#' == 'C++' and '' != 'true') and  == 'true').
       Task "NETSdkError" skipped, due to false condition; (('$(Language)' == 'C++' and '$(_EnablePackageReferencesInVCProjects)' != 'true') and $(SelfContained) == 'true') was evaluated as (('C#' == 'C++' and '' != 'true') and  == 'true').
   3:7>Done building target "_CheckForLanguageAndFeatureCombinationSupport" in project "Jarvis.Core.csproj".
   2:6>Target "AddTransitiveFrameworkReferences" in file "C:\Program Files\dotnet\sdk\8.0.400\Sdks\Microsoft.NET.Sdk\targets\Microsoft.NET.Sdk.FrameworkReferenceResolution.targets" from project "C:\Users\NoahR\OneDrive\Desktop\Jarvis\src\Jarvis.App\Jarvis.App.csproj" (target "ResolveLockFileReferences" depends on it):
   2:6>Done building target "AddTransitiveFrameworkReferences" in project "Jarvis.App.csproj".
   3:7>Target "_CheckForNETCoreSdkIsPreview" skipped, due to false condition; ( '$(_NETCoreSdkIsPreview)' == 'true' AND '$(SuppressNETCoreSdkPreviewMessage)' != 'true' ) was evaluated as ( 'false' == 'true' AND '' != 'true' ).
   3:7>Target "_GetProjectJsonPath" in file "C:\Program Files\dotnet\sdk\8.0.400\NuGet.targets" from project "C:\Users\NoahR\OneDrive\Desktop\Jarvis\src\Jarvis.Core\Jarvis.Core.csproj" (target "_GetRestoreProjectStyle" depends on it):
       Task "GetRestoreProjectJsonPathTask" skipped, due to false condition; ( '$(RestoreProjectStyle)' == 'ProjectJson' OR '$(RestoreProjectStyle)' == '' ) was evaluated as ( 'PackageReference' == 'ProjectJson' OR 'PackageReference' == '' ).
   3:7>Done building target "_GetProjectJsonPath" in project "Jarvis.Core.csproj".
       Target "_CheckForUnsupportedTargetPlatformIdentifier" skipped, due to false condition; ('$(TargetPlatformIdentifier)' != '' and '$(TargetFrameworkIdentifier)' == '.NETCoreApp' and $([MSBuild]::VersionGreaterThanOrEquals($(TargetFrameworkVersion), 5.0)) And ('$(DesignTimeBuild)' != 'true' Or '@(MissingWorkloadPack)' == '')) was evaluated as ('' != '' and '.NETCoreApp' == '.NETCoreApp' and True And ('' != 'true' Or '' == '')).
       Target "_CheckForMissingWorkload" skipped, due to false condition; ('@(MissingWorkloadPack)' != '' And '$(DesignTimeBuild)' != 'true') was evaluated as ('' != '' And '' != 'true').
       Target "_CheckForUnsupportedNETStandardVersion" skipped, due to false condition; ('$(TargetFrameworkIdentifier)' == '.NETStandard' And '$(NETStandardMaximumVersion)' != '') was evaluated as ('.NETCoreApp' == '.NETStandard' And '' != '').
   2:6>Target "ResolveLockFileReferences" in file "C:\Program Files\dotnet\sdk\8.0.400\Sdks\Microsoft.NET.Sdk\targets\Microsoft.PackageDependencyResolution.targets" from project "C:\Users\NoahR\OneDrive\Desktop\Jarvis\src\Jarvis.App\Jarvis.App.csproj" (target "ResolvePackageDependenciesForBuild" depends on it):
   2:6>Using "JoinItems" task from assembly "C:\Program Files\dotnet\sdk\8.0.400\Sdks\Microsoft.NET.Sdk\targets\..\tools\net8.0\Microsoft.NET.Build.Tasks.dll".
   3:7>Target "_CheckForUnsupportedTargetFrameworkAndFeatureCombination" skipped, due to false condition; ('$(TargetFrameworkIdentifier)' == '.NETFramework') was evaluated as ('.NETCoreApp' == '.NETFramework').
       Target "ApplyImplicitVersions" skipped, due to false condition; ('@(PackageReference)' != '') was evaluated as ('' != '').
       Target "IncludeTargetingPackReference" skipped, due to false condition; ('$(TargetFrameworkMoniker)' != '' and '$(TargetFrameworkIdentifier)' == '.NETFramework' and '$(AutomaticallyUseReferenceAssemblyPackages)' == 'true') was evaluated as ('.NETCoreApp,Version=v8.0' != '' and '.NETCoreApp' == '.NETFramework' and 'true' == 'true').
   2:6>Task "JoinItems"
       Done executing task "JoinItems".
   3:7>Target "CheckForImplicitPackageReferenceOverrides" in file "C:\Program Files\dotnet\sdk\8.0.400\Sdks\Microsoft.NET.Sdk\targets\Microsoft.NET.Sdk.DefaultItems.Shared.targets" from project "C:\Users\NoahR\OneDrive\Desktop\Jarvis\src\Jarvis.Core\Jarvis.Core.csproj" (target "CollectPackageReferences" depends on it):
   3:7>Using "CheckForImplicitPackageReferenceOverrides" task from assembly "C:\Program Files\dotnet\sdk\8.0.400\Sdks\Microsoft.NET.Sdk\targets\..\tools\net8.0\Microsoft.NET.Build.Tasks.dll".
       Task "CheckForImplicitPackageReferenceOverrides"
   2:6>Done building target "ResolveLockFileReferences" in project "Jarvis.App.csproj".
       Target "ResolvePackageAssets" skipped. Previously built successfully.
   2:6>Target "ResolveLockFileAnalyzers" in file "C:\Program Files\dotnet\sdk\8.0.400\Sdks\Microsoft.NET.Sdk\targets\Microsoft.PackageDependencyResolution.targets" from project "C:\Users\NoahR\OneDrive\Desktop\Jarvis\src\Jarvis.App\Jarvis.App.csproj" (target "ResolvePackageDependenciesForBuild" depends on it):
   2:6>Done building target "ResolveLockFileAnalyzers" in project "Jarvis.App.csproj".
       Target "ResolvePackageAssets" skipped. Previously built successfully.
       Target "RunProduceContentAssets" skipped, due to false condition; ('@(_ContentFilesToPreprocess)' != '' and '$(_CleaningWithoutRebuilding)' != 'true') was evaluated as ('' != '' and 'false' != 'true').
   3:7>Done executing task "CheckForImplicitPackageReferenceOverrides".
   2:6>Target "ResolveLockFileCopyLocalFiles" in file "C:\Program Files\dotnet\sdk\8.0.400\Sdks\Microsoft.NET.Sdk\targets\Microsoft.PackageDependencyResolution.targets" from project "C:\Users\NoahR\OneDrive\Desktop\Jarvis\src\Jarvis.App\Jarvis.App.csproj" (target "ResolvePackageDependenciesForBuild" depends on it):
   2:6>Done building target "ResolveLockFileCopyLocalFiles" in project "Jarvis.App.csproj".
   3:7>Done building target "CheckForImplicitPackageReferenceOverrides" in project "Jarvis.Core.csproj".
       Target "AddWindowsSdkKnownFrameworkReferences" skipped, due to false condition; ('$(TargetFrameworkIdentifier)' == '.NETCoreApp' And '$(TargetPlatformIdentifier)' == 'Windows') was evaluated as ('.NETCoreApp' == '.NETCoreApp' And '' == 'Windows').
       Target "_NormalizeTargetPlatformVersion" skipped, due to false condition; ('$(TargetPlatformVersion)' != '' and '$(TargetFrameworkIdentifier)' == '.NETCoreApp' and $([MSBuild]::VersionGreaterThanOrEquals($(TargetFrameworkVersion), 5.0)) and ('$(Language)' != 'C++' or '$(_EnablePackageReferencesInVCProjects)' == 'true')) was evaluated as ('' != '' and '.NETCoreApp' == '.NETCoreApp' and True and ('C#' != 'C++' or '' == 'true')).
       Target "ApplyImplicitVersions" skipped, due to false condition; ('@(PackageReference)' != '') was evaluated as ('' != '').
   2:6>Target "ResolveRuntimePackAssets" skipped, due to false condition; ('@(RuntimePack)' != '') was evaluated as ('' != '').
       Target "RunProduceContentAssets" skipped, due to false condition; ('@(_ContentFilesToPreprocess)' != '' and '$(_CleaningWithoutRebuilding)' != 'true') was evaluated as ('' != '' and 'false' != 'true').
       Target "ResolvePackageAssets" skipped. Previously built successfully.
   3:7>Target "_ComputeToolPackInputsToProcessFrameworkReferences" in file "C:\Program Files\dotnet\sdk\8.0.400\Sdks\Microsoft.NET.Sdk\targets\Microsoft.NET.Publish.targets" from project "C:\Users\NoahR\OneDrive\Desktop\Jarvis\src\Jarvis.Core\Jarvis.Core.csproj" (target "ProcessFrameworkReferences" depends on it):
   3:7>Done building target "_ComputeToolPackInputsToProcessFrameworkReferences" in project "Jarvis.Core.csproj".
   3:7>Target "ProcessFrameworkReferences" in file "C:\Program Files\dotnet\sdk\8.0.400\Sdks\Microsoft.NET.Sdk\targets\Microsoft.NET.Sdk.FrameworkReferenceResolution.targets" from project "C:\Users\NoahR\OneDrive\Desktop\Jarvis\src\Jarvis.Core\Jarvis.Core.csproj" (target "CollectPackageReferences" depends on it):
       Using "CheckForDuplicateFrameworkReferences" task from assembly "C:\Program Files\dotnet\sdk\8.0.400\Sdks\Microsoft.NET.Sdk\targets\..\tools\net8.0\Microsoft.NET.Build.Tasks.dll".
       Task "CheckForDuplicateFrameworkReferences"
   2:6>Target "IncludeTransitiveProjectReferences" in file "C:\Program Files\dotnet\sdk\8.0.400\Sdks\Microsoft.NET.Sdk\targets\Microsoft.PackageDependencyResolution.targets" from project "C:\Users\NoahR\OneDrive\Desktop\Jarvis\src\Jarvis.App\Jarvis.App.csproj" (target "ResolvePackageDependenciesForBuild" depends on it):
   2:6>Done building target "IncludeTransitiveProjectReferences" in project "Jarvis.App.csproj".
   2:6>Target "ResolvePackageDependenciesForBuild" in file "C:\Program Files\dotnet\sdk\8.0.400\Sdks\Microsoft.NET.Sdk\targets\Microsoft.PackageDependencyResolution.targets" from project "C:\Users\NoahR\OneDrive\Desktop\Jarvis\src\Jarvis.App\Jarvis.App.csproj" (target "AssignProjectConfiguration" depends on it):
   2:6>Done building target "ResolvePackageDependenciesForBuild" in project "Jarvis.App.csproj".
   2:6>Target "AssignProjectConfiguration" in file "C:\Program Files\dotnet\sdk\8.0.400\Microsoft.Common.CurrentVersion.targets" from project "C:\Users\NoahR\OneDrive\Desktop\Jarvis\src\Jarvis.App\Jarvis.App.csproj" (target "PrepareProjectReferences" depends on it):
       Using "AssignProjectConfiguration" task from assembly "Microsoft.Build.Tasks.Core, Version=15.1.0.0, Culture=neutral, PublicKeyToken=b03f5f7f11d50a3a".
       Task "AssignProjectConfiguration"
   3:7>Done executing task "CheckForDuplicateFrameworkReferences".
   2:6>AssignProjectConfiguration:
         Project reference "..\Jarvis.Core\Jarvis.Core.csproj" has been assigned the "Debug|AnyCPU" configuration.
   3:7>ProcessFrameworkReferences:
       Using "ProcessFrameworkReferences" task from assembly "C:\Program Files\dotnet\sdk\8.0.400\Sdks\Microsoft.NET.Sdk\targets\..\tools\net8.0\Microsoft.NET.Build.Tasks.dll".
       Task "ProcessFrameworkReferences"
   2:6>Done executing task "AssignProjectConfiguration".
   2:6>Done building target "AssignProjectConfiguration" in project "Jarvis.App.csproj".
   2:6>Target "_SplitProjectReferencesByFileExistence" in file "C:\Program Files\dotnet\sdk\8.0.400\Microsoft.Common.CurrentVersion.targets" from project "C:\Users\NoahR\OneDrive\Desktop\Jarvis\src\Jarvis.App\Jarvis.App.csproj" (target "PrepareProjectReferences" depends on it):
       Task "ResolveNonMSBuildProjectOutput" skipped, due to false condition; ('$(BuildingInsideVisualStudio)'=='true' and '@(ProjectReferenceWithConfiguration)'!='') was evaluated as (''=='true' and '..\Jarvis.Core\Jarvis.Core.csproj'!='').
   2:6>Done building target "_SplitProjectReferencesByFileExistence" in project "Jarvis.App.csproj".
   2:6>Target "_AddOutputPathToGlobalPropertiesToRemove" in file "C:\Program Files\dotnet\sdk\8.0.400\Microsoft.Common.CurrentVersion.targets" from project "C:\Users\NoahR\OneDrive\Desktop\Jarvis\src\Jarvis.App\Jarvis.App.csproj" (target "_GetProjectReferenceTargetFrameworkProperties" depends on it):
   2:6>Done building target "_AddOutputPathToGlobalPropertiesToRemove" in project "Jarvis.App.csproj".
   2:6>Target "_GetProjectReferenceTargetFrameworkProperties" in file "C:\Program Files\dotnet\sdk\8.0.400\Microsoft.Common.CurrentVersion.targets" from project "C:\Users\NoahR\OneDrive\Desktop\Jarvis\src\Jarvis.App\Jarvis.App.csproj" (target "PrepareProjectReferences" depends on it):
       Task "MSBuild"
         Global Properties:
           Configuration=Debug
           Platform=AnyCPU
         Removing Properties:
           TargetFramework
           RuntimeIdentifier
           SelfContained
   3:7>Done executing task "ProcessFrameworkReferences".
       Using "ResolveAppHosts" task from assembly "C:\Program Files\dotnet\sdk\8.0.400\Sdks\Microsoft.NET.Sdk\targets\..\tools\net8.0\Microsoft.NET.Build.Tasks.dll".
       Task "ResolveAppHosts"
       Done executing task "ResolveAppHosts".
   3:7>Done building target "ProcessFrameworkReferences" in project "Jarvis.Core.csproj".
       Target "IncludeTargetingPackReference" skipped, due to false condition; ('$(TargetFrameworkMoniker)' != '' and '$(TargetFrameworkIdentifier)' == '.NETFramework' and '$(AutomaticallyUseReferenceAssemblyPackages)' == 'true') was evaluated as ('.NETCoreApp,Version=v8.0' != '' and '.NETCoreApp' == '.NETFramework' and 'true' == 'true').
   3:7>Target "_AddMicrosoftNetCompilerToolsetFrameworkPackage" in file "C:\Program Files\dotnet\sdk\8.0.400\Sdks\Microsoft.NET.Sdk\targets\Microsoft.NET.Sdk.targets" from project "C:\Users\NoahR\OneDrive\Desktop\Jarvis\src\Jarvis.Core\Jarvis.Core.csproj" (target "CollectPackageReferences" depends on it):
       Task "NETSdkWarning" skipped, due to false condition; ('@(PackageReference->AnyHaveMetadataValue('Identity', 'Microsoft.Net.Compilers.Toolset.Framework'))' == 'true') was evaluated as ('false' == 'true').
   3:7>Done building target "_AddMicrosoftNetCompilerToolsetFrameworkPackage" in project "Jarvis.Core.csproj".
   3:7>Target "_CheckForObsoleteDotNetCliToolReferences" in file "C:\Program Files\dotnet\sdk\8.0.400\Sdks\Microsoft.NET.Sdk\targets\Microsoft.NET.ObsoleteReferences.targets" from project "C:\Users\NoahR\OneDrive\Desktop\Jarvis\src\Jarvis.Core\Jarvis.Core.csproj" (target "CollectPackageReferences" depends on it):
       Task "NETSdkWarning" skipped, due to false condition; ( '%(_ReferenceToObsoleteDotNetCliTool.Identity)' != '' ) was evaluated as ( '' != '' ).
   3:7>Done building target "_CheckForObsoleteDotNetCliToolReferences" in project "Jarvis.Core.csproj".
   3:7>Target "CollectPackageReferences" in file "C:\Program Files\dotnet\sdk\8.0.400\NuGet.targets" from project "C:\Users\NoahR\OneDrive\Desktop\Jarvis\src\Jarvis.Core\Jarvis.Core.csproj" (target "_GetRestoreProjectStyle" depends on it):
       Using "CheckForDuplicateNuGetItemsTask" task from assembly "C:\Program Files\dotnet\sdk\8.0.400\NuGet.Build.Tasks.dll".
       Task "CheckForDuplicateNuGetItemsTask"
       Done executing task "CheckForDuplicateNuGetItemsTask".
   3:7>Done building target "CollectPackageReferences" in project "Jarvis.Core.csproj".
   3:7>Target "_GetRestoreProjectStyle" in file "C:\Program Files\dotnet\sdk\8.0.400\NuGet.targets" from project "C:\Users\NoahR\OneDrive\Desktop\Jarvis\src\Jarvis.Core\Jarvis.Core.csproj" (target "EnableIntermediateOutputPathMismatchWarning" depends on it):
       Using "GetRestoreProjectStyleTask" task from assembly "C:\Program Files\dotnet\sdk\8.0.400\NuGet.Build.Tasks.dll".
       Task "GetRestoreProjectStyleTask"
       Done executing task "GetRestoreProjectStyleTask".
   3:7>Done building target "_GetRestoreProjectStyle" in project "Jarvis.Core.csproj".
   3:7>Target "EnableIntermediateOutputPathMismatchWarning" in file "C:\Program Files\dotnet\sdk\8.0.400\NuGet.targets" from project "C:\Users\NoahR\OneDrive\Desktop\Jarvis\src\Jarvis.Core\Jarvis.Core.csproj" (target "_CheckForInvalidConfigurationAndPlatform" depends on it):
   3:7>Done building target "EnableIntermediateOutputPathMismatchWarning" in project "Jarvis.Core.csproj".
       Target "ApplyImplicitVersions" skipped, due to false condition; ('@(PackageReference)' != '') was evaluated as ('' != '').
       Target "CheckForImplicitPackageReferenceOverrides" skipped. Previously built successfully.
   3:7>Target "CheckForDuplicateItems" in file "C:\Program Files\dotnet\sdk\8.0.400\Sdks\Microsoft.NET.Sdk\targets\Microsoft.NET.Sdk.DefaultItems.Shared.targets" from project "C:\Users\NoahR\OneDrive\Desktop\Jarvis\src\Jarvis.Core\Jarvis.Core.csproj" (target "_CheckForInvalidConfigurationAndPlatform" depends on it):
       Using "CheckForDuplicateItems" task from assembly "C:\Program Files\dotnet\sdk\8.0.400\Sdks\Microsoft.NET.Sdk\targets\..\tools\net8.0\Microsoft.NET.Build.Tasks.dll".
       Task "CheckForDuplicateItems"
       Done executing task "CheckForDuplicateItems".
       Task "CheckForDuplicateItems"
       Done executing task "CheckForDuplicateItems".
       Task "CheckForDuplicateItems"
       Done executing task "CheckForDuplicateItems".
   3:7>Done building target "CheckForDuplicateItems" in project "Jarvis.Core.csproj".
       Target "WarnForExplicitVersions" skipped, due to false condition; ('@(SdkBuildWarning)' != '') was evaluated as ('' != '').
       Target "_CheckForFailedSDKResolution" skipped, due to false condition; ('$(SdkResolverHonoredGlobalJson)' == 'false') was evaluated as ('' == 'false').
       Target "_WarnWhenUsingNET8AndVSPriorTo178" skipped, due to false condition; ($([MSBuild]::VersionLessThan($(MSBuildVersion), '17.8.0')) and '$(TargetFrameworkIdentifier)' == '.NETCoreApp' and $([MSBuild]::VersionGreaterThanOrEquals($(_TargetFrameworkVersionWithoutV), '8.0'))) was evaluated as (False and '.NETCoreApp' == '.NETCoreApp' and True).
       Target "_CheckForInvalidWindowsDesktopTargetingConfiguration" skipped, due to false condition; ('$(TargetFrameworkIdentifier)' == '.NETCoreApp' and $([MSBuild]::VersionGreaterThanOrEquals($(_TargetFrameworkVersionWithoutV), '5.0')) and ('$(UseWindowsForms)' == 'true' or '$(UseWPF)' == 'true')) was evaluated as ('.NETCoreApp' == '.NETCoreApp' and True and ('' == 'true' or '' == 'true')).
       Target "_CheckForUnnecessaryWindowsDesktopSDK" skipped, due to false condition; ('$(TargetFrameworkIdentifier)' == '.NETCoreApp' and $([MSBuild]::VersionGreaterThanOrEquals($(_TargetFrameworkVersionWithoutV), '5.0')) and '$(_MicrosoftWindowsDesktopSdkImported)' == 'true' and '$(TargetFrameworks)' == '') was evaluated as ('.NETCoreApp' == '.NETCoreApp' and True and '' == 'true' and '' == '').
       Target "ProcessFrameworkReferences" skipped. Previously built successfully.
       Target "IncludeTargetingPackReference" skipped, due to false condition; ('$(TargetFrameworkMoniker)' != '' and '$(TargetFrameworkIdentifier)' == '.NETFramework' and '$(AutomaticallyUseReferenceAssemblyPackages)' == 'true') was evaluated as ('.NETCoreApp,Version=v8.0' != '' and '.NETCoreApp' == '.NETFramework' and 'true' == 'true').
   3:7>Target "_CheckForInvalidConfigurationAndPlatform" in file "C:\Program Files\dotnet\sdk\8.0.400\Microsoft.Common.CurrentVersion.targets" from project "C:\Users\NoahR\OneDrive\Desktop\Jarvis\src\Jarvis.Core\Jarvis.Core.csproj" (target "_SdkBeforeRebuild" depends on it):
       Task "Error" skipped, due to false condition; ( '$(_InvalidConfigurationError)' == 'true' ) was evaluated as ( '' == 'true' ).
       Task "Warning" skipped, due to false condition; ( '$(_InvalidConfigurationWarning)' == 'true' ) was evaluated as ( '' == 'true' ).
       Task "Message"
         Configuration=Debug
       Done executing task "Message".
       Task "Message"
         Platform=AnyCPU
       Done executing task "Message".
       Task "Error" skipped, due to false condition; ('$(OutDir)' != '' and !HasTrailingSlash('$(OutDir)')) was evaluated as ('bin\Debug\net8.0\' != '' and !HasTrailingSlash('bin\Debug\net8.0\')).
       Task "Error" skipped, due to false condition; ('$(IntermediateOutputPath)' != '' and !HasTrailingSlash('$(IntermediateOutputPath)')) was evaluated as ('obj\Debug\net8.0\' != '' and !HasTrailingSlash('obj\Debug\net8.0\')).
       Task "Error" skipped, due to false condition; ('$(BaseIntermediateOutputPath)' != '' and !HasTrailingSlash('$(BaseIntermediateOutputPath)')) was evaluated as ('obj\' != '' and !HasTrailingSlash('obj\')).
       Task "MSBuildInternalMessage" skipped, due to false condition; ( '$(Prefer32Bit)' == 'true' and '$(PreferNativeArm64)' == 'true' ) was evaluated as ( 'false' == 'true' and '' == 'true' ).
       Task "MSBuildInternalMessage" skipped, due to false condition; ( '$(NoWin32Manifest)' == 'true' and '$(PreferNativeArm64)' == 'true' ) was evaluated as ( '' == 'true' and '' == 'true' ).
       Task "MSBuildInternalMessage" skipped, due to false condition; ( '$(PreferNativeArm64)' == 'true' and '$(Platform)' != 'AnyCPU' ) was evaluated as ( '' == 'true' and 'AnyCPU' != 'AnyCPU' ).
       Task "Error" skipped, due to false condition; ( '$(_InitialMSBuildProjectExtensionsPath)' != '' And '$(MSBuildProjectExtensionsPath)' != '$(_InitialMSBuildProjectExtensionsPath)' ) was evaluated as ( 'C:\Users\NoahR\OneDrive\Desktop\Jarvis\src\Jarvis.Core\obj\' != '' And 'C:\Users\NoahR\OneDrive\Desktop\Jarvis\src\Jarvis.Core\obj\' != 'C:\Users\NoahR\OneDrive\Desktop\Jarvis\src\Jarvis.Core\obj\' ).
       Task "Warning" skipped, due to false condition; ( '$(EnableBaseIntermediateOutputPathMismatchWarning)' == 'true' And '$(_InitialBaseIntermediateOutputPath)' != '$(BaseIntermediateOutputPath)' And '$(BaseIntermediateOutputPath)' != '$(MSBuildProjectExtensionsPath)' ) was evaluated as ( 'true' == 'true' And 'obj\' != 'obj\' And 'obj\' != 'C:\Users\NoahR\OneDrive\Desktop\Jarvis\src\Jarvis.Core\obj\' ).
   3:7>Done building target "_CheckForInvalidConfigurationAndPlatform" in project "Jarvis.Core.csproj".
   3:7>Target "ValidateCommandLineProperties" in file "C:\Program Files\dotnet\sdk\8.0.400\Sdks\Microsoft.NET.Sdk\targets\Microsoft.NET.Sdk.targets" from project "C:\Users\NoahR\OneDrive\Desktop\Jarvis\src\Jarvis.Core\Jarvis.Core.csproj" (target "_SdkBeforeRebuild" depends on it):
   3:7>Done building target "ValidateCommandLineProperties" in project "Jarvis.Core.csproj".
   3:7>Target "_SdkBeforeRebuild" in file "C:\Program Files\dotnet\sdk\8.0.400\Sdks\Microsoft.NET.Sdk\targets\Microsoft.NET.Sdk.targets" from project "C:\Users\NoahR\OneDrive\Desktop\Jarvis\src\Jarvis.Core\Jarvis.Core.csproj" (target "Rebuild" depends on it):
   3:7>Done building target "_SdkBeforeRebuild" in project "Jarvis.Core.csproj".
   3:7>Target "BeforeRebuild" in file "C:\Program Files\dotnet\sdk\8.0.400\Microsoft.Common.CurrentVersion.targets" from project "C:\Users\NoahR\OneDrive\Desktop\Jarvis\src\Jarvis.Core\Jarvis.Core.csproj" (target "Rebuild" depends on it):
   3:7>Done building target "BeforeRebuild" in project "Jarvis.Core.csproj".
   3:7>Target "BeforeClean" in file "C:\Program Files\dotnet\sdk\8.0.400\Microsoft.Common.CurrentVersion.targets" from project "C:\Users\NoahR\OneDrive\Desktop\Jarvis\src\Jarvis.Core\Jarvis.Core.csproj" (target "Clean" depends on it):
   3:7>Done building target "BeforeClean" in project "Jarvis.Core.csproj".
       Target "UnmanagedUnregistration" skipped, due to false condition; ((('$(_AssemblyTimestampBeforeCompile)' != '$(_AssemblyTimestampAfterCompile)' or '$(RegisterForComInterop)' != 'true' or '$(OutputType)' != 'library') or
                           ('$(_AssemblyTimestampBeforeCompile)' == '')) and
                          Exists('@(_UnmanagedRegistrationCache)')) was evaluated as ((('' != '' or '' != 'true' or 'Library' != 'library') or
                           ('' == '')) and
                          Exists('obj\Jarvis.Core.csproj.UnmanagedRegistration.cache')).
   3:7>Target "_SdkBeforeClean" in file "C:\Program Files\dotnet\sdk\8.0.400\Sdks\Microsoft.NET.Sdk\targets\Microsoft.NET.Sdk.targets" from project "C:\Users\NoahR\OneDrive\Desktop\Jarvis\src\Jarvis.Core\Jarvis.Core.csproj" (target "CoreClean" depends on it):
   3:7>Done building target "_SdkBeforeClean" in project "Jarvis.Core.csproj".
   3:7>Target "CoreClean" in file "C:\Program Files\dotnet\sdk\8.0.400\Microsoft.Common.CurrentVersion.targets" from project "C:\Users\NoahR\OneDrive\Desktop\Jarvis\src\Jarvis.Core\Jarvis.Core.csproj" (target "Clean" depends on it):
       Using "Delete" task from assembly "Microsoft.Build.Tasks.Core, Version=15.1.0.0, Culture=neutral, PublicKeyToken=b03f5f7f11d50a3a".
       Task "Delete"
       Done executing task "Delete".
       Using "ReadLinesFromFile" task from assembly "Microsoft.Build.Tasks.Core, Version=15.1.0.0, Culture=neutral, PublicKeyToken=b03f5f7f11d50a3a".
       Task "ReadLinesFromFile"
       Done executing task "ReadLinesFromFile".
       Using "FindUnderPath" task from assembly "Microsoft.Build.Tasks.Core, Version=15.1.0.0, Culture=neutral, PublicKeyToken=b03f5f7f11d50a3a".
       Task "FindUnderPath"
         Comparison path is "bin\Debug\net8.0\".
       Done executing task "FindUnderPath".
       Task "FindUnderPath"
         Comparison path is "obj\Debug\net8.0\".
       Done executing task "FindUnderPath".
       Task "Delete"
         Deleting file "C:\Users\NoahR\OneDrive\Desktop\Jarvis\src\Jarvis.Core\bin\Debug\net8.0\Jarvis.Core.deps.json".
         Deleting file "C:\Users\NoahR\OneDrive\Desktop\Jarvis\src\Jarvis.Core\bin\Debug\net8.0\Jarvis.Core.dll".
         Deleting file "C:\Users\NoahR\OneDrive\Desktop\Jarvis\src\Jarvis.Core\bin\Debug\net8.0\Jarvis.Core.pdb".
         Deleting file "C:\Users\NoahR\OneDrive\Desktop\Jarvis\src\Jarvis.Core\obj\Debug\net8.0\Jarvis.Core.GeneratedMSBuildEditorConfig.editorconfig".
         Deleting file "C:\Users\NoahR\OneDrive\Desktop\Jarvis\src\Jarvis.Core\obj\Debug\net8.0\Jarvis.Core.AssemblyInfoInputs.cache".
         Deleting file "C:\Users\NoahR\OneDrive\Desktop\Jarvis\src\Jarvis.Core\obj\Debug\net8.0\Jarvis.Core.AssemblyInfo.cs".
         Deleting file "C:\Users\NoahR\OneDrive\Desktop\Jarvis\src\Jarvis.Core\obj\Debug\net8.0\Jarvis.Core.csproj.CoreCompileInputs.cache".
         Deleting file "C:\Users\NoahR\OneDrive\Desktop\Jarvis\src\Jarvis.Core\obj\Debug\net8.0\Jarvis.Core.dll".
         Deleting file "C:\Users\NoahR\OneDrive\Desktop\Jarvis\src\Jarvis.Core\obj\Debug\net8.0\refint\Jarvis.Core.dll".
         Deleting file "C:\Users\NoahR\OneDrive\Desktop\Jarvis\src\Jarvis.Core\obj\Debug\net8.0\Jarvis.Core.pdb".
         Deleting file "C:\Users\NoahR\OneDrive\Desktop\Jarvis\src\Jarvis.Core\obj\Debug\net8.0\ref\Jarvis.Core.dll".
       Done executing task "Delete".
       Task "RemoveDuplicates"
       Done executing task "RemoveDuplicates".
       Using "MakeDir" task from assembly "Microsoft.Build.Tasks.Core, Version=15.1.0.0, Culture=neutral, PublicKeyToken=b03f5f7f11d50a3a".
       Task "MakeDir"
       Done executing task "MakeDir".
       Using "WriteLinesToFile" task from assembly "Microsoft.Build.Tasks.Core, Version=15.1.0.0, Culture=neutral, PublicKeyToken=b03f5f7f11d50a3a".
       Task "WriteLinesToFile"
       Done executing task "WriteLinesToFile".
   3:7>Done building target "CoreClean" in project "Jarvis.Core.csproj".
   3:7>Target "IgnoreJavaScriptOutputAssembly" in file "C:\Program Files\dotnet\sdk\8.0.400\Microsoft.Common.CurrentVersion.targets" from project "C:\Users\NoahR\OneDrive\Desktop\Jarvis\src\Jarvis.Core\Jarvis.Core.csproj" (target "AssignProjectConfiguration" depends on it):
   3:7>Done building target "IgnoreJavaScriptOutputAssembly" in project "Jarvis.Core.csproj".
       Target "ProcessFrameworkReferences" skipped. Previously built successfully.
   3:7>Target "_DefaultMicrosoftNETPlatformLibrary" in file "C:\Program Files\dotnet\sdk\8.0.400\Sdks\Microsoft.NET.Sdk\targets\Microsoft.NET.Sdk.Shared.targets" from project "C:\Users\NoahR\OneDrive\Desktop\Jarvis\src\Jarvis.Core\Jarvis.Core.csproj" (target "ResolvePackageAssets" depends on it):
   3:7>Done building target "_DefaultMicrosoftNETPlatformLibrary" in project "Jarvis.Core.csproj".
   3:7>Target "_ComputePackageReferencePublish" in file "C:\Program Files\dotnet\sdk\8.0.400\Sdks\Microsoft.NET.Sdk\targets\Microsoft.NET.Sdk.Shared.targets" from project "C:\Users\NoahR\OneDrive\Desktop\Jarvis\src\Jarvis.Core\Jarvis.Core.csproj" (target "ResolvePackageAssets" depends on it):
   3:7>Done building target "_ComputePackageReferencePublish" in project "Jarvis.Core.csproj".
       Target "_ResolveCompilerVersion" skipped, due to false condition; ('$(CompilerApiVersion)' == '' And
                            ('$(Language)' == 'C#' Or '$(Language)' == 'VB') And
                            Exists('$(RoslynTargetsPath)\Microsoft.Build.Tasks.CodeAnalysis.dll')) was evaluated as ('roslyn4.11' == '' And
                            ('C#' == 'C#' Or 'C#' == 'VB') And
                            Exists('C:\Program Files\dotnet\sdk\8.0.400\Roslyn\Microsoft.Build.Tasks.CodeAnalysis.dll')).
   3:7>Target "ResolvePackageAssets" in file "C:\Program Files\dotnet\sdk\8.0.400\Sdks\Microsoft.NET.Sdk\targets\Microsoft.PackageDependencyResolution.targets" from project "C:\Users\NoahR\OneDrive\Desktop\Jarvis\src\Jarvis.Core\Jarvis.Core.csproj" (target "ResolveLockFileReferences" depends on it):
       Using "ResolvePackageAssets" task from assembly "C:\Program Files\dotnet\sdk\8.0.400\Sdks\Microsoft.NET.Sdk\targets\..\tools\net8.0\Microsoft.NET.Build.Tasks.dll".
       Task "ResolvePackageAssets"
       Done executing task "ResolvePackageAssets".
   3:7>Done building target "ResolvePackageAssets" in project "Jarvis.Core.csproj".
       Target "AdjustDefaultPlatformTargetForNetFrameworkExeWithNoNativeCopyLocalItems" skipped, due to false condition; ('$(_UsingDefaultPlatformTarget)' == 'true' and
                            '$(_UsingDefaultRuntimeIdentifier)' == 'true') was evaluated as ('true' == 'true' and
                            '' == 'true').
       Target "_CheckForTransitiveWindowsDesktopDependencies" skipped, due to false condition; ('$(TargetFrameworkIdentifier)' == '.NETCoreApp' and $([MSBuild]::VersionGreaterThanOrEquals($(_TargetFrameworkVersionWithoutV), '5.0')) and '$(TargetPlatformIdentifier)' != 'Windows' and '@(TransitiveFrameworkReference)' != '') was evaluated as ('.NETCoreApp' == '.NETCoreApp' and True and '' != 'Windows' and '' != '').
       Target "AddTransitiveFrameworkReferences" skipped, due to false condition; ('@(TransitiveFrameworkReference)' != '') was evaluated as ('' != '').
   3:7>Target "ResolveLockFileReferences" in file "C:\Program Files\dotnet\sdk\8.0.400\Sdks\Microsoft.NET.Sdk\targets\Microsoft.PackageDependencyResolution.targets" from project "C:\Users\NoahR\OneDrive\Desktop\Jarvis\src\Jarvis.Core\Jarvis.Core.csproj" (target "ResolvePackageDependenciesForBuild" depends on it):
       Using "JoinItems" task from assembly "C:\Program Files\dotnet\sdk\8.0.400\Sdks\Microsoft.NET.Sdk\targets\..\tools\net8.0\Microsoft.NET.Build.Tasks.dll".
       Task "JoinItems"
       Done executing task "JoinItems".
   3:7>Done building target "ResolveLockFileReferences" in project "Jarvis.Core.csproj".
       Target "ResolvePackageAssets" skipped. Previously built successfully.
   3:7>Target "ResolveLockFileAnalyzers" in file "C:\Program Files\dotnet\sdk\8.0.400\Sdks\Microsoft.NET.Sdk\targets\Microsoft.PackageDependencyResolution.targets" from project "C:\Users\NoahR\OneDrive\Desktop\Jarvis\src\Jarvis.Core\Jarvis.Core.csproj" (target "ResolvePackageDependenciesForBuild" depends on it):
   3:7>Done building target "ResolveLockFileAnalyzers" in project "Jarvis.Core.csproj".
       Target "ResolvePackageAssets" skipped. Previously built successfully.
       Target "RunProduceContentAssets" skipped, due to false condition; ('@(_ContentFilesToPreprocess)' != '' and '$(_CleaningWithoutRebuilding)' != 'true') was evaluated as ('' != '' and 'false' != 'true').
   3:7>Target "ResolveLockFileCopyLocalFiles" in file "C:\Program Files\dotnet\sdk\8.0.400\Sdks\Microsoft.NET.Sdk\targets\Microsoft.PackageDependencyResolution.targets" from project "C:\Users\NoahR\OneDrive\Desktop\Jarvis\src\Jarvis.Core\Jarvis.Core.csproj" (target "ResolvePackageDependenciesForBuild" depends on it):
   3:7>Done building target "ResolveLockFileCopyLocalFiles" in project "Jarvis.Core.csproj".
       Target "ResolveRuntimePackAssets" skipped, due to false condition; ('@(RuntimePack)' != '') was evaluated as ('' != '').
       Target "RunProduceContentAssets" skipped, due to false condition; ('@(_ContentFilesToPreprocess)' != '' and '$(_CleaningWithoutRebuilding)' != 'true') was evaluated as ('' != '' and 'false' != 'true').
       Target "ResolvePackageAssets" skipped. Previously built successfully.
   3:7>Target "IncludeTransitiveProjectReferences" in file "C:\Program Files\dotnet\sdk\8.0.400\Sdks\Microsoft.NET.Sdk\targets\Microsoft.PackageDependencyResolution.targets" from project "C:\Users\NoahR\OneDrive\Desktop\Jarvis\src\Jarvis.Core\Jarvis.Core.csproj" (target "ResolvePackageDependenciesForBuild" depends on it):
   3:7>Done building target "IncludeTransitiveProjectReferences" in project "Jarvis.Core.csproj".
   3:7>Target "ResolvePackageDependenciesForBuild" in file "C:\Program Files\dotnet\sdk\8.0.400\Sdks\Microsoft.NET.Sdk\targets\Microsoft.PackageDependencyResolution.targets" from project "C:\Users\NoahR\OneDrive\Desktop\Jarvis\src\Jarvis.Core\Jarvis.Core.csproj" (target "AssignProjectConfiguration" depends on it):
   3:7>Done building target "ResolvePackageDependenciesForBuild" in project "Jarvis.Core.csproj".
   3:7>Target "AssignProjectConfiguration" in file "C:\Program Files\dotnet\sdk\8.0.400\Microsoft.Common.CurrentVersion.targets" from project "C:\Users\NoahR\OneDrive\Desktop\Jarvis\src\Jarvis.Core\Jarvis.Core.csproj" (target "PrepareProjectReferences" depends on it):
       Using "AssignProjectConfiguration" task from assembly "Microsoft.Build.Tasks.Core, Version=15.1.0.0, Culture=neutral, PublicKeyToken=b03f5f7f11d50a3a".
       Task "AssignProjectConfiguration"
       Done executing task "AssignProjectConfiguration".
   3:7>Done building target "AssignProjectConfiguration" in project "Jarvis.Core.csproj".
   3:7>Target "_SplitProjectReferencesByFileExistence" in file "C:\Program Files\dotnet\sdk\8.0.400\Microsoft.Common.CurrentVersion.targets" from project "C:\Users\NoahR\OneDrive\Desktop\Jarvis\src\Jarvis.Core\Jarvis.Core.csproj" (target "PrepareProjectReferences" depends on it):
       Task "ResolveNonMSBuildProjectOutput" skipped, due to false condition; ('$(BuildingInsideVisualStudio)'=='true' and '@(ProjectReferenceWithConfiguration)'!='') was evaluated as (''=='true' and ''!='').
   3:7>Done building target "_SplitProjectReferencesByFileExistence" in project "Jarvis.Core.csproj".
   3:7>Target "_AddOutputPathToGlobalPropertiesToRemove" in file "C:\Program Files\dotnet\sdk\8.0.400\Microsoft.Common.CurrentVersion.targets" from project "C:\Users\NoahR\OneDrive\Desktop\Jarvis\src\Jarvis.Core\Jarvis.Core.csproj" (target "_GetProjectReferenceTargetFrameworkProperties" depends on it):
   3:7>Done building target "_AddOutputPathToGlobalPropertiesToRemove" in project "Jarvis.Core.csproj".
   3:7>Target "_GetProjectReferenceTargetFrameworkProperties" in file "C:\Program Files\dotnet\sdk\8.0.400\Microsoft.Common.CurrentVersion.targets" from project "C:\Users\NoahR\OneDrive\Desktop\Jarvis\src\Jarvis.Core\Jarvis.Core.csproj" (target "PrepareProjectReferences" depends on it):
       Task "MSBuild"
       Done executing task "MSBuild".
       Task "MSBuild" skipped, due to false condition; ('%(_MSBuildProjectReferenceExistent.SkipGetTargetFrameworkProperties)' != 'true' and '$(EnableDynamicPlatformResolution)' == 'true') was evaluated as ('' != 'true' and '' == 'true').
       Task "GetReferenceNearestTargetFrameworkTask" skipped, due to false condition; ('@(_ProjectReferenceTargetFrameworkPossibilities)' != '' and '$(ReferringTargetFrameworkForProjectReferences)' != ''
                                                               And '$(GetReferenceNearestTargetFrameworkTaskSupportsTargetPlatformParameter)' == 'true' and '%(_ProjectReferenceTargetFrameworkPossibilities.IsVcxOrNativeProj)' != 'true') was evaluated as ('' != '' and '.NETCoreApp,Version=v8.0' != ''
                                                               And 'true' == 'true' and '' != 'true').
       Task "GetReferenceNearestTargetFrameworkTask" skipped, due to false condition; ('@(_ProjectReferenceTargetFrameworkPossibilities)' != '' and '$(ReferringTargetFrameworkForProjectReferences)' != ''
                                                               And '$(GetReferenceNearestTargetFrameworkTaskSupportsTargetPlatformParameter)' != 'true' and '%(_ProjectReferenceTargetFrameworkPossibilities.IsVcxOrNativeProj)' != 'true') was evaluated as ('' != '' and '.NETCoreApp,Version=v8.0' != ''
                                                               And 'true' != 'true' and '' != 'true').
       Using "SetRidAgnosticValueForProjects" task from assembly "Microsoft.Build.Tasks.Core, Version=15.1.0.0, Culture=neutral, PublicKeyToken=b03f5f7f11d50a3a".
       Task "SetRidAgnosticValueForProjects"
       Done executing task "SetRidAgnosticValueForProjects".
   3:7>Done building target "_GetProjectReferenceTargetFrameworkProperties" in project "Jarvis.Core.csproj".
   3:7>Target "ValidateExecutableReferences" in file "C:\Program Files\dotnet\sdk\8.0.400\Sdks\Microsoft.NET.Sdk\targets\Microsoft.NET.Sdk.targets" from project "C:\Users\NoahR\OneDrive\Desktop\Jarvis\src\Jarvis.Core\Jarvis.Core.csproj" (target "PrepareProjectReferences" depends on it):
       Using "ValidateExecutableReferences" task from assembly "C:\Program Files\dotnet\sdk\8.0.400\Sdks\Microsoft.NET.Sdk\targets\..\tools\net8.0\Microsoft.NET.Build.Tasks.dll".
       Task "ValidateExecutableReferences"
       Done executing task "ValidateExecutableReferences".
   3:7>Done building target "ValidateExecutableReferences" in project "Jarvis.Core.csproj".
       Target "_GetProjectReferencePlatformProperties" skipped, due to false condition; ('$(EnableDynamicPlatformResolution)' == 'true'
                            and '@(_MSBuildProjectReferenceExistent)' != '') was evaluated as ('' == 'true'
                            and '' != '').
   3:7>Target "PrepareProjectReferences" in file "C:\Program Files\dotnet\sdk\8.0.400\Microsoft.Common.CurrentVersion.targets" from project "C:\Users\NoahR\OneDrive\Desktop\Jarvis\src\Jarvis.Core\Jarvis.Core.csproj" (target "CleanReferencedProjects" depends on it):
   3:7>Done building target "PrepareProjectReferences" in project "Jarvis.Core.csproj".
   3:7>Target "CleanReferencedProjects" in file "C:\Program Files\dotnet\sdk\8.0.400\Microsoft.Common.CurrentVersion.targets" from project "C:\Users\NoahR\OneDrive\Desktop\Jarvis\src\Jarvis.Core\Jarvis.Core.csproj" (target "Clean" depends on it):
       Task "MSBuild" skipped, due to false condition; ('$(BuildingInsideVisualStudio)' != 'true' and '$(BuildProjectReferences)' == 'true' and '@(_MSBuildProjectReferenceExistent)' != '') was evaluated as ('' != 'true' and 'true' == 'true' and '' != '').
   3:7>Done building target "CleanReferencedProjects" in project "Jarvis.Core.csproj".
   3:7>Target "CleanPublishFolder" in file "C:\Program Files\dotnet\sdk\8.0.400\Microsoft.Common.CurrentVersion.targets" from project "C:\Users\NoahR\OneDrive\Desktop\Jarvis\src\Jarvis.Core\Jarvis.Core.csproj" (target "Clean" depends on it):
       Task "RemoveDir" skipped, due to false condition; ('$(ClickOncePublishDir)'=='$(OutputPath)app.publish\' and Exists('$(ClickOncePublishDir)')) was evaluated as ('bin\Debug\net8.0\publish\'=='bin\Debug\net8.0\app.publish\' and Exists('bin\Debug\net8.0\publish\')).
   3:7>Done building target "CleanPublishFolder" in project "Jarvis.Core.csproj".
   3:7>Target "AfterClean" in file "C:\Program Files\dotnet\sdk\8.0.400\Microsoft.Common.CurrentVersion.targets" from project "C:\Users\NoahR\OneDrive\Desktop\Jarvis\src\Jarvis.Core\Jarvis.Core.csproj" (target "Clean" depends on it):
   3:7>Done building target "AfterClean" in project "Jarvis.Core.csproj".
   3:7>Target "Clean" in file "C:\Program Files\dotnet\sdk\8.0.400\Microsoft.Common.CurrentVersion.targets" from project "C:\Users\NoahR\OneDrive\Desktop\Jarvis\src\Jarvis.Core\Jarvis.Core.csproj" (target "Rebuild" depends on it):
   3:7>Done building target "Clean" in project "Jarvis.Core.csproj".
       Target "_CleanPackageFiles" skipped, due to false condition; ('$(GeneratePackageOnBuild)' == 'true' AND '$(IsInnerBuild)' != 'true') was evaluated as ('false' == 'true' AND '' != 'true').
   3:7>Target "BeforeBuild" in file "C:\Program Files\dotnet\sdk\8.0.400\Microsoft.Common.CurrentVersion.targets" from project "C:\Users\NoahR\OneDrive\Desktop\Jarvis\src\Jarvis.Core\Jarvis.Core.csproj" (target "Build" depends on it):
   3:7>Done building target "BeforeBuild" in project "Jarvis.Core.csproj".
       Target "_CheckForBuildWithNoBuild" skipped, due to false condition; ('$(NoBuild)' == 'true' and '$(GeneratePackageOnBuild)' != 'true') was evaluated as ('' == 'true' and 'false' != 'true').
   3:7>Target "BuildOnlySettings" in file "C:\Program Files\dotnet\sdk\8.0.400\Microsoft.Common.CurrentVersion.targets" from project "C:\Users\NoahR\OneDrive\Desktop\Jarvis\src\Jarvis.Core\Jarvis.Core.csproj" (target "CoreBuild" depends on it):
   3:7>Done building target "BuildOnlySettings" in project "Jarvis.Core.csproj".
       Target "_CheckForUnsupportedTargetFramework" skipped, due to false condition; ('$(_UnsupportedTargetFrameworkError)' == 'true') was evaluated as ('' == 'true').
       Target "_CheckForUnsupportedTargetPlatformIdentifier" skipped, due to false condition; ('$(TargetPlatformIdentifier)' != '' and '$(TargetFrameworkIdentifier)' == '.NETCoreApp' and $([MSBuild]::VersionGreaterThanOrEquals($(TargetFrameworkVersion), 5.0)) And ('$(DesignTimeBuild)' != 'true' Or '@(MissingWorkloadPack)' == '')) was evaluated as ('' != '' and '.NETCoreApp' == '.NETCoreApp' and True And ('' != 'true' Or '' == '')).
       Target "_CheckForMissingWorkload" skipped, due to false condition; ('@(MissingWorkloadPack)' != '' And '$(DesignTimeBuild)' != 'true') was evaluated as ('' != '' And '' != 'true').
   3:7>Target "GetFrameworkPaths" in file "C:\Program Files\dotnet\sdk\8.0.400\Sdks\Microsoft.NET.Sdk\targets\Microsoft.NET.DisableStandardFrameworkResolution.targets" from project "C:\Users\NoahR\OneDrive\Desktop\Jarvis\src\Jarvis.Core\Jarvis.Core.csproj" (target "PrepareForBuild" depends on it):
   3:7>Done building target "GetFrameworkPaths" in project "Jarvis.Core.csproj".
       Target "_CheckForUnsupportedTargetFramework" skipped, due to false condition; ('$(_UnsupportedTargetFrameworkError)' == 'true') was evaluated as ('' == 'true').
       Target "_CheckForUnsupportedTargetPlatformIdentifier" skipped, due to false condition; ('$(TargetPlatformIdentifier)' != '' and '$(TargetFrameworkIdentifier)' == '.NETCoreApp' and $([MSBuild]::VersionGreaterThanOrEquals($(TargetFrameworkVersion), 5.0)) And ('$(DesignTimeBuild)' != 'true' Or '@(MissingWorkloadPack)' == '')) was evaluated as ('' != '' and '.NETCoreApp' == '.NETCoreApp' and True And ('' != 'true' Or '' == '')).
       Target "_CheckForMissingWorkload" skipped, due to false condition; ('@(MissingWorkloadPack)' != '' And '$(DesignTimeBuild)' != 'true') was evaluated as ('' != '' And '' != 'true').
   3:7>Target "GetReferenceAssemblyPaths" in file "C:\Program Files\dotnet\sdk\8.0.400\Sdks\Microsoft.NET.Sdk\targets\Microsoft.NET.DisableStandardFrameworkResolution.targets" from project "C:\Users\NoahR\OneDrive\Desktop\Jarvis\src\Jarvis.Core\Jarvis.Core.csproj" (target "PrepareForBuild" depends on it):
   3:7>Done building target "GetReferenceAssemblyPaths" in project "Jarvis.Core.csproj".
       Target "AssignLinkMetadata" skipped, due to false condition; ( '$(SynthesizeLinkMetadata)' == 'true' ) was evaluated as ( '' == 'true' ).
       Target "_VerifyPackReleaseConfigurations" skipped, due to false condition; ('$(_IsPacking)' == 'true' and '$(DOTNET_CLI_DISABLE_PUBLISH_AND_PACK_RELEASE)' != 'true' and '$(DOTNET_CLI_LAZY_PUBLISH_AND_PACK_RELEASE_FOR_SOLUTIONS)' == 'true') was evaluated as ('' == 'true' and '' != 'true' and '' == 'true').
   3:7>Target "PrepareForBuild" in file "C:\Program Files\dotnet\sdk\8.0.400\Microsoft.Common.CurrentVersion.targets" from project "C:\Users\NoahR\OneDrive\Desktop\Jarvis\src\Jarvis.Core\Jarvis.Core.csproj" (target "CoreBuild" depends on it):
       Using "FindAppConfigFile" task from assembly "Microsoft.Build.Tasks.Core, Version=15.1.0.0, Culture=neutral, PublicKeyToken=b03f5f7f11d50a3a".
       Task "FindAppConfigFile"
       Done executing task "FindAppConfigFile".
       Task "MakeDir"
       Done executing task "MakeDir".
   3:7>Done building target "PrepareForBuild" in project "Jarvis.Core.csproj".
   3:7>Target "GenerateGlobalUsings" in file "C:\Program Files\dotnet\sdk\8.0.400\Sdks\Microsoft.NET.Sdk\targets\Microsoft.NET.GenerateGlobalUsings.targets" from project "C:\Users\NoahR\OneDrive\Desktop\Jarvis\src\Jarvis.Core\Jarvis.Core.csproj" (target "CoreBuild" depends on it):
       Using "GenerateGlobalUsings" task from assembly "C:\Program Files\dotnet\sdk\8.0.400\Sdks\Microsoft.NET.Sdk\targets\..\tools\net8.0\Microsoft.NET.Build.Tasks.dll".
       Task "GenerateGlobalUsings"
       Done executing task "GenerateGlobalUsings".
       Task "WriteLinesToFile"
         Skipping write to file "obj\Debug\net8.0\Jarvis.Core.GlobalUsings.g.cs" because content would not change.
       Done executing task "WriteLinesToFile".
   3:7>Done building target "GenerateGlobalUsings" in project "Jarvis.Core.csproj".
       Target "PreBuildEvent" skipped, due to false condition; ('$(PreBuildEvent)'!='') was evaluated as (''!='').
   3:7>Target "BeforeResolveReferences" in file "C:\Program Files\dotnet\sdk\8.0.400\Microsoft.Common.CurrentVersion.targets" from project "C:\Users\NoahR\OneDrive\Desktop\Jarvis\src\Jarvis.Core\Jarvis.Core.csproj" (target "ResolveReferences" depends on it):
   3:7>Done building target "BeforeResolveReferences" in project "Jarvis.Core.csproj".
       Target "AssignProjectConfiguration" skipped. Previously built successfully.
       Target "PrepareProjectReferences" skipped. Previously built successfully.
   3:7>Target "ResolveProjectReferences" in file "C:\Program Files\dotnet\sdk\8.0.400\Microsoft.Common.CurrentVersion.targets" from project "C:\Users\NoahR\OneDrive\Desktop\Jarvis\src\Jarvis.Core\Jarvis.Core.csproj" (target "ResolveReferences" depends on it):
       Task "MSBuild" skipped, due to false condition; ('%(_MSBuildProjectReferenceExistent.BuildReference)' == 'true' and '@(ProjectReferenceWithConfiguration)' != '' and ('$(BuildingInsideVisualStudio)' == 'true' or '$(BuildProjectReferences)' != 'true') and '$(VisualStudioVersion)' != '10.0' and '@(_MSBuildProjectReferenceExistent)' != '') was evaluated as ('' == 'true' and '' != '' and ('' == 'true' or 'true' != 'true') and '17.0' != '10.0' and '' != '').
       Task "MSBuild" skipped, due to false condition; ('%(_MSBuildProjectReferenceExistent.BuildReference)' == 'true' and '@(ProjectReferenceWithConfiguration)' != '' and '$(BuildingInsideVisualStudio)' != 'true' and '$(BuildProjectReferences)' == 'true' and '@(_MSBuildProjectReferenceExistent)' != '') was evaluated as ('' == 'true' and '' != '' and '' != 'true' and 'true' == 'true' and '' != '').
       Task "MSBuild" skipped, due to false condition; ('%(_MSBuildProjectReferenceExistent.BuildReference)' == 'true' and '@(ProjectReferenceWithConfiguration)' != '' and '$(BuildingProject)' == 'true' and '@(_MSBuildProjectReferenceExistent)' != '') was evaluated as ('' == 'true' and '' != '' and 'true' == 'true' and '' != '').
       Task "Warning" skipped, due to false condition; ('@(ProjectReferenceWithConfiguration)' != '' and '@(_MSBuildProjectReferenceNonexistent)' != '') was evaluated as ('' != '' and '' != '').
   3:7>Done building target "ResolveProjectReferences" in project "Jarvis.Core.csproj".
       Target "FindInvalidProjectReferences" skipped, due to false condition; ('$(FindInvalidProjectReferences)' == 'true') was evaluated as ('' == 'true').
       Target "ResolveNativeReferences" skipped, due to false condition; ('@(NativeReference)'!='') was evaluated as (''!='').
       Target "ResolveProjectReferences" skipped. Previously built successfully.
       Target "FindInvalidProjectReferences" skipped, due to false condition; ('$(FindInvalidProjectReferences)' == 'true') was evaluated as ('' == 'true').
       Target "GetFrameworkPaths" skipped. Previously built successfully.
       Target "GetReferenceAssemblyPaths" skipped. Previously built successfully.
       Target "PrepareForBuild" skipped. Previously built successfully.
       Target "GetInstalledSDKLocations" skipped, due to false condition; ('@(SDKReference)' != '') was evaluated as ('' != '').
   3:7>Target "ResolveSDKReferences" in file "C:\Program Files\dotnet\sdk\8.0.400\Microsoft.Common.CurrentVersion.targets" from project "C:\Users\NoahR\OneDrive\Desktop\Jarvis\src\Jarvis.Core\Jarvis.Core.csproj" (target "ResolveAssemblyReferences" depends on it):
       Task "ResolveSDKReference" skipped, due to false condition; ('@(SDKReference)'!='') was evaluated as (''!='').
   3:7>Done building target "ResolveSDKReferences" in project "Jarvis.Core.csproj".
       Target "ResolveSDKReferences" skipped. Previously built successfully.
   3:7>Target "ExpandSDKReferences" in file "C:\Program Files\dotnet\sdk\8.0.400\Microsoft.Common.CurrentVersion.targets" from project "C:\Users\NoahR\OneDrive\Desktop\Jarvis\src\Jarvis.Core\Jarvis.Core.csproj" (target "ResolveAssemblyReferences" depends on it):
       Task "GetSDKReferenceFiles" skipped, due to false condition; ('@(ResolvedSDKReference)'!='') was evaluated as (''!='').
   3:7>Done building target "ExpandSDKReferences" in project "Jarvis.Core.csproj".
       Target "ResolvePackageDependenciesForBuild" skipped. Previously built successfully.
       Target "GetFrameworkPaths" skipped. Previously built successfully.
       Target "GetReferenceAssemblyPaths" skipped. Previously built successfully.
       Target "ProcessFrameworkReferences" skipped. Previously built successfully.
       Target "ResolvePackageAssets" skipped. Previously built successfully.
   3:7>Target "ResolveFrameworkReferences" in file "C:\Program Files\dotnet\sdk\8.0.400\Sdks\Microsoft.NET.Sdk\targets\Microsoft.NET.Sdk.FrameworkReferenceResolution.targets" from project "C:\Users\NoahR\OneDrive\Desktop\Jarvis\src\Jarvis.Core\Jarvis.Core.csproj" (target "ResolveTargetingPackAssets" depends on it):
       Using "GetPackageDirectory" task from assembly "C:\Program Files\dotnet\sdk\8.0.400\Sdks\Microsoft.NET.Sdk\targets\..\tools\net8.0\Microsoft.NET.Build.Tasks.dll".
       Task "GetPackageDirectory"
       Done executing task "GetPackageDirectory".
       Task "GetPackageDirectory"
       Done executing task "GetPackageDirectory".
       Task "GetPackageDirectory"
       Done executing task "GetPackageDirectory".
       Task "GetPackageDirectory"
       Done executing task "GetPackageDirectory".
       Task "GetPackageDirectory"
       Done executing task "GetPackageDirectory".
       Task "GetPackageDirectory"
       Done executing task "GetPackageDirectory".
       Task "GetPackageDirectory"
       Done executing task "GetPackageDirectory".
       Task "GetPackageDirectory"
       Done executing task "GetPackageDirectory".
       Task "GetPackageDirectory"
       Done executing task "GetPackageDirectory".
       Task "GetPackageDirectory"
       Done executing task "GetPackageDirectory".
       Using "ResolveFrameworkReferences" task from assembly "C:\Program Files\dotnet\sdk\8.0.400\Sdks\Microsoft.NET.Sdk\targets\..\tools\net8.0\Microsoft.NET.Build.Tasks.dll".
       Task "ResolveFrameworkReferences"
       Done executing task "ResolveFrameworkReferences".
   3:7>Done building target "ResolveFrameworkReferences" in project "Jarvis.Core.csproj".
   3:7>Target "ResolveTargetingPackAssets" in file "C:\Program Files\dotnet\sdk\8.0.400\Sdks\Microsoft.NET.Sdk\targets\Microsoft.NET.Sdk.FrameworkReferenceResolution.targets" from project "C:\Users\NoahR\OneDrive\Desktop\Jarvis\src\Jarvis.Core\Jarvis.Core.csproj" (target "_HandlePackageFileConflicts" depends on it):
       Using "ResolveTargetingPackAssets" task from assembly "C:\Program Files\dotnet\sdk\8.0.400\Sdks\Microsoft.NET.Sdk\targets\..\tools\net8.0\Microsoft.NET.Build.Tasks.dll".
       Task "ResolveTargetingPackAssets"
       Done executing task "ResolveTargetingPackAssets".
   3:7>Done building target "ResolveTargetingPackAssets" in project "Jarvis.Core.csproj".
   3:7>Target "ResolveOffByDefaultAnalyzers" in file "C:\Program Files\dotnet\sdk\8.0.400\Sdks\Microsoft.NET.Sdk\targets\Microsoft.NET.Sdk.FrameworkReferenceResolution.targets" from project "C:\Users\NoahR\OneDrive\Desktop\Jarvis\src\Jarvis.Core\Jarvis.Core.csproj" (target "_HandlePackageFileConflicts" depends on it):
   3:7>Done building target "ResolveOffByDefaultAnalyzers" in project "Jarvis.Core.csproj".
   3:7>Target "_HandlePackageFileConflicts" in file "C:\Program Files\dotnet\sdk\8.0.400\Sdks\Microsoft.NET.Sdk\targets\Microsoft.NET.ConflictResolution.targets" from project "C:\Users\NoahR\OneDrive\Desktop\Jarvis\src\Jarvis.Core\Jarvis.Core.csproj" (target "ResolveAssemblyReferences" depends on it):
       Using "ResolvePackageFileConflicts" task from assembly "C:\Program Files\dotnet\sdk\8.0.400\Sdks\Microsoft.NET.Sdk\targets\..\tools\net8.0\Microsoft.NET.Build.Tasks.dll".
       Task "ResolvePackageFileConflicts"
         Encountered conflict between 'Platform:mscorlib.dll' and 'Platform:mscorlib.dll'. Could not determine winner due to equal file and assembly versions.
         Encountered conflict between 'Platform:Microsoft.VisualBasic.dll' and 'Platform:Microsoft.VisualBasic.dll'. Could not determine winner due to equal file and assembly versions.
         Encountered conflict between 'Platform:System.dll' and 'Platform:System.dll'. Could not determine winner due to equal file and assembly versions.
         Encountered conflict between 'Platform:System.ComponentModel.DataAnnotations.dll' and 'Platform:System.ComponentModel.DataAnnotations.dll'. Could not determine winner due to equal file and assembly versions.
         Encountered conflict between 'Platform:System.Configuration.dll' and 'Platform:System.Configuration.dll'. Could not determine winner due to equal file and assembly versions.
         Encountered conflict between 'Platform:System.Core.dll' and 'Platform:System.Core.dll'. Could not determine winner due to equal file and assembly versions.
         Encountered conflict between 'Platform:System.Data.dll' and 'Platform:System.Data.dll'. Could not determine winner due to equal file and assembly versions.
         Encountered conflict between 'Platform:System.Drawing.dll' and 'Platform:System.Drawing.dll'. Could not determine winner due to equal file and assembly versions.
         Encountered conflict between 'Platform:System.IO.Compression.FileSystem.dll' and 'Platform:System.IO.Compression.FileSystem.dll'. Could not determine winner due to equal file and assembly versions.
         Encountered conflict between 'Platform:System.Net.dll' and 'Platform:System.Net.dll'. Could not determine winner due to equal file and assembly versions.
         Encountered conflict between 'Platform:System.Numerics.dll' and 'Platform:System.Numerics.dll'. Could not determine winner due to equal file and assembly versions.
         Encountered conflict between 'Platform:System.Runtime.Serialization.dll' and 'Platform:System.Runtime.Serialization.dll'. Could not determine winner due to equal file and assembly versions.
         Encountered conflict between 'Platform:System.Security.dll' and 'Platform:System.Security.dll'. Could not determine winner due to equal file and assembly versions.
         Encountered conflict between 'Platform:System.ServiceProcess.dll' and 'Platform:System.ServiceProcess.dll'. Could not determine winner due to equal file and assembly versions.
         Encountered conflict between 'Platform:System.ServiceModel.Web.dll' and 'Platform:System.ServiceModel.Web.dll'. Could not determine winner due to equal file and assembly versions.
         Encountered conflict between 'Platform:System.Transactions.dll' and 'Platform:System.Transactions.dll'. Could not determine winner due to equal file and assembly versions.
         Encountered conflict between 'Platform:System.Web.dll' and 'Platform:System.Web.dll'. Could not determine winner due to equal file and assembly versions.
         Encountered conflict between 'Platform:System.Windows.dll' and 'Platform:System.Windows.dll'. Could not determine winner due to equal file and assembly versions.
         Encountered conflict between 'Platform:System.Xml.dll' and 'Platform:System.Xml.dll'. Could not determine winner due to equal file and assembly versions.
         Encountered conflict between 'Platform:System.Xml.Serialization.dll' and 'Platform:System.Xml.Serialization.dll'. Could not determine winner due to equal file and assembly versions.
         Encountered conflict between 'Platform:System.Xml.Linq.dll' and 'Platform:System.Xml.Linq.dll'. Could not determine winner due to equal file and assembly versions.
         Encountered conflict between 'Platform:WindowsBase.dll' and 'Platform:WindowsBase.dll'. Could not determine winner due to equal file and assembly versions.
         Encountered conflict between 'Platform:netstandard.dll' and 'Platform:netstandard.dll'. Could not determine winner due to equal file and assembly versions.
         Encountered conflict between 'Platform:System.Private.CoreLib.dll' and 'Platform:System.Private.CoreLib.dll'. Could not determine winner due to equal file and assembly versions.
         Encountered conflict between 'Platform:System.Private.DataContractSerialization.dll' and 'Platform:System.Private.DataContractSerialization.dll'. Could not determine winner due to equal file and assembly versions.
         Encountered conflict between 'Platform:System.Private.Uri.dll' and 'Platform:System.Private.Uri.dll'. Could not determine winner due to equal file and assembly versions.
         Encountered conflict between 'Platform:System.Private.Xml.dll' and 'Platform:System.Private.Xml.dll'. Could not determine winner due to equal file and assembly versions.
         Encountered conflict between 'Platform:System.Private.Xml.Linq.dll' and 'Platform:System.Private.Xml.Linq.dll'. Could not determine winner due to equal file and assembly versions.
         Encountered conflict between 'Platform:mscordaccore_amd64_amd64_8.0.824.36612.dll' and 'Platform:mscordaccore_amd64_amd64_8.0.824.36612.dll'. Could not determine winner due to equal file and assembly versions.
       Done executing task "ResolvePackageFileConflicts".
   3:7>Done building target "_HandlePackageFileConflicts" in project "Jarvis.Core.csproj".
       Target "ResolveTargetingPackAssets" skipped. Previously built successfully.
   3:7>Target "ResolveAssemblyReferences" in file "C:\Program Files\dotnet\sdk\8.0.400\Microsoft.Common.CurrentVersion.targets" from project "C:\Users\NoahR\OneDrive\Desktop\Jarvis\src\Jarvis.Core\Jarvis.Core.csproj" (target "ResolveReferences" depends on it):
       Using "ResolveAssemblyReference" task from assembly "Microsoft.Build.Tasks.Core, Version=15.1.0.0, Culture=neutral, PublicKeyToken=b03f5f7f11d50a3a".
       Task "ResolveAssemblyReference"
         TargetFrameworkMoniker:
             .NETCoreApp,Version=v8.0
         TargetFrameworkMonikerDisplayName:
             .NET 8.0
         TargetedRuntimeVersion:
             
         Assemblies:
             C:\Program Files\dotnet\packs\Microsoft.NETCore.App.Ref\8.0.8\ref/net8.0/Microsoft.CSharp.dll
                 Private = 'false'
             C:\Program Files\dotnet\packs\Microsoft.NETCore.App.Ref\8.0.8\ref/net8.0/Microsoft.VisualBasic.Core.dll
                 Private = 'false'
             C:\Program Files\dotnet\packs\Microsoft.NETCore.App.Ref\8.0.8\ref/net8.0/Microsoft.VisualBasic.dll
                 Private = 'false'
             C:\Program Files\dotnet\packs\Microsoft.NETCore.App.Ref\8.0.8\ref/net8.0/Microsoft.Win32.Primitives.dll
                 Private = 'false'
             C:\Program Files\dotnet\packs\Microsoft.NETCore.App.Ref\8.0.8\ref/net8.0/Microsoft.Win32.Registry.dll
                 Private = 'false'
             C:\Program Files\dotnet\packs\Microsoft.NETCore.App.Ref\8.0.8\ref/net8.0/System.AppContext.dll
                 Private = 'false'
             C:\Program Files\dotnet\packs\Microsoft.NETCore.App.Ref\8.0.8\ref/net8.0/System.Buffers.dll
                 Private = 'false'
             C:\Program Files\dotnet\packs\Microsoft.NETCore.App.Ref\8.0.8\ref/net8.0/System.Collections.Concurrent.dll
                 Private = 'false'
             C:\Program Files\dotnet\packs\Microsoft.NETCore.App.Ref\8.0.8\ref/net8.0/System.Collections.Immutable.dll
                 Private = 'false'
             C:\Program Files\dotnet\packs\Microsoft.NETCore.App.Ref\8.0.8\ref/net8.0/System.Collections.NonGeneric.dll
                 Private = 'false'
             C:\Program Files\dotnet\packs\Microsoft.NETCore.App.Ref\8.0.8\ref/net8.0/System.Collections.Specialized.dll
                 Private = 'false'
             C:\Program Files\dotnet\packs\Microsoft.NETCore.App.Ref\8.0.8\ref/net8.0/System.Collections.dll
                 Private = 'false'
             C:\Program Files\dotnet\packs\Microsoft.NETCore.App.Ref\8.0.8\ref/net8.0/System.ComponentModel.Annotations.dll
                 Private = 'false'
             C:\Program Files\dotnet\packs\Microsoft.NETCore.App.Ref\8.0.8\ref/net8.0/System.ComponentModel.DataAnnotations.dll
                 Private = 'false'
             C:\Program Files\dotnet\packs\Microsoft.NETCore.App.Ref\8.0.8\ref/net8.0/System.ComponentModel.EventBasedAsync.dll
                 Private = 'false'
             C:\Program Files\dotnet\packs\Microsoft.NETCore.App.Ref\8.0.8\ref/net8.0/System.ComponentModel.Primitives.dll
                 Private = 'false'
             C:\Program Files\dotnet\packs\Microsoft.NETCore.App.Ref\8.0.8\ref/net8.0/System.ComponentModel.TypeConverter.dll
                 Private = 'false'
             C:\Program Files\dotnet\packs\Microsoft.NETCore.App.Ref\8.0.8\ref/net8.0/System.ComponentModel.dll
                 Private = 'false'
             C:\Program Files\dotnet\packs\Microsoft.NETCore.App.Ref\8.0.8\ref/net8.0/System.Configuration.dll
                 Private = 'false'
             C:\Program Files\dotnet\packs\Microsoft.NETCore.App.Ref\8.0.8\ref/net8.0/System.Console.dll
                 Private = 'false'
             C:\Program Files\dotnet\packs\Microsoft.NETCore.App.Ref\8.0.8\ref/net8.0/System.Core.dll
                 Private = 'false'
             C:\Program Files\dotnet\packs\Microsoft.NETCore.App.Ref\8.0.8\ref/net8.0/System.Data.Common.dll
                 Private = 'false'
             C:\Program Files\dotnet\packs\Microsoft.NETCore.App.Ref\8.0.8\ref/net8.0/System.Data.DataSetExtensions.dll
                 Private = 'false'
             C:\Program Files\dotnet\packs\Microsoft.NETCore.App.Ref\8.0.8\ref/net8.0/System.Data.dll
                 Private = 'false'
             C:\Program Files\dotnet\packs\Microsoft.NETCore.App.Ref\8.0.8\ref/net8.0/System.Diagnostics.Contracts.dll
                 Private = 'false'
             C:\Program Files\dotnet\packs\Microsoft.NETCore.App.Ref\8.0.8\ref/net8.0/System.Diagnostics.Debug.dll
                 Private = 'false'
             C:\Program Files\dotnet\packs\Microsoft.NETCore.App.Ref\8.0.8\ref/net8.0/System.Diagnostics.DiagnosticSource.dll
                 Private = 'false'
             C:\Program Files\dotnet\packs\Microsoft.NETCore.App.Ref\8.0.8\ref/net8.0/System.Diagnostics.FileVersionInfo.dll
                 Private = 'false'
             C:\Program Files\dotnet\packs\Microsoft.NETCore.App.Ref\8.0.8\ref/net8.0/System.Diagnostics.Process.dll
                 Private = 'false'
             C:\Program Files\dotnet\packs\Microsoft.NETCore.App.Ref\8.0.8\ref/net8.0/System.Diagnostics.StackTrace.dll
                 Private = 'false'
             C:\Program Files\dotnet\packs\Microsoft.NETCore.App.Ref\8.0.8\ref/net8.0/System.Diagnostics.TextWriterTraceListener.dll
                 Private = 'false'
             C:\Program Files\dotnet\packs\Microsoft.NETCore.App.Ref\8.0.8\ref/net8.0/System.Diagnostics.Tools.dll
                 Private = 'false'
             C:\Program Files\dotnet\packs\Microsoft.NETCore.App.Ref\8.0.8\ref/net8.0/System.Diagnostics.TraceSource.dll
                 Private = 'false'
             C:\Program Files\dotnet\packs\Microsoft.NETCore.App.Ref\8.0.8\ref/net8.0/System.Diagnostics.Tracing.dll
                 Private = 'false'
             C:\Program Files\dotnet\packs\Microsoft.NETCore.App.Ref\8.0.8\ref/net8.0/System.Drawing.Primitives.dll
                 Private = 'false'
             C:\Program Files\dotnet\packs\Microsoft.NETCore.App.Ref\8.0.8\ref/net8.0/System.Drawing.dll
                 Private = 'false'
             C:\Program Files\dotnet\packs\Microsoft.NETCore.App.Ref\8.0.8\ref/net8.0/System.Dynamic.Runtime.dll
                 Private = 'false'
             C:\Program Files\dotnet\packs\Microsoft.NETCore.App.Ref\8.0.8\ref/net8.0/System.Formats.Asn1.dll
                 Private = 'false'
             C:\Program Files\dotnet\packs\Microsoft.NETCore.App.Ref\8.0.8\ref/net8.0/System.Formats.Tar.dll
                 Private = 'false'
             C:\Program Files\dotnet\packs\Microsoft.NETCore.App.Ref\8.0.8\ref/net8.0/System.Globalization.Calendars.dll
                 Private = 'false'
             C:\Program Files\dotnet\packs\Microsoft.NETCore.App.Ref\8.0.8\ref/net8.0/System.Globalization.Extensions.dll
                 Private = 'false'
             C:\Program Files\dotnet\packs\Microsoft.NETCore.App.Ref\8.0.8\ref/net8.0/System.Globalization.dll
                 Private = 'false'
             C:\Program Files\dotnet\packs\Microsoft.NETCore.App.Ref\8.0.8\ref/net8.0/System.IO.Compression.Brotli.dll
                 Private = 'false'
             C:\Program Files\dotnet\packs\Microsoft.NETCore.App.Ref\8.0.8\ref/net8.0/System.IO.Compression.FileSystem.dll
                 Private = 'false'
             C:\Program Files\dotnet\packs\Microsoft.NETCore.App.Ref\8.0.8\ref/net8.0/System.IO.Compression.ZipFile.dll
                 Private = 'false'
             C:\Program Files\dotnet\packs\Microsoft.NETCore.App.Ref\8.0.8\ref/net8.0/System.IO.Compression.dll
                 Private = 'false'
             C:\Program Files\dotnet\packs\Microsoft.NETCore.App.Ref\8.0.8\ref/net8.0/System.IO.FileSystem.AccessControl.dll
                 Private = 'false'
             C:\Program Files\dotnet\packs\Microsoft.NETCore.App.Ref\8.0.8\ref/net8.0/System.IO.FileSystem.DriveInfo.dll
                 Private = 'false'
             C:\Program Files\dotnet\packs\Microsoft.NETCore.App.Ref\8.0.8\ref/net8.0/System.IO.FileSystem.Primitives.dll
                 Private = 'false'
             C:\Program Files\dotnet\packs\Microsoft.NETCore.App.Ref\8.0.8\ref/net8.0/System.IO.FileSystem.Watcher.dll
                 Private = 'false'
             C:\Program Files\dotnet\packs\Microsoft.NETCore.App.Ref\8.0.8\ref/net8.0/System.IO.FileSystem.dll
                 Private = 'false'
             C:\Program Files\dotnet\packs\Microsoft.NETCore.App.Ref\8.0.8\ref/net8.0/System.IO.IsolatedStorage.dll
                 Private = 'false'
             C:\Program Files\dotnet\packs\Microsoft.NETCore.App.Ref\8.0.8\ref/net8.0/System.IO.MemoryMappedFiles.dll
                 Private = 'false'
             C:\Program Files\dotnet\packs\Microsoft.NETCore.App.Ref\8.0.8\ref/net8.0/System.IO.Pipes.AccessControl.dll
                 Private = 'false'
             C:\Program Files\dotnet\packs\Microsoft.NETCore.App.Ref\8.0.8\ref/net8.0/System.IO.Pipes.dll
                 Private = 'false'
             C:\Program Files\dotnet\packs\Microsoft.NETCore.App.Ref\8.0.8\ref/net8.0/System.IO.UnmanagedMemoryStream.dll
                 Private = 'false'
             C:\Program Files\dotnet\packs\Microsoft.NETCore.App.Ref\8.0.8\ref/net8.0/System.IO.dll
                 Private = 'false'
             C:\Program Files\dotnet\packs\Microsoft.NETCore.App.Ref\8.0.8\ref/net8.0/System.Linq.Expressions.dll
                 Private = 'false'
             C:\Program Files\dotnet\packs\Microsoft.NETCore.App.Ref\8.0.8\ref/net8.0/System.Linq.Parallel.dll
                 Private = 'false'
             C:\Program Files\dotnet\packs\Microsoft.NETCore.App.Ref\8.0.8\ref/net8.0/System.Linq.Queryable.dll
                 Private = 'false'
             C:\Program Files\dotnet\packs\Microsoft.NETCore.App.Ref\8.0.8\ref/net8.0/System.Linq.dll
                 Private = 'false'
             C:\Program Files\dotnet\packs\Microsoft.NETCore.App.Ref\8.0.8\ref/net8.0/System.Memory.dll
                 Private = 'false'
             C:\Program Files\dotnet\packs\Microsoft.NETCore.App.Ref\8.0.8\ref/net8.0/System.Net.Http.Json.dll
                 Private = 'false'
             C:\Program Files\dotnet\packs\Microsoft.NETCore.App.Ref\8.0.8\ref/net8.0/System.Net.Http.dll
                 Private = 'false'
             C:\Program Files\dotnet\packs\Microsoft.NETCore.App.Ref\8.0.8\ref/net8.0/System.Net.HttpListener.dll
                 Private = 'false'
             C:\Program Files\dotnet\packs\Microsoft.NETCore.App.Ref\8.0.8\ref/net8.0/System.Net.Mail.dll
                 Private = 'false'
             C:\Program Files\dotnet\packs\Microsoft.NETCore.App.Ref\8.0.8\ref/net8.0/System.Net.NameResolution.dll
                 Private = 'false'
             C:\Program Files\dotnet\packs\Microsoft.NETCore.App.Ref\8.0.8\ref/net8.0/System.Net.NetworkInformation.dll
                 Private = 'false'
             C:\Program Files\dotnet\packs\Microsoft.NETCore.App.Ref\8.0.8\ref/net8.0/System.Net.Ping.dll
                 Private = 'false'
             C:\Program Files\dotnet\packs\Microsoft.NETCore.App.Ref\8.0.8\ref/net8.0/System.Net.Primitives.dll
                 Private = 'false'
             C:\Program Files\dotnet\packs\Microsoft.NETCore.App.Ref\8.0.8\ref/net8.0/System.Net.Quic.dll
                 Private = 'false'
             C:\Program Files\dotnet\packs\Microsoft.NETCore.App.Ref\8.0.8\ref/net8.0/System.Net.Requests.dll
                 Private = 'false'
             C:\Program Files\dotnet\packs\Microsoft.NETCore.App.Ref\8.0.8\ref/net8.0/System.Net.Security.dll
                 Private = 'false'
             C:\Program Files\dotnet\packs\Microsoft.NETCore.App.Ref\8.0.8\ref/net8.0/System.Net.ServicePoint.dll
                 Private = 'false'
             C:\Program Files\dotnet\packs\Microsoft.NETCore.App.Ref\8.0.8\ref/net8.0/System.Net.Sockets.dll
                 Private = 'false'
             C:\Program Files\dotnet\packs\Microsoft.NETCore.App.Ref\8.0.8\ref/net8.0/System.Net.WebClient.dll
                 Private = 'false'
             C:\Program Files\dotnet\packs\Microsoft.NETCore.App.Ref\8.0.8\ref/net8.0/System.Net.WebHeaderCollection.dll
                 Private = 'false'
             C:\Program Files\dotnet\packs\Microsoft.NETCore.App.Ref\8.0.8\ref/net8.0/System.Net.WebProxy.dll
                 Private = 'false'
             C:\Program Files\dotnet\packs\Microsoft.NETCore.App.Ref\8.0.8\ref/net8.0/System.Net.WebSockets.Client.dll
                 Private = 'false'
             C:\Program Files\dotnet\packs\Microsoft.NETCore.App.Ref\8.0.8\ref/net8.0/System.Net.WebSockets.dll
                 Private = 'false'
             C:\Program Files\dotnet\packs\Microsoft.NETCore.App.Ref\8.0.8\ref/net8.0/System.Net.dll
                 Private = 'false'
             C:\Program Files\dotnet\packs\Microsoft.NETCore.App.Ref\8.0.8\ref/net8.0/System.Numerics.Vectors.dll
                 Private = 'false'
             C:\Program Files\dotnet\packs\Microsoft.NETCore.App.Ref\8.0.8\ref/net8.0/System.Numerics.dll
                 Private = 'false'
             C:\Program Files\dotnet\packs\Microsoft.NETCore.App.Ref\8.0.8\ref/net8.0/System.ObjectModel.dll
                 Private = 'false'
             C:\Program Files\dotnet\packs\Microsoft.NETCore.App.Ref\8.0.8\ref/net8.0/System.Reflection.DispatchProxy.dll
                 Private = 'false'
             C:\Program Files\dotnet\packs\Microsoft.NETCore.App.Ref\8.0.8\ref/net8.0/System.Reflection.Emit.ILGeneration.dll
                 Private = 'false'
             C:\Program Files\dotnet\packs\Microsoft.NETCore.App.Ref\8.0.8\ref/net8.0/System.Reflection.Emit.Lightweight.dll
                 Private = 'false'
             C:\Program Files\dotnet\packs\Microsoft.NETCore.App.Ref\8.0.8\ref/net8.0/System.Reflection.Emit.dll
                 Private = 'false'
             C:\Program Files\dotnet\packs\Microsoft.NETCore.App.Ref\8.0.8\ref/net8.0/System.Reflection.Extensions.dll
                 Private = 'false'
             C:\Program Files\dotnet\packs\Microsoft.NETCore.App.Ref\8.0.8\ref/net8.0/System.Reflection.Metadata.dll
                 Private = 'false'
             C:\Program Files\dotnet\packs\Microsoft.NETCore.App.Ref\8.0.8\ref/net8.0/System.Reflection.Primitives.dll
                 Private = 'false'
             C:\Program Files\dotnet\packs\Microsoft.NETCore.App.Ref\8.0.8\ref/net8.0/System.Reflection.TypeExtensions.dll
                 Private = 'false'
             C:\Program Files\dotnet\packs\Microsoft.NETCore.App.Ref\8.0.8\ref/net8.0/System.Reflection.dll
                 Private = 'false'
             C:\Program Files\dotnet\packs\Microsoft.NETCore.App.Ref\8.0.8\ref/net8.0/System.Resources.Reader.dll
                 Private = 'false'
             C:\Program Files\dotnet\packs\Microsoft.NETCore.App.Ref\8.0.8\ref/net8.0/System.Resources.ResourceManager.dll
                 Private = 'false'
             C:\Program Files\dotnet\packs\Microsoft.NETCore.App.Ref\8.0.8\ref/net8.0/System.Resources.Writer.dll
                 Private = 'false'
             C:\Program Files\dotnet\packs\Microsoft.NETCore.App.Ref\8.0.8\ref/net8.0/System.Runtime.CompilerServices.Unsafe.dll
                 Private = 'false'
             C:\Program Files\dotnet\packs\Microsoft.NETCore.App.Ref\8.0.8\ref/net8.0/System.Runtime.CompilerServices.VisualC.dll
                 Private = 'false'
             C:\Program Files\dotnet\packs\Microsoft.NETCore.App.Ref\8.0.8\ref/net8.0/System.Runtime.Extensions.dll
                 Private = 'false'
             C:\Program Files\dotnet\packs\Microsoft.NETCore.App.Ref\8.0.8\ref/net8.0/System.Runtime.Handles.dll
                 Private = 'false'
             C:\Program Files\dotnet\packs\Microsoft.NETCore.App.Ref\8.0.8\ref/net8.0/System.Runtime.InteropServices.JavaScript.dll
                 Private = 'false'
             C:\Program Files\dotnet\packs\Microsoft.NETCore.App.Ref\8.0.8\ref/net8.0/System.Runtime.InteropServices.RuntimeInformation.dll
                 Private = 'false'
             C:\Program Files\dotnet\packs\Microsoft.NETCore.App.Ref\8.0.8\ref/net8.0/System.Runtime.InteropServices.dll
                 Private = 'false'
             C:\Program Files\dotnet\packs\Microsoft.NETCore.App.Ref\8.0.8\ref/net8.0/System.Runtime.Intrinsics.dll
                 Private = 'false'
             C:\Program Files\dotnet\packs\Microsoft.NETCore.App.Ref\8.0.8\ref/net8.0/System.Runtime.Loader.dll
                 Private = 'false'
             C:\Program Files\dotnet\packs\Microsoft.NETCore.App.Ref\8.0.8\ref/net8.0/System.Runtime.Numerics.dll
                 Private = 'false'
             C:\Program Files\dotnet\packs\Microsoft.NETCore.App.Ref\8.0.8\ref/net8.0/System.Runtime.Serialization.Formatters.dll
                 Private = 'false'
             C:\Program Files\dotnet\packs\Microsoft.NETCore.App.Ref\8.0.8\ref/net8.0/System.Runtime.Serialization.Json.dll
                 Private = 'false'
             C:\Program Files\dotnet\packs\Microsoft.NETCore.App.Ref\8.0.8\ref/net8.0/System.Runtime.Serialization.Primitives.dll
                 Private = 'false'
             C:\Program Files\dotnet\packs\Microsoft.NETCore.App.Ref\8.0.8\ref/net8.0/System.Runtime.Serialization.Xml.dll
                 Private = 'false'
             C:\Program Files\dotnet\packs\Microsoft.NETCore.App.Ref\8.0.8\ref/net8.0/System.Runtime.Serialization.dll
                 Private = 'false'
             C:\Program Files\dotnet\packs\Microsoft.NETCore.App.Ref\8.0.8\ref/net8.0/System.Runtime.dll
                 Private = 'false'
             C:\Program Files\dotnet\packs\Microsoft.NETCore.App.Ref\8.0.8\ref/net8.0/System.Security.AccessControl.dll
                 Private = 'false'
             C:\Program Files\dotnet\packs\Microsoft.NETCore.App.Ref\8.0.8\ref/net8.0/System.Security.Claims.dll
                 Private = 'false'
             C:\Program Files\dotnet\packs\Microsoft.NETCore.App.Ref\8.0.8\ref/net8.0/System.Security.Cryptography.Algorithms.dll
                 Private = 'false'
             C:\Program Files\dotnet\packs\Microsoft.NETCore.App.Ref\8.0.8\ref/net8.0/System.Security.Cryptography.Cng.dll
                 Private = 'false'
             C:\Program Files\dotnet\packs\Microsoft.NETCore.App.Ref\8.0.8\ref/net8.0/System.Security.Cryptography.Csp.dll
                 Private = 'false'
             C:\Program Files\dotnet\packs\Microsoft.NETCore.App.Ref\8.0.8\ref/net8.0/System.Security.Cryptography.Encoding.dll
                 Private = 'false'
             C:\Program Files\dotnet\packs\Microsoft.NETCore.App.Ref\8.0.8\ref/net8.0/System.Security.Cryptography.OpenSsl.dll
                 Private = 'false'
             C:\Program Files\dotnet\packs\Microsoft.NETCore.App.Ref\8.0.8\ref/net8.0/System.Security.Cryptography.Primitives.dll
                 Private = 'false'
             C:\Program Files\dotnet\packs\Microsoft.NETCore.App.Ref\8.0.8\ref/net8.0/System.Security.Cryptography.X509Certificates.dll
                 Private = 'false'
             C:\Program Files\dotnet\packs\Microsoft.NETCore.App.Ref\8.0.8\ref/net8.0/System.Security.Cryptography.dll
                 Private = 'false'
             C:\Program Files\dotnet\packs\Microsoft.NETCore.App.Ref\8.0.8\ref/net8.0/System.Security.Principal.Windows.dll
                 Private = 'false'
             C:\Program Files\dotnet\packs\Microsoft.NETCore.App.Ref\8.0.8\ref/net8.0/System.Security.Principal.dll
                 Private = 'false'
             C:\Program Files\dotnet\packs\Microsoft.NETCore.App.Ref\8.0.8\ref/net8.0/System.Security.SecureString.dll
                 Private = 'false'
             C:\Program Files\dotnet\packs\Microsoft.NETCore.App.Ref\8.0.8\ref/net8.0/System.Security.dll
                 Private = 'false'
             C:\Program Files\dotnet\packs\Microsoft.NETCore.App.Ref\8.0.8\ref/net8.0/System.ServiceModel.Web.dll
                 Private = 'false'
             C:\Program Files\dotnet\packs\Microsoft.NETCore.App.Ref\8.0.8\ref/net8.0/System.ServiceProcess.dll
                 Private = 'false'
             C:\Program Files\dotnet\packs\Microsoft.NETCore.App.Ref\8.0.8\ref/net8.0/System.Text.Encoding.CodePages.dll
                 Private = 'false'
             C:\Program Files\dotnet\packs\Microsoft.NETCore.App.Ref\8.0.8\ref/net8.0/System.Text.Encoding.Extensions.dll
                 Private = 'false'
             C:\Program Files\dotnet\packs\Microsoft.NETCore.App.Ref\8.0.8\ref/net8.0/System.Text.Encoding.dll
                 Private = 'false'
             C:\Program Files\dotnet\packs\Microsoft.NETCore.App.Ref\8.0.8\ref/net8.0/System.Text.Encodings.Web.dll
                 Private = 'false'
             C:\Program Files\dotnet\packs\Microsoft.NETCore.App.Ref\8.0.8\ref/net8.0/System.Text.Json.dll
                 Private = 'false'
             C:\Program Files\dotnet\packs\Microsoft.NETCore.App.Ref\8.0.8\ref/net8.0/System.Text.RegularExpressions.dll
                 Private = 'false'
             C:\Program Files\dotnet\packs\Microsoft.NETCore.App.Ref\8.0.8\ref/net8.0/System.Threading.Channels.dll
                 Private = 'false'
             C:\Program Files\dotnet\packs\Microsoft.NETCore.App.Ref\8.0.8\ref/net8.0/System.Threading.Overlapped.dll
                 Private = 'false'
             C:\Program Files\dotnet\packs\Microsoft.NETCore.App.Ref\8.0.8\ref/net8.0/System.Threading.Tasks.Dataflow.dll
                 Private = 'false'
             C:\Program Files\dotnet\packs\Microsoft.NETCore.App.Ref\8.0.8\ref/net8.0/System.Threading.Tasks.Extensions.dll
                 Private = 'false'
             C:\Program Files\dotnet\packs\Microsoft.NETCore.App.Ref\8.0.8\ref/net8.0/System.Threading.Tasks.Parallel.dll
                 Private = 'false'
             C:\Program Files\dotnet\packs\Microsoft.NETCore.App.Ref\8.0.8\ref/net8.0/System.Threading.Tasks.dll
                 Private = 'false'
             C:\Program Files\dotnet\packs\Microsoft.NETCore.App.Ref\8.0.8\ref/net8.0/System.Threading.Thread.dll
                 Private = 'false'
             C:\Program Files\dotnet\packs\Microsoft.NETCore.App.Ref\8.0.8\ref/net8.0/System.Threading.ThreadPool.dll
                 Private = 'false'
             C:\Program Files\dotnet\packs\Microsoft.NETCore.App.Ref\8.0.8\ref/net8.0/System.Threading.Timer.dll
                 Private = 'false'
             C:\Program Files\dotnet\packs\Microsoft.NETCore.App.Ref\8.0.8\ref/net8.0/System.Threading.dll
                 Private = 'false'
             C:\Program Files\dotnet\packs\Microsoft.NETCore.App.Ref\8.0.8\ref/net8.0/System.Transactions.Local.dll
                 Private = 'false'
             C:\Program Files\dotnet\packs\Microsoft.NETCore.App.Ref\8.0.8\ref/net8.0/System.Transactions.dll
                 Private = 'false'
             C:\Program Files\dotnet\packs\Microsoft.NETCore.App.Ref\8.0.8\ref/net8.0/System.ValueTuple.dll
                 Private = 'false'
             C:\Program Files\dotnet\packs\Microsoft.NETCore.App.Ref\8.0.8\ref/net8.0/System.Web.HttpUtility.dll
                 Private = 'false'
             C:\Program Files\dotnet\packs\Microsoft.NETCore.App.Ref\8.0.8\ref/net8.0/System.Web.dll
                 Private = 'false'
             C:\Program Files\dotnet\packs\Microsoft.NETCore.App.Ref\8.0.8\ref/net8.0/System.Windows.dll
                 Private = 'false'
             C:\Program Files\dotnet\packs\Microsoft.NETCore.App.Ref\8.0.8\ref/net8.0/System.Xml.Linq.dll
                 Private = 'false'
             C:\Program Files\dotnet\packs\Microsoft.NETCore.App.Ref\8.0.8\ref/net8.0/System.Xml.ReaderWriter.dll
                 Private = 'false'
             C:\Program Files\dotnet\packs\Microsoft.NETCore.App.Ref\8.0.8\ref/net8.0/System.Xml.Serialization.dll
                 Private = 'false'
             C:\Program Files\dotnet\packs\Microsoft.NETCore.App.Ref\8.0.8\ref/net8.0/System.Xml.XDocument.dll
                 Private = 'false'
             C:\Program Files\dotnet\packs\Microsoft.NETCore.App.Ref\8.0.8\ref/net8.0/System.Xml.XPath.XDocument.dll
                 Private = 'false'
             C:\Program Files\dotnet\packs\Microsoft.NETCore.App.Ref\8.0.8\ref/net8.0/System.Xml.XPath.dll
                 Private = 'false'
             C:\Program Files\dotnet\packs\Microsoft.NETCore.App.Ref\8.0.8\ref/net8.0/System.Xml.XmlDocument.dll
                 Private = 'false'
             C:\Program Files\dotnet\packs\Microsoft.NETCore.App.Ref\8.0.8\ref/net8.0/System.Xml.XmlSerializer.dll
                 Private = 'false'
             C:\Program Files\dotnet\packs\Microsoft.NETCore.App.Ref\8.0.8\ref/net8.0/System.Xml.dll
                 Private = 'false'
             C:\Program Files\dotnet\packs\Microsoft.NETCore.App.Ref\8.0.8\ref/net8.0/System.dll
                 Private = 'false'
             C:\Program Files\dotnet\packs\Microsoft.NETCore.App.Ref\8.0.8\ref/net8.0/WindowsBase.dll
                 Private = 'false'
             C:\Program Files\dotnet\packs\Microsoft.NETCore.App.Ref\8.0.8\ref/net8.0/mscorlib.dll
                 Private = 'false'
             C:\Program Files\dotnet\packs\Microsoft.NETCore.App.Ref\8.0.8\ref/net8.0/netstandard.dll
                 Private = 'false'
         AssemblyFiles:
         CandidateAssemblyFiles:
         TargetFrameworkDirectories:
             
         InstalledAssemblyTables:
         IgnoreInstalledAssemblyTable:
             False
         SearchPaths:
             {CandidateAssemblyFiles}
             {HintPathFromItem}
             {TargetFrameworkDirectory}
             {RawFileName}
         AllowedAssemblyExtensions:
             .winmd
             .dll
             .exe
         AllowedRelatedFileExtensions:
             .pdb
             .xml
             .pri
             .dll.config
             .exe.config
         AppConfigFile:
             
         AutoUnify:
             True
         CopyLocalDependenciesWhenParentReferenceInGac:
             True
         FindDependencies:
             True
         TargetProcessorArchitecture:
             msil
         StateFile:
             obj\Debug\net8.0\Jarvis.Core.csproj.AssemblyReference.cache
         InstalledAssemblySubsetTables:
         IgnoreInstalledAssemblySubsetTable:
             False
         TargetFrameworkSubsets:
         FullTargetFrameworkSubsetNames:
             Full
         ProfileName:
             
         FullFrameworkFolders:
         LatestTargetFrameworkDirectories:
         ProfileTablesLocation:
         Primary reference "Microsoft.CSharp, Version=8.0.0.0, Culture=neutral, PublicKeyToken=b03f5f7f11d50a3a".
             Resolved file path is "C:\Program Files\dotnet\packs\Microsoft.NETCore.App.Ref\8.0.8\ref\net8.0\Microsoft.CSharp.dll".
             Reference found at search path location "{RawFileName}".
             This reference is not "CopyLocal" because at least one source item had "Private" set to "false" and no source items had "Private" set to "true".
         Primary reference "Microsoft.VisualBasic.Core, Version=13.0.0.0, Culture=neutral, PublicKeyToken=b03f5f7f11d50a3a".
             Resolved file path is "C:\Program Files\dotnet\packs\Microsoft.NETCore.App.Ref\8.0.8\ref\net8.0\Microsoft.VisualBasic.Core.dll".
             Reference found at search path location "{RawFileName}".
             This reference is not "CopyLocal" because at least one source item had "Private" set to "false" and no source items had "Private" set to "true".
         Primary reference "Microsoft.VisualBasic, Version=10.0.0.0, Culture=neutral, PublicKeyToken=b03f5f7f11d50a3a".
             Resolved file path is "C:\Program Files\dotnet\packs\Microsoft.NETCore.App.Ref\8.0.8\ref\net8.0\Microsoft.VisualBasic.dll".
             Reference found at search path location "{RawFileName}".
             This reference is not "CopyLocal" because at least one source item had "Private" set to "false" and no source items had "Private" set to "true".
         Primary reference "Microsoft.Win32.Primitives, Version=8.0.0.0, Culture=neutral, PublicKeyToken=b03f5f7f11d50a3a".
             Resolved file path is "C:\Program Files\dotnet\packs\Microsoft.NETCore.App.Ref\8.0.8\ref\net8.0\Microsoft.Win32.Primitives.dll".
             Reference found at search path location "{RawFileName}".
             This reference is not "CopyLocal" because at least one source item had "Private" set to "false" and no source items had "Private" set to "true".
         Primary reference "Microsoft.Win32.Registry, Version=8.0.0.0, Culture=neutral, PublicKeyToken=b03f5f7f11d50a3a".
             Resolved file path is "C:\Program Files\dotnet\packs\Microsoft.NETCore.App.Ref\8.0.8\ref\net8.0\Microsoft.Win32.Registry.dll".
             Reference found at search path location "{RawFileName}".
             This reference is not "CopyLocal" because at least one source item had "Private" set to "false" and no source items had "Private" set to "true".
         Primary reference "System.AppContext, Version=8.0.0.0, Culture=neutral, PublicKeyToken=b03f5f7f11d50a3a".
             Resolved file path is "C:\Program Files\dotnet\packs\Microsoft.NETCore.App.Ref\8.0.8\ref\net8.0\System.AppContext.dll".
             Reference found at search path location "{RawFileName}".
             This reference is not "CopyLocal" because at least one source item had "Private" set to "false" and no source items had "Private" set to "true".
         Primary reference "System.Buffers, Version=8.0.0.0, Culture=neutral, PublicKeyToken=cc7b13ffcd2ddd51".
             Resolved file path is "C:\Program Files\dotnet\packs\Microsoft.NETCore.App.Ref\8.0.8\ref\net8.0\System.Buffers.dll".
             Reference found at search path location "{RawFileName}".
             This reference is not "CopyLocal" because at least one source item had "Private" set to "false" and no source items had "Private" set to "true".
         Primary reference "System.Collections.Concurrent, Version=8.0.0.0, Culture=neutral, PublicKeyToken=b03f5f7f11d50a3a".
             Resolved file path is "C:\Program Files\dotnet\packs\Microsoft.NETCore.App.Ref\8.0.8\ref\net8.0\System.Collections.Concurrent.dll".
             Reference found at search path location "{RawFileName}".
             This reference is not "CopyLocal" because at least one source item had "Private" set to "false" and no source items had "Private" set to "true".
         Primary reference "System.Collections.Immutable, Version=8.0.0.0, Culture=neutral, PublicKeyToken=b03f5f7f11d50a3a".
             Resolved file path is "C:\Program Files\dotnet\packs\Microsoft.NETCore.App.Ref\8.0.8\ref\net8.0\System.Collections.Immutable.dll".
             Reference found at search path location "{RawFileName}".
             This reference is not "CopyLocal" because at least one source item had "Private" set to "false" and no source items had "Private" set to "true".
         Primary reference "System.Collections.NonGeneric, Version=8.0.0.0, Culture=neutral, PublicKeyToken=b03f5f7f11d50a3a".
             Resolved file path is "C:\Program Files\dotnet\packs\Microsoft.NETCore.App.Ref\8.0.8\ref\net8.0\System.Collections.NonGeneric.dll".
             Reference found at search path location "{RawFileName}".
             This reference is not "CopyLocal" because at least one source item had "Private" set to "false" and no source items had "Private" set to "true".
         Primary reference "System.Collections.Specialized, Version=8.0.0.0, Culture=neutral, PublicKeyToken=b03f5f7f11d50a3a".
             Resolved file path is "C:\Program Files\dotnet\packs\Microsoft.NETCore.App.Ref\8.0.8\ref\net8.0\System.Collections.Specialized.dll".
             Reference found at search path location "{RawFileName}".
             This reference is not "CopyLocal" because at least one source item had "Private" set to "false" and no source items had "Private" set to "true".
         Primary reference "System.Collections, Version=8.0.0.0, Culture=neutral, PublicKeyToken=b03f5f7f11d50a3a".
             Resolved file path is "C:\Program Files\dotnet\packs\Microsoft.NETCore.App.Ref\8.0.8\ref\net8.0\System.Collections.dll".
             Reference found at search path location "{RawFileName}".
             This reference is not "CopyLocal" because at least one source item had "Private" set to "false" and no source items had "Private" set to "true".
         Primary reference "System.ComponentModel.Annotations, Version=8.0.0.0, Culture=neutral, PublicKeyToken=b03f5f7f11d50a3a".
             Resolved file path is "C:\Program Files\dotnet\packs\Microsoft.NETCore.App.Ref\8.0.8\ref\net8.0\System.ComponentModel.Annotations.dll".
             Reference found at search path location "{RawFileName}".
             This reference is not "CopyLocal" because at least one source item had "Private" set to "false" and no source items had "Private" set to "true".
         Primary reference "System.ComponentModel.DataAnnotations, Version=4.0.0.0, Culture=neutral, PublicKeyToken=31bf3856ad364e35".
             Resolved file path is "C:\Program Files\dotnet\packs\Microsoft.NETCore.App.Ref\8.0.8\ref\net8.0\System.ComponentModel.DataAnnotations.dll".
             Reference found at search path location "{RawFileName}".
             This reference is not "CopyLocal" because at least one source item had "Private" set to "false" and no source items had "Private" set to "true".
         Primary reference "System.ComponentModel.EventBasedAsync, Version=8.0.0.0, Culture=neutral, PublicKeyToken=b03f5f7f11d50a3a".
             Resolved file path is "C:\Program Files\dotnet\packs\Microsoft.NETCore.App.Ref\8.0.8\ref\net8.0\System.ComponentModel.EventBasedAsync.dll".
             Reference found at search path location "{RawFileName}".
             This reference is not "CopyLocal" because at least one source item had "Private" set to "false" and no source items had "Private" set to "true".
         Primary reference "System.ComponentModel.Primitives, Version=8.0.0.0, Culture=neutral, PublicKeyToken=b03f5f7f11d50a3a".
             Resolved file path is "C:\Program Files\dotnet\packs\Microsoft.NETCore.App.Ref\8.0.8\ref\net8.0\System.ComponentModel.Primitives.dll".
             Reference found at search path location "{RawFileName}".
             This reference is not "CopyLocal" because at least one source item had "Private" set to "false" and no source items had "Private" set to "true".
         Primary reference "System.ComponentModel.TypeConverter, Version=8.0.0.0, Culture=neutral, PublicKeyToken=b03f5f7f11d50a3a".
             Resolved file path is "C:\Program Files\dotnet\packs\Microsoft.NETCore.App.Ref\8.0.8\ref\net8.0\System.ComponentModel.TypeConverter.dll".
             Reference found at search path location "{RawFileName}".
             This reference is not "CopyLocal" because at least one source item had "Private" set to "false" and no source items had "Private" set to "true".
         Primary reference "System.ComponentModel, Version=8.0.0.0, Culture=neutral, PublicKeyToken=b03f5f7f11d50a3a".
             Resolved file path is "C:\Program Files\dotnet\packs\Microsoft.NETCore.App.Ref\8.0.8\ref\net8.0\System.ComponentModel.dll".
             Reference found at search path location "{RawFileName}".
             This reference is not "CopyLocal" because at least one source item had "Private" set to "false" and no source items had "Private" set to "true".
         Primary reference "System.Configuration, Version=4.0.0.0, Culture=neutral, PublicKeyToken=b03f5f7f11d50a3a".
             Resolved file path is "C:\Program Files\dotnet\packs\Microsoft.NETCore.App.Ref\8.0.8\ref\net8.0\System.Configuration.dll".
             Reference found at search path location "{RawFileName}".
             This reference is not "CopyLocal" because at least one source item had "Private" set to "false" and no source items had "Private" set to "true".
         Primary reference "System.Console, Version=8.0.0.0, Culture=neutral, PublicKeyToken=b03f5f7f11d50a3a".
             Resolved file path is "C:\Program Files\dotnet\packs\Microsoft.NETCore.App.Ref\8.0.8\ref\net8.0\System.Console.dll".
             Reference found at search path location "{RawFileName}".
             This reference is not "CopyLocal" because at least one source item had "Private" set to "false" and no source items had "Private" set to "true".
         Primary reference "System.Core, Version=4.0.0.0, Culture=neutral, PublicKeyToken=b77a5c561934e089".
             Resolved file path is "C:\Program Files\dotnet\packs\Microsoft.NETCore.App.Ref\8.0.8\ref\net8.0\System.Core.dll".
             Reference found at search path location "{RawFileName}".
             This reference is not "CopyLocal" because at least one source item had "Private" set to "false" and no source items had "Private" set to "true".
         Primary reference "System.Data.Common, Version=8.0.0.0, Culture=neutral, PublicKeyToken=b03f5f7f11d50a3a".
             Resolved file path is "C:\Program Files\dotnet\packs\Microsoft.NETCore.App.Ref\8.0.8\ref\net8.0\System.Data.Common.dll".
             Reference found at search path location "{RawFileName}".
             This reference is not "CopyLocal" because at least one source item had "Private" set to "false" and no source items had "Private" set to "true".
         Primary reference "System.Data.DataSetExtensions, Version=8.0.0.0, Culture=neutral, PublicKeyToken=b77a5c561934e089".
             Resolved file path is "C:\Program Files\dotnet\packs\Microsoft.NETCore.App.Ref\8.0.8\ref\net8.0\System.Data.DataSetExtensions.dll".
             Reference found at search path location "{RawFileName}".
             This reference is not "CopyLocal" because at least one source item had "Private" set to "false" and no source items had "Private" set to "true".
         Primary reference "System.Data, Version=4.0.0.0, Culture=neutral, PublicKeyToken=b77a5c561934e089".
             Resolved file path is "C:\Program Files\dotnet\packs\Microsoft.NETCore.App.Ref\8.0.8\ref\net8.0\System.Data.dll".
             Reference found at search path location "{RawFileName}".
             This reference is not "CopyLocal" because at least one source item had "Private" set to "false" and no source items had "Private" set to "true".
         Primary reference "System.Diagnostics.Contracts, Version=8.0.0.0, Culture=neutral, PublicKeyToken=b03f5f7f11d50a3a".
             Resolved file path is "C:\Program Files\dotnet\packs\Microsoft.NETCore.App.Ref\8.0.8\ref\net8.0\System.Diagnostics.Contracts.dll".
             Reference found at search path location "{RawFileName}".
             This reference is not "CopyLocal" because at least one source item had "Private" set to "false" and no source items had "Private" set to "true".
         Primary reference "System.Diagnostics.Debug, Version=8.0.0.0, Culture=neutral, PublicKeyToken=b03f5f7f11d50a3a".
             Resolved file path is "C:\Program Files\dotnet\packs\Microsoft.NETCore.App.Ref\8.0.8\ref\net8.0\System.Diagnostics.Debug.dll".
             Reference found at search path location "{RawFileName}".
             This reference is not "CopyLocal" because at least one source item had "Private" set to "false" and no source items had "Private" set to "true".
         Primary reference "System.Diagnostics.DiagnosticSource, Version=8.0.0.0, Culture=neutral, PublicKeyToken=cc7b13ffcd2ddd51".
             Resolved file path is "C:\Program Files\dotnet\packs\Microsoft.NETCore.App.Ref\8.0.8\ref\net8.0\System.Diagnostics.DiagnosticSource.dll".
             Reference found at search path location "{RawFileName}".
             This reference is not "CopyLocal" because at least one source item had "Private" set to "false" and no source items had "Private" set to "true".
         Primary reference "System.Diagnostics.FileVersionInfo, Version=8.0.0.0, Culture=neutral, PublicKeyToken=b03f5f7f11d50a3a".
             Resolved file path is "C:\Program Files\dotnet\packs\Microsoft.NETCore.App.Ref\8.0.8\ref\net8.0\System.Diagnostics.FileVersionInfo.dll".
             Reference found at search path location "{RawFileName}".
             This reference is not "CopyLocal" because at least one source item had "Private" set to "false" and no source items had "Private" set to "true".
         Primary reference "System.Diagnostics.Process, Version=8.0.0.0, Culture=neutral, PublicKeyToken=b03f5f7f11d50a3a".
             Resolved file path is "C:\Program Files\dotnet\packs\Microsoft.NETCore.App.Ref\8.0.8\ref\net8.0\System.Diagnostics.Process.dll".
             Reference found at search path location "{RawFileName}".
             This reference is not "CopyLocal" because at least one source item had "Private" set to "false" and no source items had "Private" set to "true".
         Primary reference "System.Diagnostics.StackTrace, Version=8.0.0.0, Culture=neutral, PublicKeyToken=b03f5f7f11d50a3a".
             Resolved file path is "C:\Program Files\dotnet\packs\Microsoft.NETCore.App.Ref\8.0.8\ref\net8.0\System.Diagnostics.StackTrace.dll".
             Reference found at search path location "{RawFileName}".
             This reference is not "CopyLocal" because at least one source item had "Private" set to "false" and no source items had "Private" set to "true".
         Primary reference "System.Diagnostics.TextWriterTraceListener, Version=8.0.0.0, Culture=neutral, PublicKeyToken=b03f5f7f11d50a3a".
             Resolved file path is "C:\Program Files\dotnet\packs\Microsoft.NETCore.App.Ref\8.0.8\ref\net8.0\System.Diagnostics.TextWriterTraceListener.dll".
             Reference found at search path location "{RawFileName}".
             This reference is not "CopyLocal" because at least one source item had "Private" set to "false" and no source items had "Private" set to "true".
         Primary reference "System.Diagnostics.Tools, Version=8.0.0.0, Culture=neutral, PublicKeyToken=b03f5f7f11d50a3a".
             Resolved file path is "C:\Program Files\dotnet\packs\Microsoft.NETCore.App.Ref\8.0.8\ref\net8.0\System.Diagnostics.Tools.dll".
             Reference found at search path location "{RawFileName}".
             This reference is not "CopyLocal" because at least one source item had "Private" set to "false" and no source items had "Private" set to "true".
         Primary reference "System.Diagnostics.TraceSource, Version=8.0.0.0, Culture=neutral, PublicKeyToken=b03f5f7f11d50a3a".
             Resolved file path is "C:\Program Files\dotnet\packs\Microsoft.NETCore.App.Ref\8.0.8\ref\net8.0\System.Diagnostics.TraceSource.dll".
             Reference found at search path location "{RawFileName}".
             This reference is not "CopyLocal" because at least one source item had "Private" set to "false" and no source items had "Private" set to "true".
         Primary reference "System.Diagnostics.Tracing, Version=8.0.0.0, Culture=neutral, PublicKeyToken=b03f5f7f11d50a3a".
             Resolved file path is "C:\Program Files\dotnet\packs\Microsoft.NETCore.App.Ref\8.0.8\ref\net8.0\System.Diagnostics.Tracing.dll".
             Reference found at search path location "{RawFileName}".
             This reference is not "CopyLocal" because at least one source item had "Private" set to "false" and no source items had "Private" set to "true".
         Primary reference "System.Drawing.Primitives, Version=8.0.0.0, Culture=neutral, PublicKeyToken=b03f5f7f11d50a3a".
             Resolved file path is "C:\Program Files\dotnet\packs\Microsoft.NETCore.App.Ref\8.0.8\ref\net8.0\System.Drawing.Primitives.dll".
             Reference found at search path location "{RawFileName}".
             This reference is not "CopyLocal" because at least one source item had "Private" set to "false" and no source items had "Private" set to "true".
         Primary reference "System.Drawing, Version=4.0.0.0, Culture=neutral, PublicKeyToken=b03f5f7f11d50a3a".
             Resolved file path is "C:\Program Files\dotnet\packs\Microsoft.NETCore.App.Ref\8.0.8\ref\net8.0\System.Drawing.dll".
             Reference found at search path location "{RawFileName}".
             This reference is not "CopyLocal" because at least one source item had "Private" set to "false" and no source items had "Private" set to "true".
         Primary reference "System.Dynamic.Runtime, Version=8.0.0.0, Culture=neutral, PublicKeyToken=b03f5f7f11d50a3a".
             Resolved file path is "C:\Program Files\dotnet\packs\Microsoft.NETCore.App.Ref\8.0.8\ref\net8.0\System.Dynamic.Runtime.dll".
             Reference found at search path location "{RawFileName}".
             This reference is not "CopyLocal" because at least one source item had "Private" set to "false" and no source items had "Private" set to "true".
         Primary reference "System.Formats.Asn1, Version=8.0.0.0, Culture=neutral, PublicKeyToken=cc7b13ffcd2ddd51".
             Resolved file path is "C:\Program Files\dotnet\packs\Microsoft.NETCore.App.Ref\8.0.8\ref\net8.0\System.Formats.Asn1.dll".
             Reference found at search path location "{RawFileName}".
             This reference is not "CopyLocal" because at least one source item had "Private" set to "false" and no source items had "Private" set to "true".
         Primary reference "System.Formats.Tar, Version=8.0.0.0, Culture=neutral, PublicKeyToken=cc7b13ffcd2ddd51".
             Resolved file path is "C:\Program Files\dotnet\packs\Microsoft.NETCore.App.Ref\8.0.8\ref\net8.0\System.Formats.Tar.dll".
             Reference found at search path location "{RawFileName}".
             This reference is not "CopyLocal" because at least one source item had "Private" set to "false" and no source items had "Private" set to "true".
         Primary reference "System.Globalization.Calendars, Version=8.0.0.0, Culture=neutral, PublicKeyToken=b03f5f7f11d50a3a".
             Resolved file path is "C:\Program Files\dotnet\packs\Microsoft.NETCore.App.Ref\8.0.8\ref\net8.0\System.Globalization.Calendars.dll".
             Reference found at search path location "{RawFileName}".
             This reference is not "CopyLocal" because at least one source item had "Private" set to "false" and no source items had "Private" set to "true".
         Primary reference "System.Globalization.Extensions, Version=8.0.0.0, Culture=neutral, PublicKeyToken=b03f5f7f11d50a3a".
             Resolved file path is "C:\Program Files\dotnet\packs\Microsoft.NETCore.App.Ref\8.0.8\ref\net8.0\System.Globalization.Extensions.dll".
             Reference found at search path location "{RawFileName}".
             This reference is not "CopyLocal" because at least one source item had "Private" set to "false" and no source items had "Private" set to "true".
         Primary reference "System.Globalization, Version=8.0.0.0, Culture=neutral, PublicKeyToken=b03f5f7f11d50a3a".
             Resolved file path is "C:\Program Files\dotnet\packs\Microsoft.NETCore.App.Ref\8.0.8\ref\net8.0\System.Globalization.dll".
             Reference found at search path location "{RawFileName}".
             This reference is not "CopyLocal" because at least one source item had "Private" set to "false" and no source items had "Private" set to "true".
         Primary reference "System.IO.Compression.Brotli, Version=8.0.0.0, Culture=neutral, PublicKeyToken=b77a5c561934e089".
             Resolved file path is "C:\Program Files\dotnet\packs\Microsoft.NETCore.App.Ref\8.0.8\ref\net8.0\System.IO.Compression.Brotli.dll".
             Reference found at search path location "{RawFileName}".
             This reference is not "CopyLocal" because at least one source item had "Private" set to "false" and no source items had "Private" set to "true".
         Primary reference "System.IO.Compression.FileSystem, Version=4.0.0.0, Culture=neutral, PublicKeyToken=b77a5c561934e089".
             Resolved file path is "C:\Program Files\dotnet\packs\Microsoft.NETCore.App.Ref\8.0.8\ref\net8.0\System.IO.Compression.FileSystem.dll".
             Reference found at search path location "{RawFileName}".
             This reference is not "CopyLocal" because at least one source item had "Private" set to "false" and no source items had "Private" set to "true".
         Primary reference "System.IO.Compression.ZipFile, Version=8.0.0.0, Culture=neutral, PublicKeyToken=b77a5c561934e089".
             Resolved file path is "C:\Program Files\dotnet\packs\Microsoft.NETCore.App.Ref\8.0.8\ref\net8.0\System.IO.Compression.ZipFile.dll".
             Reference found at search path location "{RawFileName}".
             This reference is not "CopyLocal" because at least one source item had "Private" set to "false" and no source items had "Private" set to "true".
         Primary reference "System.IO.Compression, Version=8.0.0.0, Culture=neutral, PublicKeyToken=b77a5c561934e089".
             Resolved file path is "C:\Program Files\dotnet\packs\Microsoft.NETCore.App.Ref\8.0.8\ref\net8.0\System.IO.Compression.dll".
             Reference found at search path location "{RawFileName}".
             This reference is not "CopyLocal" because at least one source item had "Private" set to "false" and no source items had "Private" set to "true".
         Primary reference "System.IO.FileSystem.AccessControl, Version=8.0.0.0, Culture=neutral, PublicKeyToken=b03f5f7f11d50a3a".
             Resolved file path is "C:\Program Files\dotnet\packs\Microsoft.NETCore.App.Ref\8.0.8\ref\net8.0\System.IO.FileSystem.AccessControl.dll".
             Reference found at search path location "{RawFileName}".
             This reference is not "CopyLocal" because at least one source item had "Private" set to "false" and no source items had "Private" set to "true".
         Primary reference "System.IO.FileSystem.DriveInfo, Version=8.0.0.0, Culture=neutral, PublicKeyToken=b03f5f7f11d50a3a".
             Resolved file path is "C:\Program Files\dotnet\packs\Microsoft.NETCore.App.Ref\8.0.8\ref\net8.0\System.IO.FileSystem.DriveInfo.dll".
             Reference found at search path location "{RawFileName}".
             This reference is not "CopyLocal" because at least one source item had "Private" set to "false" and no source items had "Private" set to "true".
         Primary reference "System.IO.FileSystem.Primitives, Version=8.0.0.0, Culture=neutral, PublicKeyToken=b03f5f7f11d50a3a".
             Resolved file path is "C:\Program Files\dotnet\packs\Microsoft.NETCore.App.Ref\8.0.8\ref\net8.0\System.IO.FileSystem.Primitives.dll".
             Reference found at search path location "{RawFileName}".
             This reference is not "CopyLocal" because at least one source item had "Private" set to "false" and no source items had "Private" set to "true".
         Primary reference "System.IO.FileSystem.Watcher, Version=8.0.0.0, Culture=neutral, PublicKeyToken=b03f5f7f11d50a3a".
             Resolved file path is "C:\Program Files\dotnet\packs\Microsoft.NETCore.App.Ref\8.0.8\ref\net8.0\System.IO.FileSystem.Watcher.dll".
             Reference found at search path location "{RawFileName}".
             This reference is not "CopyLocal" because at least one source item had "Private" set to "false" and no source items had "Private" set to "true".
         Primary reference "System.IO.FileSystem, Version=8.0.0.0, Culture=neutral, PublicKeyToken=b03f5f7f11d50a3a".
             Resolved file path is "C:\Program Files\dotnet\packs\Microsoft.NETCore.App.Ref\8.0.8\ref\net8.0\System.IO.FileSystem.dll".
             Reference found at search path location "{RawFileName}".
             This reference is not "CopyLocal" because at least one source item had "Private" set to "false" and no source items had "Private" set to "true".
         Primary reference "System.IO.IsolatedStorage, Version=8.0.0.0, Culture=neutral, PublicKeyToken=b03f5f7f11d50a3a".
             Resolved file path is "C:\Program Files\dotnet\packs\Microsoft.NETCore.App.Ref\8.0.8\ref\net8.0\System.IO.IsolatedStorage.dll".
             Reference found at search path location "{RawFileName}".
             This reference is not "CopyLocal" because at least one source item had "Private" set to "false" and no source items had "Private" set to "true".
         Primary reference "System.IO.MemoryMappedFiles, Version=8.0.0.0, Culture=neutral, PublicKeyToken=b03f5f7f11d50a3a".
             Resolved file path is "C:\Program Files\dotnet\packs\Microsoft.NETCore.App.Ref\8.0.8\ref\net8.0\System.IO.MemoryMappedFiles.dll".
             Reference found at search path location "{RawFileName}".
             This reference is not "CopyLocal" because at least one source item had "Private" set to "false" and no source items had "Private" set to "true".
         Primary reference "System.IO.Pipes.AccessControl, Version=8.0.0.0, Culture=neutral, PublicKeyToken=b03f5f7f11d50a3a".
             Resolved file path is "C:\Program Files\dotnet\packs\Microsoft.NETCore.App.Ref\8.0.8\ref\net8.0\System.IO.Pipes.AccessControl.dll".
             Reference found at search path location "{RawFileName}".
             This reference is not "CopyLocal" because at least one source item had "Private" set to "false" and no source items had "Private" set to "true".
         Primary reference "System.IO.Pipes, Version=8.0.0.0, Culture=neutral, PublicKeyToken=b03f5f7f11d50a3a".
             Resolved file path is "C:\Program Files\dotnet\packs\Microsoft.NETCore.App.Ref\8.0.8\ref\net8.0\System.IO.Pipes.dll".
             Reference found at search path location "{RawFileName}".
             This reference is not "CopyLocal" because at least one source item had "Private" set to "false" and no source items had "Private" set to "true".
         Primary reference "System.IO.UnmanagedMemoryStream, Version=8.0.0.0, Culture=neutral, PublicKeyToken=b03f5f7f11d50a3a".
             Resolved file path is "C:\Program Files\dotnet\packs\Microsoft.NETCore.App.Ref\8.0.8\ref\net8.0\System.IO.UnmanagedMemoryStream.dll".
             Reference found at search path location "{RawFileName}".
             This reference is not "CopyLocal" because at least one source item had "Private" set to "false" and no source items had "Private" set to "true".
         Primary reference "System.IO, Version=8.0.0.0, Culture=neutral, PublicKeyToken=b03f5f7f11d50a3a".
             Resolved file path is "C:\Program Files\dotnet\packs\Microsoft.NETCore.App.Ref\8.0.8\ref\net8.0\System.IO.dll".
             Reference found at search path location "{RawFileName}".
             This reference is not "CopyLocal" because at least one source item had "Private" set to "false" and no source items had "Private" set to "true".
         Primary reference "System.Linq.Expressions, Version=8.0.0.0, Culture=neutral, PublicKeyToken=b03f5f7f11d50a3a".
             Resolved file path is "C:\Program Files\dotnet\packs\Microsoft.NETCore.App.Ref\8.0.8\ref\net8.0\System.Linq.Expressions.dll".
             Reference found at search path location "{RawFileName}".
             This reference is not "CopyLocal" because at least one source item had "Private" set to "false" and no source items had "Private" set to "true".
         Primary reference "System.Linq.Parallel, Version=8.0.0.0, Culture=neutral, PublicKeyToken=b03f5f7f11d50a3a".
             Resolved file path is "C:\Program Files\dotnet\packs\Microsoft.NETCore.App.Ref\8.0.8\ref\net8.0\System.Linq.Parallel.dll".
             Reference found at search path location "{RawFileName}".
             This reference is not "CopyLocal" because at least one source item had "Private" set to "false" and no source items had "Private" set to "true".
         Primary reference "System.Linq.Queryable, Version=8.0.0.0, Culture=neutral, PublicKeyToken=b03f5f7f11d50a3a".
             Resolved file path is "C:\Program Files\dotnet\packs\Microsoft.NETCore.App.Ref\8.0.8\ref\net8.0\System.Linq.Queryable.dll".
             Reference found at search path location "{RawFileName}".
             This reference is not "CopyLocal" because at least one source item had "Private" set to "false" and no source items had "Private" set to "true".
         Primary reference "System.Linq, Version=8.0.0.0, Culture=neutral, PublicKeyToken=b03f5f7f11d50a3a".
             Resolved file path is "C:\Program Files\dotnet\packs\Microsoft.NETCore.App.Ref\8.0.8\ref\net8.0\System.Linq.dll".
             Reference found at search path location "{RawFileName}".
             This reference is not "CopyLocal" because at least one source item had "Private" set to "false" and no source items had "Private" set to "true".
         Primary reference "System.Memory, Version=8.0.0.0, Culture=neutral, PublicKeyToken=cc7b13ffcd2ddd51".
             Resolved file path is "C:\Program Files\dotnet\packs\Microsoft.NETCore.App.Ref\8.0.8\ref\net8.0\System.Memory.dll".
             Reference found at search path location "{RawFileName}".
             This reference is not "CopyLocal" because at least one source item had "Private" set to "false" and no source items had "Private" set to "true".
         Primary reference "System.Net.Http.Json, Version=8.0.0.0, Culture=neutral, PublicKeyToken=cc7b13ffcd2ddd51".
             Resolved file path is "C:\Program Files\dotnet\packs\Microsoft.NETCore.App.Ref\8.0.8\ref\net8.0\System.Net.Http.Json.dll".
             Reference found at search path location "{RawFileName}".
             This reference is not "CopyLocal" because at least one source item had "Private" set to "false" and no source items had "Private" set to "true".
         Primary reference "System.Net.Http, Version=8.0.0.0, Culture=neutral, PublicKeyToken=b03f5f7f11d50a3a".
             Resolved file path is "C:\Program Files\dotnet\packs\Microsoft.NETCore.App.Ref\8.0.8\ref\net8.0\System.Net.Http.dll".
             Reference found at search path location "{RawFileName}".
             This reference is not "CopyLocal" because at least one source item had "Private" set to "false" and no source items had "Private" set to "true".
         Primary reference "System.Net.HttpListener, Version=8.0.0.0, Culture=neutral, PublicKeyToken=cc7b13ffcd2ddd51".
             Resolved file path is "C:\Program Files\dotnet\packs\Microsoft.NETCore.App.Ref\8.0.8\ref\net8.0\System.Net.HttpListener.dll".
             Reference found at search path location "{RawFileName}".
             This reference is not "CopyLocal" because at least one source item had "Private" set to "false" and no source items had "Private" set to "true".
         Primary reference "System.Net.Mail, Version=8.0.0.0, Culture=neutral, PublicKeyToken=cc7b13ffcd2ddd51".
             Resolved file path is "C:\Program Files\dotnet\packs\Microsoft.NETCore.App.Ref\8.0.8\ref\net8.0\System.Net.Mail.dll".
             Reference found at search path location "{RawFileName}".
             This reference is not "CopyLocal" because at least one source item had "Private" set to "false" and no source items had "Private" set to "true".
         Primary reference "System.Net.NameResolution, Version=8.0.0.0, Culture=neutral, PublicKeyToken=b03f5f7f11d50a3a".
             Resolved file path is "C:\Program Files\dotnet\packs\Microsoft.NETCore.App.Ref\8.0.8\ref\net8.0\System.Net.NameResolution.dll".
             Reference found at search path location "{RawFileName}".
             This reference is not "CopyLocal" because at least one source item had "Private" set to "false" and no source items had "Private" set to "true".
         Primary reference "System.Net.NetworkInformation, Version=8.0.0.0, Culture=neutral, PublicKeyToken=b03f5f7f11d50a3a".
             Resolved file path is "C:\Program Files\dotnet\packs\Microsoft.NETCore.App.Ref\8.0.8\ref\net8.0\System.Net.NetworkInformation.dll".
             Reference found at search path location "{RawFileName}".
             This reference is not "CopyLocal" because at least one source item had "Private" set to "false" and no source items had "Private" set to "true".
         Primary reference "System.Net.Ping, Version=8.0.0.0, Culture=neutral, PublicKeyToken=b03f5f7f11d50a3a".
             Resolved file path is "C:\Program Files\dotnet\packs\Microsoft.NETCore.App.Ref\8.0.8\ref\net8.0\System.Net.Ping.dll".
             Reference found at search path location "{RawFileName}".
             This reference is not "CopyLocal" because at least one source item had "Private" set to "false" and no source items had "Private" set to "true".
         Primary reference "System.Net.Primitives, Version=8.0.0.0, Culture=neutral, PublicKeyToken=b03f5f7f11d50a3a".
             Resolved file path is "C:\Program Files\dotnet\packs\Microsoft.NETCore.App.Ref\8.0.8\ref\net8.0\System.Net.Primitives.dll".
             Reference found at search path location "{RawFileName}".
             This reference is not "CopyLocal" because at least one source item had "Private" set to "false" and no source items had "Private" set to "true".
         Primary reference "System.Net.Quic, Version=8.0.0.0, Culture=neutral, PublicKeyToken=b03f5f7f11d50a3a".
             Resolved file path is "C:\Program Files\dotnet\packs\Microsoft.NETCore.App.Ref\8.0.8\ref\net8.0\System.Net.Quic.dll".
             Reference found at search path location "{RawFileName}".
             This reference is not "CopyLocal" because at least one source item had "Private" set to "false" and no source items had "Private" set to "true".
         Primary reference "System.Net.Requests, Version=8.0.0.0, Culture=neutral, PublicKeyToken=b03f5f7f11d50a3a".
             Resolved file path is "C:\Program Files\dotnet\packs\Microsoft.NETCore.App.Ref\8.0.8\ref\net8.0\System.Net.Requests.dll".
             Reference found at search path location "{RawFileName}".
             This reference is not "CopyLocal" because at least one source item had "Private" set to "false" and no source items had "Private" set to "true".
         Primary reference "System.Net.Security, Version=8.0.0.0, Culture=neutral, PublicKeyToken=b03f5f7f11d50a3a".
             Resolved file path is "C:\Program Files\dotnet\packs\Microsoft.NETCore.App.Ref\8.0.8\ref\net8.0\System.Net.Security.dll".
             Reference found at search path location "{RawFileName}".
             This reference is not "CopyLocal" because at least one source item had "Private" set to "false" and no source items had "Private" set to "true".
         Primary reference "System.Net.ServicePoint, Version=8.0.0.0, Culture=neutral, PublicKeyToken=cc7b13ffcd2ddd51".
             Resolved file path is "C:\Program Files\dotnet\packs\Microsoft.NETCore.App.Ref\8.0.8\ref\net8.0\System.Net.ServicePoint.dll".
             Reference found at search path location "{RawFileName}".
             This reference is not "CopyLocal" because at least one source item had "Private" set to "false" and no source items had "Private" set to "true".
         Primary reference "System.Net.Sockets, Version=8.0.0.0, Culture=neutral, PublicKeyToken=b03f5f7f11d50a3a".
             Resolved file path is "C:\Program Files\dotnet\packs\Microsoft.NETCore.App.Ref\8.0.8\ref\net8.0\System.Net.Sockets.dll".
             Reference found at search path location "{RawFileName}".
             This reference is not "CopyLocal" because at least one source item had "Private" set to "false" and no source items had "Private" set to "true".
         Primary reference "System.Net.WebClient, Version=8.0.0.0, Culture=neutral, PublicKeyToken=cc7b13ffcd2ddd51".
             Resolved file path is "C:\Program Files\dotnet\packs\Microsoft.NETCore.App.Ref\8.0.8\ref\net8.0\System.Net.WebClient.dll".
             Reference found at search path location "{RawFileName}".
             This reference is not "CopyLocal" because at least one source item had "Private" set to "false" and no source items had "Private" set to "true".
         Primary reference "System.Net.WebHeaderCollection, Version=8.0.0.0, Culture=neutral, PublicKeyToken=b03f5f7f11d50a3a".
             Resolved file path is "C:\Program Files\dotnet\packs\Microsoft.NETCore.App.Ref\8.0.8\ref\net8.0\System.Net.WebHeaderCollection.dll".
             Reference found at search path location "{RawFileName}".
             This reference is not "CopyLocal" because at least one source item had "Private" set to "false" and no source items had "Private" set to "true".
         Primary reference "System.Net.WebProxy, Version=8.0.0.0, Culture=neutral, PublicKeyToken=cc7b13ffcd2ddd51".
             Resolved file path is "C:\Program Files\dotnet\packs\Microsoft.NETCore.App.Ref\8.0.8\ref\net8.0\System.Net.WebProxy.dll".
             Reference found at search path location "{RawFileName}".
             This reference is not "CopyLocal" because at least one source item had "Private" set to "false" and no source items had "Private" set to "true".
         Primary reference "System.Net.WebSockets.Client, Version=8.0.0.0, Culture=neutral, PublicKeyToken=b03f5f7f11d50a3a".
             Resolved file path is "C:\Program Files\dotnet\packs\Microsoft.NETCore.App.Ref\8.0.8\ref\net8.0\System.Net.WebSockets.Client.dll".
             Reference found at search path location "{RawFileName}".
             This reference is not "CopyLocal" because at least one source item had "Private" set to "false" and no source items had "Private" set to "true".
         Primary reference "System.Net.WebSockets, Version=8.0.0.0, Culture=neutral, PublicKeyToken=b03f5f7f11d50a3a".
             Resolved file path is "C:\Program Files\dotnet\packs\Microsoft.NETCore.App.Ref\8.0.8\ref\net8.0\System.Net.WebSockets.dll".
             Reference found at search path location "{RawFileName}".
             This reference is not "CopyLocal" because at least one source item had "Private" set to "false" and no source items had "Private" set to "true".
         Primary reference "System.Net, Version=4.0.0.0, Culture=neutral, PublicKeyToken=b03f5f7f11d50a3a".
             Resolved file path is "C:\Program Files\dotnet\packs\Microsoft.NETCore.App.Ref\8.0.8\ref\net8.0\System.Net.dll".
             Reference found at search path location "{RawFileName}".
             This reference is not "CopyLocal" because at least one source item had "Private" set to "false" and no source items had "Private" set to "true".
         Primary reference "System.Numerics.Vectors, Version=8.0.0.0, Culture=neutral, PublicKeyToken=b03f5f7f11d50a3a".
             Resolved file path is "C:\Program Files\dotnet\packs\Microsoft.NETCore.App.Ref\8.0.8\ref\net8.0\System.Numerics.Vectors.dll".
             Reference found at search path location "{RawFileName}".
             This reference is not "CopyLocal" because at least one source item had "Private" set to "false" and no source items had "Private" set to "true".
         Primary reference "System.Numerics, Version=4.0.0.0, Culture=neutral, PublicKeyToken=b77a5c561934e089".
             Resolved file path is "C:\Program Files\dotnet\packs\Microsoft.NETCore.App.Ref\8.0.8\ref\net8.0\System.Numerics.dll".
             Reference found at search path location "{RawFileName}".
             This reference is not "CopyLocal" because at least one source item had "Private" set to "false" and no source items had "Private" set to "true".
         Primary reference "System.ObjectModel, Version=8.0.0.0, Culture=neutral, PublicKeyToken=b03f5f7f11d50a3a".
             Resolved file path is "C:\Program Files\dotnet\packs\Microsoft.NETCore.App.Ref\8.0.8\ref\net8.0\System.ObjectModel.dll".
             Reference found at search path location "{RawFileName}".
             This reference is not "CopyLocal" because at least one source item had "Private" set to "false" and no source items had "Private" set to "true".
         Primary reference "System.Reflection.DispatchProxy, Version=8.0.0.0, Culture=neutral, PublicKeyToken=b03f5f7f11d50a3a".
             Resolved file path is "C:\Program Files\dotnet\packs\Microsoft.NETCore.App.Ref\8.0.8\ref\net8.0\System.Reflection.DispatchProxy.dll".
             Reference found at search path location "{RawFileName}".
             This reference is not "CopyLocal" because at least one source item had "Private" set to "false" and no source items had "Private" set to "true".
         Primary reference "System.Reflection.Emit.ILGeneration, Version=8.0.0.0, Culture=neutral, PublicKeyToken=b03f5f7f11d50a3a".
             Resolved file path is "C:\Program Files\dotnet\packs\Microsoft.NETCore.App.Ref\8.0.8\ref\net8.0\System.Reflection.Emit.ILGeneration.dll".
             Reference found at search path location "{RawFileName}".
             This reference is not "CopyLocal" because at least one source item had "Private" set to "false" and no source items had "Private" set to "true".
         Primary reference "System.Reflection.Emit.Lightweight, Version=8.0.0.0, Culture=neutral, PublicKeyToken=b03f5f7f11d50a3a".
             Resolved file path is "C:\Program Files\dotnet\packs\Microsoft.NETCore.App.Ref\8.0.8\ref\net8.0\System.Reflection.Emit.Lightweight.dll".
             Reference found at search path location "{RawFileName}".
             This reference is not "CopyLocal" because at least one source item had "Private" set to "false" and no source items had "Private" set to "true".
         Primary reference "System.Reflection.Emit, Version=8.0.0.0, Culture=neutral, PublicKeyToken=b03f5f7f11d50a3a".
             Resolved file path is "C:\Program Files\dotnet\packs\Microsoft.NETCore.App.Ref\8.0.8\ref\net8.0\System.Reflection.Emit.dll".
             Reference found at search path location "{RawFileName}".
             This reference is not "CopyLocal" because at least one source item had "Private" set to "false" and no source items had "Private" set to "true".
         Primary reference "System.Reflection.Extensions, Version=8.0.0.0, Culture=neutral, PublicKeyToken=b03f5f7f11d50a3a".
             Resolved file path is "C:\Program Files\dotnet\packs\Microsoft.NETCore.App.Ref\8.0.8\ref\net8.0\System.Reflection.Extensions.dll".
             Reference found at search path location "{RawFileName}".
             This reference is not "CopyLocal" because at least one source item had "Private" set to "false" and no source items had "Private" set to "true".
         Primary reference "System.Reflection.Metadata, Version=8.0.0.0, Culture=neutral, PublicKeyToken=b03f5f7f11d50a3a".
             Resolved file path is "C:\Program Files\dotnet\packs\Microsoft.NETCore.App.Ref\8.0.8\ref\net8.0\System.Reflection.Metadata.dll".
             Reference found at search path location "{RawFileName}".
             This reference is not "CopyLocal" because at least one source item had "Private" set to "false" and no source items had "Private" set to "true".
         Primary reference "System.Reflection.Primitives, Version=8.0.0.0, Culture=neutral, PublicKeyToken=b03f5f7f11d50a3a".
             Resolved file path is "C:\Program Files\dotnet\packs\Microsoft.NETCore.App.Ref\8.0.8\ref\net8.0\System.Reflection.Primitives.dll".
             Reference found at search path location "{RawFileName}".
             This reference is not "CopyLocal" because at least one source item had "Private" set to "false" and no source items had "Private" set to "true".
         Primary reference "System.Reflection.TypeExtensions, Version=8.0.0.0, Culture=neutral, PublicKeyToken=b03f5f7f11d50a3a".
             Resolved file path is "C:\Program Files\dotnet\packs\Microsoft.NETCore.App.Ref\8.0.8\ref\net8.0\System.Reflection.TypeExtensions.dll".
             Reference found at search path location "{RawFileName}".
             This reference is not "CopyLocal" because at least one source item had "Private" set to "false" and no source items had "Private" set to "true".
         Primary reference "System.Reflection, Version=8.0.0.0, Culture=neutral, PublicKeyToken=b03f5f7f11d50a3a".
             Resolved file path is "C:\Program Files\dotnet\packs\Microsoft.NETCore.App.Ref\8.0.8\ref\net8.0\System.Reflection.dll".
             Reference found at search path location "{RawFileName}".
             This reference is not "CopyLocal" because at least one source item had "Private" set to "false" and no source items had "Private" set to "true".
         Primary reference "System.Resources.Reader, Version=8.0.0.0, Culture=neutral, PublicKeyToken=b03f5f7f11d50a3a".
             Resolved file path is "C:\Program Files\dotnet\packs\Microsoft.NETCore.App.Ref\8.0.8\ref\net8.0\System.Resources.Reader.dll".
             Reference found at search path location "{RawFileName}".
             This reference is not "CopyLocal" because at least one source item had "Private" set to "false" and no source items had "Private" set to "true".
         Primary reference "System.Resources.ResourceManager, Version=8.0.0.0, Culture=neutral, PublicKeyToken=b03f5f7f11d50a3a".
             Resolved file path is "C:\Program Files\dotnet\packs\Microsoft.NETCore.App.Ref\8.0.8\ref\net8.0\System.Resources.ResourceManager.dll".
             Reference found at search path location "{RawFileName}".
             This reference is not "CopyLocal" because at least one source item had "Private" set to "false" and no source items had "Private" set to "true".
         Primary reference "System.Resources.Writer, Version=8.0.0.0, Culture=neutral, PublicKeyToken=b03f5f7f11d50a3a".
             Resolved file path is "C:\Program Files\dotnet\packs\Microsoft.NETCore.App.Ref\8.0.8\ref\net8.0\System.Resources.Writer.dll".
             Reference found at search path location "{RawFileName}".
             This reference is not "CopyLocal" because at least one source item had "Private" set to "false" and no source items had "Private" set to "true".
         Primary reference "System.Runtime.CompilerServices.Unsafe, Version=8.0.0.0, Culture=neutral, PublicKeyToken=b03f5f7f11d50a3a".
             Resolved file path is "C:\Program Files\dotnet\packs\Microsoft.NETCore.App.Ref\8.0.8\ref\net8.0\System.Runtime.CompilerServices.Unsafe.dll".
             Reference found at search path location "{RawFileName}".
             This reference is not "CopyLocal" because at least one source item had "Private" set to "false" and no source items had "Private" set to "true".
         Primary reference "System.Runtime.CompilerServices.VisualC, Version=8.0.0.0, Culture=neutral, PublicKeyToken=b03f5f7f11d50a3a".
             Resolved file path is "C:\Program Files\dotnet\packs\Microsoft.NETCore.App.Ref\8.0.8\ref\net8.0\System.Runtime.CompilerServices.VisualC.dll".
             Reference found at search path location "{RawFileName}".
             This reference is not "CopyLocal" because at least one source item had "Private" set to "false" and no source items had "Private" set to "true".
         Primary reference "System.Runtime.Extensions, Version=8.0.0.0, Culture=neutral, PublicKeyToken=b03f5f7f11d50a3a".
             Resolved file path is "C:\Program Files\dotnet\packs\Microsoft.NETCore.App.Ref\8.0.8\ref\net8.0\System.Runtime.Extensions.dll".
             Reference found at search path location "{RawFileName}".
             This reference is not "CopyLocal" because at least one source item had "Private" set to "false" and no source items had "Private" set to "true".
         Primary reference "System.Runtime.Handles, Version=8.0.0.0, Culture=neutral, PublicKeyToken=b03f5f7f11d50a3a".
             Resolved file path is "C:\Program Files\dotnet\packs\Microsoft.NETCore.App.Ref\8.0.8\ref\net8.0\System.Runtime.Handles.dll".
             Reference found at search path location "{RawFileName}".
             This reference is not "CopyLocal" because at least one source item had "Private" set to "false" and no source items had "Private" set to "true".
         Primary reference "System.Runtime.InteropServices.JavaScript, Version=8.0.0.0, Culture=neutral, PublicKeyToken=b03f5f7f11d50a3a".
             Resolved file path is "C:\Program Files\dotnet\packs\Microsoft.NETCore.App.Ref\8.0.8\ref\net8.0\System.Runtime.InteropServices.JavaScript.dll".
             Reference found at search path location "{RawFileName}".
             This reference is not "CopyLocal" because at least one source item had "Private" set to "false" and no source items had "Private" set to "true".
         Primary reference "System.Runtime.InteropServices.RuntimeInformation, Version=8.0.0.0, Culture=neutral, PublicKeyToken=b03f5f7f11d50a3a".
             Resolved file path is "C:\Program Files\dotnet\packs\Microsoft.NETCore.App.Ref\8.0.8\ref\net8.0\System.Runtime.InteropServices.RuntimeInformation.dll".
             Reference found at search path location "{RawFileName}".
             This reference is not "CopyLocal" because at least one source item had "Private" set to "false" and no source items had "Private" set to "true".
         Primary reference "System.Runtime.InteropServices, Version=8.0.0.0, Culture=neutral, PublicKeyToken=b03f5f7f11d50a3a".
             Resolved file path is "C:\Program Files\dotnet\packs\Microsoft.NETCore.App.Ref\8.0.8\ref\net8.0\System.Runtime.InteropServices.dll".
             Reference found at search path location "{RawFileName}".
             This reference is not "CopyLocal" because at least one source item had "Private" set to "false" and no source items had "Private" set to "true".
         Primary reference "System.Runtime.Intrinsics, Version=8.0.0.0, Culture=neutral, PublicKeyToken=cc7b13ffcd2ddd51".
             Resolved file path is "C:\Program Files\dotnet\packs\Microsoft.NETCore.App.Ref\8.0.8\ref\net8.0\System.Runtime.Intrinsics.dll".
             Reference found at search path location "{RawFileName}".
             This reference is not "CopyLocal" because at least one source item had "Private" set to "false" and no source items had "Private" set to "true".
         Primary reference "System.Runtime.Loader, Version=8.0.0.0, Culture=neutral, PublicKeyToken=b03f5f7f11d50a3a".
             Resolved file path is "C:\Program Files\dotnet\packs\Microsoft.NETCore.App.Ref\8.0.8\ref\net8.0\System.Runtime.Loader.dll".
             Reference found at search path location "{RawFileName}".
             This reference is not "CopyLocal" because at least one source item had "Private" set to "false" and no source items had "Private" set to "true".
         Primary reference "System.Runtime.Numerics, Version=8.0.0.0, Culture=neutral, PublicKeyToken=b03f5f7f11d50a3a".
             Resolved file path is "C:\Program Files\dotnet\packs\Microsoft.NETCore.App.Ref\8.0.8\ref\net8.0\System.Runtime.Numerics.dll".
             Reference found at search path location "{RawFileName}".
             This reference is not "CopyLocal" because at least one source item had "Private" set to "false" and no source items had "Private" set to "true".
         Primary reference "System.Runtime.Serialization.Formatters, Version=8.0.0.0, Culture=neutral, PublicKeyToken=b03f5f7f11d50a3a".
             Resolved file path is "C:\Program Files\dotnet\packs\Microsoft.NETCore.App.Ref\8.0.8\ref\net8.0\System.Runtime.Serialization.Formatters.dll".
             Reference found at search path location "{RawFileName}".
             This reference is not "CopyLocal" because at least one source item had "Private" set to "false" and no source items had "Private" set to "true".
         Primary reference "System.Runtime.Serialization.Json, Version=8.0.0.0, Culture=neutral, PublicKeyToken=b03f5f7f11d50a3a".
             Resolved file path is "C:\Program Files\dotnet\packs\Microsoft.NETCore.App.Ref\8.0.8\ref\net8.0\System.Runtime.Serialization.Json.dll".
             Reference found at search path location "{RawFileName}".
             This reference is not "CopyLocal" because at least one source item had "Private" set to "false" and no source items had "Private" set to "true".
         Primary reference "System.Runtime.Serialization.Primitives, Version=8.0.0.0, Culture=neutral, PublicKeyToken=b03f5f7f11d50a3a".
             Resolved file path is "C:\Program Files\dotnet\packs\Microsoft.NETCore.App.Ref\8.0.8\ref\net8.0\System.Runtime.Serialization.Primitives.dll".
             Reference found at search path location "{RawFileName}".
             This reference is not "CopyLocal" because at least one source item had "Private" set to "false" and no source items had "Private" set to "true".
         Primary reference "System.Runtime.Serialization.Xml, Version=8.0.0.0, Culture=neutral, PublicKeyToken=b03f5f7f11d50a3a".
             Resolved file path is "C:\Program Files\dotnet\packs\Microsoft.NETCore.App.Ref\8.0.8\ref\net8.0\System.Runtime.Serialization.Xml.dll".
             Reference found at search path location "{RawFileName}".
             This reference is not "CopyLocal" because at least one source item had "Private" set to "false" and no source items had "Private" set to "true".
         Primary reference "System.Runtime.Serialization, Version=4.0.0.0, Culture=neutral, PublicKeyToken=b77a5c561934e089".
             Resolved file path is "C:\Program Files\dotnet\packs\Microsoft.NETCore.App.Ref\8.0.8\ref\net8.0\System.Runtime.Serialization.dll".
             Reference found at search path location "{RawFileName}".
             This reference is not "CopyLocal" because at least one source item had "Private" set to "false" and no source items had "Private" set to "true".
         Primary reference "System.Runtime, Version=8.0.0.0, Culture=neutral, PublicKeyToken=b03f5f7f11d50a3a".
             Resolved file path is "C:\Program Files\dotnet\packs\Microsoft.NETCore.App.Ref\8.0.8\ref\net8.0\System.Runtime.dll".
             Reference found at search path location "{RawFileName}".
             This reference is not "CopyLocal" because at least one source item had "Private" set to "false" and no source items had "Private" set to "true".
         Primary reference "System.Security.AccessControl, Version=8.0.0.0, Culture=neutral, PublicKeyToken=b03f5f7f11d50a3a".
             Resolved file path is "C:\Program Files\dotnet\packs\Microsoft.NETCore.App.Ref\8.0.8\ref\net8.0\System.Security.AccessControl.dll".
             Reference found at search path location "{RawFileName}".
             This reference is not "CopyLocal" because at least one source item had "Private" set to "false" and no source items had "Private" set to "true".
         Primary reference "System.Security.Claims, Version=8.0.0.0, Culture=neutral, PublicKeyToken=b03f5f7f11d50a3a".
             Resolved file path is "C:\Program Files\dotnet\packs\Microsoft.NETCore.App.Ref\8.0.8\ref\net8.0\System.Security.Claims.dll".
             Reference found at search path location "{RawFileName}".
             This reference is not "CopyLocal" because at least one source item had "Private" set to "false" and no source items had "Private" set to "true".
         Primary reference "System.Security.Cryptography.Algorithms, Version=8.0.0.0, Culture=neutral, PublicKeyToken=b03f5f7f11d50a3a".
             Resolved file path is "C:\Program Files\dotnet\packs\Microsoft.NETCore.App.Ref\8.0.8\ref\net8.0\System.Security.Cryptography.Algorithms.dll".
             Reference found at search path location "{RawFileName}".
             This reference is not "CopyLocal" because at least one source item had "Private" set to "false" and no source items had "Private" set to "true".
         Primary reference "System.Security.Cryptography.Cng, Version=8.0.0.0, Culture=neutral, PublicKeyToken=b03f5f7f11d50a3a".
             Resolved file path is "C:\Program Files\dotnet\packs\Microsoft.NETCore.App.Ref\8.0.8\ref\net8.0\System.Security.Cryptography.Cng.dll".
             Reference found at search path location "{RawFileName}".
             This reference is not "CopyLocal" because at least one source item had "Private" set to "false" and no source items had "Private" set to "true".
         Primary reference "System.Security.Cryptography.Csp, Version=8.0.0.0, Culture=neutral, PublicKeyToken=b03f5f7f11d50a3a".
             Resolved file path is "C:\Program Files\dotnet\packs\Microsoft.NETCore.App.Ref\8.0.8\ref\net8.0\System.Security.Cryptography.Csp.dll".
             Reference found at search path location "{RawFileName}".
             This reference is not "CopyLocal" because at least one source item had "Private" set to "false" and no source items had "Private" set to "true".
         Primary reference "System.Security.Cryptography.Encoding, Version=8.0.0.0, Culture=neutral, PublicKeyToken=b03f5f7f11d50a3a".
             Resolved file path is "C:\Program Files\dotnet\packs\Microsoft.NETCore.App.Ref\8.0.8\ref\net8.0\System.Security.Cryptography.Encoding.dll".
             Reference found at search path location "{RawFileName}".
             This reference is not "CopyLocal" because at least one source item had "Private" set to "false" and no source items had "Private" set to "true".
         Primary reference "System.Security.Cryptography.OpenSsl, Version=8.0.0.0, Culture=neutral, PublicKeyToken=b03f5f7f11d50a3a".
             Resolved file path is "C:\Program Files\dotnet\packs\Microsoft.NETCore.App.Ref\8.0.8\ref\net8.0\System.Security.Cryptography.OpenSsl.dll".
             Reference found at search path location "{RawFileName}".
             This reference is not "CopyLocal" because at least one source item had "Private" set to "false" and no source items had "Private" set to "true".
         Primary reference "System.Security.Cryptography.Primitives, Version=8.0.0.0, Culture=neutral, PublicKeyToken=b03f5f7f11d50a3a".
             Resolved file path is "C:\Program Files\dotnet\packs\Microsoft.NETCore.App.Ref\8.0.8\ref\net8.0\System.Security.Cryptography.Primitives.dll".
             Reference found at search path location "{RawFileName}".
             This reference is not "CopyLocal" because at least one source item had "Private" set to "false" and no source items had "Private" set to "true".
         Primary reference "System.Security.Cryptography.X509Certificates, Version=8.0.0.0, Culture=neutral, PublicKeyToken=b03f5f7f11d50a3a".
             Resolved file path is "C:\Program Files\dotnet\packs\Microsoft.NETCore.App.Ref\8.0.8\ref\net8.0\System.Security.Cryptography.X509Certificates.dll".
             Reference found at search path location "{RawFileName}".
             This reference is not "CopyLocal" because at least one source item had "Private" set to "false" and no source items had "Private" set to "true".
         Primary reference "System.Security.Cryptography, Version=8.0.0.0, Culture=neutral, PublicKeyToken=b03f5f7f11d50a3a".
             Resolved file path is "C:\Program Files\dotnet\packs\Microsoft.NETCore.App.Ref\8.0.8\ref\net8.0\System.Security.Cryptography.dll".
             Reference found at search path location "{RawFileName}".
             This reference is not "CopyLocal" because at least one source item had "Private" set to "false" and no source items had "Private" set to "true".
         Primary reference "System.Security.Principal.Windows, Version=8.0.0.0, Culture=neutral, PublicKeyToken=b03f5f7f11d50a3a".
             Resolved file path is "C:\Program Files\dotnet\packs\Microsoft.NETCore.App.Ref\8.0.8\ref\net8.0\System.Security.Principal.Windows.dll".
             Reference found at search path location "{RawFileName}".
             This reference is not "CopyLocal" because at least one source item had "Private" set to "false" and no source items had "Private" set to "true".
         Primary reference "System.Security.Principal, Version=8.0.0.0, Culture=neutral, PublicKeyToken=b03f5f7f11d50a3a".
             Resolved file path is "C:\Program Files\dotnet\packs\Microsoft.NETCore.App.Ref\8.0.8\ref\net8.0\System.Security.Principal.dll".
             Reference found at search path location "{RawFileName}".
             This reference is not "CopyLocal" because at least one source item had "Private" set to "false" and no source items had "Private" set to "true".
         Primary reference "System.Security.SecureString, Version=8.0.0.0, Culture=neutral, PublicKeyToken=b03f5f7f11d50a3a".
             Resolved file path is "C:\Program Files\dotnet\packs\Microsoft.NETCore.App.Ref\8.0.8\ref\net8.0\System.Security.SecureString.dll".
             Reference found at search path location "{RawFileName}".
             This reference is not "CopyLocal" because at least one source item had "Private" set to "false" and no source items had "Private" set to "true".
         Primary reference "System.Security, Version=4.0.0.0, Culture=neutral, PublicKeyToken=b03f5f7f11d50a3a".
             Resolved file path is "C:\Program Files\dotnet\packs\Microsoft.NETCore.App.Ref\8.0.8\ref\net8.0\System.Security.dll".
             Reference found at search path location "{RawFileName}".
             This reference is not "CopyLocal" because at least one source item had "Private" set to "false" and no source items had "Private" set to "true".
         Primary reference "System.ServiceModel.Web, Version=4.0.0.0, Culture=neutral, PublicKeyToken=31bf3856ad364e35".
             Resolved file path is "C:\Program Files\dotnet\packs\Microsoft.NETCore.App.Ref\8.0.8\ref\net8.0\System.ServiceModel.Web.dll".
             Reference found at search path location "{RawFileName}".
             This reference is not "CopyLocal" because at least one source item had "Private" set to "false" and no source items had "Private" set to "true".
         Primary reference "System.ServiceProcess, Version=4.0.0.0, Culture=neutral, PublicKeyToken=b03f5f7f11d50a3a".
             Resolved file path is "C:\Program Files\dotnet\packs\Microsoft.NETCore.App.Ref\8.0.8\ref\net8.0\System.ServiceProcess.dll".
             Reference found at search path location "{RawFileName}".
             This reference is not "CopyLocal" because at least one source item had "Private" set to "false" and no source items had "Private" set to "true".
         Primary reference "System.Text.Encoding.CodePages, Version=8.0.0.0, Culture=neutral, PublicKeyToken=b03f5f7f11d50a3a".
             Resolved file path is "C:\Program Files\dotnet\packs\Microsoft.NETCore.App.Ref\8.0.8\ref\net8.0\System.Text.Encoding.CodePages.dll".
             Reference found at search path location "{RawFileName}".
             This reference is not "CopyLocal" because at least one source item had "Private" set to "false" and no source items had "Private" set to "true".
         Primary reference "System.Text.Encoding.Extensions, Version=8.0.0.0, Culture=neutral, PublicKeyToken=b03f5f7f11d50a3a".
             Resolved file path is "C:\Program Files\dotnet\packs\Microsoft.NETCore.App.Ref\8.0.8\ref\net8.0\System.Text.Encoding.Extensions.dll".
             Reference found at search path location "{RawFileName}".
             This reference is not "CopyLocal" because at least one source item had "Private" set to "false" and no source items had "Private" set to "true".
         Primary reference "System.Text.Encoding, Version=8.0.0.0, Culture=neutral, PublicKeyToken=b03f5f7f11d50a3a".
             Resolved file path is "C:\Program Files\dotnet\packs\Microsoft.NETCore.App.Ref\8.0.8\ref\net8.0\System.Text.Encoding.dll".
             Reference found at search path location "{RawFileName}".
             This reference is not "CopyLocal" because at least one source item had "Private" set to "false" and no source items had "Private" set to "true".
         Primary reference "System.Text.Encodings.Web, Version=8.0.0.0, Culture=neutral, PublicKeyToken=cc7b13ffcd2ddd51".
             Resolved file path is "C:\Program Files\dotnet\packs\Microsoft.NETCore.App.Ref\8.0.8\ref\net8.0\System.Text.Encodings.Web.dll".
             Reference found at search path location "{RawFileName}".
             This reference is not "CopyLocal" because at least one source item had "Private" set to "false" and no source items had "Private" set to "true".
         Primary reference "System.Text.Json, Version=8.0.0.0, Culture=neutral, PublicKeyToken=cc7b13ffcd2ddd51".
             Resolved file path is "C:\Program Files\dotnet\packs\Microsoft.NETCore.App.Ref\8.0.8\ref\net8.0\System.Text.Json.dll".
             Reference found at search path location "{RawFileName}".
             This reference is not "CopyLocal" because at least one source item had "Private" set to "false" and no source items had "Private" set to "true".
         Primary reference "System.Text.RegularExpressions, Version=8.0.0.0, Culture=neutral, PublicKeyToken=b03f5f7f11d50a3a".
             Resolved file path is "C:\Program Files\dotnet\packs\Microsoft.NETCore.App.Ref\8.0.8\ref\net8.0\System.Text.RegularExpressions.dll".
             Reference found at search path location "{RawFileName}".
             This reference is not "CopyLocal" because at least one source item had "Private" set to "false" and no source items had "Private" set to "true".
         Primary reference "System.Threading.Channels, Version=8.0.0.0, Culture=neutral, PublicKeyToken=cc7b13ffcd2ddd51".
             Resolved file path is "C:\Program Files\dotnet\packs\Microsoft.NETCore.App.Ref\8.0.8\ref\net8.0\System.Threading.Channels.dll".
             Reference found at search path location "{RawFileName}".
             This reference is not "CopyLocal" because at least one source item had "Private" set to "false" and no source items had "Private" set to "true".
         Primary reference "System.Threading.Overlapped, Version=8.0.0.0, Culture=neutral, PublicKeyToken=b03f5f7f11d50a3a".
             Resolved file path is "C:\Program Files\dotnet\packs\Microsoft.NETCore.App.Ref\8.0.8\ref\net8.0\System.Threading.Overlapped.dll".
             Reference found at search path location "{RawFileName}".
             This reference is not "CopyLocal" because at least one source item had "Private" set to "false" and no source items had "Private" set to "true".
         Primary reference "System.Threading.Tasks.Dataflow, Version=8.0.0.0, Culture=neutral, PublicKeyToken=b03f5f7f11d50a3a".
             Resolved file path is "C:\Program Files\dotnet\packs\Microsoft.NETCore.App.Ref\8.0.8\ref\net8.0\System.Threading.Tasks.Dataflow.dll".
             Reference found at search path location "{RawFileName}".
             This reference is not "CopyLocal" because at least one source item had "Private" set to "false" and no source items had "Private" set to "true".
         Primary reference "System.Threading.Tasks.Extensions, Version=8.0.0.0, Culture=neutral, PublicKeyToken=cc7b13ffcd2ddd51".
             Resolved file path is "C:\Program Files\dotnet\packs\Microsoft.NETCore.App.Ref\8.0.8\ref\net8.0\System.Threading.Tasks.Extensions.dll".
             Reference found at search path location "{RawFileName}".
             This reference is not "CopyLocal" because at least one source item had "Private" set to "false" and no source items had "Private" set to "true".
         Primary reference "System.Threading.Tasks.Parallel, Version=8.0.0.0, Culture=neutral, PublicKeyToken=b03f5f7f11d50a3a".
             Resolved file path is "C:\Program Files\dotnet\packs\Microsoft.NETCore.App.Ref\8.0.8\ref\net8.0\System.Threading.Tasks.Parallel.dll".
             Reference found at search path location "{RawFileName}".
             This reference is not "CopyLocal" because at least one source item had "Private" set to "false" and no source items had "Private" set to "true".
         Primary reference "System.Threading.Tasks, Version=8.0.0.0, Culture=neutral, PublicKeyToken=b03f5f7f11d50a3a".
             Resolved file path is "C:\Program Files\dotnet\packs\Microsoft.NETCore.App.Ref\8.0.8\ref\net8.0\System.Threading.Tasks.dll".
             Reference found at search path location "{RawFileName}".
             This reference is not "CopyLocal" because at least one source item had "Private" set to "false" and no source items had "Private" set to "true".
         Primary reference "System.Threading.Thread, Version=8.0.0.0, Culture=neutral, PublicKeyToken=b03f5f7f11d50a3a".
             Resolved file path is "C:\Program Files\dotnet\packs\Microsoft.NETCore.App.Ref\8.0.8\ref\net8.0\System.Threading.Thread.dll".
             Reference found at search path location "{RawFileName}".
             This reference is not "CopyLocal" because at least one source item had "Private" set to "false" and no source items had "Private" set to "true".
         Primary reference "System.Threading.ThreadPool, Version=8.0.0.0, Culture=neutral, PublicKeyToken=b03f5f7f11d50a3a".
             Resolved file path is "C:\Program Files\dotnet\packs\Microsoft.NETCore.App.Ref\8.0.8\ref\net8.0\System.Threading.ThreadPool.dll".
             Reference found at search path location "{RawFileName}".
             This reference is not "CopyLocal" because at least one source item had "Private" set to "false" and no source items had "Private" set to "true".
         Primary reference "System.Threading.Timer, Version=8.0.0.0, Culture=neutral, PublicKeyToken=b03f5f7f11d50a3a".
             Resolved file path is "C:\Program Files\dotnet\packs\Microsoft.NETCore.App.Ref\8.0.8\ref\net8.0\System.Threading.Timer.dll".
             Reference found at search path location "{RawFileName}".
             This reference is not "CopyLocal" because at least one source item had "Private" set to "false" and no source items had "Private" set to "true".
         Primary reference "System.Threading, Version=8.0.0.0, Culture=neutral, PublicKeyToken=b03f5f7f11d50a3a".
             Resolved file path is "C:\Program Files\dotnet\packs\Microsoft.NETCore.App.Ref\8.0.8\ref\net8.0\System.Threading.dll".
             Reference found at search path location "{RawFileName}".
             This reference is not "CopyLocal" because at least one source item had "Private" set to "false" and no source items had "Private" set to "true".
         Primary reference "System.Transactions.Local, Version=8.0.0.0, Culture=neutral, PublicKeyToken=cc7b13ffcd2ddd51".
             Resolved file path is "C:\Program Files\dotnet\packs\Microsoft.NETCore.App.Ref\8.0.8\ref\net8.0\System.Transactions.Local.dll".
             Reference found at search path location "{RawFileName}".
             This reference is not "CopyLocal" because at least one source item had "Private" set to "false" and no source items had "Private" set to "true".
         Primary reference "System.Transactions, Version=4.0.0.0, Culture=neutral, PublicKeyToken=b77a5c561934e089".
             Resolved file path is "C:\Program Files\dotnet\packs\Microsoft.NETCore.App.Ref\8.0.8\ref\net8.0\System.Transactions.dll".
             Reference found at search path location "{RawFileName}".
             This reference is not "CopyLocal" because at least one source item had "Private" set to "false" and no source items had "Private" set to "true".
         Primary reference "System.ValueTuple, Version=8.0.0.0, Culture=neutral, PublicKeyToken=cc7b13ffcd2ddd51".
             Resolved file path is "C:\Program Files\dotnet\packs\Microsoft.NETCore.App.Ref\8.0.8\ref\net8.0\System.ValueTuple.dll".
             Reference found at search path location "{RawFileName}".
             This reference is not "CopyLocal" because at least one source item had "Private" set to "false" and no source items had "Private" set to "true".
         Primary reference "System.Web.HttpUtility, Version=8.0.0.0, Culture=neutral, PublicKeyToken=cc7b13ffcd2ddd51".
             Resolved file path is "C:\Program Files\dotnet\packs\Microsoft.NETCore.App.Ref\8.0.8\ref\net8.0\System.Web.HttpUtility.dll".
             Reference found at search path location "{RawFileName}".
             This reference is not "CopyLocal" because at least one source item had "Private" set to "false" and no source items had "Private" set to "true".
         Primary reference "System.Web, Version=4.0.0.0, Culture=neutral, PublicKeyToken=b03f5f7f11d50a3a".
             Resolved file path is "C:\Program Files\dotnet\packs\Microsoft.NETCore.App.Ref\8.0.8\ref\net8.0\System.Web.dll".
             Reference found at search path location "{RawFileName}".
             This reference is not "CopyLocal" because at least one source item had "Private" set to "false" and no source items had "Private" set to "true".
         Primary reference "System.Windows, Version=4.0.0.0, Culture=neutral, PublicKeyToken=b03f5f7f11d50a3a".
             Resolved file path is "C:\Program Files\dotnet\packs\Microsoft.NETCore.App.Ref\8.0.8\ref\net8.0\System.Windows.dll".
             Reference found at search path location "{RawFileName}".
             This reference is not "CopyLocal" because at least one source item had "Private" set to "false" and no source items had "Private" set to "true".
         Primary reference "System.Xml.Linq, Version=4.0.0.0, Culture=neutral, PublicKeyToken=b77a5c561934e089".
             Resolved file path is "C:\Program Files\dotnet\packs\Microsoft.NETCore.App.Ref\8.0.8\ref\net8.0\System.Xml.Linq.dll".
             Reference found at search path location "{RawFileName}".
             This reference is not "CopyLocal" because at least one source item had "Private" set to "false" and no source items had "Private" set to "true".
         Primary reference "System.Xml.ReaderWriter, Version=8.0.0.0, Culture=neutral, PublicKeyToken=b03f5f7f11d50a3a".
             Resolved file path is "C:\Program Files\dotnet\packs\Microsoft.NETCore.App.Ref\8.0.8\ref\net8.0\System.Xml.ReaderWriter.dll".
             Reference found at search path location "{RawFileName}".
             This reference is not "CopyLocal" because at least one source item had "Private" set to "false" and no source items had "Private" set to "true".
         Primary reference "System.Xml.Serialization, Version=4.0.0.0, Culture=neutral, PublicKeyToken=b77a5c561934e089".
             Resolved file path is "C:\Program Files\dotnet\packs\Microsoft.NETCore.App.Ref\8.0.8\ref\net8.0\System.Xml.Serialization.dll".
             Reference found at search path location "{RawFileName}".
             This reference is not "CopyLocal" because at least one source item had "Private" set to "false" and no source items had "Private" set to "true".
         Primary reference "System.Xml.XDocument, Version=8.0.0.0, Culture=neutral, PublicKeyToken=b03f5f7f11d50a3a".
             Resolved file path is "C:\Program Files\dotnet\packs\Microsoft.NETCore.App.Ref\8.0.8\ref\net8.0\System.Xml.XDocument.dll".
             Reference found at search path location "{RawFileName}".
             This reference is not "CopyLocal" because at least one source item had "Private" set to "false" and no source items had "Private" set to "true".
         Primary reference "System.Xml.XPath.XDocument, Version=8.0.0.0, Culture=neutral, PublicKeyToken=b03f5f7f11d50a3a".
             Resolved file path is "C:\Program Files\dotnet\packs\Microsoft.NETCore.App.Ref\8.0.8\ref\net8.0\System.Xml.XPath.XDocument.dll".
             Reference found at search path location "{RawFileName}".
             This reference is not "CopyLocal" because at least one source item had "Private" set to "false" and no source items had "Private" set to "true".
         Primary reference "System.Xml.XPath, Version=8.0.0.0, Culture=neutral, PublicKeyToken=b03f5f7f11d50a3a".
             Resolved file path is "C:\Program Files\dotnet\packs\Microsoft.NETCore.App.Ref\8.0.8\ref\net8.0\System.Xml.XPath.dll".
             Reference found at search path location "{RawFileName}".
             This reference is not "CopyLocal" because at least one source item had "Private" set to "false" and no source items had "Private" set to "true".
         Primary reference "System.Xml.XmlDocument, Version=8.0.0.0, Culture=neutral, PublicKeyToken=b03f5f7f11d50a3a".
             Resolved file path is "C:\Program Files\dotnet\packs\Microsoft.NETCore.App.Ref\8.0.8\ref\net8.0\System.Xml.XmlDocument.dll".
             Reference found at search path location "{RawFileName}".
             This reference is not "CopyLocal" because at least one source item had "Private" set to "false" and no source items had "Private" set to "true".
         Primary reference "System.Xml.XmlSerializer, Version=8.0.0.0, Culture=neutral, PublicKeyToken=b03f5f7f11d50a3a".
             Resolved file path is "C:\Program Files\dotnet\packs\Microsoft.NETCore.App.Ref\8.0.8\ref\net8.0\System.Xml.XmlSerializer.dll".
             Reference found at search path location "{RawFileName}".
             This reference is not "CopyLocal" because at least one source item had "Private" set to "false" and no source items had "Private" set to "true".
         Primary reference "System.Xml, Version=4.0.0.0, Culture=neutral, PublicKeyToken=b77a5c561934e089".
             Resolved file path is "C:\Program Files\dotnet\packs\Microsoft.NETCore.App.Ref\8.0.8\ref\net8.0\System.Xml.dll".
             Reference found at search path location "{RawFileName}".
             This reference is not "CopyLocal" because at least one source item had "Private" set to "false" and no source items had "Private" set to "true".
         Primary reference "System, Version=4.0.0.0, Culture=neutral, PublicKeyToken=b77a5c561934e089".
             Resolved file path is "C:\Program Files\dotnet\packs\Microsoft.NETCore.App.Ref\8.0.8\ref\net8.0\System.dll".
             Reference found at search path location "{RawFileName}".
             This reference is not "CopyLocal" because at least one source item had "Private" set to "false" and no source items had "Private" set to "true".
         Primary reference "WindowsBase, Version=4.0.0.0, Culture=neutral, PublicKeyToken=31bf3856ad364e35".
             Resolved file path is "C:\Program Files\dotnet\packs\Microsoft.NETCore.App.Ref\8.0.8\ref\net8.0\WindowsBase.dll".
             Reference found at search path location "{RawFileName}".
             This reference is not "CopyLocal" because at least one source item had "Private" set to "false" and no source items had "Private" set to "true".
         Primary reference "mscorlib, Version=4.0.0.0, Culture=neutral, PublicKeyToken=b77a5c561934e089".
             Resolved file path is "C:\Program Files\dotnet\packs\Microsoft.NETCore.App.Ref\8.0.8\ref\net8.0\mscorlib.dll".
             Reference found at search path location "{RawFileName}".
             This reference is not "CopyLocal" because at least one source item had "Private" set to "false" and no source items had "Private" set to "true".
         Primary reference "netstandard, Version=2.1.0.0, Culture=neutral, PublicKeyToken=cc7b13ffcd2ddd51".
             Resolved file path is "C:\Program Files\dotnet\packs\Microsoft.NETCore.App.Ref\8.0.8\ref\net8.0\netstandard.dll".
             Reference found at search path location "{RawFileName}".
             This reference is not "CopyLocal" because at least one source item had "Private" set to "false" and no source items had "Private" set to "true".
       Done executing task "ResolveAssemblyReference".
   3:7>Done building target "ResolveAssemblyReferences" in project "Jarvis.Core.csproj".
       Target "GenerateBindingRedirects" skipped, due to false condition; ('$(AutoGenerateBindingRedirects)' == 'true' and '$(GenerateBindingRedirectsOutputType)' == 'true' and '@(SuggestedBindingRedirects)' != '' and '$(DesignTimeBuild)' != 'true' and '$(BuildingProject)' == 'true') was evaluated as ('' == 'true' and '' == 'true' and '' != '' and '' != 'true' and 'true' == 'true').
       Target "GenerateSupportedRuntime" skipped, due to false condition; ('$(GenerateSupportedRuntime)' != 'false' and '$(TargetFrameworkIdentifier)' == '.NETFramework' and '$(HasRuntimeOutput)' == 'true') was evaluated as ('' != 'false' and '.NETCoreApp' == '.NETFramework' and '' == 'true').
       Target "GenerateBindingRedirectsUpdateAppConfig" skipped, due to false condition; ('$(AutoGenerateBindingRedirects)' == 'true' and '$(GenerateBindingRedirectsOutputType)' == 'true') was evaluated as ('' == 'true' and '' == 'true').
       Target "ResolveComReferences" skipped, due to false condition; ('@(COMReference)'!='' or '@(COMFileReference)'!='') was evaluated as (''!='' or ''!='').
   3:7>Target "AfterResolveReferences" in file "C:\Program Files\dotnet\sdk\8.0.400\Microsoft.Common.CurrentVersion.targets" from project "C:\Users\NoahR\OneDrive\Desktop\Jarvis\src\Jarvis.Core\Jarvis.Core.csproj" (target "ResolveReferences" depends on it):
   3:7>Done building target "AfterResolveReferences" in project "Jarvis.Core.csproj".
   3:7>Target "ResolveReferences" in file "C:\Program Files\dotnet\sdk\8.0.400\Microsoft.Common.CurrentVersion.targets" from project "C:\Users\NoahR\OneDrive\Desktop\Jarvis\src\Jarvis.Core\Jarvis.Core.csproj" (target "_BlockWinMDsOnUnsupportedTFMs" depends on it):
   3:7>Done building target "ResolveReferences" in project "Jarvis.Core.csproj".
   3:7>Target "_BlockWinMDsOnUnsupportedTFMs" in file "C:\Program Files\dotnet\sdk\8.0.400\Sdks\Microsoft.NET.Sdk\targets\Microsoft.NET.Sdk.targets" from project "C:\Users\NoahR\OneDrive\Desktop\Jarvis\src\Jarvis.Core\Jarvis.Core.csproj" (target "CoreBuild" depends on it):
       Using "CheckForUnsupportedWinMDReferences" task from assembly "C:\Program Files\dotnet\sdk\8.0.400\Sdks\Microsoft.NET.Sdk\targets\..\tools\net8.0\Microsoft.NET.Build.Tasks.dll".
       Task "CheckForUnsupportedWinMDReferences"
       Done executing task "CheckForUnsupportedWinMDReferences".
       Task "NETSdkError" skipped, due to false condition; ('$(OutputType)' == 'winmdobj') was evaluated as ('Library' == 'winmdobj').
   3:7>Done building target "_BlockWinMDsOnUnsupportedTFMs" in project "Jarvis.Core.csproj".
       Target "ResolveReferences" skipped. Previously built successfully.
       Target "ResolvePackageDependenciesForBuild" skipped. Previously built successfully.
       Target "_HandlePackageFileConflicts" skipped. Previously built successfully.
   3:7>Target "CopyAdditionalFiles" in file "C:\Program Files\dotnet\sdk\8.0.400\Roslyn\Microsoft.Managed.Core.targets" from project "C:\Users\NoahR\OneDrive\Desktop\Jarvis\src\Jarvis.Core\Jarvis.Core.csproj" (target "AssignTargetPaths" depends on it):
   3:7>Done building target "CopyAdditionalFiles" in project "Jarvis.Core.csproj".
       Target "_ChooseAppHost" skipped, due to false condition; ('$(UseAppHost)' == 'true' and '$(_IsExecutable)' == 'true') was evaluated as ('' == 'true' and '' == 'true').
       Target "_GetComHostPaths" skipped, due to false condition; ('$(EnableComHosting)' == 'true' and '$(_IsExecutable)' != 'true') was evaluated as ('' == 'true' and '' != 'true').
       Target "_GetIjwHostPaths" skipped, due to false condition; ('$(UseIJWHost)' == 'true') was evaluated as ('' == 'true').
   3:7>Target "_ComputeNETCoreBuildOutputFiles" in file "C:\Program Files\dotnet\sdk\8.0.400\Sdks\Microsoft.NET.Sdk\targets\Microsoft.NET.Sdk.targets" from project "C:\Users\NoahR\OneDrive\Desktop\Jarvis\src\Jarvis.Core\Jarvis.Core.csproj" (target "AssignTargetPaths" depends on it):
   3:7>Done building target "_ComputeNETCoreBuildOutputFiles" in project "Jarvis.Core.csproj".
   3:7>Target "AssignTargetPaths" in file "C:\Program Files\dotnet\sdk\8.0.400\Microsoft.Common.CurrentVersion.targets" from project "C:\Users\NoahR\OneDrive\Desktop\Jarvis\src\Jarvis.Core\Jarvis.Core.csproj" (target "PrepareResourceNames" depends on it):
       Using "AssignTargetPath" task from assembly "Microsoft.Build.Tasks.Core, Version=15.1.0.0, Culture=neutral, PublicKeyToken=b03f5f7f11d50a3a".
       Task "AssignTargetPath"
       Done executing task "AssignTargetPath".
       Task "AssignTargetPath"
       Done executing task "AssignTargetPath".
       Task "AssignTargetPath"
       Done executing task "AssignTargetPath".
       Task "AssignTargetPath"
       Done executing task "AssignTargetPath".
       Task "AssignTargetPath" skipped, due to false condition; ('@(_DeploymentBaseManifestWithTargetPath)'=='' and '%(None.Extension)'=='.manifest') was evaluated as (''=='' and ''=='.manifest').
   3:7>Done building target "AssignTargetPaths" in project "Jarvis.Core.csproj".
       Target "AssignTargetPaths" skipped. Previously built successfully.
   3:7>Target "SplitResourcesByCulture" in file "C:\Program Files\dotnet\sdk\8.0.400\Microsoft.Common.CurrentVersion.targets" from project "C:\Users\NoahR\OneDrive\Desktop\Jarvis\src\Jarvis.Core\Jarvis.Core.csproj" (target "PrepareResourceNames" depends on it):
       Task "Warning" skipped, due to false condition; ('@(ResxWithNoCulture)'!='') was evaluated as (''!='').
       Task "Warning" skipped, due to false condition; ('@(ResxWithCulture)'!='') was evaluated as (''!='').
       Task "Warning" skipped, due to false condition; ('@(NonResxWithCulture)'!='') was evaluated as (''!='').
       Task "Warning" skipped, due to false condition; ('@(NonResxWithNoCulture)'!='') was evaluated as (''!='').
       Using "AssignCulture" task from assembly "Microsoft.Build.Tasks.Core, Version=15.1.0.0, Culture=neutral, PublicKeyToken=b03f5f7f11d50a3a".
       Task "AssignCulture"
       Done executing task "AssignCulture".
   3:7>Done building target "SplitResourcesByCulture" in project "Jarvis.Core.csproj".
       Target "CreateManifestResourceNames" skipped, due to false condition; ('@(EmbeddedResource)' != '') was evaluated as ('' != '').
   3:7>Target "CreateCustomManifestResourceNames" in file "C:\Program Files\dotnet\sdk\8.0.400\Microsoft.Common.CurrentVersion.targets" from project "C:\Users\NoahR\OneDrive\Desktop\Jarvis\src\Jarvis.Core\Jarvis.Core.csproj" (target "PrepareResourceNames" depends on it):
   3:7>Done building target "CreateCustomManifestResourceNames" in project "Jarvis.Core.csproj".
   3:7>Target "PrepareResourceNames" in file "C:\Program Files\dotnet\sdk\8.0.400\Microsoft.Common.CurrentVersion.targets" from project "C:\Users\NoahR\OneDrive\Desktop\Jarvis\src\Jarvis.Core\Jarvis.Core.csproj" (target "PrepareResources" depends on it):
   3:7>Done building target "PrepareResourceNames" in project "Jarvis.Core.csproj".
       Target "ResolveAssemblyReferences" skipped. Previously built successfully.
       Target "SplitResourcesByCulture" skipped. Previously built successfully.
   3:7>Target "BeforeResGen" in file "C:\Program Files\dotnet\sdk\8.0.400\Microsoft.Common.CurrentVersion.targets" from project "C:\Users\NoahR\OneDrive\Desktop\Jarvis\src\Jarvis.Core\Jarvis.Core.csproj" (target "ResGen" depends on it):
   3:7>Done building target "BeforeResGen" in project "Jarvis.Core.csproj".
       Target "ResolveReferences" skipped. Previously built successfully.
   3:7>Target "FindReferenceAssembliesForReferences" in file "C:\Program Files\dotnet\sdk\8.0.400\Microsoft.Common.CurrentVersion.targets" from project "C:\Users\NoahR\OneDrive\Desktop\Jarvis\src\Jarvis.Core\Jarvis.Core.csproj" (target "CoreResGen" depends on it):
   3:7>Done building target "FindReferenceAssembliesForReferences" in project "Jarvis.Core.csproj".
   3:7>Target "CoreResGen" in file "C:\Program Files\dotnet\sdk\8.0.400\Microsoft.Common.CurrentVersion.targets" from project "C:\Users\NoahR\OneDrive\Desktop\Jarvis\src\Jarvis.Core\Jarvis.Core.csproj" (target "ResGen" depends on it):
       Task "GenerateResource" skipped, due to false condition; ('%(EmbeddedResource.Type)' == 'Resx' and '%(EmbeddedResource.GenerateResource)' != 'false' and '$(GenerateResourceMSBuildRuntime)' != 'CLR2') was evaluated as ('' == 'Resx' and '' != 'false' and 'CurrentRuntime' != 'CLR2').
       Task "GenerateResource" skipped, due to false condition; ('%(EmbeddedResource.Type)' == 'Resx' and '%(EmbeddedResource.GenerateResource)' != 'false' and '$(GenerateResourceMSBuildRuntime)' == 'CLR2') was evaluated as ('' == 'Resx' and '' != 'false' and 'CurrentRuntime' == 'CLR2').
   3:7>Done building target "CoreResGen" in project "Jarvis.Core.csproj".
   3:7>Target "AfterResGen" in file "C:\Program Files\dotnet\sdk\8.0.400\Microsoft.Common.CurrentVersion.targets" from project "C:\Users\NoahR\OneDrive\Desktop\Jarvis\src\Jarvis.Core\Jarvis.Core.csproj" (target "ResGen" depends on it):
   3:7>Done building target "AfterResGen" in project "Jarvis.Core.csproj".
   3:7>Target "ResGen" in file "C:\Program Files\dotnet\sdk\8.0.400\Microsoft.Common.CurrentVersion.targets" from project "C:\Users\NoahR\OneDrive\Desktop\Jarvis\src\Jarvis.Core\Jarvis.Core.csproj" (target "PrepareResources" depends on it):
   3:7>Done building target "ResGen" in project "Jarvis.Core.csproj".
       Target "CompileLicxFiles" skipped, due to false condition; ('@(_LicxFile)'!='') was evaluated as (''!='').
   3:7>Target "PrepareResources" in file "C:\Program Files\dotnet\sdk\8.0.400\Microsoft.Common.CurrentVersion.targets" from project "C:\Users\NoahR\OneDrive\Desktop\Jarvis\src\Jarvis.Core\Jarvis.Core.csproj" (target "CoreBuild" depends on it):
   3:7>Done building target "PrepareResources" in project "Jarvis.Core.csproj".
       Target "ResolveKeySource" skipped, due to false condition; ($(SignManifests) == 'true' or $(SignAssembly) == 'true') was evaluated as ( == 'true' or false == 'true').
       Target "ResolveReferences" skipped. Previously built successfully.
       Target "ResolveKeySource" skipped, due to false condition; ($(SignManifests) == 'true' or $(SignAssembly) == 'true') was evaluated as ( == 'true' or false == 'true').
       Target "ResolveComReferences" skipped, due to false condition; ('@(COMReference)'!='' or '@(COMFileReference)'!='') was evaluated as (''!='' or ''!='').
       Target "ResolveNativeReferences" skipped, due to false condition; ('@(NativeReference)'!='') was evaluated as (''!='').
       Target "_SetExternalWin32ManifestProperties" skipped, due to false condition; ('$(GenerateClickOnceManifests)'=='true' or '@(NativeReference)'!='' or '@(ResolvedIsolatedComModules)'!='') was evaluated as (''=='true' or ''!='' or ''!='').
   3:7>Target "_SetEmbeddedWin32ManifestProperties" in file "C:\Program Files\dotnet\sdk\8.0.400\Microsoft.Common.CurrentVersion.targets" from project "C:\Users\NoahR\OneDrive\Desktop\Jarvis\src\Jarvis.Core\Jarvis.Core.csproj" (target "SetWin32ManifestProperties" depends on it):
       Using "GetFrameworkPath" task from assembly "Microsoft.Build.Tasks.Core, Version=15.1.0.0, Culture=neutral, PublicKeyToken=b03f5f7f11d50a3a".
       Task "GetFrameworkPath"
       Done executing task "GetFrameworkPath".
   3:7>Done building target "_SetEmbeddedWin32ManifestProperties" in project "Jarvis.Core.csproj".
   3:7>Target "SetWin32ManifestProperties" in file "C:\Program Files\dotnet\sdk\8.0.400\Microsoft.Common.CurrentVersion.targets" from project "C:\Users\NoahR\OneDrive\Desktop\Jarvis\src\Jarvis.Core\Jarvis.Core.csproj" (target "Compile" depends on it):
   3:7>Done building target "SetWin32ManifestProperties" in project "Jarvis.Core.csproj".
       Target "_SetPreferNativeArm64Win32ManifestProperties" skipped, due to false condition; ( '$(PreferNativeArm64)'=='true' and '$(NoWin32Manifest)'!='true') was evaluated as ( ''=='true' and ''!='true').
       Target "FindReferenceAssembliesForReferences" skipped. Previously built successfully.
   3:7>Target "_GenerateCompileInputs" in file "C:\Program Files\dotnet\sdk\8.0.400\Microsoft.Common.CurrentVersion.targets" from project "C:\Users\NoahR\OneDrive\Desktop\Jarvis\src\Jarvis.Core\Jarvis.Core.csproj" (target "Compile" depends on it):
       Task "Warning" skipped, due to false condition; ('@(ManifestResourceWithNoCulture)'!='' and '%(ManifestResourceWithNoCulture.EmittedForCompatibilityOnly)'=='') was evaluated as (''!='' and ''=='').
       Task "Warning" skipped, due to false condition; ('@(ManifestNonResxWithNoCultureOnDisk)'!='' and '%(ManifestNonResxWithNoCultureOnDisk.EmittedForCompatibilityOnly)'=='') was evaluated as (''!='' and ''=='').
   3:7>Done building target "_GenerateCompileInputs" in project "Jarvis.Core.csproj".
       Target "PrepareForBuild" skipped. Previously built successfully.
   3:7>Target "GenerateMSBuildEditorConfigFileShouldRun" in file "C:\Program Files\dotnet\sdk\8.0.400\Roslyn\Microsoft.Managed.Core.targets" from project "C:\Users\NoahR\OneDrive\Desktop\Jarvis\src\Jarvis.Core\Jarvis.Core.csproj" (target "GenerateMSBuildEditorConfigFile" depends on it):
   3:7>Done building target "GenerateMSBuildEditorConfigFileShouldRun" in project "Jarvis.Core.csproj".
   3:7>Target "GenerateMSBuildEditorConfigFileCore" in file "C:\Program Files\dotnet\sdk\8.0.400\Roslyn\Microsoft.Managed.Core.targets" from project "C:\Users\NoahR\OneDrive\Desktop\Jarvis\src\Jarvis.Core\Jarvis.Core.csproj" (target "GenerateMSBuildEditorConfigFile" depends on it):
       Building target "GenerateMSBuildEditorConfigFileCore" completely.
       No input files were specified.
       Using "GenerateMSBuildEditorConfig" task from assembly "C:\Program Files\dotnet\sdk\8.0.400\Roslyn\Microsoft.Build.Tasks.CodeAnalysis.dll".
       Task "GenerateMSBuildEditorConfig"
       Done executing task "GenerateMSBuildEditorConfig".
   3:7>Done building target "GenerateMSBuildEditorConfigFileCore" in project "Jarvis.Core.csproj".
   3:7>Target "GenerateMSBuildEditorConfigFile" in file "C:\Program Files\dotnet\sdk\8.0.400\Roslyn\Microsoft.Managed.Core.targets" from project "C:\Users\NoahR\OneDrive\Desktop\Jarvis\src\Jarvis.Core\Jarvis.Core.csproj" (target "BeforeCompile" depends on it):
   3:7>Done building target "GenerateMSBuildEditorConfigFile" in project "Jarvis.Core.csproj".
       Target "PrepareForBuild" skipped. Previously built successfully.
       Target "GetReferenceAssemblyPaths" skipped. Previously built successfully.
   3:7>Target "_SetTargetFrameworkMonikerAttribute" in file "C:\Program Files\dotnet\sdk\8.0.400\Microsoft.CSharp.CurrentVersion.targets" from project "C:\Users\NoahR\OneDrive\Desktop\Jarvis\src\Jarvis.Core\Jarvis.Core.csproj" (target "GenerateTargetFrameworkMonikerAttribute" depends on it):
   3:7>Done building target "_SetTargetFrameworkMonikerAttribute" in project "Jarvis.Core.csproj".
   3:7>Target "GenerateTargetFrameworkMonikerAttribute" in file "C:\Program Files\dotnet\sdk\8.0.400\Microsoft.Common.CurrentVersion.targets" from project "C:\Users\NoahR\OneDrive\Desktop\Jarvis\src\Jarvis.Core\Jarvis.Core.csproj" (target "BeforeCompile" depends on it):
       Skipping target "GenerateTargetFrameworkMonikerAttribute" because all output files are up-to-date with respect to the input files.
       Input files: C:\Program Files\dotnet\sdk\8.0.400\Microsoft.Common.targets
       Output files: obj\Debug\net8.0\.NETCoreApp,Version=v8.0.AssemblyAttributes.cs
   3:7>Done building target "GenerateTargetFrameworkMonikerAttribute" in project "Jarvis.Core.csproj".
       Target "GenerateAdditionalSources" skipped, due to false condition; ('@(AssemblyAttributes)' != '' and '$(GenerateAdditionalSources)' == 'true') was evaluated as ('' != '' and '' == 'true').
       Target "PrepareForBuild" skipped. Previously built successfully.
   3:7>Target "GetAssemblyVersion" in file "C:\Program Files\dotnet\sdk\8.0.400\Sdks\Microsoft.NET.Sdk\targets\Microsoft.NET.GenerateAssemblyInfo.targets" from project "C:\Users\NoahR\OneDrive\Desktop\Jarvis\src\Jarvis.Core\Jarvis.Core.csproj" (target "GetAssemblyAttributes" depends on it):
       Using "GetAssemblyVersion" task from assembly "C:\Program Files\dotnet\sdk\8.0.400\Sdks\Microsoft.NET.Sdk\targets\..\tools\net8.0\Microsoft.NET.Build.Tasks.dll".
       Task "GetAssemblyVersion"
       Done executing task "GetAssemblyVersion".
   3:7>Done building target "GetAssemblyVersion" in project "Jarvis.Core.csproj".
       Target "GetAssemblyVersion" skipped. Previously built successfully.
   3:7>Target "InitializeSourceControlInformationFromSourceControlManager" in file "C:\Program Files\dotnet\sdk\8.0.400\Sdks\Microsoft.Build.Tasks.Git\build\Microsoft.Build.Tasks.Git.targets" from project "C:\Users\NoahR\OneDrive\Desktop\Jarvis\src\Jarvis.Core\Jarvis.Core.csproj" (target "_InitializeSourceControlInformationFromSourceControlManager" depends on it):
       Using "Microsoft.Build.Tasks.Git.LocateRepository" task from assembly "C:\Program Files\dotnet\sdk\8.0.400\Sdks\Microsoft.Build.Tasks.Git\build\..\tools\core\Microsoft.Build.Tasks.Git.dll".
       Task "Microsoft.Build.Tasks.Git.LocateRepository"
       Done executing task "Microsoft.Build.Tasks.Git.LocateRepository".
   3:7>Done building target "InitializeSourceControlInformationFromSourceControlManager" in project "Jarvis.Core.csproj".
   3:7>Target "_SourceLinkHasSingleProvider" in file "C:\Program Files\dotnet\sdk\8.0.400\Sdks\Microsoft.SourceLink.Common\build\InitializeSourceControlInformation.targets" from project "C:\Users\NoahR\OneDrive\Desktop\Jarvis\src\Jarvis.Core\Jarvis.Core.csproj" (target "_InitializeSourceControlInformationFromSourceControlManager" depends on it):
       Assembly loaded during TaskRun: Microsoft.SourceLink.Common, Version=8.0.9.11501, Culture=neutral, PublicKeyToken=31bf3856ad364e35 (location: C:\Program Files\dotnet\sdk\8.0.400\Sdks\Microsoft.SourceLink.Common\tools\core\Microsoft.SourceLink.Common.dll, MVID: d5b96578-81ec-438f-8487-2f5405206516, AssemblyLoadContext: MSBuild plugin C:\Program Files\dotnet\sdk\8.0.400\Sdks\Microsoft.SourceLink.Common\tools\core\Microsoft.SourceLink.Common.dll)
       Using "Microsoft.SourceLink.Common.SourceLinkHasSingleProvider" task from assembly "C:\Program Files\dotnet\sdk\8.0.400\Sdks\Microsoft.SourceLink.Common\build\..\tools\core\Microsoft.SourceLink.Common.dll".
       Task "Microsoft.SourceLink.Common.SourceLinkHasSingleProvider"
       Done executing task "Microsoft.SourceLink.Common.SourceLinkHasSingleProvider".
   3:7>Done building target "_SourceLinkHasSingleProvider" in project "Jarvis.Core.csproj".
   3:7>Target "TranslateGitHubUrlsInSourceControlInformation" in file "C:\Program Files\dotnet\sdk\8.0.400\Sdks\Microsoft.SourceLink.GitHub\build\Microsoft.SourceLink.GitHub.targets" from project "C:\Users\NoahR\OneDrive\Desktop\Jarvis\src\Jarvis.Core\Jarvis.Core.csproj" (target "_InitializeSourceControlInformationFromSourceControlManager" depends on it):
       Assembly loaded during TaskRun: Microsoft.SourceLink.GitHub, Version=8.0.9.11501, Culture=neutral, PublicKeyToken=31bf3856ad364e35 (location: C:\Program Files\dotnet\sdk\8.0.400\Sdks\Microsoft.SourceLink.GitHub\tools\core\Microsoft.SourceLink.GitHub.dll, MVID: 1fbac130-3a2a-4cf4-9c60-b0ae73333681, AssemblyLoadContext: MSBuild plugin C:\Program Files\dotnet\sdk\8.0.400\Sdks\Microsoft.SourceLink.GitHub\tools\core\Microsoft.SourceLink.GitHub.dll)
       Using "Microsoft.SourceLink.GitHub.TranslateRepositoryUrls" task from assembly "C:\Program Files\dotnet\sdk\8.0.400\Sdks\Microsoft.SourceLink.GitHub\build\..\tools\core\Microsoft.SourceLink.GitHub.dll".
       Task "Microsoft.SourceLink.GitHub.TranslateRepositoryUrls"
       Done executing task "Microsoft.SourceLink.GitHub.TranslateRepositoryUrls".
   3:7>Done building target "TranslateGitHubUrlsInSourceControlInformation" in project "Jarvis.Core.csproj".
   3:7>Target "TranslateGitLabUrlsInSourceControlInformation" in file "C:\Program Files\dotnet\sdk\8.0.400\Sdks\Microsoft.SourceLink.GitLab\build\Microsoft.SourceLink.GitLab.targets" from project "C:\Users\NoahR\OneDrive\Desktop\Jarvis\src\Jarvis.Core\Jarvis.Core.csproj" (target "_InitializeSourceControlInformationFromSourceControlManager" depends on it):
       Assembly loaded during TaskRun: Microsoft.SourceLink.GitLab, Version=8.0.9.11501, Culture=neutral, PublicKeyToken=31bf3856ad364e35 (location: C:\Program Files\dotnet\sdk\8.0.400\Sdks\Microsoft.SourceLink.GitLab\tools\core\Microsoft.SourceLink.GitLab.dll, MVID: 6b003cb9-36ef-4a5a-83ae-cc8fa7fbcb67, AssemblyLoadContext: MSBuild plugin C:\Program Files\dotnet\sdk\8.0.400\Sdks\Microsoft.SourceLink.GitLab\tools\core\Microsoft.SourceLink.GitLab.dll)
       Using "Microsoft.SourceLink.GitLab.TranslateRepositoryUrls" task from assembly "C:\Program Files\dotnet\sdk\8.0.400\Sdks\Microsoft.SourceLink.GitLab\build\..\tools\core\Microsoft.SourceLink.GitLab.dll".
       Task "Microsoft.SourceLink.GitLab.TranslateRepositoryUrls"
       Done executing task "Microsoft.SourceLink.GitLab.TranslateRepositoryUrls".
   3:7>Done building target "TranslateGitLabUrlsInSourceControlInformation" in project "Jarvis.Core.csproj".
   3:7>Target "TranslateAzureReposGitUrlsInSourceControlInformation" in file "C:\Program Files\dotnet\sdk\8.0.400\Sdks\Microsoft.SourceLink.AzureRepos.Git\build\Microsoft.SourceLink.AzureRepos.Git.targets" from project "C:\Users\NoahR\OneDrive\Desktop\Jarvis\src\Jarvis.Core\Jarvis.Core.csproj" (target "_InitializeSourceControlInformationFromSourceControlManager" depends on it):
       Assembly loaded during TaskRun: Microsoft.SourceLink.AzureRepos.Git, Version=8.0.9.11501, Culture=neutral, PublicKeyToken=31bf3856ad364e35 (location: C:\Program Files\dotnet\sdk\8.0.400\Sdks\Microsoft.SourceLink.AzureRepos.Git\tools\core\Microsoft.SourceLink.AzureRepos.Git.dll, MVID: 3a082d27-0e6b-4d51-92ea-8eaf3fc3120f, AssemblyLoadContext: MSBuild plugin C:\Program Files\dotnet\sdk\8.0.400\Sdks\Microsoft.SourceLink.AzureRepos.Git\tools\core\Microsoft.SourceLink.AzureRepos.Git.dll)
       Using "Microsoft.SourceLink.AzureRepos.Git.TranslateRepositoryUrls" task from assembly "C:\Program Files\dotnet\sdk\8.0.400\Sdks\Microsoft.SourceLink.AzureRepos.Git\build\..\tools\core\Microsoft.SourceLink.AzureRepos.Git.dll".
       Task "Microsoft.SourceLink.AzureRepos.Git.TranslateRepositoryUrls"
       Done executing task "Microsoft.SourceLink.AzureRepos.Git.TranslateRepositoryUrls".
   3:7>Done building target "TranslateAzureReposGitUrlsInSourceControlInformation" in project "Jarvis.Core.csproj".
   3:7>Target "TranslateBitbucketGitUrlsInSourceControlInformation" in file "C:\Program Files\dotnet\sdk\8.0.400\Sdks\Microsoft.SourceLink.Bitbucket.Git\build\Microsoft.SourceLink.Bitbucket.Git.targets" from project "C:\Users\NoahR\OneDrive\Desktop\Jarvis\src\Jarvis.Core\Jarvis.Core.csproj" (target "_InitializeSourceControlInformationFromSourceControlManager" depends on it):
       Assembly loaded during TaskRun: Microsoft.SourceLink.Bitbucket.Git, Version=8.0.9.11501, Culture=neutral, PublicKeyToken=31bf3856ad364e35 (location: C:\Program Files\dotnet\sdk\8.0.400\Sdks\Microsoft.SourceLink.Bitbucket.Git\tools\core\Microsoft.SourceLink.Bitbucket.Git.dll, MVID: 3994e8b0-7ae9-409e-bc2b-53baef289161, AssemblyLoadContext: MSBuild plugin C:\Program Files\dotnet\sdk\8.0.400\Sdks\Microsoft.SourceLink.Bitbucket.Git\tools\core\Microsoft.SourceLink.Bitbucket.Git.dll)
       Using "Microsoft.SourceLink.Bitbucket.Git.TranslateRepositoryUrls" task from assembly "C:\Program Files\dotnet\sdk\8.0.400\Sdks\Microsoft.SourceLink.Bitbucket.Git\build\..\tools\core\Microsoft.SourceLink.Bitbucket.Git.dll".
       Task "Microsoft.SourceLink.Bitbucket.Git.TranslateRepositoryUrls"
       Done executing task "Microsoft.SourceLink.Bitbucket.Git.TranslateRepositoryUrls".
   3:7>Done building target "TranslateBitbucketGitUrlsInSourceControlInformation" in project "Jarvis.Core.csproj".
   3:7>Target "SourceControlManagerPublishTranslatedUrls" in file "C:\Program Files\dotnet\sdk\8.0.400\Sdks\Microsoft.SourceLink.Common\build\InitializeSourceControlInformation.targets" from project "C:\Users\NoahR\OneDrive\Desktop\Jarvis\src\Jarvis.Core\Jarvis.Core.csproj" (target "_InitializeSourceControlInformationFromSourceControlManager" depends on it):
   3:7>Done building target "SourceControlManagerPublishTranslatedUrls" in project "Jarvis.Core.csproj".
   3:7>Target "_InitializeSourceControlInformationFromSourceControlManager" in file "C:\Program Files\dotnet\sdk\8.0.400\Sdks\Microsoft.SourceLink.Common\build\InitializeSourceControlInformation.targets" from project "C:\Users\NoahR\OneDrive\Desktop\Jarvis\src\Jarvis.Core\Jarvis.Core.csproj" (target "InitializeSourceControlInformation" depends on it):
   3:7>Done building target "_InitializeSourceControlInformationFromSourceControlManager" in project "Jarvis.Core.csproj".
   3:7>Target "InitializeSourceControlInformation" in file "C:\Program Files\dotnet\sdk\8.0.400\Microsoft.Common.CurrentVersion.targets" from project "C:\Users\NoahR\OneDrive\Desktop\Jarvis\src\Jarvis.Core\Jarvis.Core.csproj" (target "AddSourceRevisionToInformationalVersion" depends on it):
   3:7>Done building target "InitializeSourceControlInformation" in project "Jarvis.Core.csproj".
   3:7>Target "AddSourceRevisionToInformationalVersion" in file "C:\Program Files\dotnet\sdk\8.0.400\Sdks\Microsoft.NET.Sdk\targets\Microsoft.NET.GenerateAssemblyInfo.targets" from project "C:\Users\NoahR\OneDrive\Desktop\Jarvis\src\Jarvis.Core\Jarvis.Core.csproj" (target "GetAssemblyAttributes" depends on it):
   3:7>Done building target "AddSourceRevisionToInformationalVersion" in project "Jarvis.Core.csproj".
       Target "_GetUserSecretsAssemblyAttribute" skipped, due to false condition; ( '$(UserSecretsId)' != '' AND '$(GenerateUserSecretsAttribute)' != 'false' AND '$(GeneratedUserSecretsAttributeFile)' == '' ) was evaluated as ( '' != '' AND '' != 'false' AND '' == '' ).
   3:7>Target "GetAssemblyAttributes" in file "C:\Program Files\dotnet\sdk\8.0.400\Sdks\Microsoft.NET.Sdk\targets\Microsoft.NET.GenerateAssemblyInfo.targets" from project "C:\Users\NoahR\OneDrive\Desktop\Jarvis\src\Jarvis.Core\Jarvis.Core.csproj" (target "CreateGeneratedAssemblyInfoInputsCacheFile" depends on it):
   3:7>Done building target "GetAssemblyAttributes" in project "Jarvis.Core.csproj".
   3:7>Target "CreateGeneratedAssemblyInfoInputsCacheFile" in file "C:\Program Files\dotnet\sdk\8.0.400\Sdks\Microsoft.NET.Sdk\targets\Microsoft.NET.GenerateAssemblyInfo.targets" from project "C:\Users\NoahR\OneDrive\Desktop\Jarvis\src\Jarvis.Core\Jarvis.Core.csproj" (target "CoreGenerateAssemblyInfo" depends on it):
       Using "Hash" task from assembly "Microsoft.Build.Tasks.Core, Version=15.1.0.0, Culture=neutral, PublicKeyToken=b03f5f7f11d50a3a".
       Task "Hash"
       Done executing task "Hash".
       Task "WriteLinesToFile"
       Done executing task "WriteLinesToFile".
   3:7>Done building target "CreateGeneratedAssemblyInfoInputsCacheFile" in project "Jarvis.Core.csproj".
   3:7>Target "CoreGenerateAssemblyInfo" in file "C:\Program Files\dotnet\sdk\8.0.400\Sdks\Microsoft.NET.Sdk\targets\Microsoft.NET.GenerateAssemblyInfo.targets" from project "C:\Users\NoahR\OneDrive\Desktop\Jarvis\src\Jarvis.Core\Jarvis.Core.csproj" (target "GenerateAssemblyInfo" depends on it):
       Building target "CoreGenerateAssemblyInfo" completely.
       Output file "obj\Debug\net8.0\Jarvis.Core.AssemblyInfo.cs" does not exist.
       Using "WriteCodeFragment" task from assembly "Microsoft.Build.Tasks.Core, Version=15.1.0.0, Culture=neutral, PublicKeyToken=b03f5f7f11d50a3a".
       Task "WriteCodeFragment"
         Emitted specified code into "obj\Debug\net8.0\Jarvis.Core.AssemblyInfo.cs".
       Done executing task "WriteCodeFragment".
   3:7>Done building target "CoreGenerateAssemblyInfo" in project "Jarvis.Core.csproj".
   3:7>Target "GenerateAssemblyInfo" in file "C:\Program Files\dotnet\sdk\8.0.400\Sdks\Microsoft.NET.Sdk\targets\Microsoft.NET.GenerateAssemblyInfo.targets" from project "C:\Users\NoahR\OneDrive\Desktop\Jarvis\src\Jarvis.Core\Jarvis.Core.csproj" (target "BeforeCompile" depends on it):
   3:7>Done building target "GenerateAssemblyInfo" in project "Jarvis.Core.csproj".
   3:7>Target "BeforeCompile" in file "C:\Program Files\dotnet\sdk\8.0.400\Microsoft.Common.CurrentVersion.targets" from project "C:\Users\NoahR\OneDrive\Desktop\Jarvis\src\Jarvis.Core\Jarvis.Core.csproj" (target "Compile" depends on it):
   3:7>Done building target "BeforeCompile" in project "Jarvis.Core.csproj".
       Target "_TimeStampBeforeCompile" skipped, due to false condition; ('$(RunPostBuildEvent)'=='OnOutputUpdated' or ('$(RegisterForComInterop)'=='true' and '$(OutputType)'=='library')) was evaluated as (''=='OnOutputUpdated' or (''=='true' and 'Library'=='library')).
       Target "ResolveAssemblyReferences" skipped. Previously built successfully.
   3:7>Target "_GenerateCompileDependencyCache" in file "C:\Program Files\dotnet\sdk\8.0.400\Microsoft.Common.CurrentVersion.targets" from project "C:\Users\NoahR\OneDrive\Desktop\Jarvis\src\Jarvis.Core\Jarvis.Core.csproj" (target "Compile" depends on it):
       Task "Hash"
       Done executing task "Hash".
       Task "WriteLinesToFile"
       Done executing task "WriteLinesToFile".
   3:7>Done building target "_GenerateCompileDependencyCache" in project "Jarvis.Core.csproj".
       Target "_ComputeNonExistentFileProperty" skipped, due to false condition; (('$(BuildingInsideVisualStudio)' == 'true') and ('$(BuildingOutOfProcess)' != 'true') and (('$(BuildingProject)' == 'false') or ('$(UseHostCompilerIfAvailable)' == 'true'))) was evaluated as (('' == 'true') and ('' != 'true') and (('true' == 'false') or ('true' == 'true'))).
       Target "ResolveCodeAnalysisRuleSet" skipped, due to false condition; ('$(CodeAnalysisRuleSet)' != '') was evaluated as ('' != '').
       Target "ShimReferencePathsWhenCommonTargetsDoesNotUnderstandReferenceAssemblies" skipped, due to false condition; ('@(ReferencePathWithRefAssemblies)' == '') was evaluated as ('C:\Program Files\dotnet\packs\Microsoft.NETCore.App.Ref\8.0.8\ref\net8.0\Microsoft.CSharp.dll;C:\Program Files\dotnet\packs\Microsoft.NETCore.App.Ref\8.0.8\ref\net8.0\Microsoft.VisualBasic.Core.dll;C:\Program Files\dotnet\packs\Microsoft.NETCore.App.Ref\8.0.8\ref\net8.0\Microsoft.VisualBasic.dll;...' == '').
   3:7>Target "_BeforeVBCSCoreCompile" in file "C:\Program Files\dotnet\sdk\8.0.400\Roslyn\Microsoft.Managed.Core.targets" from project "C:\Users\NoahR\OneDrive\Desktop\Jarvis\src\Jarvis.Core\Jarvis.Core.csproj" (target "CoreCompile" depends on it):
   3:7>Done building target "_BeforeVBCSCoreCompile" in project "Jarvis.Core.csproj".
       Target "AdjustDefaultPlatformTargetForNetFrameworkExeWithNoNativeCopyLocalItems" skipped, due to false condition; ('$(_UsingDefaultPlatformTarget)' == 'true' and
                            '$(_UsingDefaultRuntimeIdentifier)' == 'true') was evaluated as ('true' == 'true' and
                            '' == 'true').
       Target "_DisableDiagnosticTracing" skipped, due to false condition; ('$(DisableDiagnosticTracing)' == 'true') was evaluated as ('' == 'true').
       Target "GenerateTargetPlatformDefineConstants" skipped, due to false condition; ( '$(DisableImplicitFrameworkDefines)' != 'true' and '$(TargetPlatformIdentifier)' != '' and '$(TargetFrameworkIdentifier)' == '.NETCoreApp' and $([MSBuild]::VersionGreaterThanOrEquals($(TargetFrameworkVersion), 5.0)) ) was evaluated as ( '' != 'true' and '' != '' and '.NETCoreApp' == '.NETCoreApp' and True ).
   3:7>Target "GenerateNETCompatibleDefineConstants" in file "C:\Program Files\dotnet\sdk\8.0.400\Sdks\Microsoft.NET.Sdk\targets\Microsoft.NET.Sdk.BeforeCommon.targets" from project "C:\Users\NoahR\OneDrive\Desktop\Jarvis\src\Jarvis.Core\Jarvis.Core.csproj" (target "AddImplicitDefineConstants" depends on it):
   3:7>Done building target "GenerateNETCompatibleDefineConstants" in project "Jarvis.Core.csproj".
       Target "GeneratePlatformCompatibleDefineConstants" skipped, due to false condition; ( '$(DisableImplicitFrameworkDefines)' != 'true' and '$(TargetPlatformIdentifier)' != '' and '$(TargetFrameworkIdentifier)' == '.NETCoreApp' and $([MSBuild]::VersionGreaterThanOrEquals($(TargetFrameworkVersion), 5.0)) ) was evaluated as ( '' != 'true' and '' != '' and '.NETCoreApp' == '.NETCoreApp' and True ).
       Target "_DisableDiagnosticTracing" skipped, due to false condition; ('$(DisableDiagnosticTracing)' == 'true') was evaluated as ('' == 'true').
   3:7>Target "AddImplicitDefineConstants" in file "C:\Program Files\dotnet\sdk\8.0.400\Sdks\Microsoft.NET.Sdk\targets\Microsoft.NET.Sdk.BeforeCommon.targets" from project "C:\Users\NoahR\OneDrive\Desktop\Jarvis\src\Jarvis.Core\Jarvis.Core.csproj" (target "CoreCompile" depends on it):
   3:7>Done building target "AddImplicitDefineConstants" in project "Jarvis.Core.csproj".
       Target "ShimReferencePathsWhenCommonTargetsDoesNotUnderstandReferenceAssemblies" skipped, due to false condition; ('@(ReferencePathWithRefAssemblies)' == '') was evaluated as ('C:\Program Files\dotnet\packs\Microsoft.NETCore.App.Ref\8.0.8\ref\net8.0\Microsoft.CSharp.dll;C:\Program Files\dotnet\packs\Microsoft.NETCore.App.Ref\8.0.8\ref\net8.0\Microsoft.VisualBasic.Core.dll;C:\Program Files\dotnet\packs\Microsoft.NETCore.App.Ref\8.0.8\ref\net8.0\Microsoft.VisualBasic.dll;...' == '').
   3:7>Target "_ComputeSkipAnalyzers" in file "C:\Program Files\dotnet\sdk\8.0.400\Roslyn\Microsoft.Managed.Core.targets" from project "C:\Users\NoahR\OneDrive\Desktop\Jarvis\src\Jarvis.Core\Jarvis.Core.csproj" (target "CoreCompile" depends on it):
       Task "ShowMessageForImplicitlySkipAnalyzers" skipped, due to false condition; ('$(_ImplicitlySkipAnalyzers)' == 'true') was evaluated as ('' == 'true').
   3:7>Done building target "_ComputeSkipAnalyzers" in project "Jarvis.Core.csproj".
       Target "_SetPathMapFromSourceRoots" skipped, due to false condition; ('$(DeterministicSourcePaths)' == 'true') was evaluated as ('' == 'true').
       Target "CreateCompilerGeneratedFilesOutputPath" skipped, due to false condition; ('$(EmitCompilerGeneratedFiles)' == 'true' and !('$(DesignTimeBuild)' == 'true' OR '$(BuildingProject)' != 'true')) was evaluated as ('false' == 'true' and !('' == 'true' OR 'true' != 'true')).
       Target "BeforeCompile" skipped. Previously built successfully.
       Target "InitializeSourceControlInformationFromSourceControlManager" skipped. Previously built successfully.
   3:7>Target "SetEmbeddedFilesFromSourceControlManagerUntrackedFiles" in file "C:\Program Files\dotnet\sdk\8.0.400\Sdks\Microsoft.Build.Tasks.Git\build\Microsoft.Build.Tasks.Git.targets" from project "C:\Users\NoahR\OneDrive\Desktop\Jarvis\src\Jarvis.Core\Jarvis.Core.csproj" (target "_SetEmbeddedFilesFromSourceControlManagerUntrackedFiles" depends on it):
       Task "Microsoft.Build.Tasks.Git.GetUntrackedFiles" skipped, due to false condition; ('$(_GitRepositoryId)' != '') was evaluated as ('' != '').
   3:7>Done building target "SetEmbeddedFilesFromSourceControlManagerUntrackedFiles" in project "Jarvis.Core.csproj".
   3:7>Target "_SetEmbeddedFilesFromSourceControlManagerUntrackedFiles" in file "C:\Program Files\dotnet\sdk\8.0.400\Sdks\Microsoft.SourceLink.Common\build\Microsoft.SourceLink.Common.targets" from project "C:\Users\NoahR\OneDrive\Desktop\Jarvis\src\Jarvis.Core\Jarvis.Core.csproj" (target "CoreCompile" depends on it):
   3:7>Done building target "_SetEmbeddedFilesFromSourceControlManagerUntrackedFiles" in project "Jarvis.Core.csproj".
       Target "InitializeSourceControlInformation" skipped. Previously built successfully.
   3:7>Target "_SetSourceLinkFilePath" in file "C:\Program Files\dotnet\sdk\8.0.400\Sdks\Microsoft.SourceLink.Common\build\Microsoft.SourceLink.Common.targets" from project "C:\Users\NoahR\OneDrive\Desktop\Jarvis\src\Jarvis.Core\Jarvis.Core.csproj" (target "_GenerateSourceLinkFile" depends on it):
   3:7>Done building target "_SetSourceLinkFilePath" in project "Jarvis.Core.csproj".
       Target "InitializeSourceControlInformation" skipped. Previously built successfully.
   3:7>Target "_InitializeSourceRootMappedPathsFromSourceControl" in file "C:\Program Files\dotnet\sdk\8.0.400\Roslyn\Microsoft.Managed.Core.targets" from project "C:\Users\NoahR\OneDrive\Desktop\Jarvis\src\Jarvis.Core\Jarvis.Core.csproj" (target "InitializeSourceRootMappedPaths" depends on it):
   3:7>Done building target "_InitializeSourceRootMappedPathsFromSourceControl" in project "Jarvis.Core.csproj".
   3:7>Target "InitializeSourceRootMappedPaths" in file "C:\Program Files\dotnet\sdk\8.0.400\Roslyn\Microsoft.Managed.Core.targets" from project "C:\Users\NoahR\OneDrive\Desktop\Jarvis\src\Jarvis.Core\Jarvis.Core.csproj" (target "_InitializeSourceRootMappedPathsOpt" depends on it):
       Using "Microsoft.CodeAnalysis.BuildTasks.MapSourceRoots" task from assembly "C:\Program Files\dotnet\sdk\8.0.400\Roslyn\Microsoft.Build.Tasks.CodeAnalysis.dll".
       Task "Microsoft.CodeAnalysis.BuildTasks.MapSourceRoots"
       Done executing task "Microsoft.CodeAnalysis.BuildTasks.MapSourceRoots".
   3:7>Done building target "InitializeSourceRootMappedPaths" in project "Jarvis.Core.csproj".
   3:7>Target "_InitializeSourceRootMappedPathsOpt" in file "C:\Program Files\dotnet\sdk\8.0.400\Sdks\Microsoft.SourceLink.Common\build\Microsoft.SourceLink.Common.targets" from project "C:\Users\NoahR\OneDrive\Desktop\Jarvis\src\Jarvis.Core\Jarvis.Core.csproj" (target "_GenerateSourceLinkFile" depends on it):
   3:7>Done building target "_InitializeSourceRootMappedPathsOpt" in project "Jarvis.Core.csproj".
   3:7>Target "_InitializeGitHubSourceLinkUrl" in file "C:\Program Files\dotnet\sdk\8.0.400\Sdks\Microsoft.SourceLink.GitHub\build\Microsoft.SourceLink.GitHub.targets" from project "C:\Users\NoahR\OneDrive\Desktop\Jarvis\src\Jarvis.Core\Jarvis.Core.csproj" (target "_GenerateSourceLinkFile" depends on it):
       Building target "_InitializeGitHubSourceLinkUrl" completely.
       No input files were specified.
       Using "Microsoft.SourceLink.GitHub.GetSourceLinkUrl" task from assembly "C:\Program Files\dotnet\sdk\8.0.400\Sdks\Microsoft.SourceLink.GitHub\build\..\tools\core\Microsoft.SourceLink.GitHub.dll".
       Task "Microsoft.SourceLink.GitHub.GetSourceLinkUrl"
       Done executing task "Microsoft.SourceLink.GitHub.GetSourceLinkUrl".
   3:7>Done building target "_InitializeGitHubSourceLinkUrl" in project "Jarvis.Core.csproj".
   3:7>Target "_InitializeGitHubSourceLinkUrl" in file "C:\Program Files\dotnet\sdk\8.0.400\Sdks\Microsoft.SourceLink.GitHub\build\Microsoft.SourceLink.GitHub.targets" from project "C:\Users\NoahR\OneDrive\Desktop\Jarvis\src\Jarvis.Core\Jarvis.Core.csproj" (target "_GenerateSourceLinkFile" depends on it):
       Building target "_InitializeGitHubSourceLinkUrl" completely.
       No input files were specified.
       Task "Microsoft.SourceLink.GitHub.GetSourceLinkUrl"
       Done executing task "Microsoft.SourceLink.GitHub.GetSourceLinkUrl".
   3:7>Done building target "_InitializeGitHubSourceLinkUrl" in project "Jarvis.Core.csproj".
   3:7>Target "_InitializeGitLabSourceLinkUrl" in file "C:\Program Files\dotnet\sdk\8.0.400\Sdks\Microsoft.SourceLink.GitLab\build\Microsoft.SourceLink.GitLab.targets" from project "C:\Users\NoahR\OneDrive\Desktop\Jarvis\src\Jarvis.Core\Jarvis.Core.csproj" (target "_GenerateSourceLinkFile" depends on it):
       Building target "_InitializeGitLabSourceLinkUrl" completely.
       No input files were specified.
       Using "Microsoft.SourceLink.GitLab.GetSourceLinkUrl" task from assembly "C:\Program Files\dotnet\sdk\8.0.400\Sdks\Microsoft.SourceLink.GitLab\build\..\tools\core\Microsoft.SourceLink.GitLab.dll".
       Task "Microsoft.SourceLink.GitLab.GetSourceLinkUrl"
       Done executing task "Microsoft.SourceLink.GitLab.GetSourceLinkUrl".
   3:7>Done building target "_InitializeGitLabSourceLinkUrl" in project "Jarvis.Core.csproj".
   3:7>Target "_InitializeGitLabSourceLinkUrl" in file "C:\Program Files\dotnet\sdk\8.0.400\Sdks\Microsoft.SourceLink.GitLab\build\Microsoft.SourceLink.GitLab.targets" from project "C:\Users\NoahR\OneDrive\Desktop\Jarvis\src\Jarvis.Core\Jarvis.Core.csproj" (target "_GenerateSourceLinkFile" depends on it):
       Building target "_InitializeGitLabSourceLinkUrl" completely.
       No input files were specified.
       Task "Microsoft.SourceLink.GitLab.GetSourceLinkUrl"
       Done executing task "Microsoft.SourceLink.GitLab.GetSourceLinkUrl".
   3:7>Done building target "_InitializeGitLabSourceLinkUrl" in project "Jarvis.Core.csproj".
   3:7>Target "_InitializeAzureReposGitSourceLinkUrl" in file "C:\Program Files\dotnet\sdk\8.0.400\Sdks\Microsoft.SourceLink.AzureRepos.Git\build\Microsoft.SourceLink.AzureRepos.Git.targets" from project "C:\Users\NoahR\OneDrive\Desktop\Jarvis\src\Jarvis.Core\Jarvis.Core.csproj" (target "_GenerateSourceLinkFile" depends on it):
       Building target "_InitializeAzureReposGitSourceLinkUrl" completely.
       No input files were specified.
       Using "Microsoft.SourceLink.AzureRepos.Git.GetSourceLinkUrl" task from assembly "C:\Program Files\dotnet\sdk\8.0.400\Sdks\Microsoft.SourceLink.AzureRepos.Git\build\..\tools\core\Microsoft.SourceLink.AzureRepos.Git.dll".
       Task "Microsoft.SourceLink.AzureRepos.Git.GetSourceLinkUrl"
       Done executing task "Microsoft.SourceLink.AzureRepos.Git.GetSourceLinkUrl".
   3:7>Done building target "_InitializeAzureReposGitSourceLinkUrl" in project "Jarvis.Core.csproj".
   3:7>Target "_InitializeAzureReposGitSourceLinkUrl" in file "C:\Program Files\dotnet\sdk\8.0.400\Sdks\Microsoft.SourceLink.AzureRepos.Git\build\Microsoft.SourceLink.AzureRepos.Git.targets" from project "C:\Users\NoahR\OneDrive\Desktop\Jarvis\src\Jarvis.Core\Jarvis.Core.csproj" (target "_GenerateSourceLinkFile" depends on it):
       Building target "_InitializeAzureReposGitSourceLinkUrl" completely.
       No input files were specified.
       Task "Microsoft.SourceLink.AzureRepos.Git.GetSourceLinkUrl"
       Done executing task "Microsoft.SourceLink.AzureRepos.Git.GetSourceLinkUrl".
   3:7>Done building target "_InitializeAzureReposGitSourceLinkUrl" in project "Jarvis.Core.csproj".
   3:7>Target "_InitializeBitbucketGitSourceLinkUrl" in file "C:\Program Files\dotnet\sdk\8.0.400\Sdks\Microsoft.SourceLink.Bitbucket.Git\build\Microsoft.SourceLink.Bitbucket.Git.targets" from project "C:\Users\NoahR\OneDrive\Desktop\Jarvis\src\Jarvis.Core\Jarvis.Core.csproj" (target "_GenerateSourceLinkFile" depends on it):
       Building target "_InitializeBitbucketGitSourceLinkUrl" completely.
       No input files were specified.
       Using "Microsoft.SourceLink.Bitbucket.Git.GetSourceLinkUrl" task from assembly "C:\Program Files\dotnet\sdk\8.0.400\Sdks\Microsoft.SourceLink.Bitbucket.Git\build\..\tools\core\Microsoft.SourceLink.Bitbucket.Git.dll".
       Task "Microsoft.SourceLink.Bitbucket.Git.GetSourceLinkUrl"
       Done executing task "Microsoft.SourceLink.Bitbucket.Git.GetSourceLinkUrl".
   3:7>Done building target "_InitializeBitbucketGitSourceLinkUrl" in project "Jarvis.Core.csproj".
   3:7>Target "_InitializeBitbucketGitSourceLinkUrl" in file "C:\Program Files\dotnet\sdk\8.0.400\Sdks\Microsoft.SourceLink.Bitbucket.Git\build\Microsoft.SourceLink.Bitbucket.Git.targets" from project "C:\Users\NoahR\OneDrive\Desktop\Jarvis\src\Jarvis.Core\Jarvis.Core.csproj" (target "_GenerateSourceLinkFile" depends on it):
       Building target "_InitializeBitbucketGitSourceLinkUrl" completely.
       No input files were specified.
       Task "Microsoft.SourceLink.Bitbucket.Git.GetSourceLinkUrl"
       Done executing task "Microsoft.SourceLink.Bitbucket.Git.GetSourceLinkUrl".
   3:7>Done building target "_InitializeBitbucketGitSourceLinkUrl" in project "Jarvis.Core.csproj".
   3:7>Target "_GenerateSourceLinkFile" in file "C:\Program Files\dotnet\sdk\8.0.400\Sdks\Microsoft.SourceLink.Common\build\Microsoft.SourceLink.Common.targets" from project "C:\Users\NoahR\OneDrive\Desktop\Jarvis\src\Jarvis.Core\Jarvis.Core.csproj" (target "GenerateSourceLinkFile" depends on it):
       Building target "_GenerateSourceLinkFile" completely.
       No input files were specified.
       Using "Microsoft.SourceLink.Common.GenerateSourceLinkFile" task from assembly "C:\Program Files\dotnet\sdk\8.0.400\Sdks\Microsoft.SourceLink.Common\build\..\tools\core\Microsoft.SourceLink.Common.dll".
       Task "Microsoft.SourceLink.Common.GenerateSourceLinkFile"
         Source Link is empty, file 'obj\Debug\net8.0\Jarvis.Core.sourcelink.json' does not exist.
       Done executing task "Microsoft.SourceLink.Common.GenerateSourceLinkFile".
   3:7>Done building target "_GenerateSourceLinkFile" in project "Jarvis.Core.csproj".
   3:7>Target "GenerateSourceLinkFile" in file "C:\Program Files\dotnet\sdk\8.0.400\Sdks\Microsoft.SourceLink.Common\build\Microsoft.SourceLink.Common.targets" from project "C:\Users\NoahR\OneDrive\Desktop\Jarvis\src\Jarvis.Core\Jarvis.Core.csproj" (target "CoreCompile" depends on it):
   3:7>Done building target "GenerateSourceLinkFile" in project "Jarvis.Core.csproj".
   3:7>Target "AddGlobalAnalyzerConfigForPackage_MicrosoftCodeAnalysisNetAnalyzers" in file "C:\Program Files\dotnet\sdk\8.0.400\Sdks\Microsoft.NET.Sdk\analyzers\build\Microsoft.CodeAnalysis.NetAnalyzers.targets" from project "C:\Users\NoahR\OneDrive\Desktop\Jarvis\src\Jarvis.Core\Jarvis.Core.csproj" (target "CoreCompile" depends on it):
   3:7>Done building target "AddGlobalAnalyzerConfigForPackage_MicrosoftCodeAnalysisNetAnalyzers" in project "Jarvis.Core.csproj".
       Target "AddGlobalAnalyzerConfigForPackage_MicrosoftCodeAnalysisNetAnalyzersDesign" skipped, due to false condition; ('$(SkipGlobalAnalyzerConfigForPackage)' != 'true' and ('$(AnalysisLevelDesign)' != '' or '$(AnalysisModeDesign)' != '')) was evaluated as ('' != 'true' and ('' != '' or '' != '')).
       Target "AddGlobalAnalyzerConfigForPackage_MicrosoftCodeAnalysisNetAnalyzersDocumentation" skipped, due to false condition; ('$(SkipGlobalAnalyzerConfigForPackage)' != 'true' and ('$(AnalysisLevelDocumentation)' != '' or '$(AnalysisModeDocumentation)' != '')) was evaluated as ('' != 'true' and ('' != '' or '' != '')).
       Target "AddGlobalAnalyzerConfigForPackage_MicrosoftCodeAnalysisNetAnalyzersGlobalization" skipped, due to false condition; ('$(SkipGlobalAnalyzerConfigForPackage)' != 'true' and ('$(AnalysisLevelGlobalization)' != '' or '$(AnalysisModeGlobalization)' != '')) was evaluated as ('' != 'true' and ('' != '' or '' != '')).
       Target "AddGlobalAnalyzerConfigForPackage_MicrosoftCodeAnalysisNetAnalyzersInteroperability" skipped, due to false condition; ('$(SkipGlobalAnalyzerConfigForPackage)' != 'true' and ('$(AnalysisLevelInteroperability)' != '' or '$(AnalysisModeInteroperability)' != '')) was evaluated as ('' != 'true' and ('' != '' or '' != '')).
       Target "AddGlobalAnalyzerConfigForPackage_MicrosoftCodeAnalysisNetAnalyzersMaintainability" skipped, due to false condition; ('$(SkipGlobalAnalyzerConfigForPackage)' != 'true' and ('$(AnalysisLevelMaintainability)' != '' or '$(AnalysisModeMaintainability)' != '')) was evaluated as ('' != 'true' and ('' != '' or '' != '')).
       Target "AddGlobalAnalyzerConfigForPackage_MicrosoftCodeAnalysisNetAnalyzersNaming" skipped, due to false condition; ('$(SkipGlobalAnalyzerConfigForPackage)' != 'true' and ('$(AnalysisLevelNaming)' != '' or '$(AnalysisModeNaming)' != '')) was evaluated as ('' != 'true' and ('' != '' or '' != '')).
       Target "AddGlobalAnalyzerConfigForPackage_MicrosoftCodeAnalysisNetAnalyzersPerformance" skipped, due to false condition; ('$(SkipGlobalAnalyzerConfigForPackage)' != 'true' and ('$(AnalysisLevelPerformance)' != '' or '$(AnalysisModePerformance)' != '')) was evaluated as ('' != 'true' and ('' != '' or '' != '')).
       Target "AddGlobalAnalyzerConfigForPackage_MicrosoftCodeAnalysisNetAnalyzersReliability" skipped, due to false condition; ('$(SkipGlobalAnalyzerConfigForPackage)' != 'true' and ('$(AnalysisLevelReliability)' != '' or '$(AnalysisModeReliability)' != '')) was evaluated as ('' != 'true' and ('' != '' or '' != '')).
       Target "AddGlobalAnalyzerConfigForPackage_MicrosoftCodeAnalysisNetAnalyzersSecurity" skipped, due to false condition; ('$(SkipGlobalAnalyzerConfigForPackage)' != 'true' and ('$(AnalysisLevelSecurity)' != '' or '$(AnalysisModeSecurity)' != '')) was evaluated as ('' != 'true' and ('' != '' or '' != '')).
       Target "AddGlobalAnalyzerConfigForPackage_MicrosoftCodeAnalysisNetAnalyzersUsage" skipped, due to false condition; ('$(SkipGlobalAnalyzerConfigForPackage)' != 'true' and ('$(AnalysisLevelUsage)' != '' or '$(AnalysisModeUsage)' != '')) was evaluated as ('' != 'true' and ('' != '' or '' != '')).
       Target "_CodeAnalysisTreatWarningsAsErrors" skipped, due to false condition; ('$(DesignTimeBuild)' == 'true' OR '$(BuildingProject)' != 'true') was evaluated as ('' == 'true' OR 'true' != 'true').
   3:7>Target "_ReportUpgradeNetAnalyzersNuGetWarning" in file "C:\Program Files\dotnet\sdk\8.0.400\Sdks\Microsoft.NET.Sdk\analyzers\build\Microsoft.CodeAnalysis.NetAnalyzers.targets" from project "C:\Users\NoahR\OneDrive\Desktop\Jarvis\src\Jarvis.Core\Jarvis.Core.csproj" (target "CoreCompile" depends on it):
       Task "Warning" skipped, due to false condition; ('$(_NETAnalyzersNuGetAssemblyVersion)' != '' AND
                                '$(_NETAnalyzersSDKAssemblyVersion)' != '' AND
                                 $(_NETAnalyzersNuGetAssemblyVersion) < $(_NETAnalyzersSDKAssemblyVersion)) was evaluated as ('' != '' AND
                                '8.0.0' != '' AND
                                  < 8.0.0).
   3:7>Done building target "_ReportUpgradeNetAnalyzersNuGetWarning" in project "Jarvis.Core.csproj".
   3:7>Target "CoreCompile" in file "C:\Program Files\dotnet\sdk\8.0.400\Roslyn\Microsoft.CSharp.Core.targets" from project "C:\Users\NoahR\OneDrive\Desktop\Jarvis\src\Jarvis.Core\Jarvis.Core.csproj" (target "Compile" depends on it):
       Building target "CoreCompile" completely.
       Output file "obj\Debug\net8.0\Jarvis.Core.dll" does not exist.
       Using "Csc" task from assembly "C:\Program Files\dotnet\sdk\8.0.400\Roslyn\Microsoft.Build.Tasks.CodeAnalysis.dll".
       Task "Csc"
         C:\Program Files\dotnet\dotnet.exe exec "C:\Program Files\dotnet\sdk\8.0.400\Roslyn\bincore\csc.dll" /noconfig /unsafe- /checked- /nowarn:1701,1702,1701,1702 /fullpaths /nostdlib+ /errorreport:prompt /warn:8 /define:TRACE;DEBUG;NET;NET8_0;NETCOREAPP;NET5_0_OR_GREATER;NET6_0_OR_GREATER;NET7_0_OR_GREATER;NET8_0_OR_GREATER;NETCOREAPP1_0_OR_GREATER;NETCOREAPP1_1_OR_GREATER;NETCOREAPP2_0_OR_GREATER;NETCOREAPP2_1_OR_GREATER;NETCOREAPP2_2_OR_GREATER;NETCOREAPP3_0_OR_GREATER;NETCOREAPP3_1_OR_GREATER /highentropyva+ /nullable:enable /reference:"C:\Program Files\dotnet\packs\Microsoft.NETCore.App.Ref\8.0.8\ref\net8.0\Microsoft.CSharp.dll" /reference:"C:\Program Files\dotnet\packs\Microsoft.NETCore.App.Ref\8.0.8\ref\net8.0\Microsoft.VisualBasic.Core.dll" /reference:"C:\Program Files\dotnet\packs\Microsoft.NETCore.App.Ref\8.0.8\ref\net8.0\Microsoft.VisualBasic.dll" /reference:"C:\Program Files\dotnet\packs\Microsoft.NETCore.App.Ref\8.0.8\ref\net8.0\Microsoft.Win32.Primitives.dll" /reference:"C:\Program Files\dotnet\packs\Microsoft.NETCore.App.Ref\8.0.8\ref\net8.0\Microsoft.Win32.Registry.dll" /reference:"C:\Program Files\dotnet\packs\Microsoft.NETCore.App.Ref\8.0.8\ref\net8.0\mscorlib.dll" /reference:"C:\Program Files\dotnet\packs\Microsoft.NETCore.App.Ref\8.0.8\ref\net8.0\netstandard.dll" /reference:"C:\Program Files\dotnet\packs\Microsoft.NETCore.App.Ref\8.0.8\ref\net8.0\System.AppContext.dll" /reference:"C:\Program Files\dotnet\packs\Microsoft.NETCore.App.Ref\8.0.8\ref\net8.0\System.Buffers.dll" /reference:"C:\Program Files\dotnet\packs\Microsoft.NETCore.App.Ref\8.0.8\ref\net8.0\System.Collections.Concurrent.dll" /reference:"C:\Program Files\dotnet\packs\Microsoft.NETCore.App.Ref\8.0.8\ref\net8.0\System.Collections.dll" /reference:"C:\Program Files\dotnet\packs\Microsoft.NETCore.App.Ref\8.0.8\ref\net8.0\System.Collections.Immutable.dll" /reference:"C:\Program Files\dotnet\packs\Microsoft.NETCore.App.Ref\8.0.8\ref\net8.0\System.Collections.NonGeneric.dll" /reference:"C:\Program Files\dotnet\packs\Microsoft.NETCore.App.Ref\8.0.8\ref\net8.0\System.Collections.Specialized.dll" /reference:"C:\Program Files\dotnet\packs\Microsoft.NETCore.App.Ref\8.0.8\ref\net8.0\System.ComponentModel.Annotations.dll" /reference:"C:\Program Files\dotnet\packs\Microsoft.NETCore.App.Ref\8.0.8\ref\net8.0\System.ComponentModel.DataAnnotations.dll" /reference:"C:\Program Files\dotnet\packs\Microsoft.NETCore.App.Ref\8.0.8\ref\net8.0\System.ComponentModel.dll" /reference:"C:\Program Files\dotnet\packs\Microsoft.NETCore.App.Ref\8.0.8\ref\net8.0\System.ComponentModel.EventBasedAsync.dll" /reference:"C:\Program Files\dotnet\packs\Microsoft.NETCore.App.Ref\8.0.8\ref\net8.0\System.ComponentModel.Primitives.dll" /reference:"C:\Program Files\dotnet\packs\Microsoft.NETCore.App.Ref\8.0.8\ref\net8.0\System.ComponentModel.TypeConverter.dll" /reference:"C:\Program Files\dotnet\packs\Microsoft.NETCore.App.Ref\8.0.8\ref\net8.0\System.Configuration.dll" /reference:"C:\Program Files\dotnet\packs\Microsoft.NETCore.App.Ref\8.0.8\ref\net8.0\System.Console.dll" /reference:"C:\Program Files\dotnet\packs\Microsoft.NETCore.App.Ref\8.0.8\ref\net8.0\System.Core.dll" /reference:"C:\Program Files\dotnet\packs\Microsoft.NETCore.App.Ref\8.0.8\ref\net8.0\System.Data.Common.dll" /reference:"C:\Program Files\dotnet\packs\Microsoft.NETCore.App.Ref\8.0.8\ref\net8.0\System.Data.DataSetExtensions.dll" /reference:"C:\Program Files\dotnet\packs\Microsoft.NETCore.App.Ref\8.0.8\ref\net8.0\System.Data.dll" /reference:"C:\Program Files\dotnet\packs\Microsoft.NETCore.App.Ref\8.0.8\ref\net8.0\System.Diagnostics.Contracts.dll" /reference:"C:\Program Files\dotnet\packs\Microsoft.NETCore.App.Ref\8.0.8\ref\net8.0\System.Diagnostics.Debug.dll" /reference:"C:\Program Files\dotnet\packs\Microsoft.NETCore.App.Ref\8.0.8\ref\net8.0\System.Diagnostics.DiagnosticSource.dll" /reference:"C:\Program Files\dotnet\packs\Microsoft.NETCore.App.Ref\8.0.8\ref\net8.0\System.Diagnostics.FileVersionInfo.dll" /reference:"C:\Program Files\dotnet\packs\Microsoft.NETCore.App.Ref\8.0.8\ref\net8.0\System.Diagnostics.Process.dll" /reference:"C:\Program Files\dotnet\packs\Microsoft.NETCore.App.Ref\8.0.8\ref\net8.0\System.Diagnostics.StackTrace.dll" /reference:"C:\Program Files\dotnet\packs\Microsoft.NETCore.App.Ref\8.0.8\ref\net8.0\System.Diagnostics.TextWriterTraceListener.dll" /reference:"C:\Program Files\dotnet\packs\Microsoft.NETCore.App.Ref\8.0.8\ref\net8.0\System.Diagnostics.Tools.dll" /reference:"C:\Program Files\dotnet\packs\Microsoft.NETCore.App.Ref\8.0.8\ref\net8.0\System.Diagnostics.TraceSource.dll" /reference:"C:\Program Files\dotnet\packs\Microsoft.NETCore.App.Ref\8.0.8\ref\net8.0\System.Diagnostics.Tracing.dll" /reference:"C:\Program Files\dotnet\packs\Microsoft.NETCore.App.Ref\8.0.8\ref\net8.0\System.dll" /reference:"C:\Program Files\dotnet\packs\Microsoft.NETCore.App.Ref\8.0.8\ref\net8.0\System.Drawing.dll" /reference:"C:\Program Files\dotnet\packs\Microsoft.NETCore.App.Ref\8.0.8\ref\net8.0\System.Drawing.Primitives.dll" /reference:"C:\Program Files\dotnet\packs\Microsoft.NETCore.App.Ref\8.0.8\ref\net8.0\System.Dynamic.Runtime.dll" /reference:"C:\Program Files\dotnet\packs\Microsoft.NETCore.App.Ref\8.0.8\ref\net8.0\System.Formats.Asn1.dll" /reference:"C:\Program Files\dotnet\packs\Microsoft.NETCore.App.Ref\8.0.8\ref\net8.0\System.Formats.Tar.dll" /reference:"C:\Program Files\dotnet\packs\Microsoft.NETCore.App.Ref\8.0.8\ref\net8.0\System.Globalization.Calendars.dll" /reference:"C:\Program Files\dotnet\packs\Microsoft.NETCore.App.Ref\8.0.8\ref\net8.0\System.Globalization.dll" /reference:"C:\Program Files\dotnet\packs\Microsoft.NETCore.App.Ref\8.0.8\ref\net8.0\System.Globalization.Extensions.dll" /reference:"C:\Program Files\dotnet\packs\Microsoft.NETCore.App.Ref\8.0.8\ref\net8.0\System.IO.Compression.Brotli.dll" /reference:"C:\Program Files\dotnet\packs\Microsoft.NETCore.App.Ref\8.0.8\ref\net8.0\System.IO.Compression.dll" /reference:"C:\Program Files\dotnet\packs\Microsoft.NETCore.App.Ref\8.0.8\ref\net8.0\System.IO.Compression.FileSystem.dll" /reference:"C:\Program Files\dotnet\packs\Microsoft.NETCore.App.Ref\8.0.8\ref\net8.0\System.IO.Compression.ZipFile.dll" /reference:"C:\Program Files\dotnet\packs\Microsoft.NETCore.App.Ref\8.0.8\ref\net8.0\System.IO.dll" /reference:"C:\Program Files\dotnet\packs\Microsoft.NETCore.App.Ref\8.0.8\ref\net8.0\System.IO.FileSystem.AccessControl.dll" /reference:"C:\Program Files\dotnet\packs\Microsoft.NETCore.App.Ref\8.0.8\ref\net8.0\System.IO.FileSystem.dll" /reference:"C:\Program Files\dotnet\packs\Microsoft.NETCore.App.Ref\8.0.8\ref\net8.0\System.IO.FileSystem.DriveInfo.dll" /reference:"C:\Program Files\dotnet\packs\Microsoft.NETCore.App.Ref\8.0.8\ref\net8.0\System.IO.FileSystem.Primitives.dll" /reference:"C:\Program Files\dotnet\packs\Microsoft.NETCore.App.Ref\8.0.8\ref\net8.0\System.IO.FileSystem.Watcher.dll" /reference:"C:\Program Files\dotnet\packs\Microsoft.NETCore.App.Ref\8.0.8\ref\net8.0\System.IO.IsolatedStorage.dll" /reference:"C:\Program Files\dotnet\packs\Microsoft.NETCore.App.Ref\8.0.8\ref\net8.0\System.IO.MemoryMappedFiles.dll" /reference:"C:\Program Files\dotnet\packs\Microsoft.NETCore.App.Ref\8.0.8\ref\net8.0\System.IO.Pipes.AccessControl.dll" /reference:"C:\Program Files\dotnet\packs\Microsoft.NETCore.App.Ref\8.0.8\ref\net8.0\System.IO.Pipes.dll" /reference:"C:\Program Files\dotnet\packs\Microsoft.NETCore.App.Ref\8.0.8\ref\net8.0\System.IO.UnmanagedMemoryStream.dll" /reference:"C:\Program Files\dotnet\packs\Microsoft.NETCore.App.Ref\8.0.8\ref\net8.0\System.Linq.dll" /reference:"C:\Program Files\dotnet\packs\Microsoft.NETCore.App.Ref\8.0.8\ref\net8.0\System.Linq.Expressions.dll" /reference:"C:\Program Files\dotnet\packs\Microsoft.NETCore.App.Ref\8.0.8\ref\net8.0\System.Linq.Parallel.dll" /reference:"C:\Program Files\dotnet\packs\Microsoft.NETCore.App.Ref\8.0.8\ref\net8.0\System.Linq.Queryable.dll" /reference:"C:\Program Files\dotnet\packs\Microsoft.NETCore.App.Ref\8.0.8\ref\net8.0\System.Memory.dll" /reference:"C:\Program Files\dotnet\packs\Microsoft.NETCore.App.Ref\8.0.8\ref\net8.0\System.Net.dll" /reference:"C:\Program Files\dotnet\packs\Microsoft.NETCore.App.Ref\8.0.8\ref\net8.0\System.Net.Http.dll" /reference:"C:\Program Files\dotnet\packs\Microsoft.NETCore.App.Ref\8.0.8\ref\net8.0\System.Net.Http.Json.dll" /reference:"C:\Program Files\dotnet\packs\Microsoft.NETCore.App.Ref\8.0.8\ref\net8.0\System.Net.HttpListener.dll" /reference:"C:\Program Files\dotnet\packs\Microsoft.NETCore.App.Ref\8.0.8\ref\net8.0\System.Net.Mail.dll" /reference:"C:\Program Files\dotnet\packs\Microsoft.NETCore.App.Ref\8.0.8\ref\net8.0\System.Net.NameResolution.dll" /reference:"C:\Program Files\dotnet\packs\Microsoft.NETCore.App.Ref\8.0.8\ref\net8.0\System.Net.NetworkInformation.dll" /reference:"C:\Program Files\dotnet\packs\Microsoft.NETCore.App.Ref\8.0.8\ref\net8.0\System.Net.Ping.dll" /reference:"C:\Program Files\dotnet\packs\Microsoft.NETCore.App.Ref\8.0.8\ref\net8.0\System.Net.Primitives.dll" /reference:"C:\Program Files\dotnet\packs\Microsoft.NETCore.App.Ref\8.0.8\ref\net8.0\System.Net.Quic.dll" /reference:"C:\Program Files\dotnet\packs\Microsoft.NETCore.App.Ref\8.0.8\ref\net8.0\System.Net.Requests.dll" /reference:"C:\Program Files\dotnet\packs\Microsoft.NETCore.App.Ref\8.0.8\ref\net8.0\System.Net.Security.dll" /reference:"C:\Program Files\dotnet\packs\Microsoft.NETCore.App.Ref\8.0.8\ref\net8.0\System.Net.ServicePoint.dll" /reference:"C:\Program Files\dotnet\packs\Microsoft.NETCore.App.Ref\8.0.8\ref\net8.0\System.Net.Sockets.dll" /reference:"C:\Program Files\dotnet\packs\Microsoft.NETCore.App.Ref\8.0.8\ref\net8.0\System.Net.WebClient.dll" /reference:"C:\Program Files\dotnet\packs\Microsoft.NETCore.App.Ref\8.0.8\ref\net8.0\System.Net.WebHeaderCollection.dll" /reference:"C:\Program Files\dotnet\packs\Microsoft.NETCore.App.Ref\8.0.8\ref\net8.0\System.Net.WebProxy.dll" /reference:"C:\Program Files\dotnet\packs\Microsoft.NETCore.App.Ref\8.0.8\ref\net8.0\System.Net.WebSockets.Client.dll" /reference:"C:\Program Files\dotnet\packs\Microsoft.NETCore.App.Ref\8.0.8\ref\net8.0\System.Net.WebSockets.dll" /reference:"C:\Program Files\dotnet\packs\Microsoft.NETCore.App.Ref\8.0.8\ref\net8.0\System.Numerics.dll" /reference:"C:\Program Files\dotnet\packs\Microsoft.NETCore.App.Ref\8.0.8\ref\net8.0\System.Numerics.Vectors.dll" /reference:"C:\Program Files\dotnet\packs\Microsoft.NETCore.App.Ref\8.0.8\ref\net8.0\System.ObjectModel.dll" /reference:"C:\Program Files\dotnet\packs\Microsoft.NETCore.App.Ref\8.0.8\ref\net8.0\System.Reflection.DispatchProxy.dll" /reference:"C:\Program Files\dotnet\packs\Microsoft.NETCore.App.Ref\8.0.8\ref\net8.0\System.Reflection.dll" /reference:"C:\Program Files\dotnet\packs\Microsoft.NETCore.App.Ref\8.0.8\ref\net8.0\System.Reflection.Emit.dll" /reference:"C:\Program Files\dotnet\packs\Microsoft.NETCore.App.Ref\8.0.8\ref\net8.0\System.Reflection.Emit.ILGeneration.dll" /reference:"C:\Program Files\dotnet\packs\Microsoft.NETCore.App.Ref\8.0.8\ref\net8.0\System.Reflection.Emit.Lightweight.dll" /reference:"C:\Program Files\dotnet\packs\Microsoft.NETCore.App.Ref\8.0.8\ref\net8.0\System.Reflection.Extensions.dll" /reference:"C:\Program Files\dotnet\packs\Microsoft.NETCore.App.Ref\8.0.8\ref\net8.0\System.Reflection.Metadata.dll" /reference:"C:\Program Files\dotnet\packs\Microsoft.NETCore.App.Ref\8.0.8\ref\net8.0\System.Reflection.Primitives.dll" /reference:"C:\Program Files\dotnet\packs\Microsoft.NETCore.App.Ref\8.0.8\ref\net8.0\System.Reflection.TypeExtensions.dll" /reference:"C:\Program Files\dotnet\packs\Microsoft.NETCore.App.Ref\8.0.8\ref\net8.0\System.Resources.Reader.dll" /reference:"C:\Program Files\dotnet\packs\Microsoft.NETCore.App.Ref\8.0.8\ref\net8.0\System.Resources.ResourceManager.dll" /reference:"C:\Program Files\dotnet\packs\Microsoft.NETCore.App.Ref\8.0.8\ref\net8.0\System.Resources.Writer.dll" /reference:"C:\Program Files\dotnet\packs\Microsoft.NETCore.App.Ref\8.0.8\ref\net8.0\System.Runtime.CompilerServices.Unsafe.dll" /reference:"C:\Program Files\dotnet\packs\Microsoft.NETCore.App.Ref\8.0.8\ref\net8.0\System.Runtime.CompilerServices.VisualC.dll" /reference:"C:\Program Files\dotnet\packs\Microsoft.NETCore.App.Ref\8.0.8\ref\net8.0\System.Runtime.dll" /reference:"C:\Program Files\dotnet\packs\Microsoft.NETCore.App.Ref\8.0.8\ref\net8.0\System.Runtime.Extensions.dll" /reference:"C:\Program Files\dotnet\packs\Microsoft.NETCore.App.Ref\8.0.8\ref\net8.0\System.Runtime.Handles.dll" /reference:"C:\Program Files\dotnet\packs\Microsoft.NETCore.App.Ref\8.0.8\ref\net8.0\System.Runtime.InteropServices.dll" /reference:"C:\Program Files\dotnet\packs\Microsoft.NETCore.App.Ref\8.0.8\ref\net8.0\System.Runtime.InteropServices.JavaScript.dll" /reference:"C:\Program Files\dotnet\packs\Microsoft.NETCore.App.Ref\8.0.8\ref\net8.0\System.Runtime.InteropServices.RuntimeInformation.dll" /reference:"C:\Program Files\dotnet\packs\Microsoft.NETCore.App.Ref\8.0.8\ref\net8.0\System.Runtime.Intrinsics.dll" /reference:"C:\Program Files\dotnet\packs\Microsoft.NETCore.App.Ref\8.0.8\ref\net8.0\System.Runtime.Loader.dll" /reference:"C:\Program Files\dotnet\packs\Microsoft.NETCore.App.Ref\8.0.8\ref\net8.0\System.Runtime.Numerics.dll" /reference:"C:\Program Files\dotnet\packs\Microsoft.NETCore.App.Ref\8.0.8\ref\net8.0\System.Runtime.Serialization.dll" /reference:"C:\Program Files\dotnet\packs\Microsoft.NETCore.App.Ref\8.0.8\ref\net8.0\System.Runtime.Serialization.Formatters.dll" /reference:"C:\Program Files\dotnet\packs\Microsoft.NETCore.App.Ref\8.0.8\ref\net8.0\System.Runtime.Serialization.Json.dll" /reference:"C:\Program Files\dotnet\packs\Microsoft.NETCore.App.Ref\8.0.8\ref\net8.0\System.Runtime.Serialization.Primitives.dll" /reference:"C:\Program Files\dotnet\packs\Microsoft.NETCore.App.Ref\8.0.8\ref\net8.0\System.Runtime.Serialization.Xml.dll" /reference:"C:\Program Files\dotnet\packs\Microsoft.NETCore.App.Ref\8.0.8\ref\net8.0\System.Security.AccessControl.dll" /reference:"C:\Program Files\dotnet\packs\Microsoft.NETCore.App.Ref\8.0.8\ref\net8.0\System.Security.Claims.dll" /reference:"C:\Program Files\dotnet\packs\Microsoft.NETCore.App.Ref\8.0.8\ref\net8.0\System.Security.Cryptography.Algorithms.dll" /reference:"C:\Program Files\dotnet\packs\Microsoft.NETCore.App.Ref\8.0.8\ref\net8.0\System.Security.Cryptography.Cng.dll" /reference:"C:\Program Files\dotnet\packs\Microsoft.NETCore.App.Ref\8.0.8\ref\net8.0\System.Security.Cryptography.Csp.dll" /reference:"C:\Program Files\dotnet\packs\Microsoft.NETCore.App.Ref\8.0.8\ref\net8.0\System.Security.Cryptography.dll" /reference:"C:\Program Files\dotnet\packs\Microsoft.NETCore.App.Ref\8.0.8\ref\net8.0\System.Security.Cryptography.Encoding.dll" /reference:"C:\Program Files\dotnet\packs\Microsoft.NETCore.App.Ref\8.0.8\ref\net8.0\System.Security.Cryptography.OpenSsl.dll" /reference:"C:\Program Files\dotnet\packs\Microsoft.NETCore.App.Ref\8.0.8\ref\net8.0\System.Security.Cryptography.Primitives.dll" /reference:"C:\Program Files\dotnet\packs\Microsoft.NETCore.App.Ref\8.0.8\ref\net8.0\System.Security.Cryptography.X509Certificates.dll" /reference:"C:\Program Files\dotnet\packs\Microsoft.NETCore.App.Ref\8.0.8\ref\net8.0\System.Security.dll" /reference:"C:\Program Files\dotnet\packs\Microsoft.NETCore.App.Ref\8.0.8\ref\net8.0\System.Security.Principal.dll" /reference:"C:\Program Files\dotnet\packs\Microsoft.NETCore.App.Ref\8.0.8\ref\net8.0\System.Security.Principal.Windows.dll" /reference:"C:\Program Files\dotnet\packs\Microsoft.NETCore.App.Ref\8.0.8\ref\net8.0\System.Security.SecureString.dll" /reference:"C:\Program Files\dotnet\packs\Microsoft.NETCore.App.Ref\8.0.8\ref\net8.0\System.ServiceModel.Web.dll" /reference:"C:\Program Files\dotnet\packs\Microsoft.NETCore.App.Ref\8.0.8\ref\net8.0\System.ServiceProcess.dll" /reference:"C:\Program Files\dotnet\packs\Microsoft.NETCore.App.Ref\8.0.8\ref\net8.0\System.Text.Encoding.CodePages.dll" /reference:"C:\Program Files\dotnet\packs\Microsoft.NETCore.App.Ref\8.0.8\ref\net8.0\System.Text.Encoding.dll" /reference:"C:\Program Files\dotnet\packs\Microsoft.NETCore.App.Ref\8.0.8\ref\net8.0\System.Text.Encoding.Extensions.dll" /reference:"C:\Program Files\dotnet\packs\Microsoft.NETCore.App.Ref\8.0.8\ref\net8.0\System.Text.Encodings.Web.dll" /reference:"C:\Program Files\dotnet\packs\Microsoft.NETCore.App.Ref\8.0.8\ref\net8.0\System.Text.Json.dll" /reference:"C:\Program Files\dotnet\packs\Microsoft.NETCore.App.Ref\8.0.8\ref\net8.0\System.Text.RegularExpressions.dll" /reference:"C:\Program Files\dotnet\packs\Microsoft.NETCore.App.Ref\8.0.8\ref\net8.0\System.Threading.Channels.dll" /reference:"C:\Program Files\dotnet\packs\Microsoft.NETCore.App.Ref\8.0.8\ref\net8.0\System.Threading.dll" /reference:"C:\Program Files\dotnet\packs\Microsoft.NETCore.App.Ref\8.0.8\ref\net8.0\System.Threading.Overlapped.dll" /reference:"C:\Program Files\dotnet\packs\Microsoft.NETCore.App.Ref\8.0.8\ref\net8.0\System.Threading.Tasks.Dataflow.dll" /reference:"C:\Program Files\dotnet\packs\Microsoft.NETCore.App.Ref\8.0.8\ref\net8.0\System.Threading.Tasks.dll" /reference:"C:\Program Files\dotnet\packs\Microsoft.NETCore.App.Ref\8.0.8\ref\net8.0\System.Threading.Tasks.Extensions.dll" /reference:"C:\Program Files\dotnet\packs\Microsoft.NETCore.App.Ref\8.0.8\ref\net8.0\System.Threading.Tasks.Parallel.dll" /reference:"C:\Program Files\dotnet\packs\Microsoft.NETCore.App.Ref\8.0.8\ref\net8.0\System.Threading.Thread.dll" /reference:"C:\Program Files\dotnet\packs\Microsoft.NETCore.App.Ref\8.0.8\ref\net8.0\System.Threading.ThreadPool.dll" /reference:"C:\Program Files\dotnet\packs\Microsoft.NETCore.App.Ref\8.0.8\ref\net8.0\System.Threading.Timer.dll" /reference:"C:\Program Files\dotnet\packs\Microsoft.NETCore.App.Ref\8.0.8\ref\net8.0\System.Transactions.dll" /reference:"C:\Program Files\dotnet\packs\Microsoft.NETCore.App.Ref\8.0.8\ref\net8.0\System.Transactions.Local.dll" /reference:"C:\Program Files\dotnet\packs\Microsoft.NETCore.App.Ref\8.0.8\ref\net8.0\System.ValueTuple.dll" /reference:"C:\Program Files\dotnet\packs\Microsoft.NETCore.App.Ref\8.0.8\ref\net8.0\System.Web.dll" /reference:"C:\Program Files\dotnet\packs\Microsoft.NETCore.App.Ref\8.0.8\ref\net8.0\System.Web.HttpUtility.dll" /reference:"C:\Program Files\dotnet\packs\Microsoft.NETCore.App.Ref\8.0.8\ref\net8.0\System.Windows.dll" /reference:"C:\Program Files\dotnet\packs\Microsoft.NETCore.App.Ref\8.0.8\ref\net8.0\System.Xml.dll" /reference:"C:\Program Files\dotnet\packs\Microsoft.NETCore.App.Ref\8.0.8\ref\net8.0\System.Xml.Linq.dll" /reference:"C:\Program Files\dotnet\packs\Microsoft.NETCore.App.Ref\8.0.8\ref\net8.0\System.Xml.ReaderWriter.dll" /reference:"C:\Program Files\dotnet\packs\Microsoft.NETCore.App.Ref\8.0.8\ref\net8.0\System.Xml.Serialization.dll" /reference:"C:\Program Files\dotnet\packs\Microsoft.NETCore.App.Ref\8.0.8\ref\net8.0\System.Xml.XDocument.dll" /reference:"C:\Program Files\dotnet\packs\Microsoft.NETCore.App.Ref\8.0.8\ref\net8.0\System.Xml.XmlDocument.dll" /reference:"C:\Program Files\dotnet\packs\Microsoft.NETCore.App.Ref\8.0.8\ref\net8.0\System.Xml.XmlSerializer.dll" /reference:"C:\Program Files\dotnet\packs\Microsoft.NETCore.App.Ref\8.0.8\ref\net8.0\System.Xml.XPath.dll" /reference:"C:\Program Files\dotnet\packs\Microsoft.NETCore.App.Ref\8.0.8\ref\net8.0\System.Xml.XPath.XDocument.dll" /reference:"C:\Program Files\dotnet\packs\Microsoft.NETCore.App.Ref\8.0.8\ref\net8.0\WindowsBase.dll" /debug+ /debug:portable /filealign:512 /optimize- /out:obj\Debug\net8.0\Jarvis.Core.dll /refout:obj\Debug\net8.0\refint\Jarvis.Core.dll /target:library /warnaserror- /utf8output /deterministic+ /langversion:12.0 /analyzerconfig:obj\Debug\net8.0\Jarvis.Core.GeneratedMSBuildEditorConfig.editorconfig /analyzerconfig:"C:\Program Files\dotnet\sdk\8.0.400\Sdks\Microsoft.NET.Sdk\analyzers\build\config\analysislevel_8_default.globalconfig" /analyzer:"C:\Program Files\dotnet\sdk\8.0.400\Sdks\Microsoft.NET.Sdk\targets\..\analyzers\Microsoft.CodeAnalysis.CSharp.NetAnalyzers.dll" /analyzer:"C:\Program Files\dotnet\sdk\8.0.400\Sdks\Microsoft.NET.Sdk\targets\..\analyzers\Microsoft.CodeAnalysis.NetAnalyzers.dll" /analyzer:"C:\Program Files\dotnet\packs\Microsoft.NETCore.App.Ref\8.0.8\analyzers/dotnet/cs/Microsoft.Interop.ComInterfaceGenerator.dll" /analyzer:"C:\Program Files\dotnet\packs\Microsoft.NETCore.App.Ref\8.0.8\analyzers/dotnet/cs/Microsoft.Interop.JavaScript.JSImportGenerator.dll" /analyzer:"C:\Program Files\dotnet\packs\Microsoft.NETCore.App.Ref\8.0.8\analyzers/dotnet/cs/Microsoft.Interop.LibraryImportGenerator.dll" /analyzer:"C:\Program Files\dotnet\packs\Microsoft.NETCore.App.Ref\8.0.8\analyzers/dotnet/cs/Microsoft.Interop.SourceGeneration.dll" /analyzer:"C:\Program Files\dotnet\packs\Microsoft.NETCore.App.Ref\8.0.8\analyzers/dotnet/cs/System.Text.Json.SourceGeneration.dll" /analyzer:"C:\Program Files\dotnet\packs\Microsoft.NETCore.App.Ref\8.0.8\analyzers/dotnet/cs/System.Text.RegularExpressions.Generator.dll" ActionSafety.cs AgentContracts.cs AgentStateStore.cs ApiKeyResolution.cs AssistantPlanner.cs AssistantPlanner.Formatting.cs AssistantPlanner.Intents.cs AssistantTurn.cs DesktopAutomation.cs JarvisAssistant.cs JarvisCommandCatalog.cs JarvisOptions.cs JsonLineTranscriptStore.cs JsonMemoryStore.cs LocalNetworkMonitoring.cs MemoryAutomation.cs MemoryModels.cs MemorySemanticSearch.cs ModelGateway.cs Tools.cs UiAutomationExtensions.cs UiControlTools.cs UiSafetyExtensions.cs UserStateProvider.cs VisualContext.cs WeatherService.cs WebResearchService.cs Win32UiAutomation.cs obj\Debug\net8.0\Jarvis.Core.GlobalUsings.g.cs "obj\Debug\net8.0\.NETCoreApp,Version=v8.0.AssemblyAttributes.cs" obj\Debug\net8.0\Jarvis.Core.AssemblyInfo.cs /warnaserror+:NU1605,SYSLIB0011
         Microsoft (R) Visual C# Compiler version 4.11.0-3.24365.8 (9e9c7c1d)
         Copyright (C) Microsoft Corporation. All rights reserved.
   3:7>C:\Users\NoahR\OneDrive\Desktop\Jarvis\src\Jarvis.Core\Win32UiAutomation.cs(35,31): warning CS8625: Cannot convert null literal to non-nullable reference type. [C:\Users\NoahR\OneDrive\Desktop\Jarvis\src\Jarvis.Core\Jarvis.Core.csproj]
   3:7>C:\Users\NoahR\OneDrive\Desktop\Jarvis\src\Jarvis.Core\Win32UiAutomation.cs(33,38): warning CS1998: This async method lacks 'await' operators and will run synchronously. Consider using the 'await' operator to await non-blocking API calls, or 'await Task.Run(...)' to do CPU-bound work on a background thread. [C:\Users\NoahR\OneDrive\Desktop\Jarvis\src\Jarvis.Core\Jarvis.Core.csproj]
   3:7>C:\Users\NoahR\OneDrive\Desktop\Jarvis\src\Jarvis.Core\Win32UiAutomation.cs(54,31): warning CS8625: Cannot convert null literal to non-nullable reference type. [C:\Users\NoahR\OneDrive\Desktop\Jarvis\src\Jarvis.Core\Jarvis.Core.csproj]
   3:7>C:\Users\NoahR\OneDrive\Desktop\Jarvis\src\Jarvis.Core\Win32UiAutomation.cs(52,38): warning CS1998: This async method lacks 'await' operators and will run synchronously. Consider using the 'await' operator to await non-blocking API calls, or 'await Task.Run(...)' to do CPU-bound work on a background thread. [C:\Users\NoahR\OneDrive\Desktop\Jarvis\src\Jarvis.Core\Jarvis.Core.csproj]
   3:7>C:\Users\NoahR\OneDrive\Desktop\Jarvis\src\Jarvis.Core\Win32UiAutomation.cs(66,31): warning CS8625: Cannot convert null literal to non-nullable reference type. [C:\Users\NoahR\OneDrive\Desktop\Jarvis\src\Jarvis.Core\Jarvis.Core.csproj]
   3:7>C:\Users\NoahR\OneDrive\Desktop\Jarvis\src\Jarvis.Core\Win32UiAutomation.cs(64,38): warning CS1998: This async method lacks 'await' operators and will run synchronously. Consider using the 'await' operator to await non-blocking API calls, or 'await Task.Run(...)' to do CPU-bound work on a background thread. [C:\Users\NoahR\OneDrive\Desktop\Jarvis\src\Jarvis.Core\Jarvis.Core.csproj]
   3:7>C:\Users\NoahR\OneDrive\Desktop\Jarvis\src\Jarvis.Core\Win32UiAutomation.cs(80,31): warning CS8625: Cannot convert null literal to non-nullable reference type. [C:\Users\NoahR\OneDrive\Desktop\Jarvis\src\Jarvis.Core\Jarvis.Core.csproj]
   3:7>C:\Users\NoahR\OneDrive\Desktop\Jarvis\src\Jarvis.Core\Win32UiAutomation.cs(78,38): warning CS1998: This async method lacks 'await' operators and will run synchronously. Consider using the 'await' operator to await non-blocking API calls, or 'await Task.Run(...)' to do CPU-bound work on a background thread. [C:\Users\NoahR\OneDrive\Desktop\Jarvis\src\Jarvis.Core\Jarvis.Core.csproj]
         CompilerServer: server - server processed compilation - Jarvis.Core (net8.0)
       Done executing task "Csc".
       Task "CallTarget" skipped, due to false condition; ('$(TargetsTriggeredByCompilation)' != '') was evaluated as ('' != '').
   3:7>Done building target "CoreCompile" in project "Jarvis.Core.csproj".
       Target "_TouchLastBuildWithSkipAnalyzers" skipped, due to false condition; ('$(_SkipAnalyzers)' == 'true') was evaluated as ('' == 'true').
       Target "_TimeStampAfterCompile" skipped, due to false condition; ('$(RunPostBuildEvent)'=='OnOutputUpdated' or ('$(RegisterForComInterop)'=='true' and '$(OutputType)'=='library')) was evaluated as (''=='OnOutputUpdated' or (''=='true' and 'Library'=='library')).
   3:7>Target "AfterCompile" in file "C:\Program Files\dotnet\sdk\8.0.400\Microsoft.Common.CurrentVersion.targets" from project "C:\Users\NoahR\OneDrive\Desktop\Jarvis\src\Jarvis.Core\Jarvis.Core.csproj" (target "Compile" depends on it):
   3:7>Done building target "AfterCompile" in project "Jarvis.Core.csproj".
       Target "_CreateAppHost" skipped, due to false condition; ('$(ComputeNETCoreBuildOutputFiles)' == 'true' and
                            '$(AppHostSourcePath)' != '' and
                            Exists('@(IntermediateAssembly)') and
                            Exists('$(AppHostSourcePath)')) was evaluated as ('true' == 'true' and
                            '' != '' and
                            Exists('obj\Debug\net8.0\Jarvis.Core.dll') and
                            Exists('')).
       Target "_CreateComHost" skipped, due to false condition; ('$(ComputeNETCoreBuildOutputFiles)' == 'true' and
                            '$(ComHostIntermediatePath)' != '' and
                            Exists('@(IntermediateAssembly)') and
                            Exists('$(ComHostSourcePath)')) was evaluated as ('true' == 'true' and
                            '' != '' and
                            Exists('obj\Debug\net8.0\Jarvis.Core.dll') and
                            Exists('')).
       Target "_GetIjwHostPaths" skipped, due to false condition; ('$(UseIJWHost)' == 'true') was evaluated as ('' == 'true').
   3:7>Target "Compile" in file "C:\Program Files\dotnet\sdk\8.0.400\Microsoft.Common.CurrentVersion.targets" from project "C:\Users\NoahR\OneDrive\Desktop\Jarvis\src\Jarvis.Core\Jarvis.Core.csproj" (target "CoreBuild" depends on it):
   3:7>Done building target "Compile" in project "Jarvis.Core.csproj".
       Target "ExportWindowsMDFile" skipped, due to false condition; ('$(ExportWinMDFile)' == 'true') was evaluated as ('' == 'true').
       Target "UnmanagedUnregistration" skipped, due to false condition; ((('$(_AssemblyTimestampBeforeCompile)' != '$(_AssemblyTimestampAfterCompile)' or '$(RegisterForComInterop)' != 'true' or '$(OutputType)' != 'library') or
                           ('$(_AssemblyTimestampBeforeCompile)' == '')) and
                          Exists('@(_UnmanagedRegistrationCache)')) was evaluated as ((('' != '' or '' != 'true' or 'Library' != 'library') or
                           ('' == '')) and
                          Exists('obj\Jarvis.Core.csproj.UnmanagedRegistration.cache')).
       Target "GenerateSerializationAssemblies" skipped, due to false condition; ('$(_SGenGenerateSerializationAssembliesConfig)' == 'On' or ('@(WebReferenceUrl)'!='' and '$(_SGenGenerateSerializationAssembliesConfig)' == 'Auto')) was evaluated as ('Off' == 'On' or (''!='' and 'Off' == 'Auto')).
   3:7>Target "_GenerateSatelliteAssemblyInputs" in file "C:\Program Files\dotnet\sdk\8.0.400\Microsoft.Common.CurrentVersion.targets" from project "C:\Users\NoahR\OneDrive\Desktop\Jarvis\src\Jarvis.Core\Jarvis.Core.csproj" (target "CreateSatelliteAssemblies" depends on it):
       Task "Warning" skipped, due to false condition; ('@(ManifestResourceWithCulture)'!='' and '%(ManifestResourceWithCulture.EmittedForCompatibilityOnly)'=='') was evaluated as (''!='' and ''=='').
       Task "Warning" skipped, due to false condition; ('@(ManifestNonResxWithCultureOnDisk)'!='' and '%(ManifestNonResxWithCultureOnDisk.EmittedForCompatibilityOnly)'=='') was evaluated as (''!='' and ''=='').
   3:7>Done building target "_GenerateSatelliteAssemblyInputs" in project "Jarvis.Core.csproj".
       Target "ComputeIntermediateSatelliteAssemblies" skipped, due to false condition; (@(EmbeddedResource->'%(WithCulture)') != '') was evaluated as ( != '').
       Target "GenerateSatelliteAssemblies" skipped, due to false condition; ('@(_SatelliteAssemblyResourceInputs)' != '' and '$(GenerateSatelliteAssembliesForCore)' != 'true') was evaluated as ('' != '' and 'true' != 'true').
       Target "CoreGenerateSatelliteAssemblies" skipped, due to false condition; ('@(_SatelliteAssemblyResourceInputs)' != ''  and '$(GenerateSatelliteAssembliesForCore)' == 'true' ) was evaluated as ('' != ''  and 'true' == 'true' ).
   3:7>Target "CreateSatelliteAssemblies" in file "C:\Program Files\dotnet\sdk\8.0.400\Microsoft.Common.CurrentVersion.targets" from project "C:\Users\NoahR\OneDrive\Desktop\Jarvis\src\Jarvis.Core\Jarvis.Core.csproj" (target "CoreBuild" depends on it):
   3:7>Done building target "CreateSatelliteAssemblies" in project "Jarvis.Core.csproj".
       Target "GenerateManifests" skipped, due to false condition; ('$(GenerateClickOnceManifests)'=='true' or '@(NativeReference)'!='' or '@(ResolvedIsolatedComModules)'!='' or '$(GenerateAppxManifest)' == 'true') was evaluated as (''=='true' or ''!='' or ''!='' or '' == 'true').
   3:7>Target "GetTargetPathWithTargetPlatformMoniker" in file "C:\Program Files\dotnet\sdk\8.0.400\Microsoft.Common.CurrentVersion.targets" from project "C:\Users\NoahR\OneDrive\Desktop\Jarvis\src\Jarvis.Core\Jarvis.Core.csproj" (target "GetTargetPath" depends on it):
   3:7>Done building target "GetTargetPathWithTargetPlatformMoniker" in project "Jarvis.Core.csproj".
   3:7>Target "GetTargetPath" in file "C:\Program Files\dotnet\sdk\8.0.400\Microsoft.Common.CurrentVersion.targets" from project "C:\Users\NoahR\OneDrive\Desktop\Jarvis\src\Jarvis.Core\Jarvis.Core.csproj" (target "CoreBuild" depends on it):
   3:7>Done building target "GetTargetPath" in project "Jarvis.Core.csproj".
       Target "ComputeIntermediateSatelliteAssemblies" skipped, due to false condition; (@(EmbeddedResource->'%(WithCulture)') != '') was evaluated as ( != '').
       Target "_CopyFilesMarkedCopyLocal" skipped, due to false condition; ('@(ReferenceCopyLocalPaths)' != '') was evaluated as ('' != '').
       Target "AssignTargetPaths" skipped. Previously built successfully.
       Target "AssignProjectConfiguration" skipped. Previously built successfully.
       Target "_SplitProjectReferencesByFileExistence" skipped. Previously built successfully.
       Target "_GetProjectReferenceTargetFrameworkProperties" skipped. Previously built successfully.
   3:7>Target "_PopulateCommonStateForGetCopyToOutputDirectoryItems" in file "C:\Program Files\dotnet\sdk\8.0.400\Microsoft.Common.CurrentVersion.targets" from project "C:\Users\NoahR\OneDrive\Desktop\Jarvis\src\Jarvis.Core\Jarvis.Core.csproj" (target "GetCopyToOutputDirectoryItems" depends on it):
   3:7>Done building target "_PopulateCommonStateForGetCopyToOutputDirectoryItems" in project "Jarvis.Core.csproj".
       Target "AddDepsJsonAndRuntimeConfigToCopyItemsForReferencingProjects" skipped, due to false condition; ('$(HasRuntimeOutput)' == 'true') was evaluated as ('' == 'true').
   3:7>Target "GetCopyToOutputDirectoryItems" in file "C:\Program Files\dotnet\sdk\8.0.400\Microsoft.Common.CurrentVersion.targets" from project "C:\Users\NoahR\OneDrive\Desktop\Jarvis\src\Jarvis.Core\Jarvis.Core.csproj" (target "_CopySourceItemsToOutputDirectory" depends on it):
       Using "CallTarget" task from assembly "Microsoft.Build.Tasks.Core, Version=15.1.0.0, Culture=neutral, PublicKeyToken=b03f5f7f11d50a3a".
       Task "CallTarget"
       Target "_PopulateCommonStateForGetCopyToOutputDirectoryItems" skipped. Previously built successfully.
       Target "_AddOutputPathToGlobalPropertiesToRemove" skipped. Previously built successfully.
   3:7>Target "_GetCopyToOutputDirectoryItemsFromTransitiveProjectReferences" in file "C:\Program Files\dotnet\sdk\8.0.400\Microsoft.Common.CurrentVersion.targets" from project "C:\Users\NoahR\OneDrive\Desktop\Jarvis\src\Jarvis.Core\Jarvis.Core.csproj" (target "GetCopyToOutputDirectoryItems" depends on it):
       Task "MSBuild" skipped, due to false condition; ('@(_MSBuildProjectReferenceExistent)' != '' and '$(_GetChildProjectCopyToOutputDirectoryItems)' == 'true' and '%(_MSBuildProjectReferenceExistent.Private)' != 'false' and '$(UseCommonOutputDirectory)' != 'true') was evaluated as ('' != '' and 'true' == 'true' and '' != 'false' and 'false' != 'true').
       Task "AssignTargetPath"
       Done executing task "AssignTargetPath".
   3:7>Done building target "_GetCopyToOutputDirectoryItemsFromTransitiveProjectReferences" in project "Jarvis.Core.csproj".
       Done executing task "CallTarget".
       Task "CallTarget"
       Target "AssignTargetPaths" skipped. Previously built successfully.
       Target "_PopulateCommonStateForGetCopyToOutputDirectoryItems" skipped. Previously built successfully.
       Target "AddDepsJsonAndRuntimeConfigToCopyItemsForReferencingProjects" skipped, due to false condition; ('$(HasRuntimeOutput)' == 'true') was evaluated as ('' == 'true').
   3:7>Target "_GetCopyToOutputDirectoryItemsFromThisProject" in file "C:\Program Files\dotnet\sdk\8.0.400\Microsoft.Common.CurrentVersion.targets" from project "C:\Users\NoahR\OneDrive\Desktop\Jarvis\src\Jarvis.Core\Jarvis.Core.csproj" (target "GetCopyToOutputDirectoryItems" depends on it):
       Task "AssignTargetPath"
       Done executing task "AssignTargetPath".
   3:7>Done building target "_GetCopyToOutputDirectoryItemsFromThisProject" in project "Jarvis.Core.csproj".
       Done executing task "CallTarget".
   3:7>Done building target "GetCopyToOutputDirectoryItems" in project "Jarvis.Core.csproj".
       Target "_CopyOutOfDateSourceItemsToOutputDirectory" skipped, due to false condition; ( '@(_SourceItemsToCopyToOutputDirectory)' != '' ) was evaluated as ( '' != '' ).
       Target "_CopyOutOfDateSourceItemsToOutputDirectoryAlways" skipped, due to false condition; ( '@(_SourceItemsToCopyToOutputDirectoryAlways)' != '' ) was evaluated as ( '' != '' ).
   3:7>Target "_CopySourceItemsToOutputDirectory" in file "C:\Program Files\dotnet\sdk\8.0.400\Microsoft.Common.CurrentVersion.targets" from project "C:\Users\NoahR\OneDrive\Desktop\Jarvis\src\Jarvis.Core\Jarvis.Core.csproj" (target "CopyFilesToOutputDirectory" depends on it):
   3:7>Done building target "_CopySourceItemsToOutputDirectory" in project "Jarvis.Core.csproj".
       Target "_CopyAppConfigFile" skipped, due to false condition; ( '@(AppConfigWithTargetPath)' != '' ) was evaluated as ( '' != '' ).
       Target "_CopyManifestFiles" skipped, due to false condition; ( '$(_DeploymentCopyApplicationManifest)'=='true' or '$(GenerateClickOnceManifests)'=='true' ) was evaluated as ( ''=='true' or ''=='true' ).
   3:7>Target "_CheckForCompileOutputs" in file "C:\Program Files\dotnet\sdk\8.0.400\Microsoft.Common.CurrentVersion.targets" from project "C:\Users\NoahR\OneDrive\Desktop\Jarvis\src\Jarvis.Core\Jarvis.Core.csproj" (target "CopyFilesToOutputDirectory" depends on it):
   3:7>Done building target "_CheckForCompileOutputs" in project "Jarvis.Core.csproj".
       Target "_SGenCheckForOutputs" skipped, due to false condition; ('$(_SGenGenerateSerializationAssembliesConfig)' == 'On' or ('@(WebReferenceUrl)'!='' and '$(_SGenGenerateSerializationAssembliesConfig)' == 'Auto')) was evaluated as ('Off' == 'On' or (''!='' and 'Off' == 'Auto')).
       Target "_DefaultMicrosoftNETPlatformLibrary" skipped. Previously built successfully.
       Target "_HandlePackageFileConflicts" skipped. Previously built successfully.
       Target "ResolveAssemblyReferences" skipped. Previously built successfully.
   3:7>Target "_ComputeReferenceAssemblies" in file "C:\Program Files\dotnet\sdk\8.0.400\Sdks\Microsoft.NET.Sdk\targets\Microsoft.NET.Sdk.targets" from project "C:\Users\NoahR\OneDrive\Desktop\Jarvis\src\Jarvis.Core\Jarvis.Core.csproj" (target "GenerateBuildDependencyFile" depends on it):
   3:7>Done building target "_ComputeReferenceAssemblies" in project "Jarvis.Core.csproj".
   3:7>Target "_ComputeUserRuntimeAssemblies" in file "C:\Program Files\dotnet\sdk\8.0.400\Sdks\Microsoft.NET.Sdk\targets\Microsoft.NET.Sdk.targets" from project "C:\Users\NoahR\OneDrive\Desktop\Jarvis\src\Jarvis.Core\Jarvis.Core.csproj" (target "GenerateBuildDependencyFile" depends on it):
   3:7>Done building target "_ComputeUserRuntimeAssemblies" in project "Jarvis.Core.csproj".
       Target "ResolveRuntimePackAssets" skipped, due to false condition; ('@(RuntimePack)' != '') was evaluated as ('' != '').
       Target "_ComputePackageReferencePublish" skipped. Previously built successfully.
       Target "ComputeDependencyFileCompilerOptions" skipped, due to false condition; ('$(PreserveCompilationContext)' == 'true') was evaluated as ('' == 'true').
   3:7>Target "GenerateBuildDependencyFile" in file "C:\Program Files\dotnet\sdk\8.0.400\Sdks\Microsoft.NET.Sdk\targets\Microsoft.NET.Sdk.targets" from project "C:\Users\NoahR\OneDrive\Desktop\Jarvis\src\Jarvis.Core\Jarvis.Core.csproj" (target "CopyFilesToOutputDirectory" depends on it):
       Building target "GenerateBuildDependencyFile" completely.
       Output file "C:\Users\NoahR\OneDrive\Desktop\Jarvis\src\Jarvis.Core\bin\Debug\net8.0\Jarvis.Core.deps.json" does not exist.
       Using "GenerateDepsFile" task from assembly "C:\Program Files\dotnet\sdk\8.0.400\Sdks\Microsoft.NET.Sdk\targets\..\tools\net8.0\Microsoft.NET.Build.Tasks.dll".
       Task "GenerateDepsFile"
       Done executing task "GenerateDepsFile".
   3:7>Done building target "GenerateBuildDependencyFile" in project "Jarvis.Core.csproj".
       Target "GenerateBuildRuntimeConfigurationFiles" skipped, due to false condition; ( '$(GenerateRuntimeConfigurationFiles)' == 'true') was evaluated as ( '' == 'true').
       Target "GenerateShimsAssets" skipped, due to false condition; ('$(PackAsTool)' == 'true' and $(PackAsToolShimRuntimeIdentifiers) != '' ) was evaluated as ('' == 'true' and  != '' ).
   3:7>Target "CopyFilesToOutputDirectory" in file "C:\Program Files\dotnet\sdk\8.0.400\Microsoft.Common.CurrentVersion.targets" from project "C:\Users\NoahR\OneDrive\Desktop\Jarvis\src\Jarvis.Core\Jarvis.Core.csproj" (target "PrepareForRun" depends on it):
       Using "Copy" task from assembly "Microsoft.Build.Tasks.Core, Version=15.1.0.0, Culture=neutral, PublicKeyToken=b03f5f7f11d50a3a".
       Task "Copy"
         Copying file from "C:\Users\NoahR\OneDrive\Desktop\Jarvis\src\Jarvis.Core\obj\Debug\net8.0\Jarvis.Core.dll" to "C:\Users\NoahR\OneDrive\Desktop\Jarvis\src\Jarvis.Core\bin\Debug\net8.0\Jarvis.Core.dll".
       Done executing task "Copy".
       Using "CopyRefAssembly" task from assembly "C:\Program Files\dotnet\sdk\8.0.400\Roslyn\Microsoft.Build.Tasks.CodeAnalysis.dll".
       Task "CopyRefAssembly"
         Copying reference assembly from "obj\Debug\net8.0\refint\Jarvis.Core.dll" to "C:\Users\NoahR\OneDrive\Desktop\Jarvis\src\Jarvis.Core\obj\Debug\net8.0\ref\Jarvis.Core.dll".
       Done executing task "CopyRefAssembly".
       Task "Message"
         Jarvis.Core -> C:\Users\NoahR\OneDrive\Desktop\Jarvis\src\Jarvis.Core\bin\Debug\net8.0\Jarvis.Core.dll
       Done executing task "Message".
       Task "Copy" skipped, due to false condition; ('@(AddModules)' != '') was evaluated as ('' != '').
       Task "Copy" skipped, due to false condition; ('$(_SGenDllCreated)'=='true') was evaluated as ('false'=='true').
       Task "Copy"
         Copying file from "C:\Users\NoahR\OneDrive\Desktop\Jarvis\src\Jarvis.Core\obj\Debug\net8.0\Jarvis.Core.pdb" to "C:\Users\NoahR\OneDrive\Desktop\Jarvis\src\Jarvis.Core\bin\Debug\net8.0\Jarvis.Core.pdb".
       Done executing task "Copy".
       Task "Copy" skipped, due to false condition; ('$(_DocumentationFileProduced)'=='true' and '$(CopyDocumentationFileToOutputDirectory)'=='true') was evaluated as ('false'=='true' and 'true'=='true').
       Task "Copy" skipped, due to false condition; ('@(IntermediateSatelliteAssembliesWithTargetPath)' != '') was evaluated as ('' != '').
       Task "Copy" skipped, due to false condition; ('@(ReferenceComWrappersToCopyLocal)' != '' or '@(ResolvedIsolatedComModules)' != '' or '@(_DeploymentLooseManifestFile)' != '' or '@(NativeReferenceFile)' != '' ) was evaluated as ('' != '' or '' != '' or '' != '' or '' != '' ).
       Task "Copy" skipped, due to false condition; ('$(SkipCopyWinMDArtifact)' != 'true' and '@(WinMDExpArtifacts)' != '') was evaluated as ('' != 'true' and '' != '').
       Task "Message" skipped, due to false condition; ('$(SkipCopyWinMDArtifact)' != 'true' and '$(_WindowsMetadataOutputPath)' != '') was evaluated as ('' != 'true' and '' != '').
   3:7>Done building target "CopyFilesToOutputDirectory" in project "Jarvis.Core.csproj".
       Target "_CopyReferenceOnlyAssembliesForBuild" skipped, due to false condition; ('$(PreserveCompilationReferences)' == 'true') was evaluated as ('' == 'true').
   3:7>Target "PrepareForRun" in file "C:\Program Files\dotnet\sdk\8.0.400\Microsoft.Common.CurrentVersion.targets" from project "C:\Users\NoahR\OneDrive\Desktop\Jarvis\src\Jarvis.Core\Jarvis.Core.csproj" (target "CoreBuild" depends on it):
   3:7>Done building target "PrepareForRun" in project "Jarvis.Core.csproj".
       Target "UnmanagedRegistration" skipped, due to false condition; ('$(RegisterForComInterop)'=='true' and '$(OutputType)'=='library') was evaluated as (''=='true' and 'Library'=='library').
       Target "_CheckForCompileOutputs" skipped. Previously built successfully.
       Target "_SGenCheckForOutputs" skipped, due to false condition; ('$(_SGenGenerateSerializationAssembliesConfig)' == 'On' or ('@(WebReferenceUrl)'!='' and '$(_SGenGenerateSerializationAssembliesConfig)' == 'Auto')) was evaluated as ('Off' == 'On' or (''!='' and 'Off' == 'Auto')).
   3:7>Target "_CleanGetCurrentAndPriorFileWrites" in file "C:\Program Files\dotnet\sdk\8.0.400\Microsoft.Common.CurrentVersion.targets" from project "C:\Users\NoahR\OneDrive\Desktop\Jarvis\src\Jarvis.Core\Jarvis.Core.csproj" (target "IncrementalClean" depends on it):
       Task "ReadLinesFromFile"
       Done executing task "ReadLinesFromFile".
       Task "ConvertToAbsolutePath"
       Done executing task "ConvertToAbsolutePath".
       Task "FindUnderPath"
         Comparison path is "C:\Users\NoahR\OneDrive\Desktop\Jarvis\src\Jarvis.Core".
       Done executing task "FindUnderPath".
       Task "FindUnderPath"
         Comparison path is "bin\Debug\net8.0\".
       Done executing task "FindUnderPath".
       Task "FindUnderPath"
         Comparison path is "obj\Debug\net8.0\".
       Done executing task "FindUnderPath".
       Task "RemoveDuplicates"
       Done executing task "RemoveDuplicates".
   3:7>Done building target "_CleanGetCurrentAndPriorFileWrites" in project "Jarvis.Core.csproj".
   3:7>Target "IncrementalClean" in file "C:\Program Files\dotnet\sdk\8.0.400\Microsoft.Common.CurrentVersion.targets" from project "C:\Users\NoahR\OneDrive\Desktop\Jarvis\src\Jarvis.Core\Jarvis.Core.csproj" (target "CoreBuild" depends on it):
       Task "FindUnderPath"
         Comparison path is "bin\Debug\net8.0\".
       Done executing task "FindUnderPath".
       Task "FindUnderPath"
         Comparison path is "obj\Debug\net8.0\".
       Done executing task "FindUnderPath".
       Task "Delete"
       Done executing task "Delete".
       Task "RemoveDuplicates"
       Done executing task "RemoveDuplicates".
       Task "WriteLinesToFile"
       Done executing task "WriteLinesToFile".
   3:7>Done building target "IncrementalClean" in project "Jarvis.Core.csproj".
       Target "PostBuildEvent" skipped, due to false condition; ('$(PostBuildEvent)' != '' and ('$(RunPostBuildEvent)' != 'OnOutputUpdated' or '$(_AssemblyTimestampBeforeCompile)' != '$(_AssemblyTimestampAfterCompile)')) was evaluated as ('' != '' and ('' != 'OnOutputUpdated' or '' != '')).
       Target "GenerateBuildDependencyFile" skipped. Previously built successfully.
       Target "GenerateBuildRuntimeConfigurationFiles" skipped, due to false condition; ( '$(GenerateRuntimeConfigurationFiles)' == 'true') was evaluated as ( '' == 'true').
   3:7>Target "CoreBuild" in file "C:\Program Files\dotnet\sdk\8.0.400\Microsoft.Common.CurrentVersion.targets" from project "C:\Users\NoahR\OneDrive\Desktop\Jarvis\src\Jarvis.Core\Jarvis.Core.csproj" (target "Build" depends on it):
   3:7>Done building target "CoreBuild" in project "Jarvis.Core.csproj".
   3:7>Target "AfterBuild" in file "C:\Program Files\dotnet\sdk\8.0.400\Microsoft.Common.CurrentVersion.targets" from project "C:\Users\NoahR\OneDrive\Desktop\Jarvis\src\Jarvis.Core\Jarvis.Core.csproj" (target "Build" depends on it):
   3:7>Done building target "AfterBuild" in project "Jarvis.Core.csproj".
       Target "_CheckBrowserWorkloadNeededButNotAvailable" skipped, due to false condition; ('$(RuntimeIdentifier)' == 'browser-wasm' and '$(_BrowserWorkloadDisabled)' != 'true' and '$(WasmNativeWorkloadAvailable)' != 'true') was evaluated as ('' == 'browser-wasm' and '' != 'true' and '' != 'true').
       Target "_ErrorWorkloadDisabledForTFMLessThan6" skipped, due to false condition; ('$(_BrowserWorkloadNotSupportedForTFM)' == 'true') was evaluated as ('' == 'true').
       Target "_ErrorDualWasmThreadPropsOn7" skipped, due to false condition; ('$(TargetsNet7)' == 'true' and '$(RuntimeIdentifier)' == 'browser-wasm' and
           '$(BrowserWorkloadDisabled)' != 'true' and '$(WasmEnableThreads)' == 'true' and '$(WasmEnablePerfTrace)' == 'true') was evaluated as ('' == 'true' and '' == 'browser-wasm' and
           '' != 'true' and '' == 'true' and '' == 'true').
   3:7>Target "Build" in file "C:\Program Files\dotnet\sdk\8.0.400\Microsoft.Common.CurrentVersion.targets" from project "C:\Users\NoahR\OneDrive\Desktop\Jarvis\src\Jarvis.Core\Jarvis.Core.csproj" (target "Rebuild" depends on it):
   3:7>Done building target "Build" in project "Jarvis.Core.csproj".
       Target "_PackAsBuildAfterTarget" skipped, due to false condition; ('$(GeneratePackageOnBuild)' == 'true' AND '$(IsInnerBuild)' != 'true') was evaluated as ('false' == 'true' AND '' != 'true').
   3:7>Target "_CheckContainersPackage" in file "C:\Program Files\dotnet\sdk\8.0.400\Containers\build\Microsoft.NET.Build.Containers.targets" from project "C:\Users\NoahR\OneDrive\Desktop\Jarvis\src\Jarvis.Core\Jarvis.Core.csproj" (target "Rebuild" depends on it):
       Task "Warning" skipped, due to false condition; ($(_ContainerPackageIsPresent)
               and (
                 ($(_SdkCanPublishWeb) and $(_IsWebProject)) or
                 ($(_SdkCanPublishWorker) and $(_IsWorkerProject)) or
                 ($(_SdkCanPublishConsole) and '$(EnableSdkContainerSupport)' == 'true')
               )) was evaluated as (false
               and (
                 (True and false) or
                 (True and false) or
                 (True and '' == 'true')
               )).
   3:7>Done building target "_CheckContainersPackage" in project "Jarvis.Core.csproj".
   3:7>Target "AfterRebuild" in file "C:\Program Files\dotnet\sdk\8.0.400\Microsoft.Common.CurrentVersion.targets" from project "C:\Users\NoahR\OneDrive\Desktop\Jarvis\src\Jarvis.Core\Jarvis.Core.csproj" (target "Rebuild" depends on it):
   3:7>Done building target "AfterRebuild" in project "Jarvis.Core.csproj".
       Target "_CheckForInvalidConfigurationAndPlatform" skipped. Previously built successfully.
   3:7>Target "Rebuild" in file "C:\Program Files\dotnet\sdk\8.0.400\Microsoft.Common.CurrentVersion.targets" from project "C:\Users\NoahR\OneDrive\Desktop\Jarvis\src\Jarvis.Core\Jarvis.Core.csproj" (entry point):
   3:7>Done building target "Rebuild" in project "Jarvis.Core.csproj".
   3:7>Done Building Project "C:\Users\NoahR\OneDrive\Desktop\Jarvis\src\Jarvis.Core\Jarvis.Core.csproj" (Rebuild target(s)).
   2:6>Project "C:\Users\NoahR\OneDrive\Desktop\Jarvis\src\Jarvis.App\Jarvis.App.csproj" (2:6) is building "C:\Users\NoahR\OneDrive\Desktop\Jarvis\src\Jarvis.Core\Jarvis.Core.csproj" (3:8) on node 1 (GetTargetFrameworks target(s)).
   3:8>Target "GetTargetFrameworksWithPlatformForSingleTargetFramework" in file "C:\Program Files\dotnet\sdk\8.0.400\Microsoft.Common.CurrentVersion.targets" from project "C:\Users\NoahR\OneDrive\Desktop\Jarvis\src\Jarvis.Core\Jarvis.Core.csproj" (target "GetTargetFrameworks" depends on it):
   3:8>Using "CombineTargetFrameworkInfoProperties" task from assembly "Microsoft.Build.Tasks.Core, Version=15.1.0.0, Culture=neutral, PublicKeyToken=b03f5f7f11d50a3a".
       Task "CombineTargetFrameworkInfoProperties"
       Done executing task "CombineTargetFrameworkInfoProperties".
   3:8>Done building target "GetTargetFrameworksWithPlatformForSingleTargetFramework" in project "Jarvis.Core.csproj".
   3:8>Target "GetTargetFrameworks" in file "C:\Program Files\dotnet\sdk\8.0.400\Microsoft.Common.CurrentVersion.targets" from project "C:\Users\NoahR\OneDrive\Desktop\Jarvis\src\Jarvis.Core\Jarvis.Core.csproj" (entry point):
       Task "Error" skipped, due to false condition; ('$(IsCrossTargetingBuild)' == 'true') was evaluated as ('' == 'true').
       Using "CombineXmlElements" task from assembly "Microsoft.Build.Tasks.Core, Version=15.1.0.0, Culture=neutral, PublicKeyToken=b03f5f7f11d50a3a".
       Task "CombineXmlElements"
       Done executing task "CombineXmlElements".
   3:8>Done building target "GetTargetFrameworks" in project "Jarvis.Core.csproj".
   3:8>Done Building Project "C:\Users\NoahR\OneDrive\Desktop\Jarvis\src\Jarvis.Core\Jarvis.Core.csproj" (GetTargetFrameworks target(s)).
   2:6>Done executing task "MSBuild".
       Task "MSBuild" skipped, due to false condition; ('%(_MSBuildProjectReferenceExistent.SkipGetTargetFrameworkProperties)' != 'true' and '$(EnableDynamicPlatformResolution)' == 'true') was evaluated as ('' != 'true' and '' == 'true').
       Using "GetReferenceNearestTargetFrameworkTask" task from assembly "C:\Program Files\dotnet\sdk\8.0.400\NuGet.Build.Tasks.dll".
       Task "GetReferenceNearestTargetFrameworkTask"
       Done executing task "GetReferenceNearestTargetFrameworkTask".
       Task "GetReferenceNearestTargetFrameworkTask" skipped, due to false condition; ('@(_ProjectReferenceTargetFrameworkPossibilities)' != '' and '$(ReferringTargetFrameworkForProjectReferences)' != ''
                                                               And '$(GetReferenceNearestTargetFrameworkTaskSupportsTargetPlatformParameter)' != 'true' and '%(_ProjectReferenceTargetFrameworkPossibilities.IsVcxOrNativeProj)' != 'true') was evaluated as ('..\Jarvis.Core\Jarvis.Core.csproj' != '' and '.NETCoreApp,Version=v8.0' != ''
                                                               And 'true' != 'true' and '' != 'true').
       Using "SetRidAgnosticValueForProjects" task from assembly "Microsoft.Build.Tasks.Core, Version=15.1.0.0, Culture=neutral, PublicKeyToken=b03f5f7f11d50a3a".
       Task "SetRidAgnosticValueForProjects"
       Done executing task "SetRidAgnosticValueForProjects".
   2:6>Done building target "_GetProjectReferenceTargetFrameworkProperties" in project "Jarvis.App.csproj".
   2:6>Target "ValidateExecutableReferences" in file "C:\Program Files\dotnet\sdk\8.0.400\Sdks\Microsoft.NET.Sdk\targets\Microsoft.NET.Sdk.targets" from project "C:\Users\NoahR\OneDrive\Desktop\Jarvis\src\Jarvis.App\Jarvis.App.csproj" (target "PrepareProjectReferences" depends on it):
       Using "ValidateExecutableReferences" task from assembly "C:\Program Files\dotnet\sdk\8.0.400\Sdks\Microsoft.NET.Sdk\targets\..\tools\net8.0\Microsoft.NET.Build.Tasks.dll".
       Task "ValidateExecutableReferences"
       Done executing task "ValidateExecutableReferences".
   2:6>Done building target "ValidateExecutableReferences" in project "Jarvis.App.csproj".
       Target "_GetProjectReferencePlatformProperties" skipped, due to false condition; ('$(EnableDynamicPlatformResolution)' == 'true'
                            and '@(_MSBuildProjectReferenceExistent)' != '') was evaluated as ('' == 'true'
                            and '..\Jarvis.Core\Jarvis.Core.csproj' != '').
   2:6>Target "PrepareProjectReferences" in file "C:\Program Files\dotnet\sdk\8.0.400\Microsoft.Common.CurrentVersion.targets" from project "C:\Users\NoahR\OneDrive\Desktop\Jarvis\src\Jarvis.App\Jarvis.App.csproj" (target "CleanReferencedProjects" depends on it):
   2:6>Done building target "PrepareProjectReferences" in project "Jarvis.App.csproj".
   2:6>Target "CleanReferencedProjects" in file "C:\Program Files\dotnet\sdk\8.0.400\Microsoft.Common.CurrentVersion.targets" from project "C:\Users\NoahR\OneDrive\Desktop\Jarvis\src\Jarvis.App\Jarvis.App.csproj" (target "Clean" depends on it):
       Task "MSBuild"
         Global Properties:
           Configuration=Debug
           Platform=AnyCPU
         Removing Properties for project "..\Jarvis.Core\Jarvis.Core.csproj":
           TargetFramework
           RuntimeIdentifier
           SelfContained
   2:6>Project "C:\Users\NoahR\OneDrive\Desktop\Jarvis\src\Jarvis.App\Jarvis.App.csproj" (2:6) is building "C:\Users\NoahR\OneDrive\Desktop\Jarvis\src\Jarvis.Core\Jarvis.Core.csproj" (3:9) on node 1 (Clean target(s)).
   3:9>Target "Clean" skipped. Previously built successfully.
   3:9>Done Building Project "C:\Users\NoahR\OneDrive\Desktop\Jarvis\src\Jarvis.Core\Jarvis.Core.csproj" (Clean target(s)).
   2:6>Done executing task "MSBuild".
   2:6>Done building target "CleanReferencedProjects" in project "Jarvis.App.csproj".
   2:6>Target "CleanPublishFolder" in file "C:\Program Files\dotnet\sdk\8.0.400\Microsoft.Common.CurrentVersion.targets" from project "C:\Users\NoahR\OneDrive\Desktop\Jarvis\src\Jarvis.App\Jarvis.App.csproj" (target "Clean" depends on it):
       Task "RemoveDir" skipped, due to false condition; ('$(ClickOncePublishDir)'=='$(OutputPath)app.publish\' and Exists('$(ClickOncePublishDir)')) was evaluated as ('bin\Debug\net8.0-windows\publish\'=='bin\Debug\net8.0-windows\app.publish\' and Exists('bin\Debug\net8.0-windows\publish\')).
   2:6>Done building target "CleanPublishFolder" in project "Jarvis.App.csproj".
   2:6>Target "AfterClean" in file "C:\Program Files\dotnet\sdk\8.0.400\Microsoft.Common.CurrentVersion.targets" from project "C:\Users\NoahR\OneDrive\Desktop\Jarvis\src\Jarvis.App\Jarvis.App.csproj" (target "Clean" depends on it):
   2:6>Done building target "AfterClean" in project "Jarvis.App.csproj".
   2:6>Target "Clean" in file "C:\Program Files\dotnet\sdk\8.0.400\Microsoft.Common.CurrentVersion.targets" from project "C:\Users\NoahR\OneDrive\Desktop\Jarvis\src\Jarvis.App\Jarvis.App.csproj" (target "Rebuild" depends on it):
   2:6>Done building target "Clean" in project "Jarvis.App.csproj".
       Target "_CleanPackageFiles" skipped, due to false condition; ('$(GeneratePackageOnBuild)' == 'true' AND '$(IsInnerBuild)' != 'true') was evaluated as ('false' == 'true' AND '' != 'true').
   2:6>Target "BeforeBuild" in file "C:\Program Files\dotnet\sdk\8.0.400\Microsoft.Common.CurrentVersion.targets" from project "C:\Users\NoahR\OneDrive\Desktop\Jarvis\src\Jarvis.App\Jarvis.App.csproj" (target "Build" depends on it):
   2:6>Done building target "BeforeBuild" in project "Jarvis.App.csproj".
       Target "_CheckForBuildWithNoBuild" skipped, due to false condition; ('$(NoBuild)' == 'true' and '$(GeneratePackageOnBuild)' != 'true') was evaluated as ('' == 'true' and 'false' != 'true').
   2:6>Target "BuildOnlySettings" in file "C:\Program Files\dotnet\sdk\8.0.400\Microsoft.Common.CurrentVersion.targets" from project "C:\Users\NoahR\OneDrive\Desktop\Jarvis\src\Jarvis.App\Jarvis.App.csproj" (target "CoreBuild" depends on it):
   2:6>Done building target "BuildOnlySettings" in project "Jarvis.App.csproj".
       Target "_CheckForUnsupportedTargetFramework" skipped, due to false condition; ('$(_UnsupportedTargetFrameworkError)' == 'true') was evaluated as ('' == 'true').
   2:6>Target "GetFrameworkPaths" in file "C:\Program Files\dotnet\sdk\8.0.400\Sdks\Microsoft.NET.Sdk\targets\Microsoft.NET.DisableStandardFrameworkResolution.targets" from project "C:\Users\NoahR\OneDrive\Desktop\Jarvis\src\Jarvis.App\Jarvis.App.csproj" (target "PrepareForBuild" depends on it):
   2:6>Done building target "GetFrameworkPaths" in project "Jarvis.App.csproj".
       Target "_CheckForUnsupportedTargetFramework" skipped, due to false condition; ('$(_UnsupportedTargetFrameworkError)' == 'true') was evaluated as ('' == 'true').
   2:6>Target "GetReferenceAssemblyPaths" in file "C:\Program Files\dotnet\sdk\8.0.400\Sdks\Microsoft.NET.Sdk\targets\Microsoft.NET.DisableStandardFrameworkResolution.targets" from project "C:\Users\NoahR\OneDrive\Desktop\Jarvis\src\Jarvis.App\Jarvis.App.csproj" (target "PrepareForBuild" depends on it):
   2:6>Done building target "GetReferenceAssemblyPaths" in project "Jarvis.App.csproj".
       Target "AssignLinkMetadata" skipped, due to false condition; ( '$(SynthesizeLinkMetadata)' == 'true' ) was evaluated as ( '' == 'true' ).
       Target "_VerifyPackReleaseConfigurations" skipped, due to false condition; ('$(_IsPacking)' == 'true' and '$(DOTNET_CLI_DISABLE_PUBLISH_AND_PACK_RELEASE)' != 'true' and '$(DOTNET_CLI_LAZY_PUBLISH_AND_PACK_RELEASE_FOR_SOLUTIONS)' == 'true') was evaluated as ('' == 'true' and '' != 'true' and '' == 'true').
   2:6>Target "PrepareForBuild" in file "C:\Program Files\dotnet\sdk\8.0.400\Microsoft.Common.CurrentVersion.targets" from project "C:\Users\NoahR\OneDrive\Desktop\Jarvis\src\Jarvis.App\Jarvis.App.csproj" (target "CoreBuild" depends on it):
       Using "FindAppConfigFile" task from assembly "Microsoft.Build.Tasks.Core, Version=15.1.0.0, Culture=neutral, PublicKeyToken=b03f5f7f11d50a3a".
       Task "FindAppConfigFile"
       Done executing task "FindAppConfigFile".
       Task "MakeDir"
       Done executing task "MakeDir".
   2:6>Done building target "PrepareForBuild" in project "Jarvis.App.csproj".
   2:6>Target "GenerateGlobalUsings" in file "C:\Program Files\dotnet\sdk\8.0.400\Sdks\Microsoft.NET.Sdk\targets\Microsoft.NET.GenerateGlobalUsings.targets" from project "C:\Users\NoahR\OneDrive\Desktop\Jarvis\src\Jarvis.App\Jarvis.App.csproj" (target "CoreBuild" depends on it):
       Using "GenerateGlobalUsings" task from assembly "C:\Program Files\dotnet\sdk\8.0.400\Sdks\Microsoft.NET.Sdk\targets\..\tools\net8.0\Microsoft.NET.Build.Tasks.dll".
       Task "GenerateGlobalUsings"
       Done executing task "GenerateGlobalUsings".
       Task "WriteLinesToFile"
         Skipping write to file "obj\Debug\net8.0-windows\Jarvis.App.GlobalUsings.g.cs" because content would not change.
       Done executing task "WriteLinesToFile".
   2:6>Done building target "GenerateGlobalUsings" in project "Jarvis.App.csproj".
       Target "PreBuildEvent" skipped, due to false condition; ('$(PreBuildEvent)'!='') was evaluated as (''!='').
   2:6>Target "BeforeResolveReferences" in file "C:\Program Files\dotnet\sdk\8.0.400\Microsoft.Common.CurrentVersion.targets" from project "C:\Users\NoahR\OneDrive\Desktop\Jarvis\src\Jarvis.App\Jarvis.App.csproj" (target "ResolveReferences" depends on it):
   2:6>Done building target "BeforeResolveReferences" in project "Jarvis.App.csproj".
       Target "AssignProjectConfiguration" skipped. Previously built successfully.
       Target "PrepareProjectReferences" skipped. Previously built successfully.
   2:6>Target "ResolveProjectReferences" in file "C:\Program Files\dotnet\sdk\8.0.400\Microsoft.Common.CurrentVersion.targets" from project "C:\Users\NoahR\OneDrive\Desktop\Jarvis\src\Jarvis.App\Jarvis.App.csproj" (target "ResolveReferences" depends on it):
       Task "MSBuild" skipped, due to false condition; ('%(_MSBuildProjectReferenceExistent.BuildReference)' == 'true' and '@(ProjectReferenceWithConfiguration)' != '' and ('$(BuildingInsideVisualStudio)' == 'true' or '$(BuildProjectReferences)' != 'true') and '$(VisualStudioVersion)' != '10.0' and '@(_MSBuildProjectReferenceExistent)' != '') was evaluated as ('true' == 'true' and '..\Jarvis.Core\Jarvis.Core.csproj' != '' and ('' == 'true' or 'true' != 'true') and '17.0' != '10.0' and '..\Jarvis.Core\Jarvis.Core.csproj' != '').
       Task "MSBuild"
         Global Properties:
           Configuration=Debug
           Platform=AnyCPU
         Removing Properties for project "..\Jarvis.Core\Jarvis.Core.csproj":
           TargetFramework
           RuntimeIdentifier
           SelfContained
   2:6>Project "C:\Users\NoahR\OneDrive\Desktop\Jarvis\src\Jarvis.App\Jarvis.App.csproj" (2:6) is building "C:\Users\NoahR\OneDrive\Desktop\Jarvis\src\Jarvis.Core\Jarvis.Core.csproj" (3:10) on node 1 (default targets).
  3:10>Target "Build" skipped. Previously built successfully.
  3:10>Done Building Project "C:\Users\NoahR\OneDrive\Desktop\Jarvis\src\Jarvis.Core\Jarvis.Core.csproj" (default targets).
   2:6>Done executing task "MSBuild".
       Task "MSBuild"
         Global Properties:
           Configuration=Debug
           Platform=AnyCPU
         Removing Properties for project "..\Jarvis.Core\Jarvis.Core.csproj":
           TargetFramework
           RuntimeIdentifier
           SelfContained
   2:6>Project "C:\Users\NoahR\OneDrive\Desktop\Jarvis\src\Jarvis.App\Jarvis.App.csproj" (2:6) is building "C:\Users\NoahR\OneDrive\Desktop\Jarvis\src\Jarvis.Core\Jarvis.Core.csproj" (3:11) on node 1 (GetNativeManifest target(s)).
  3:11>Target "GetNativeManifest" in file "C:\Program Files\dotnet\sdk\8.0.400\Microsoft.Common.CurrentVersion.targets" from project "C:\Users\NoahR\OneDrive\Desktop\Jarvis\src\Jarvis.Core\Jarvis.Core.csproj" (entry point):
  3:11>Done building target "GetNativeManifest" in project "Jarvis.Core.csproj".
  3:11>Done Building Project "C:\Users\NoahR\OneDrive\Desktop\Jarvis\src\Jarvis.Core\Jarvis.Core.csproj" (GetNativeManifest target(s)).
   2:6>Done executing task "MSBuild".
       Task "Warning" skipped, due to false condition; ('@(ProjectReferenceWithConfiguration)' != '' and '@(_MSBuildProjectReferenceNonexistent)' != '') was evaluated as ('..\Jarvis.Core\Jarvis.Core.csproj' != '' and '' != '').
   2:6>Done building target "ResolveProjectReferences" in project "Jarvis.App.csproj".
   2:6>Target "RemoveManagedWinRTComponentWinMDReferences" in file "C:\Program Files\dotnet\sdk\8.0.400\Sdks\Microsoft.NET.Sdk\targets\Microsoft.NET.Windows.targets" from project "C:\Users\NoahR\OneDrive\Desktop\Jarvis\src\Jarvis.App\Jarvis.App.csproj" (target "ResolveReferences" depends on it):
   2:6>Done building target "RemoveManagedWinRTComponentWinMDReferences" in project "Jarvis.App.csproj".
       Target "AddWinRTComponentImplementationReference" skipped, due to false condition; ('@(ManagedWinRTComponentImplementations)' != '') was evaluated as ('' != '').
       Target "FindInvalidProjectReferences" skipped, due to false condition; ('$(FindInvalidProjectReferences)' == 'true') was evaluated as ('' == 'true').
       Target "ResolveNativeReferences" skipped, due to false condition; ('@(NativeReference)'!='') was evaluated as (''!='').
       Target "ResolveProjectReferences" skipped. Previously built successfully.
       Target "FindInvalidProjectReferences" skipped, due to false condition; ('$(FindInvalidProjectReferences)' == 'true') was evaluated as ('' == 'true').
       Target "GetFrameworkPaths" skipped. Previously built successfully.
       Target "GetReferenceAssemblyPaths" skipped. Previously built successfully.
       Target "PrepareForBuild" skipped. Previously built successfully.
       Target "GetInstalledSDKLocations" skipped, due to false condition; ('@(SDKReference)' != '') was evaluated as ('' != '').
   2:6>Target "ResolveSDKReferences" in file "C:\Program Files\dotnet\sdk\8.0.400\Microsoft.Common.CurrentVersion.targets" from project "C:\Users\NoahR\OneDrive\Desktop\Jarvis\src\Jarvis.App\Jarvis.App.csproj" (target "ResolveAssemblyReferences" depends on it):
       Task "ResolveSDKReference" skipped, due to false condition; ('@(SDKReference)'!='') was evaluated as (''!='').
   2:6>Done building target "ResolveSDKReferences" in project "Jarvis.App.csproj".
       Target "ResolveSDKReferences" skipped. Previously built successfully.
   2:6>Target "ExpandSDKReferences" in file "C:\Program Files\dotnet\sdk\8.0.400\Microsoft.Common.CurrentVersion.targets" from project "C:\Users\NoahR\OneDrive\Desktop\Jarvis\src\Jarvis.App\Jarvis.App.csproj" (target "ResolveAssemblyReferences" depends on it):
       Task "GetSDKReferenceFiles" skipped, due to false condition; ('@(ResolvedSDKReference)'!='') was evaluated as (''!='').
   2:6>Done building target "ExpandSDKReferences" in project "Jarvis.App.csproj".
       Target "ResolvePackageDependenciesForBuild" skipped. Previously built successfully.
       Target "GetFrameworkPaths" skipped. Previously built successfully.
       Target "GetReferenceAssemblyPaths" skipped. Previously built successfully.
       Target "ProcessFrameworkReferences" skipped. Previously built successfully.
       Target "ResolvePackageAssets" skipped. Previously built successfully.
   2:6>Target "ResolveFrameworkReferences" in file "C:\Program Files\dotnet\sdk\8.0.400\Sdks\Microsoft.NET.Sdk\targets\Microsoft.NET.Sdk.FrameworkReferenceResolution.targets" from project "C:\Users\NoahR\OneDrive\Desktop\Jarvis\src\Jarvis.App\Jarvis.App.csproj" (target "ResolveTargetingPackAssets" depends on it):
       Using "GetPackageDirectory" task from assembly "C:\Program Files\dotnet\sdk\8.0.400\Sdks\Microsoft.NET.Sdk\targets\..\tools\net8.0\Microsoft.NET.Build.Tasks.dll".
       Task "GetPackageDirectory"
       Done executing task "GetPackageDirectory".
       Task "GetPackageDirectory"
       Done executing task "GetPackageDirectory".
       Task "GetPackageDirectory"
       Done executing task "GetPackageDirectory".
       Task "GetPackageDirectory"
       Done executing task "GetPackageDirectory".
       Task "GetPackageDirectory"
       Done executing task "GetPackageDirectory".
       Task "GetPackageDirectory"
       Done executing task "GetPackageDirectory".
       Task "GetPackageDirectory"
       Done executing task "GetPackageDirectory".
       Task "GetPackageDirectory"
       Done executing task "GetPackageDirectory".
       Task "GetPackageDirectory"
       Done executing task "GetPackageDirectory".
       Task "GetPackageDirectory"
       Done executing task "GetPackageDirectory".
       Using "ResolveFrameworkReferences" task from assembly "C:\Program Files\dotnet\sdk\8.0.400\Sdks\Microsoft.NET.Sdk\targets\..\tools\net8.0\Microsoft.NET.Build.Tasks.dll".
       Task "ResolveFrameworkReferences"
       Done executing task "ResolveFrameworkReferences".
   2:6>Done building target "ResolveFrameworkReferences" in project "Jarvis.App.csproj".
   2:6>Target "ResolveTargetingPackAssets" in file "C:\Program Files\dotnet\sdk\8.0.400\Sdks\Microsoft.NET.Sdk\targets\Microsoft.NET.Sdk.FrameworkReferenceResolution.targets" from project "C:\Users\NoahR\OneDrive\Desktop\Jarvis\src\Jarvis.App\Jarvis.App.csproj" (target "_HandlePackageFileConflicts" depends on it):
       Using "ResolveTargetingPackAssets" task from assembly "C:\Program Files\dotnet\sdk\8.0.400\Sdks\Microsoft.NET.Sdk\targets\..\tools\net8.0\Microsoft.NET.Build.Tasks.dll".
       Task "ResolveTargetingPackAssets"
       Done executing task "ResolveTargetingPackAssets".
   2:6>Done building target "ResolveTargetingPackAssets" in project "Jarvis.App.csproj".
   2:6>Target "ResolveOffByDefaultAnalyzers" in file "C:\Program Files\dotnet\sdk\8.0.400\Sdks\Microsoft.NET.Sdk\targets\Microsoft.NET.Sdk.FrameworkReferenceResolution.targets" from project "C:\Users\NoahR\OneDrive\Desktop\Jarvis\src\Jarvis.App\Jarvis.App.csproj" (target "_HandlePackageFileConflicts" depends on it):
   2:6>Done building target "ResolveOffByDefaultAnalyzers" in project "Jarvis.App.csproj".
   2:6>Target "_HandlePackageFileConflicts" in file "C:\Program Files\dotnet\sdk\8.0.400\Sdks\Microsoft.NET.Sdk\targets\Microsoft.NET.ConflictResolution.targets" from project "C:\Users\NoahR\OneDrive\Desktop\Jarvis\src\Jarvis.App\Jarvis.App.csproj" (target "ResolveAssemblyReferences" depends on it):
       Using "ResolvePackageFileConflicts" task from assembly "C:\Program Files\dotnet\sdk\8.0.400\Sdks\Microsoft.NET.Sdk\targets\..\tools\net8.0\Microsoft.NET.Build.Tasks.dll".
       Task "ResolvePackageFileConflicts"
         Encountered conflict between 'Reference:C:\Users\NoahR\.nuget\packages\microsoft.win32.registry\4.7.0\ref\netstandard2.0\Microsoft.Win32.Registry.dll' and 'Reference:C:\Program Files\dotnet\packs\Microsoft.NETCore.App.Ref\8.0.8\ref/net8.0/Microsoft.Win32.Registry.dll'. Choosing 'Reference:C:\Program Files\dotnet\packs\Microsoft.NETCore.App.Ref\8.0.8\ref/net8.0/Microsoft.Win32.Registry.dll' because AssemblyVersion '8.0.0.0' is greater than '4.1.3.0'.
         Encountered conflict between 'Reference:C:\Users\NoahR\.nuget\packages\system.security.accesscontrol\4.7.0\ref\netstandard2.0\System.Security.AccessControl.dll' and 'Reference:C:\Program Files\dotnet\packs\Microsoft.NETCore.App.Ref\8.0.8\ref/net8.0/System.Security.AccessControl.dll'. Choosing 'Reference:C:\Program Files\dotnet\packs\Microsoft.NETCore.App.Ref\8.0.8\ref/net8.0/System.Security.AccessControl.dll' because AssemblyVersion '8.0.0.0' is greater than '4.1.1.0'.
         Encountered conflict between 'Reference:C:\Users\NoahR\.nuget\packages\system.security.principal.windows\4.7.0\ref\netcoreapp3.0\System.Security.Principal.Windows.dll' and 'Reference:C:\Program Files\dotnet\packs\Microsoft.NETCore.App.Ref\8.0.8\ref/net8.0/System.Security.Principal.Windows.dll'. Choosing 'Reference:C:\Program Files\dotnet\packs\Microsoft.NETCore.App.Ref\8.0.8\ref/net8.0/System.Security.Principal.Windows.dll' because AssemblyVersion '8.0.0.0' is greater than '4.1.1.0'.
         Encountered conflict between 'Reference:C:\Program Files\dotnet\packs\Microsoft.NETCore.App.Ref\8.0.8\ref/net8.0/Microsoft.VisualBasic.dll' and 'Reference:C:\Program Files\dotnet\packs\Microsoft.WindowsDesktop.App.Ref\8.0.8\ref/net8.0/Microsoft.VisualBasic.dll'. Choosing 'Reference:C:\Program Files\dotnet\packs\Microsoft.WindowsDesktop.App.Ref\8.0.8\ref/net8.0/Microsoft.VisualBasic.dll' because AssemblyVersion '10.1.0.0' is greater than '10.0.0.0'.
         Encountered conflict between 'Reference:C:\Program Files\dotnet\packs\Microsoft.NETCore.App.Ref\8.0.8\ref/net8.0/System.Drawing.dll' and 'Reference:C:\Program Files\dotnet\packs\Microsoft.WindowsDesktop.App.Ref\8.0.8\ref/net8.0/System.Drawing.dll'. Choosing 'Reference:C:\Program Files\dotnet\packs\Microsoft.WindowsDesktop.App.Ref\8.0.8\ref/net8.0/System.Drawing.dll' because AssemblyVersion '8.0.0.0' is greater than '4.0.0.0'.
         Encountered conflict between 'Platform:Microsoft.VisualBasic.dll' and 'Platform:Microsoft.VisualBasic.dll'. Choosing 'Platform:Microsoft.VisualBasic.dll' because AssemblyVersion '10.1.0.0' is greater than '10.0.0.0'.
         Encountered conflict between 'Platform:Microsoft.VisualBasic.dll' and 'Platform:Microsoft.VisualBasic.dll'. Choosing 'Platform:Microsoft.VisualBasic.dll' because AssemblyVersion '10.1.0.0' is greater than '10.0.0.0'.
         Encountered conflict between 'Platform:System.Drawing.dll' and 'Platform:System.Drawing.dll'. Choosing 'Platform:System.Drawing.dll' because AssemblyVersion '8.0.0.0' is greater than '4.0.0.0'.
         Encountered conflict between 'Platform:System.Drawing.dll' and 'Platform:System.Drawing.dll'. Choosing 'Platform:System.Drawing.dll' because AssemblyVersion '8.0.0.0' is greater than '4.0.0.0'.
         Encountered conflict between 'Platform:WindowsBase.dll' and 'Platform:WindowsBase.dll'. Choosing 'Platform:WindowsBase.dll' because AssemblyVersion '8.0.0.0' is greater than '4.0.0.0'.
         Encountered conflict between 'Platform:WindowsBase.dll' and 'Platform:WindowsBase.dll'. Choosing 'Platform:WindowsBase.dll' because AssemblyVersion '8.0.0.0' is greater than '4.0.0.0'.
         Encountered conflict between 'Platform:Microsoft.Win32.Registry.dll' and 'CopyLocal:C:\Users\NoahR\.nuget\packages\microsoft.win32.registry\4.7.0\lib\netstandard2.0\Microsoft.Win32.Registry.dll'. Choosing 'Platform:Microsoft.Win32.Registry.dll' because AssemblyVersion '8.0.0.0' is greater than '4.1.3.0'.
         Encountered conflict between 'Platform:System.Security.AccessControl.dll' and 'CopyLocal:C:\Users\NoahR\.nuget\packages\system.security.accesscontrol\4.7.0\lib\netstandard2.0\System.Security.AccessControl.dll'. Choosing 'Platform:System.Security.AccessControl.dll' because AssemblyVersion '8.0.0.0' is greater than '4.1.3.0'.
         Encountered conflict between 'Platform:System.Security.Principal.Windows.dll' and 'CopyLocal:C:\Users\NoahR\.nuget\packages\system.security.principal.windows\4.7.0\lib\netstandard2.0\System.Security.Principal.Windows.dll'. Choosing 'Platform:System.Security.Principal.Windows.dll' because AssemblyVersion '8.0.0.0' is greater than '4.1.3.0'.
         Encountered conflict between 'Platform:Microsoft.Win32.Registry.dll' and 'CopyLocal:C:\Users\NoahR\.nuget\packages\microsoft.win32.registry\4.7.0\runtimes\unix\lib\netstandard2.0\Microsoft.Win32.Registry.dll'. Choosing 'Platform:Microsoft.Win32.Registry.dll' because AssemblyVersion '8.0.0.0' is greater than '4.1.3.0'.
         Encountered conflict between 'Platform:Microsoft.Win32.Registry.dll' and 'CopyLocal:C:\Users\NoahR\.nuget\packages\microsoft.win32.registry\4.7.0\runtimes\win\lib\netstandard2.0\Microsoft.Win32.Registry.dll'. Choosing 'Platform:Microsoft.Win32.Registry.dll' because AssemblyVersion '8.0.0.0' is greater than '4.1.3.0'.
         Encountered conflict between 'Platform:System.Security.AccessControl.dll' and 'CopyLocal:C:\Users\NoahR\.nuget\packages\system.security.accesscontrol\4.7.0\runtimes\win\lib\netcoreapp2.0\System.Security.AccessControl.dll'. Choosing 'Platform:System.Security.AccessControl.dll' because AssemblyVersion '8.0.0.0' is greater than '4.1.3.0'.
         Encountered conflict between 'Platform:System.Security.Principal.Windows.dll' and 'CopyLocal:C:\Users\NoahR\.nuget\packages\system.security.principal.windows\4.7.0\runtimes\unix\lib\netcoreapp2.1\System.Security.Principal.Windows.dll'. Choosing 'Platform:System.Security.Principal.Windows.dll' because AssemblyVersion '8.0.0.0' is greater than '4.1.3.0'.
         Encountered conflict between 'Platform:System.Security.Principal.Windows.dll' and 'CopyLocal:C:\Users\NoahR\.nuget\packages\system.security.principal.windows\4.7.0\runtimes\win\lib\netcoreapp2.1\System.Security.Principal.Windows.dll'. Choosing 'Platform:System.Security.Principal.Windows.dll' because AssemblyVersion '8.0.0.0' is greater than '4.1.3.0'.
         Encountered conflict between 'Platform:mscorlib.dll' and 'Platform:mscorlib.dll'. Could not determine winner due to equal file and assembly versions.
         Encountered conflict between 'Platform:System.dll' and 'Platform:System.dll'. Could not determine winner due to equal file and assembly versions.
         Encountered conflict between 'Platform:System.ComponentModel.DataAnnotations.dll' and 'Platform:System.ComponentModel.DataAnnotations.dll'. Could not determine winner due to equal file and assembly versions.
         Encountered conflict between 'Platform:System.Configuration.dll' and 'Platform:System.Configuration.dll'. Could not determine winner due to equal file and assembly versions.
         Encountered conflict between 'Platform:System.Core.dll' and 'Platform:System.Core.dll'. Could not determine winner due to equal file and assembly versions.
         Encountered conflict between 'Platform:System.Data.dll' and 'Platform:System.Data.dll'. Could not determine winner due to equal file and assembly versions.
         Encountered conflict between 'Platform:System.IO.Compression.FileSystem.dll' and 'Platform:System.IO.Compression.FileSystem.dll'. Could not determine winner due to equal file and assembly versions.
         Encountered conflict between 'Platform:System.Net.dll' and 'Platform:System.Net.dll'. Could not determine winner due to equal file and assembly versions.
         Encountered conflict between 'Platform:System.Numerics.dll' and 'Platform:System.Numerics.dll'. Could not determine winner due to equal file and assembly versions.
         Encountered conflict between 'Platform:System.Runtime.Serialization.dll' and 'Platform:System.Runtime.Serialization.dll'. Could not determine winner due to equal file and assembly versions.
         Encountered conflict between 'Platform:System.Security.dll' and 'Platform:System.Security.dll'. Could not determine winner due to equal file and assembly versions.
         Encountered conflict between 'Platform:System.ServiceProcess.dll' and 'Platform:System.ServiceProcess.dll'. Could not determine winner due to equal file and assembly versions.
         Encountered conflict between 'Platform:System.ServiceModel.Web.dll' and 'Platform:System.ServiceModel.Web.dll'. Could not determine winner due to equal file and assembly versions.
         Encountered conflict between 'Platform:System.Transactions.dll' and 'Platform:System.Transactions.dll'. Could not determine winner due to equal file and assembly versions.
         Encountered conflict between 'Platform:System.Web.dll' and 'Platform:System.Web.dll'. Could not determine winner due to equal file and assembly versions.
         Encountered conflict between 'Platform:System.Windows.dll' and 'Platform:System.Windows.dll'. Could not determine winner due to equal file and assembly versions.
         Encountered conflict between 'Platform:System.Xml.dll' and 'Platform:System.Xml.dll'. Could not determine winner due to equal file and assembly versions.
         Encountered conflict between 'Platform:System.Xml.Serialization.dll' and 'Platform:System.Xml.Serialization.dll'. Could not determine winner due to equal file and assembly versions.
         Encountered conflict between 'Platform:System.Xml.Linq.dll' and 'Platform:System.Xml.Linq.dll'. Could not determine winner due to equal file and assembly versions.
         Encountered conflict between 'Platform:netstandard.dll' and 'Platform:netstandard.dll'. Could not determine winner due to equal file and assembly versions.
         Encountered conflict between 'Platform:System.Private.CoreLib.dll' and 'Platform:System.Private.CoreLib.dll'. Could not determine winner due to equal file and assembly versions.
         Encountered conflict between 'Platform:System.Private.DataContractSerialization.dll' and 'Platform:System.Private.DataContractSerialization.dll'. Could not determine winner due to equal file and assembly versions.
         Encountered conflict between 'Platform:System.Private.Uri.dll' and 'Platform:System.Private.Uri.dll'. Could not determine winner due to equal file and assembly versions.
         Encountered conflict between 'Platform:System.Private.Xml.dll' and 'Platform:System.Private.Xml.dll'. Could not determine winner due to equal file and assembly versions.
         Encountered conflict between 'Platform:System.Private.Xml.Linq.dll' and 'Platform:System.Private.Xml.Linq.dll'. Could not determine winner due to equal file and assembly versions.
         Encountered conflict between 'Platform:mscordaccore_amd64_amd64_8.0.824.36612.dll' and 'Platform:mscordaccore_amd64_amd64_8.0.824.36612.dll'. Could not determine winner due to equal file and assembly versions.
       Done executing task "ResolvePackageFileConflicts".
   2:6>Done building target "_HandlePackageFileConflicts" in project "Jarvis.App.csproj".
       Target "ResolveTargetingPackAssets" skipped. Previously built successfully.
   2:6>Target "ResolveAssemblyReferences" in file "C:\Program Files\dotnet\sdk\8.0.400\Microsoft.Common.CurrentVersion.targets" from project "C:\Users\NoahR\OneDrive\Desktop\Jarvis\src\Jarvis.App\Jarvis.App.csproj" (target "ResolveReferences" depends on it):
       Using "ResolveAssemblyReference" task from assembly "Microsoft.Build.Tasks.Core, Version=15.1.0.0, Culture=neutral, PublicKeyToken=b03f5f7f11d50a3a".
       Task "ResolveAssemblyReference"
         TargetFrameworkMoniker:
             .NETCoreApp,Version=v8.0
         TargetFrameworkMonikerDisplayName:
             .NET 8.0
         TargetedRuntimeVersion:
             
         Assemblies:
             C:\Users\NoahR\.nuget\packages\naudio\2.2.1\lib\net6.0-windows7.0\NAudio.dll
                 Private = 'false'
                 HintPath = 'C:\Users\NoahR\.nuget\packages\naudio\2.2.1\lib\net6.0-windows7.0\NAudio.dll'
             C:\Users\NoahR\.nuget\packages\naudio.asio\2.2.1\lib\netstandard2.0\NAudio.Asio.dll
                 Private = 'false'
                 HintPath = 'C:\Users\NoahR\.nuget\packages\naudio.asio\2.2.1\lib\netstandard2.0\NAudio.Asio.dll'
             C:\Users\NoahR\.nuget\packages\naudio.core\2.2.1\lib\netstandard2.0\NAudio.Core.dll
                 Private = 'false'
                 HintPath = 'C:\Users\NoahR\.nuget\packages\naudio.core\2.2.1\lib\netstandard2.0\NAudio.Core.dll'
             C:\Users\NoahR\.nuget\packages\naudio.midi\2.2.1\lib\netstandard2.0\NAudio.Midi.dll
                 Private = 'false'
                 HintPath = 'C:\Users\NoahR\.nuget\packages\naudio.midi\2.2.1\lib\netstandard2.0\NAudio.Midi.dll'
             C:\Users\NoahR\.nuget\packages\naudio.wasapi\2.2.1\lib\netstandard2.0\NAudio.Wasapi.dll
                 Private = 'false'
                 HintPath = 'C:\Users\NoahR\.nuget\packages\naudio.wasapi\2.2.1\lib\netstandard2.0\NAudio.Wasapi.dll'
             C:\Users\NoahR\.nuget\packages\naudio.winforms\2.2.1\lib\netcoreapp3.1\NAudio.WinForms.dll
                 Private = 'false'
                 HintPath = 'C:\Users\NoahR\.nuget\packages\naudio.winforms\2.2.1\lib\netcoreapp3.1\NAudio.WinForms.dll'
             C:\Users\NoahR\.nuget\packages\naudio.winmm\2.2.1\lib\netstandard2.0\NAudio.WinMM.dll
                 Private = 'false'
                 HintPath = 'C:\Users\NoahR\.nuget\packages\naudio.winmm\2.2.1\lib\netstandard2.0\NAudio.WinMM.dll'
             C:\Users\NoahR\.nuget\packages\system.speech\8.0.0\lib\net8.0\System.Speech.dll
                 Private = 'false'
                 HintPath = 'C:\Users\NoahR\.nuget\packages\system.speech\8.0.0\lib\net8.0\System.Speech.dll'
             C:\Program Files\dotnet\packs\Microsoft.NETCore.App.Ref\8.0.8\ref/net8.0/Microsoft.CSharp.dll
                 Private = 'false'
             C:\Program Files\dotnet\packs\Microsoft.NETCore.App.Ref\8.0.8\ref/net8.0/Microsoft.VisualBasic.Core.dll
                 Private = 'false'
             C:\Program Files\dotnet\packs\Microsoft.NETCore.App.Ref\8.0.8\ref/net8.0/Microsoft.Win32.Primitives.dll
                 Private = 'false'
             C:\Program Files\dotnet\packs\Microsoft.NETCore.App.Ref\8.0.8\ref/net8.0/Microsoft.Win32.Registry.dll
                 Private = 'false'
             C:\Program Files\dotnet\packs\Microsoft.NETCore.App.Ref\8.0.8\ref/net8.0/System.AppContext.dll
                 Private = 'false'
             C:\Program Files\dotnet\packs\Microsoft.NETCore.App.Ref\8.0.8\ref/net8.0/System.Buffers.dll
                 Private = 'false'
             C:\Program Files\dotnet\packs\Microsoft.NETCore.App.Ref\8.0.8\ref/net8.0/System.Collections.Concurrent.dll
                 Private = 'false'
             C:\Program Files\dotnet\packs\Microsoft.NETCore.App.Ref\8.0.8\ref/net8.0/System.Collections.Immutable.dll
                 Private = 'false'
             C:\Program Files\dotnet\packs\Microsoft.NETCore.App.Ref\8.0.8\ref/net8.0/System.Collections.NonGeneric.dll
                 Private = 'false'
             C:\Program Files\dotnet\packs\Microsoft.NETCore.App.Ref\8.0.8\ref/net8.0/System.Collections.Specialized.dll
                 Private = 'false'
             C:\Program Files\dotnet\packs\Microsoft.NETCore.App.Ref\8.0.8\ref/net8.0/System.Collections.dll
                 Private = 'false'
             C:\Program Files\dotnet\packs\Microsoft.NETCore.App.Ref\8.0.8\ref/net8.0/System.ComponentModel.Annotations.dll
                 Private = 'false'
             C:\Program Files\dotnet\packs\Microsoft.NETCore.App.Ref\8.0.8\ref/net8.0/System.ComponentModel.DataAnnotations.dll
                 Private = 'false'
             C:\Program Files\dotnet\packs\Microsoft.NETCore.App.Ref\8.0.8\ref/net8.0/System.ComponentModel.EventBasedAsync.dll
                 Private = 'false'
             C:\Program Files\dotnet\packs\Microsoft.NETCore.App.Ref\8.0.8\ref/net8.0/System.ComponentModel.Primitives.dll
                 Private = 'false'
             C:\Program Files\dotnet\packs\Microsoft.NETCore.App.Ref\8.0.8\ref/net8.0/System.ComponentModel.TypeConverter.dll
                 Private = 'false'
             C:\Program Files\dotnet\packs\Microsoft.NETCore.App.Ref\8.0.8\ref/net8.0/System.ComponentModel.dll
                 Private = 'false'
             C:\Program Files\dotnet\packs\Microsoft.NETCore.App.Ref\8.0.8\ref/net8.0/System.Configuration.dll
                 Private = 'false'
             C:\Program Files\dotnet\packs\Microsoft.NETCore.App.Ref\8.0.8\ref/net8.0/System.Console.dll
                 Private = 'false'
             C:\Program Files\dotnet\packs\Microsoft.NETCore.App.Ref\8.0.8\ref/net8.0/System.Core.dll
                 Private = 'false'
             C:\Program Files\dotnet\packs\Microsoft.NETCore.App.Ref\8.0.8\ref/net8.0/System.Data.Common.dll
                 Private = 'false'
             C:\Program Files\dotnet\packs\Microsoft.NETCore.App.Ref\8.0.8\ref/net8.0/System.Data.DataSetExtensions.dll
                 Private = 'false'
             C:\Program Files\dotnet\packs\Microsoft.NETCore.App.Ref\8.0.8\ref/net8.0/System.Data.dll
                 Private = 'false'
             C:\Program Files\dotnet\packs\Microsoft.NETCore.App.Ref\8.0.8\ref/net8.0/System.Diagnostics.Contracts.dll
                 Private = 'false'
             C:\Program Files\dotnet\packs\Microsoft.NETCore.App.Ref\8.0.8\ref/net8.0/System.Diagnostics.Debug.dll
                 Private = 'false'
             C:\Program Files\dotnet\packs\Microsoft.NETCore.App.Ref\8.0.8\ref/net8.0/System.Diagnostics.DiagnosticSource.dll
                 Private = 'false'
             C:\Program Files\dotnet\packs\Microsoft.NETCore.App.Ref\8.0.8\ref/net8.0/System.Diagnostics.FileVersionInfo.dll
                 Private = 'false'
             C:\Program Files\dotnet\packs\Microsoft.NETCore.App.Ref\8.0.8\ref/net8.0/System.Diagnostics.Process.dll
                 Private = 'false'
             C:\Program Files\dotnet\packs\Microsoft.NETCore.App.Ref\8.0.8\ref/net8.0/System.Diagnostics.StackTrace.dll
                 Private = 'false'
             C:\Program Files\dotnet\packs\Microsoft.NETCore.App.Ref\8.0.8\ref/net8.0/System.Diagnostics.TextWriterTraceListener.dll
                 Private = 'false'
             C:\Program Files\dotnet\packs\Microsoft.NETCore.App.Ref\8.0.8\ref/net8.0/System.Diagnostics.Tools.dll
                 Private = 'false'
             C:\Program Files\dotnet\packs\Microsoft.NETCore.App.Ref\8.0.8\ref/net8.0/System.Diagnostics.TraceSource.dll
                 Private = 'false'
             C:\Program Files\dotnet\packs\Microsoft.NETCore.App.Ref\8.0.8\ref/net8.0/System.Diagnostics.Tracing.dll
                 Private = 'false'
             C:\Program Files\dotnet\packs\Microsoft.NETCore.App.Ref\8.0.8\ref/net8.0/System.Drawing.Primitives.dll
                 Private = 'false'
             C:\Program Files\dotnet\packs\Microsoft.NETCore.App.Ref\8.0.8\ref/net8.0/System.Dynamic.Runtime.dll
                 Private = 'false'
             C:\Program Files\dotnet\packs\Microsoft.NETCore.App.Ref\8.0.8\ref/net8.0/System.Formats.Asn1.dll
                 Private = 'false'
             C:\Program Files\dotnet\packs\Microsoft.NETCore.App.Ref\8.0.8\ref/net8.0/System.Formats.Tar.dll
                 Private = 'false'
             C:\Program Files\dotnet\packs\Microsoft.NETCore.App.Ref\8.0.8\ref/net8.0/System.Globalization.Calendars.dll
                 Private = 'false'
             C:\Program Files\dotnet\packs\Microsoft.NETCore.App.Ref\8.0.8\ref/net8.0/System.Globalization.Extensions.dll
                 Private = 'false'
             C:\Program Files\dotnet\packs\Microsoft.NETCore.App.Ref\8.0.8\ref/net8.0/System.Globalization.dll
                 Private = 'false'
             C:\Program Files\dotnet\packs\Microsoft.NETCore.App.Ref\8.0.8\ref/net8.0/System.IO.Compression.Brotli.dll
                 Private = 'false'
             C:\Program Files\dotnet\packs\Microsoft.NETCore.App.Ref\8.0.8\ref/net8.0/System.IO.Compression.FileSystem.dll
                 Private = 'false'
             C:\Program Files\dotnet\packs\Microsoft.NETCore.App.Ref\8.0.8\ref/net8.0/System.IO.Compression.ZipFile.dll
                 Private = 'false'
             C:\Program Files\dotnet\packs\Microsoft.NETCore.App.Ref\8.0.8\ref/net8.0/System.IO.Compression.dll
                 Private = 'false'
             C:\Program Files\dotnet\packs\Microsoft.NETCore.App.Ref\8.0.8\ref/net8.0/System.IO.FileSystem.AccessControl.dll
                 Private = 'false'
             C:\Program Files\dotnet\packs\Microsoft.NETCore.App.Ref\8.0.8\ref/net8.0/System.IO.FileSystem.DriveInfo.dll
                 Private = 'false'
             C:\Program Files\dotnet\packs\Microsoft.NETCore.App.Ref\8.0.8\ref/net8.0/System.IO.FileSystem.Primitives.dll
                 Private = 'false'
             C:\Program Files\dotnet\packs\Microsoft.NETCore.App.Ref\8.0.8\ref/net8.0/System.IO.FileSystem.Watcher.dll
                 Private = 'false'
             C:\Program Files\dotnet\packs\Microsoft.NETCore.App.Ref\8.0.8\ref/net8.0/System.IO.FileSystem.dll
                 Private = 'false'
             C:\Program Files\dotnet\packs\Microsoft.NETCore.App.Ref\8.0.8\ref/net8.0/System.IO.IsolatedStorage.dll
                 Private = 'false'
             C:\Program Files\dotnet\packs\Microsoft.NETCore.App.Ref\8.0.8\ref/net8.0/System.IO.MemoryMappedFiles.dll
                 Private = 'false'
             C:\Program Files\dotnet\packs\Microsoft.NETCore.App.Ref\8.0.8\ref/net8.0/System.IO.Pipes.AccessControl.dll
                 Private = 'false'
             C:\Program Files\dotnet\packs\Microsoft.NETCore.App.Ref\8.0.8\ref/net8.0/System.IO.Pipes.dll
                 Private = 'false'
             C:\Program Files\dotnet\packs\Microsoft.NETCore.App.Ref\8.0.8\ref/net8.0/System.IO.UnmanagedMemoryStream.dll
                 Private = 'false'
             C:\Program Files\dotnet\packs\Microsoft.NETCore.App.Ref\8.0.8\ref/net8.0/System.IO.dll
                 Private = 'false'
             C:\Program Files\dotnet\packs\Microsoft.NETCore.App.Ref\8.0.8\ref/net8.0/System.Linq.Expressions.dll
                 Private = 'false'
             C:\Program Files\dotnet\packs\Microsoft.NETCore.App.Ref\8.0.8\ref/net8.0/System.Linq.Parallel.dll
                 Private = 'false'
             C:\Program Files\dotnet\packs\Microsoft.NETCore.App.Ref\8.0.8\ref/net8.0/System.Linq.Queryable.dll
                 Private = 'false'
             C:\Program Files\dotnet\packs\Microsoft.NETCore.App.Ref\8.0.8\ref/net8.0/System.Linq.dll
                 Private = 'false'
             C:\Program Files\dotnet\packs\Microsoft.NETCore.App.Ref\8.0.8\ref/net8.0/System.Memory.dll
                 Private = 'false'
             C:\Program Files\dotnet\packs\Microsoft.NETCore.App.Ref\8.0.8\ref/net8.0/System.Net.Http.Json.dll
                 Private = 'false'
             C:\Program Files\dotnet\packs\Microsoft.NETCore.App.Ref\8.0.8\ref/net8.0/System.Net.Http.dll
                 Private = 'false'
             C:\Program Files\dotnet\packs\Microsoft.NETCore.App.Ref\8.0.8\ref/net8.0/System.Net.HttpListener.dll
                 Private = 'false'
             C:\Program Files\dotnet\packs\Microsoft.NETCore.App.Ref\8.0.8\ref/net8.0/System.Net.Mail.dll
                 Private = 'false'
             C:\Program Files\dotnet\packs\Microsoft.NETCore.App.Ref\8.0.8\ref/net8.0/System.Net.NameResolution.dll
                 Private = 'false'
             C:\Program Files\dotnet\packs\Microsoft.NETCore.App.Ref\8.0.8\ref/net8.0/System.Net.NetworkInformation.dll
                 Private = 'false'
             C:\Program Files\dotnet\packs\Microsoft.NETCore.App.Ref\8.0.8\ref/net8.0/System.Net.Ping.dll
                 Private = 'false'
             C:\Program Files\dotnet\packs\Microsoft.NETCore.App.Ref\8.0.8\ref/net8.0/System.Net.Primitives.dll
                 Private = 'false'
             C:\Program Files\dotnet\packs\Microsoft.NETCore.App.Ref\8.0.8\ref/net8.0/System.Net.Quic.dll
                 Private = 'false'
             C:\Program Files\dotnet\packs\Microsoft.NETCore.App.Ref\8.0.8\ref/net8.0/System.Net.Requests.dll
                 Private = 'false'
             C:\Program Files\dotnet\packs\Microsoft.NETCore.App.Ref\8.0.8\ref/net8.0/System.Net.Security.dll
                 Private = 'false'
             C:\Program Files\dotnet\packs\Microsoft.NETCore.App.Ref\8.0.8\ref/net8.0/System.Net.ServicePoint.dll
                 Private = 'false'
             C:\Program Files\dotnet\packs\Microsoft.NETCore.App.Ref\8.0.8\ref/net8.0/System.Net.Sockets.dll
                 Private = 'false'
             C:\Program Files\dotnet\packs\Microsoft.NETCore.App.Ref\8.0.8\ref/net8.0/System.Net.WebClient.dll
                 Private = 'false'
             C:\Program Files\dotnet\packs\Microsoft.NETCore.App.Ref\8.0.8\ref/net8.0/System.Net.WebHeaderCollection.dll
                 Private = 'false'
             C:\Program Files\dotnet\packs\Microsoft.NETCore.App.Ref\8.0.8\ref/net8.0/System.Net.WebProxy.dll
                 Private = 'false'
             C:\Program Files\dotnet\packs\Microsoft.NETCore.App.Ref\8.0.8\ref/net8.0/System.Net.WebSockets.Client.dll
                 Private = 'false'
             C:\Program Files\dotnet\packs\Microsoft.NETCore.App.Ref\8.0.8\ref/net8.0/System.Net.WebSockets.dll
                 Private = 'false'
             C:\Program Files\dotnet\packs\Microsoft.NETCore.App.Ref\8.0.8\ref/net8.0/System.Net.dll
                 Private = 'false'
             C:\Program Files\dotnet\packs\Microsoft.NETCore.App.Ref\8.0.8\ref/net8.0/System.Numerics.Vectors.dll
                 Private = 'false'
             C:\Program Files\dotnet\packs\Microsoft.NETCore.App.Ref\8.0.8\ref/net8.0/System.Numerics.dll
                 Private = 'false'
             C:\Program Files\dotnet\packs\Microsoft.NETCore.App.Ref\8.0.8\ref/net8.0/System.ObjectModel.dll
                 Private = 'false'
             C:\Program Files\dotnet\packs\Microsoft.NETCore.App.Ref\8.0.8\ref/net8.0/System.Reflection.DispatchProxy.dll
                 Private = 'false'
             C:\Program Files\dotnet\packs\Microsoft.NETCore.App.Ref\8.0.8\ref/net8.0/System.Reflection.Emit.ILGeneration.dll
                 Private = 'false'
             C:\Program Files\dotnet\packs\Microsoft.NETCore.App.Ref\8.0.8\ref/net8.0/System.Reflection.Emit.Lightweight.dll
                 Private = 'false'
             C:\Program Files\dotnet\packs\Microsoft.NETCore.App.Ref\8.0.8\ref/net8.0/System.Reflection.Emit.dll
                 Private = 'false'
             C:\Program Files\dotnet\packs\Microsoft.NETCore.App.Ref\8.0.8\ref/net8.0/System.Reflection.Extensions.dll
                 Private = 'false'
             C:\Program Files\dotnet\packs\Microsoft.NETCore.App.Ref\8.0.8\ref/net8.0/System.Reflection.Metadata.dll
                 Private = 'false'
             C:\Program Files\dotnet\packs\Microsoft.NETCore.App.Ref\8.0.8\ref/net8.0/System.Reflection.Primitives.dll
                 Private = 'false'
             C:\Program Files\dotnet\packs\Microsoft.NETCore.App.Ref\8.0.8\ref/net8.0/System.Reflection.TypeExtensions.dll
                 Private = 'false'
             C:\Program Files\dotnet\packs\Microsoft.NETCore.App.Ref\8.0.8\ref/net8.0/System.Reflection.dll
                 Private = 'false'
             C:\Program Files\dotnet\packs\Microsoft.NETCore.App.Ref\8.0.8\ref/net8.0/System.Resources.Reader.dll
                 Private = 'false'
             C:\Program Files\dotnet\packs\Microsoft.NETCore.App.Ref\8.0.8\ref/net8.0/System.Resources.ResourceManager.dll
                 Private = 'false'
             C:\Program Files\dotnet\packs\Microsoft.NETCore.App.Ref\8.0.8\ref/net8.0/System.Resources.Writer.dll
                 Private = 'false'
             C:\Program Files\dotnet\packs\Microsoft.NETCore.App.Ref\8.0.8\ref/net8.0/System.Runtime.CompilerServices.Unsafe.dll
                 Private = 'false'
             C:\Program Files\dotnet\packs\Microsoft.NETCore.App.Ref\8.0.8\ref/net8.0/System.Runtime.CompilerServices.VisualC.dll
                 Private = 'false'
             C:\Program Files\dotnet\packs\Microsoft.NETCore.App.Ref\8.0.8\ref/net8.0/System.Runtime.Extensions.dll
                 Private = 'false'
             C:\Program Files\dotnet\packs\Microsoft.NETCore.App.Ref\8.0.8\ref/net8.0/System.Runtime.Handles.dll
                 Private = 'false'
             C:\Program Files\dotnet\packs\Microsoft.NETCore.App.Ref\8.0.8\ref/net8.0/System.Runtime.InteropServices.JavaScript.dll
                 Private = 'false'
             C:\Program Files\dotnet\packs\Microsoft.NETCore.App.Ref\8.0.8\ref/net8.0/System.Runtime.InteropServices.RuntimeInformation.dll
                 Private = 'false'
             C:\Program Files\dotnet\packs\Microsoft.NETCore.App.Ref\8.0.8\ref/net8.0/System.Runtime.InteropServices.dll
                 Private = 'false'
             C:\Program Files\dotnet\packs\Microsoft.NETCore.App.Ref\8.0.8\ref/net8.0/System.Runtime.Intrinsics.dll
                 Private = 'false'
             C:\Program Files\dotnet\packs\Microsoft.NETCore.App.Ref\8.0.8\ref/net8.0/System.Runtime.Loader.dll
                 Private = 'false'
             C:\Program Files\dotnet\packs\Microsoft.NETCore.App.Ref\8.0.8\ref/net8.0/System.Runtime.Numerics.dll
                 Private = 'false'
             C:\Program Files\dotnet\packs\Microsoft.NETCore.App.Ref\8.0.8\ref/net8.0/System.Runtime.Serialization.Formatters.dll
                 Private = 'false'
             C:\Program Files\dotnet\packs\Microsoft.NETCore.App.Ref\8.0.8\ref/net8.0/System.Runtime.Serialization.Json.dll
                 Private = 'false'
             C:\Program Files\dotnet\packs\Microsoft.NETCore.App.Ref\8.0.8\ref/net8.0/System.Runtime.Serialization.Primitives.dll
                 Private = 'false'
             C:\Program Files\dotnet\packs\Microsoft.NETCore.App.Ref\8.0.8\ref/net8.0/System.Runtime.Serialization.Xml.dll
                 Private = 'false'
             C:\Program Files\dotnet\packs\Microsoft.NETCore.App.Ref\8.0.8\ref/net8.0/System.Runtime.Serialization.dll
                 Private = 'false'
             C:\Program Files\dotnet\packs\Microsoft.NETCore.App.Ref\8.0.8\ref/net8.0/System.Runtime.dll
                 Private = 'false'
             C:\Program Files\dotnet\packs\Microsoft.NETCore.App.Ref\8.0.8\ref/net8.0/System.Security.AccessControl.dll
                 Private = 'false'
             C:\Program Files\dotnet\packs\Microsoft.NETCore.App.Ref\8.0.8\ref/net8.0/System.Security.Claims.dll
                 Private = 'false'
             C:\Program Files\dotnet\packs\Microsoft.NETCore.App.Ref\8.0.8\ref/net8.0/System.Security.Cryptography.Algorithms.dll
                 Private = 'false'
             C:\Program Files\dotnet\packs\Microsoft.NETCore.App.Ref\8.0.8\ref/net8.0/System.Security.Cryptography.Cng.dll
                 Private = 'false'
             C:\Program Files\dotnet\packs\Microsoft.NETCore.App.Ref\8.0.8\ref/net8.0/System.Security.Cryptography.Csp.dll
                 Private = 'false'
             C:\Program Files\dotnet\packs\Microsoft.NETCore.App.Ref\8.0.8\ref/net8.0/System.Security.Cryptography.Encoding.dll
                 Private = 'false'
             C:\Program Files\dotnet\packs\Microsoft.NETCore.App.Ref\8.0.8\ref/net8.0/System.Security.Cryptography.OpenSsl.dll
                 Private = 'false'
             C:\Program Files\dotnet\packs\Microsoft.NETCore.App.Ref\8.0.8\ref/net8.0/System.Security.Cryptography.Primitives.dll
                 Private = 'false'
             C:\Program Files\dotnet\packs\Microsoft.NETCore.App.Ref\8.0.8\ref/net8.0/System.Security.Cryptography.X509Certificates.dll
                 Private = 'false'
             C:\Program Files\dotnet\packs\Microsoft.NETCore.App.Ref\8.0.8\ref/net8.0/System.Security.Cryptography.dll
                 Private = 'false'
             C:\Program Files\dotnet\packs\Microsoft.NETCore.App.Ref\8.0.8\ref/net8.0/System.Security.Principal.Windows.dll
                 Private = 'false'
             C:\Program Files\dotnet\packs\Microsoft.NETCore.App.Ref\8.0.8\ref/net8.0/System.Security.Principal.dll
                 Private = 'false'
             C:\Program Files\dotnet\packs\Microsoft.NETCore.App.Ref\8.0.8\ref/net8.0/System.Security.SecureString.dll
                 Private = 'false'
             C:\Program Files\dotnet\packs\Microsoft.NETCore.App.Ref\8.0.8\ref/net8.0/System.Security.dll
                 Private = 'false'
             C:\Program Files\dotnet\packs\Microsoft.NETCore.App.Ref\8.0.8\ref/net8.0/System.ServiceModel.Web.dll
                 Private = 'false'
             C:\Program Files\dotnet\packs\Microsoft.NETCore.App.Ref\8.0.8\ref/net8.0/System.ServiceProcess.dll
                 Private = 'false'
             C:\Program Files\dotnet\packs\Microsoft.NETCore.App.Ref\8.0.8\ref/net8.0/System.Text.Encoding.CodePages.dll
                 Private = 'false'
             C:\Program Files\dotnet\packs\Microsoft.NETCore.App.Ref\8.0.8\ref/net8.0/System.Text.Encoding.Extensions.dll
                 Private = 'false'
             C:\Program Files\dotnet\packs\Microsoft.NETCore.App.Ref\8.0.8\ref/net8.0/System.Text.Encoding.dll
                 Private = 'false'
             C:\Program Files\dotnet\packs\Microsoft.NETCore.App.Ref\8.0.8\ref/net8.0/System.Text.Encodings.Web.dll
                 Private = 'false'
             C:\Program Files\dotnet\packs\Microsoft.NETCore.App.Ref\8.0.8\ref/net8.0/System.Text.Json.dll
                 Private = 'false'
             C:\Program Files\dotnet\packs\Microsoft.NETCore.App.Ref\8.0.8\ref/net8.0/System.Text.RegularExpressions.dll
                 Private = 'false'
             C:\Program Files\dotnet\packs\Microsoft.NETCore.App.Ref\8.0.8\ref/net8.0/System.Threading.Channels.dll
                 Private = 'false'
             C:\Program Files\dotnet\packs\Microsoft.NETCore.App.Ref\8.0.8\ref/net8.0/System.Threading.Overlapped.dll
                 Private = 'false'
             C:\Program Files\dotnet\packs\Microsoft.NETCore.App.Ref\8.0.8\ref/net8.0/System.Threading.Tasks.Dataflow.dll
                 Private = 'false'
             C:\Program Files\dotnet\packs\Microsoft.NETCore.App.Ref\8.0.8\ref/net8.0/System.Threading.Tasks.Extensions.dll
                 Private = 'false'
             C:\Program Files\dotnet\packs\Microsoft.NETCore.App.Ref\8.0.8\ref/net8.0/System.Threading.Tasks.Parallel.dll
                 Private = 'false'
             C:\Program Files\dotnet\packs\Microsoft.NETCore.App.Ref\8.0.8\ref/net8.0/System.Threading.Tasks.dll
                 Private = 'false'
             C:\Program Files\dotnet\packs\Microsoft.NETCore.App.Ref\8.0.8\ref/net8.0/System.Threading.Thread.dll
                 Private = 'false'
             C:\Program Files\dotnet\packs\Microsoft.NETCore.App.Ref\8.0.8\ref/net8.0/System.Threading.ThreadPool.dll
                 Private = 'false'
             C:\Program Files\dotnet\packs\Microsoft.NETCore.App.Ref\8.0.8\ref/net8.0/System.Threading.Timer.dll
                 Private = 'false'
             C:\Program Files\dotnet\packs\Microsoft.NETCore.App.Ref\8.0.8\ref/net8.0/System.Threading.dll
                 Private = 'false'
             C:\Program Files\dotnet\packs\Microsoft.NETCore.App.Ref\8.0.8\ref/net8.0/System.Transactions.Local.dll
                 Private = 'false'
             C:\Program Files\dotnet\packs\Microsoft.NETCore.App.Ref\8.0.8\ref/net8.0/System.Transactions.dll
                 Private = 'false'
             C:\Program Files\dotnet\packs\Microsoft.NETCore.App.Ref\8.0.8\ref/net8.0/System.ValueTuple.dll
                 Private = 'false'
             C:\Program Files\dotnet\packs\Microsoft.NETCore.App.Ref\8.0.8\ref/net8.0/System.Web.HttpUtility.dll
                 Private = 'false'
             C:\Program Files\dotnet\packs\Microsoft.NETCore.App.Ref\8.0.8\ref/net8.0/System.Web.dll
                 Private = 'false'
             C:\Program Files\dotnet\packs\Microsoft.NETCore.App.Ref\8.0.8\ref/net8.0/System.Windows.dll
                 Private = 'false'
             C:\Program Files\dotnet\packs\Microsoft.NETCore.App.Ref\8.0.8\ref/net8.0/System.Xml.Linq.dll
                 Private = 'false'
             C:\Program Files\dotnet\packs\Microsoft.NETCore.App.Ref\8.0.8\ref/net8.0/System.Xml.ReaderWriter.dll
                 Private = 'false'
             C:\Program Files\dotnet\packs\Microsoft.NETCore.App.Ref\8.0.8\ref/net8.0/System.Xml.Serialization.dll
                 Private = 'false'
             C:\Program Files\dotnet\packs\Microsoft.NETCore.App.Ref\8.0.8\ref/net8.0/System.Xml.XDocument.dll
                 Private = 'false'
             C:\Program Files\dotnet\packs\Microsoft.NETCore.App.Ref\8.0.8\ref/net8.0/System.Xml.XPath.XDocument.dll
                 Private = 'false'
             C:\Program Files\dotnet\packs\Microsoft.NETCore.App.Ref\8.0.8\ref/net8.0/System.Xml.XPath.dll
                 Private = 'false'
             C:\Program Files\dotnet\packs\Microsoft.NETCore.App.Ref\8.0.8\ref/net8.0/System.Xml.XmlDocument.dll
                 Private = 'false'
             C:\Program Files\dotnet\packs\Microsoft.NETCore.App.Ref\8.0.8\ref/net8.0/System.Xml.XmlSerializer.dll
                 Private = 'false'
             C:\Program Files\dotnet\packs\Microsoft.NETCore.App.Ref\8.0.8\ref/net8.0/System.Xml.dll
                 Private = 'false'
             C:\Program Files\dotnet\packs\Microsoft.NETCore.App.Ref\8.0.8\ref/net8.0/System.dll
                 Private = 'false'
             C:\Program Files\dotnet\packs\Microsoft.NETCore.App.Ref\8.0.8\ref/net8.0/WindowsBase.dll
                 Private = 'false'
             C:\Program Files\dotnet\packs\Microsoft.NETCore.App.Ref\8.0.8\ref/net8.0/mscorlib.dll
                 Private = 'false'
             C:\Program Files\dotnet\packs\Microsoft.NETCore.App.Ref\8.0.8\ref/net8.0/netstandard.dll
                 Private = 'false'
             C:\Program Files\dotnet\packs\Microsoft.WindowsDesktop.App.Ref\8.0.8\ref/net8.0/Accessibility.dll
                 Private = 'false'
             C:\Program Files\dotnet\packs\Microsoft.WindowsDesktop.App.Ref\8.0.8\ref/net8.0/Microsoft.VisualBasic.Forms.dll
                 Private = 'false'
             C:\Program Files\dotnet\packs\Microsoft.WindowsDesktop.App.Ref\8.0.8\ref/net8.0/Microsoft.VisualBasic.dll
                 Private = 'false'
             C:\Program Files\dotnet\packs\Microsoft.WindowsDesktop.App.Ref\8.0.8\ref/net8.0/Microsoft.Win32.Registry.AccessControl.dll
                 Private = 'false'
             C:\Program Files\dotnet\packs\Microsoft.WindowsDesktop.App.Ref\8.0.8\ref/net8.0/Microsoft.Win32.SystemEvents.dll
                 Private = 'false'
             C:\Program Files\dotnet\packs\Microsoft.WindowsDesktop.App.Ref\8.0.8\ref/net8.0/System.CodeDom.dll
                 Private = 'false'
             C:\Program Files\dotnet\packs\Microsoft.WindowsDesktop.App.Ref\8.0.8\ref/net8.0/System.Configuration.ConfigurationManager.dll
                 Private = 'false'
             C:\Program Files\dotnet\packs\Microsoft.WindowsDesktop.App.Ref\8.0.8\ref/net8.0/System.Design.dll
                 Private = 'false'
             C:\Program Files\dotnet\packs\Microsoft.WindowsDesktop.App.Ref\8.0.8\ref/net8.0/System.Diagnostics.EventLog.dll
                 Private = 'false'
             C:\Program Files\dotnet\packs\Microsoft.WindowsDesktop.App.Ref\8.0.8\ref/net8.0/System.Diagnostics.PerformanceCounter.dll
                 Private = 'false'
             C:\Program Files\dotnet\packs\Microsoft.WindowsDesktop.App.Ref\8.0.8\ref/net8.0/System.DirectoryServices.dll
                 Private = 'false'
             C:\Program Files\dotnet\packs\Microsoft.WindowsDesktop.App.Ref\8.0.8\ref/net8.0/System.Drawing.Common.dll
                 Private = 'false'
             C:\Program Files\dotnet\packs\Microsoft.WindowsDesktop.App.Ref\8.0.8\ref/net8.0/System.Drawing.Design.dll
                 Private = 'false'
             C:\Program Files\dotnet\packs\Microsoft.WindowsDesktop.App.Ref\8.0.8\ref/net8.0/System.Drawing.dll
                 Private = 'false'
             C:\Program Files\dotnet\packs\Microsoft.WindowsDesktop.App.Ref\8.0.8\ref/net8.0/System.IO.Packaging.dll
                 Private = 'false'
             C:\Program Files\dotnet\packs\Microsoft.WindowsDesktop.App.Ref\8.0.8\ref/net8.0/System.Resources.Extensions.dll
                 Private = 'false'
             C:\Program Files\dotnet\packs\Microsoft.WindowsDesktop.App.Ref\8.0.8\ref/net8.0/System.Security.Cryptography.Pkcs.dll
                 Private = 'false'
             C:\Program Files\dotnet\packs\Microsoft.WindowsDesktop.App.Ref\8.0.8\ref/net8.0/System.Security.Cryptography.ProtectedData.dll
                 Private = 'false'
             C:\Program Files\dotnet\packs\Microsoft.WindowsDesktop.App.Ref\8.0.8\ref/net8.0/System.Security.Cryptography.Xml.dll
                 Private = 'false'
             C:\Program Files\dotnet\packs\Microsoft.WindowsDesktop.App.Ref\8.0.8\ref/net8.0/System.Security.Permissions.dll
                 Private = 'false'
             C:\Program Files\dotnet\packs\Microsoft.WindowsDesktop.App.Ref\8.0.8\ref/net8.0/System.Threading.AccessControl.dll
                 Private = 'false'
             C:\Program Files\dotnet\packs\Microsoft.WindowsDesktop.App.Ref\8.0.8\ref/net8.0/System.Windows.Extensions.dll
                 Private = 'false'
             C:\Program Files\dotnet\packs\Microsoft.WindowsDesktop.App.Ref\8.0.8\ref/net8.0/System.Windows.Forms.Design.Editors.dll
                 Private = 'false'
             C:\Program Files\dotnet\packs\Microsoft.WindowsDesktop.App.Ref\8.0.8\ref/net8.0/System.Windows.Forms.Design.dll
                 Private = 'false'
             C:\Program Files\dotnet\packs\Microsoft.WindowsDesktop.App.Ref\8.0.8\ref/net8.0/System.Windows.Forms.Primitives.dll
                 Private = 'false'
             C:\Program Files\dotnet\packs\Microsoft.WindowsDesktop.App.Ref\8.0.8\ref/net8.0/System.Windows.Forms.dll
                 Private = 'false'
         AssemblyFiles:
             C:\Users\NoahR\OneDrive\Desktop\Jarvis\src\Jarvis.Core\bin\Debug\net8.0\Jarvis.Core.dll
         CandidateAssemblyFiles:
         TargetFrameworkDirectories:
             
         InstalledAssemblyTables:
         IgnoreInstalledAssemblyTable:
             False
         SearchPaths:
             {CandidateAssemblyFiles}
             {HintPathFromItem}
             {TargetFrameworkDirectory}
             {RawFileName}
         AllowedAssemblyExtensions:
             .winmd
             .dll
             .exe
         AllowedRelatedFileExtensions:
             .pdb
             .xml
             .pri
             .dll.config
             .exe.config
         AppConfigFile:
             
         AutoUnify:
             True
         CopyLocalDependenciesWhenParentReferenceInGac:
             True
         FindDependencies:
             True
         TargetProcessorArchitecture:
             msil
         StateFile:
             obj\Debug\net8.0-windows\Jarvis.App.csproj.AssemblyReference.cache
         InstalledAssemblySubsetTables:
         IgnoreInstalledAssemblySubsetTable:
             False
         TargetFrameworkSubsets:
         FullTargetFrameworkSubsetNames:
             Full
         ProfileName:
             
         FullFrameworkFolders:
         LatestTargetFrameworkDirectories:
         ProfileTablesLocation:
         Primary reference "Jarvis.Core, Version=1.0.0.0, Culture=neutral, PublicKeyToken=null".
             Resolved file path is "C:\Users\NoahR\OneDrive\Desktop\Jarvis\src\Jarvis.Core\bin\Debug\net8.0\Jarvis.Core.dll".
             Reference found at search path location "C:\Users\NoahR\OneDrive\Desktop\Jarvis\src\Jarvis.Core\bin\Debug\net8.0\Jarvis.Core.dll".
             Found related file "C:\Users\NoahR\OneDrive\Desktop\Jarvis\src\Jarvis.Core\bin\Debug\net8.0\Jarvis.Core.pdb".
         Primary reference "NAudio, Version=2.2.1.0, Culture=neutral, PublicKeyToken=e279aa5131008a41".
             Resolved file path is "C:\Users\NoahR\.nuget\packages\naudio\2.2.1\lib\net6.0-windows7.0\NAudio.dll".
             Reference found at search path location "{HintPathFromItem}".
             This reference is not "CopyLocal" because at least one source item had "Private" set to "false" and no source items had "Private" set to "true".
         Primary reference "NAudio.Asio, Version=2.2.1.0, Culture=neutral, PublicKeyToken=e279aa5131008a41".
             Resolved file path is "C:\Users\NoahR\.nuget\packages\naudio.asio\2.2.1\lib\netstandard2.0\NAudio.Asio.dll".
             Reference found at search path location "{HintPathFromItem}".
             This reference is not "CopyLocal" because at least one source item had "Private" set to "false" and no source items had "Private" set to "true".
         Primary reference "NAudio.Core, Version=2.2.1.0, Culture=neutral, PublicKeyToken=e279aa5131008a41".
             Resolved file path is "C:\Users\NoahR\.nuget\packages\naudio.core\2.2.1\lib\netstandard2.0\NAudio.Core.dll".
             Reference found at search path location "{HintPathFromItem}".
             This reference is not "CopyLocal" because at least one source item had "Private" set to "false" and no source items had "Private" set to "true".
         Primary reference "NAudio.Midi, Version=2.2.1.0, Culture=neutral, PublicKeyToken=e279aa5131008a41".
             Resolved file path is "C:\Users\NoahR\.nuget\packages\naudio.midi\2.2.1\lib\netstandard2.0\NAudio.Midi.dll".
             Reference found at search path location "{HintPathFromItem}".
             This reference is not "CopyLocal" because at least one source item had "Private" set to "false" and no source items had "Private" set to "true".
         Primary reference "NAudio.Wasapi, Version=2.2.1.0, Culture=neutral, PublicKeyToken=e279aa5131008a41".
             Resolved file path is "C:\Users\NoahR\.nuget\packages\naudio.wasapi\2.2.1\lib\netstandard2.0\NAudio.Wasapi.dll".
             Reference found at search path location "{HintPathFromItem}".
             This reference is not "CopyLocal" because at least one source item had "Private" set to "false" and no source items had "Private" set to "true".
         Primary reference "NAudio.WinForms, Version=2.2.1.0, Culture=neutral, PublicKeyToken=e279aa5131008a41".
             Resolved file path is "C:\Users\NoahR\.nuget\packages\naudio.winforms\2.2.1\lib\netcoreapp3.1\NAudio.WinForms.dll".
             Reference found at search path location "{HintPathFromItem}".
             This reference is not "CopyLocal" because at least one source item had "Private" set to "false" and no source items had "Private" set to "true".
         Primary reference "NAudio.WinMM, Version=2.2.1.0, Culture=neutral, PublicKeyToken=e279aa5131008a41".
             Resolved file path is "C:\Users\NoahR\.nuget\packages\naudio.winmm\2.2.1\lib\netstandard2.0\NAudio.WinMM.dll".
             Reference found at search path location "{HintPathFromItem}".
             This reference is not "CopyLocal" because at least one source item had "Private" set to "false" and no source items had "Private" set to "true".
         Primary reference "System.Speech, Version=8.0.0.0, Culture=neutral, PublicKeyToken=31bf3856ad364e35".
             Resolved file path is "C:\Users\NoahR\.nuget\packages\system.speech\8.0.0\lib\net8.0\System.Speech.dll".
             Reference found at search path location "{HintPathFromItem}".
             This reference is not "CopyLocal" because at least one source item had "Private" set to "false" and no source items had "Private" set to "true".
         Primary reference "Microsoft.CSharp, Version=8.0.0.0, Culture=neutral, PublicKeyToken=b03f5f7f11d50a3a".
             Resolved file path is "C:\Program Files\dotnet\packs\Microsoft.NETCore.App.Ref\8.0.8\ref\net8.0\Microsoft.CSharp.dll".
             Reference found at search path location "{RawFileName}".
             This reference is not "CopyLocal" because at least one source item had "Private" set to "false" and no source items had "Private" set to "true".
         Primary reference "Microsoft.VisualBasic.Core, Version=13.0.0.0, Culture=neutral, PublicKeyToken=b03f5f7f11d50a3a".
             Resolved file path is "C:\Program Files\dotnet\packs\Microsoft.NETCore.App.Ref\8.0.8\ref\net8.0\Microsoft.VisualBasic.Core.dll".
             Reference found at search path location "{RawFileName}".
             This reference is not "CopyLocal" because at least one source item had "Private" set to "false" and no source items had "Private" set to "true".
         Primary reference "Microsoft.Win32.Primitives, Version=8.0.0.0, Culture=neutral, PublicKeyToken=b03f5f7f11d50a3a".
             Resolved file path is "C:\Program Files\dotnet\packs\Microsoft.NETCore.App.Ref\8.0.8\ref\net8.0\Microsoft.Win32.Primitives.dll".
             Reference found at search path location "{RawFileName}".
             This reference is not "CopyLocal" because at least one source item had "Private" set to "false" and no source items had "Private" set to "true".
         Primary reference "Microsoft.Win32.Registry, Version=8.0.0.0, Culture=neutral, PublicKeyToken=b03f5f7f11d50a3a".
             Resolved file path is "C:\Program Files\dotnet\packs\Microsoft.NETCore.App.Ref\8.0.8\ref\net8.0\Microsoft.Win32.Registry.dll".
             Reference found at search path location "{RawFileName}".
             This reference is not "CopyLocal" because at least one source item had "Private" set to "false" and no source items had "Private" set to "true".
         Primary reference "System.AppContext, Version=8.0.0.0, Culture=neutral, PublicKeyToken=b03f5f7f11d50a3a".
             Resolved file path is "C:\Program Files\dotnet\packs\Microsoft.NETCore.App.Ref\8.0.8\ref\net8.0\System.AppContext.dll".
             Reference found at search path location "{RawFileName}".
             This reference is not "CopyLocal" because at least one source item had "Private" set to "false" and no source items had "Private" set to "true".
         Primary reference "System.Buffers, Version=8.0.0.0, Culture=neutral, PublicKeyToken=cc7b13ffcd2ddd51".
             Resolved file path is "C:\Program Files\dotnet\packs\Microsoft.NETCore.App.Ref\8.0.8\ref\net8.0\System.Buffers.dll".
             Reference found at search path location "{RawFileName}".
             This reference is not "CopyLocal" because at least one source item had "Private" set to "false" and no source items had "Private" set to "true".
         Primary reference "System.Collections.Concurrent, Version=8.0.0.0, Culture=neutral, PublicKeyToken=b03f5f7f11d50a3a".
             Resolved file path is "C:\Program Files\dotnet\packs\Microsoft.NETCore.App.Ref\8.0.8\ref\net8.0\System.Collections.Concurrent.dll".
             Reference found at search path location "{RawFileName}".
             This reference is not "CopyLocal" because at least one source item had "Private" set to "false" and no source items had "Private" set to "true".
         Primary reference "System.Collections.Immutable, Version=8.0.0.0, Culture=neutral, PublicKeyToken=b03f5f7f11d50a3a".
             Resolved file path is "C:\Program Files\dotnet\packs\Microsoft.NETCore.App.Ref\8.0.8\ref\net8.0\System.Collections.Immutable.dll".
             Reference found at search path location "{RawFileName}".
             This reference is not "CopyLocal" because at least one source item had "Private" set to "false" and no source items had "Private" set to "true".
         Primary reference "System.Collections.NonGeneric, Version=8.0.0.0, Culture=neutral, PublicKeyToken=b03f5f7f11d50a3a".
             Resolved file path is "C:\Program Files\dotnet\packs\Microsoft.NETCore.App.Ref\8.0.8\ref\net8.0\System.Collections.NonGeneric.dll".
             Reference found at search path location "{RawFileName}".
             This reference is not "CopyLocal" because at least one source item had "Private" set to "false" and no source items had "Private" set to "true".
         Primary reference "System.Collections.Specialized, Version=8.0.0.0, Culture=neutral, PublicKeyToken=b03f5f7f11d50a3a".
             Resolved file path is "C:\Program Files\dotnet\packs\Microsoft.NETCore.App.Ref\8.0.8\ref\net8.0\System.Collections.Specialized.dll".
             Reference found at search path location "{RawFileName}".
             This reference is not "CopyLocal" because at least one source item had "Private" set to "false" and no source items had "Private" set to "true".
         Primary reference "System.Collections, Version=8.0.0.0, Culture=neutral, PublicKeyToken=b03f5f7f11d50a3a".
             Resolved file path is "C:\Program Files\dotnet\packs\Microsoft.NETCore.App.Ref\8.0.8\ref\net8.0\System.Collections.dll".
             Reference found at search path location "{RawFileName}".
             This reference is not "CopyLocal" because at least one source item had "Private" set to "false" and no source items had "Private" set to "true".
         Primary reference "System.ComponentModel.Annotations, Version=8.0.0.0, Culture=neutral, PublicKeyToken=b03f5f7f11d50a3a".
             Resolved file path is "C:\Program Files\dotnet\packs\Microsoft.NETCore.App.Ref\8.0.8\ref\net8.0\System.ComponentModel.Annotations.dll".
             Reference found at search path location "{RawFileName}".
             This reference is not "CopyLocal" because at least one source item had "Private" set to "false" and no source items had "Private" set to "true".
         Primary reference "System.ComponentModel.DataAnnotations, Version=4.0.0.0, Culture=neutral, PublicKeyToken=31bf3856ad364e35".
             Resolved file path is "C:\Program Files\dotnet\packs\Microsoft.NETCore.App.Ref\8.0.8\ref\net8.0\System.ComponentModel.DataAnnotations.dll".
             Reference found at search path location "{RawFileName}".
             This reference is not "CopyLocal" because at least one source item had "Private" set to "false" and no source items had "Private" set to "true".
         Primary reference "System.ComponentModel.EventBasedAsync, Version=8.0.0.0, Culture=neutral, PublicKeyToken=b03f5f7f11d50a3a".
             Resolved file path is "C:\Program Files\dotnet\packs\Microsoft.NETCore.App.Ref\8.0.8\ref\net8.0\System.ComponentModel.EventBasedAsync.dll".
             Reference found at search path location "{RawFileName}".
             This reference is not "CopyLocal" because at least one source item had "Private" set to "false" and no source items had "Private" set to "true".
         Primary reference "System.ComponentModel.Primitives, Version=8.0.0.0, Culture=neutral, PublicKeyToken=b03f5f7f11d50a3a".
             Resolved file path is "C:\Program Files\dotnet\packs\Microsoft.NETCore.App.Ref\8.0.8\ref\net8.0\System.ComponentModel.Primitives.dll".
             Reference found at search path location "{RawFileName}".
             This reference is not "CopyLocal" because at least one source item had "Private" set to "false" and no source items had "Private" set to "true".
         Primary reference "System.ComponentModel.TypeConverter, Version=8.0.0.0, Culture=neutral, PublicKeyToken=b03f5f7f11d50a3a".
             Resolved file path is "C:\Program Files\dotnet\packs\Microsoft.NETCore.App.Ref\8.0.8\ref\net8.0\System.ComponentModel.TypeConverter.dll".
             Reference found at search path location "{RawFileName}".
             This reference is not "CopyLocal" because at least one source item had "Private" set to "false" and no source items had "Private" set to "true".
         Primary reference "System.ComponentModel, Version=8.0.0.0, Culture=neutral, PublicKeyToken=b03f5f7f11d50a3a".
             Resolved file path is "C:\Program Files\dotnet\packs\Microsoft.NETCore.App.Ref\8.0.8\ref\net8.0\System.ComponentModel.dll".
             Reference found at search path location "{RawFileName}".
             This reference is not "CopyLocal" because at least one source item had "Private" set to "false" and no source items had "Private" set to "true".
         Primary reference "System.Configuration, Version=4.0.0.0, Culture=neutral, PublicKeyToken=b03f5f7f11d50a3a".
             Resolved file path is "C:\Program Files\dotnet\packs\Microsoft.NETCore.App.Ref\8.0.8\ref\net8.0\System.Configuration.dll".
             Reference found at search path location "{RawFileName}".
             This reference is not "CopyLocal" because at least one source item had "Private" set to "false" and no source items had "Private" set to "true".
         Primary reference "System.Console, Version=8.0.0.0, Culture=neutral, PublicKeyToken=b03f5f7f11d50a3a".
             Resolved file path is "C:\Program Files\dotnet\packs\Microsoft.NETCore.App.Ref\8.0.8\ref\net8.0\System.Console.dll".
             Reference found at search path location "{RawFileName}".
             This reference is not "CopyLocal" because at least one source item had "Private" set to "false" and no source items had "Private" set to "true".
         Primary reference "System.Core, Version=4.0.0.0, Culture=neutral, PublicKeyToken=b77a5c561934e089".
             Resolved file path is "C:\Program Files\dotnet\packs\Microsoft.NETCore.App.Ref\8.0.8\ref\net8.0\System.Core.dll".
             Reference found at search path location "{RawFileName}".
             This reference is not "CopyLocal" because at least one source item had "Private" set to "false" and no source items had "Private" set to "true".
         Primary reference "System.Data.Common, Version=8.0.0.0, Culture=neutral, PublicKeyToken=b03f5f7f11d50a3a".
             Resolved file path is "C:\Program Files\dotnet\packs\Microsoft.NETCore.App.Ref\8.0.8\ref\net8.0\System.Data.Common.dll".
             Reference found at search path location "{RawFileName}".
             This reference is not "CopyLocal" because at least one source item had "Private" set to "false" and no source items had "Private" set to "true".
         Primary reference "System.Data.DataSetExtensions, Version=8.0.0.0, Culture=neutral, PublicKeyToken=b77a5c561934e089".
             Resolved file path is "C:\Program Files\dotnet\packs\Microsoft.NETCore.App.Ref\8.0.8\ref\net8.0\System.Data.DataSetExtensions.dll".
             Reference found at search path location "{RawFileName}".
             This reference is not "CopyLocal" because at least one source item had "Private" set to "false" and no source items had "Private" set to "true".
         Primary reference "System.Data, Version=4.0.0.0, Culture=neutral, PublicKeyToken=b77a5c561934e089".
             Resolved file path is "C:\Program Files\dotnet\packs\Microsoft.NETCore.App.Ref\8.0.8\ref\net8.0\System.Data.dll".
             Reference found at search path location "{RawFileName}".
             This reference is not "CopyLocal" because at least one source item had "Private" set to "false" and no source items had "Private" set to "true".
         Primary reference "System.Diagnostics.Contracts, Version=8.0.0.0, Culture=neutral, PublicKeyToken=b03f5f7f11d50a3a".
             Resolved file path is "C:\Program Files\dotnet\packs\Microsoft.NETCore.App.Ref\8.0.8\ref\net8.0\System.Diagnostics.Contracts.dll".
             Reference found at search path location "{RawFileName}".
             This reference is not "CopyLocal" because at least one source item had "Private" set to "false" and no source items had "Private" set to "true".
         Primary reference "System.Diagnostics.Debug, Version=8.0.0.0, Culture=neutral, PublicKeyToken=b03f5f7f11d50a3a".
             Resolved file path is "C:\Program Files\dotnet\packs\Microsoft.NETCore.App.Ref\8.0.8\ref\net8.0\System.Diagnostics.Debug.dll".
             Reference found at search path location "{RawFileName}".
             This reference is not "CopyLocal" because at least one source item had "Private" set to "false" and no source items had "Private" set to "true".
         Primary reference "System.Diagnostics.DiagnosticSource, Version=8.0.0.0, Culture=neutral, PublicKeyToken=cc7b13ffcd2ddd51".
             Resolved file path is "C:\Program Files\dotnet\packs\Microsoft.NETCore.App.Ref\8.0.8\ref\net8.0\System.Diagnostics.DiagnosticSource.dll".
             Reference found at search path location "{RawFileName}".
             This reference is not "CopyLocal" because at least one source item had "Private" set to "false" and no source items had "Private" set to "true".
         Primary reference "System.Diagnostics.FileVersionInfo, Version=8.0.0.0, Culture=neutral, PublicKeyToken=b03f5f7f11d50a3a".
             Resolved file path is "C:\Program Files\dotnet\packs\Microsoft.NETCore.App.Ref\8.0.8\ref\net8.0\System.Diagnostics.FileVersionInfo.dll".
             Reference found at search path location "{RawFileName}".
             This reference is not "CopyLocal" because at least one source item had "Private" set to "false" and no source items had "Private" set to "true".
         Primary reference "System.Diagnostics.Process, Version=8.0.0.0, Culture=neutral, PublicKeyToken=b03f5f7f11d50a3a".
             Resolved file path is "C:\Program Files\dotnet\packs\Microsoft.NETCore.App.Ref\8.0.8\ref\net8.0\System.Diagnostics.Process.dll".
             Reference found at search path location "{RawFileName}".
             This reference is not "CopyLocal" because at least one source item had "Private" set to "false" and no source items had "Private" set to "true".
         Primary reference "System.Diagnostics.StackTrace, Version=8.0.0.0, Culture=neutral, PublicKeyToken=b03f5f7f11d50a3a".
             Resolved file path is "C:\Program Files\dotnet\packs\Microsoft.NETCore.App.Ref\8.0.8\ref\net8.0\System.Diagnostics.StackTrace.dll".
             Reference found at search path location "{RawFileName}".
             This reference is not "CopyLocal" because at least one source item had "Private" set to "false" and no source items had "Private" set to "true".
         Primary reference "System.Diagnostics.TextWriterTraceListener, Version=8.0.0.0, Culture=neutral, PublicKeyToken=b03f5f7f11d50a3a".
             Resolved file path is "C:\Program Files\dotnet\packs\Microsoft.NETCore.App.Ref\8.0.8\ref\net8.0\System.Diagnostics.TextWriterTraceListener.dll".
             Reference found at search path location "{RawFileName}".
             This reference is not "CopyLocal" because at least one source item had "Private" set to "false" and no source items had "Private" set to "true".
         Primary reference "System.Diagnostics.Tools, Version=8.0.0.0, Culture=neutral, PublicKeyToken=b03f5f7f11d50a3a".
             Resolved file path is "C:\Program Files\dotnet\packs\Microsoft.NETCore.App.Ref\8.0.8\ref\net8.0\System.Diagnostics.Tools.dll".
             Reference found at search path location "{RawFileName}".
             This reference is not "CopyLocal" because at least one source item had "Private" set to "false" and no source items had "Private" set to "true".
         Primary reference "System.Diagnostics.TraceSource, Version=8.0.0.0, Culture=neutral, PublicKeyToken=b03f5f7f11d50a3a".
             Resolved file path is "C:\Program Files\dotnet\packs\Microsoft.NETCore.App.Ref\8.0.8\ref\net8.0\System.Diagnostics.TraceSource.dll".
             Reference found at search path location "{RawFileName}".
             This reference is not "CopyLocal" because at least one source item had "Private" set to "false" and no source items had "Private" set to "true".
         Primary reference "System.Diagnostics.Tracing, Version=8.0.0.0, Culture=neutral, PublicKeyToken=b03f5f7f11d50a3a".
             Resolved file path is "C:\Program Files\dotnet\packs\Microsoft.NETCore.App.Ref\8.0.8\ref\net8.0\System.Diagnostics.Tracing.dll".
             Reference found at search path location "{RawFileName}".
             This reference is not "CopyLocal" because at least one source item had "Private" set to "false" and no source items had "Private" set to "true".
         Primary reference "System.Drawing.Primitives, Version=8.0.0.0, Culture=neutral, PublicKeyToken=b03f5f7f11d50a3a".
             Resolved file path is "C:\Program Files\dotnet\packs\Microsoft.NETCore.App.Ref\8.0.8\ref\net8.0\System.Drawing.Primitives.dll".
             Reference found at search path location "{RawFileName}".
             This reference is not "CopyLocal" because at least one source item had "Private" set to "false" and no source items had "Private" set to "true".
         Primary reference "System.Dynamic.Runtime, Version=8.0.0.0, Culture=neutral, PublicKeyToken=b03f5f7f11d50a3a".
             Resolved file path is "C:\Program Files\dotnet\packs\Microsoft.NETCore.App.Ref\8.0.8\ref\net8.0\System.Dynamic.Runtime.dll".
             Reference found at search path location "{RawFileName}".
             This reference is not "CopyLocal" because at least one source item had "Private" set to "false" and no source items had "Private" set to "true".
         Primary reference "System.Formats.Asn1, Version=8.0.0.0, Culture=neutral, PublicKeyToken=cc7b13ffcd2ddd51".
             Resolved file path is "C:\Program Files\dotnet\packs\Microsoft.NETCore.App.Ref\8.0.8\ref\net8.0\System.Formats.Asn1.dll".
             Reference found at search path location "{RawFileName}".
             This reference is not "CopyLocal" because at least one source item had "Private" set to "false" and no source items had "Private" set to "true".
         Primary reference "System.Formats.Tar, Version=8.0.0.0, Culture=neutral, PublicKeyToken=cc7b13ffcd2ddd51".
             Resolved file path is "C:\Program Files\dotnet\packs\Microsoft.NETCore.App.Ref\8.0.8\ref\net8.0\System.Formats.Tar.dll".
             Reference found at search path location "{RawFileName}".
             This reference is not "CopyLocal" because at least one source item had "Private" set to "false" and no source items had "Private" set to "true".
         Primary reference "System.Globalization.Calendars, Version=8.0.0.0, Culture=neutral, PublicKeyToken=b03f5f7f11d50a3a".
             Resolved file path is "C:\Program Files\dotnet\packs\Microsoft.NETCore.App.Ref\8.0.8\ref\net8.0\System.Globalization.Calendars.dll".
             Reference found at search path location "{RawFileName}".
             This reference is not "CopyLocal" because at least one source item had "Private" set to "false" and no source items had "Private" set to "true".
         Primary reference "System.Globalization.Extensions, Version=8.0.0.0, Culture=neutral, PublicKeyToken=b03f5f7f11d50a3a".
             Resolved file path is "C:\Program Files\dotnet\packs\Microsoft.NETCore.App.Ref\8.0.8\ref\net8.0\System.Globalization.Extensions.dll".
             Reference found at search path location "{RawFileName}".
             This reference is not "CopyLocal" because at least one source item had "Private" set to "false" and no source items had "Private" set to "true".
         Primary reference "System.Globalization, Version=8.0.0.0, Culture=neutral, PublicKeyToken=b03f5f7f11d50a3a".
             Resolved file path is "C:\Program Files\dotnet\packs\Microsoft.NETCore.App.Ref\8.0.8\ref\net8.0\System.Globalization.dll".
             Reference found at search path location "{RawFileName}".
             This reference is not "CopyLocal" because at least one source item had "Private" set to "false" and no source items had "Private" set to "true".
         Primary reference "System.IO.Compression.Brotli, Version=8.0.0.0, Culture=neutral, PublicKeyToken=b77a5c561934e089".
             Resolved file path is "C:\Program Files\dotnet\packs\Microsoft.NETCore.App.Ref\8.0.8\ref\net8.0\System.IO.Compression.Brotli.dll".
             Reference found at search path location "{RawFileName}".
             This reference is not "CopyLocal" because at least one source item had "Private" set to "false" and no source items had "Private" set to "true".
         Primary reference "System.IO.Compression.FileSystem, Version=4.0.0.0, Culture=neutral, PublicKeyToken=b77a5c561934e089".
             Resolved file path is "C:\Program Files\dotnet\packs\Microsoft.NETCore.App.Ref\8.0.8\ref\net8.0\System.IO.Compression.FileSystem.dll".
             Reference found at search path location "{RawFileName}".
             This reference is not "CopyLocal" because at least one source item had "Private" set to "false" and no source items had "Private" set to "true".
         Primary reference "System.IO.Compression.ZipFile, Version=8.0.0.0, Culture=neutral, PublicKeyToken=b77a5c561934e089".
             Resolved file path is "C:\Program Files\dotnet\packs\Microsoft.NETCore.App.Ref\8.0.8\ref\net8.0\System.IO.Compression.ZipFile.dll".
             Reference found at search path location "{RawFileName}".
             This reference is not "CopyLocal" because at least one source item had "Private" set to "false" and no source items had "Private" set to "true".
         Primary reference "System.IO.Compression, Version=8.0.0.0, Culture=neutral, PublicKeyToken=b77a5c561934e089".
             Resolved file path is "C:\Program Files\dotnet\packs\Microsoft.NETCore.App.Ref\8.0.8\ref\net8.0\System.IO.Compression.dll".
             Reference found at search path location "{RawFileName}".
             This reference is not "CopyLocal" because at least one source item had "Private" set to "false" and no source items had "Private" set to "true".
         Primary reference "System.IO.FileSystem.AccessControl, Version=8.0.0.0, Culture=neutral, PublicKeyToken=b03f5f7f11d50a3a".
             Resolved file path is "C:\Program Files\dotnet\packs\Microsoft.NETCore.App.Ref\8.0.8\ref\net8.0\System.IO.FileSystem.AccessControl.dll".
             Reference found at search path location "{RawFileName}".
             This reference is not "CopyLocal" because at least one source item had "Private" set to "false" and no source items had "Private" set to "true".
         Primary reference "System.IO.FileSystem.DriveInfo, Version=8.0.0.0, Culture=neutral, PublicKeyToken=b03f5f7f11d50a3a".
             Resolved file path is "C:\Program Files\dotnet\packs\Microsoft.NETCore.App.Ref\8.0.8\ref\net8.0\System.IO.FileSystem.DriveInfo.dll".
             Reference found at search path location "{RawFileName}".
             This reference is not "CopyLocal" because at least one source item had "Private" set to "false" and no source items had "Private" set to "true".
         Primary reference "System.IO.FileSystem.Primitives, Version=8.0.0.0, Culture=neutral, PublicKeyToken=b03f5f7f11d50a3a".
             Resolved file path is "C:\Program Files\dotnet\packs\Microsoft.NETCore.App.Ref\8.0.8\ref\net8.0\System.IO.FileSystem.Primitives.dll".
             Reference found at search path location "{RawFileName}".
             This reference is not "CopyLocal" because at least one source item had "Private" set to "false" and no source items had "Private" set to "true".
         Primary reference "System.IO.FileSystem.Watcher, Version=8.0.0.0, Culture=neutral, PublicKeyToken=b03f5f7f11d50a3a".
             Resolved file path is "C:\Program Files\dotnet\packs\Microsoft.NETCore.App.Ref\8.0.8\ref\net8.0\System.IO.FileSystem.Watcher.dll".
             Reference found at search path location "{RawFileName}".
             This reference is not "CopyLocal" because at least one source item had "Private" set to "false" and no source items had "Private" set to "true".
         Primary reference "System.IO.FileSystem, Version=8.0.0.0, Culture=neutral, PublicKeyToken=b03f5f7f11d50a3a".
             Resolved file path is "C:\Program Files\dotnet\packs\Microsoft.NETCore.App.Ref\8.0.8\ref\net8.0\System.IO.FileSystem.dll".
             Reference found at search path location "{RawFileName}".
             This reference is not "CopyLocal" because at least one source item had "Private" set to "false" and no source items had "Private" set to "true".
         Primary reference "System.IO.IsolatedStorage, Version=8.0.0.0, Culture=neutral, PublicKeyToken=b03f5f7f11d50a3a".
             Resolved file path is "C:\Program Files\dotnet\packs\Microsoft.NETCore.App.Ref\8.0.8\ref\net8.0\System.IO.IsolatedStorage.dll".
             Reference found at search path location "{RawFileName}".
             This reference is not "CopyLocal" because at least one source item had "Private" set to "false" and no source items had "Private" set to "true".
         Primary reference "System.IO.MemoryMappedFiles, Version=8.0.0.0, Culture=neutral, PublicKeyToken=b03f5f7f11d50a3a".
             Resolved file path is "C:\Program Files\dotnet\packs\Microsoft.NETCore.App.Ref\8.0.8\ref\net8.0\System.IO.MemoryMappedFiles.dll".
             Reference found at search path location "{RawFileName}".
             This reference is not "CopyLocal" because at least one source item had "Private" set to "false" and no source items had "Private" set to "true".
         Primary reference "System.IO.Pipes.AccessControl, Version=8.0.0.0, Culture=neutral, PublicKeyToken=b03f5f7f11d50a3a".
             Resolved file path is "C:\Program Files\dotnet\packs\Microsoft.NETCore.App.Ref\8.0.8\ref\net8.0\System.IO.Pipes.AccessControl.dll".
             Reference found at search path location "{RawFileName}".
             This reference is not "CopyLocal" because at least one source item had "Private" set to "false" and no source items had "Private" set to "true".
         Primary reference "System.IO.Pipes, Version=8.0.0.0, Culture=neutral, PublicKeyToken=b03f5f7f11d50a3a".
             Resolved file path is "C:\Program Files\dotnet\packs\Microsoft.NETCore.App.Ref\8.0.8\ref\net8.0\System.IO.Pipes.dll".
             Reference found at search path location "{RawFileName}".
             This reference is not "CopyLocal" because at least one source item had "Private" set to "false" and no source items had "Private" set to "true".
         Primary reference "System.IO.UnmanagedMemoryStream, Version=8.0.0.0, Culture=neutral, PublicKeyToken=b03f5f7f11d50a3a".
             Resolved file path is "C:\Program Files\dotnet\packs\Microsoft.NETCore.App.Ref\8.0.8\ref\net8.0\System.IO.UnmanagedMemoryStream.dll".
             Reference found at search path location "{RawFileName}".
             This reference is not "CopyLocal" because at least one source item had "Private" set to "false" and no source items had "Private" set to "true".
         Primary reference "System.IO, Version=8.0.0.0, Culture=neutral, PublicKeyToken=b03f5f7f11d50a3a".
             Resolved file path is "C:\Program Files\dotnet\packs\Microsoft.NETCore.App.Ref\8.0.8\ref\net8.0\System.IO.dll".
             Reference found at search path location "{RawFileName}".
             This reference is not "CopyLocal" because at least one source item had "Private" set to "false" and no source items had "Private" set to "true".
         Primary reference "System.Linq.Expressions, Version=8.0.0.0, Culture=neutral, PublicKeyToken=b03f5f7f11d50a3a".
             Resolved file path is "C:\Program Files\dotnet\packs\Microsoft.NETCore.App.Ref\8.0.8\ref\net8.0\System.Linq.Expressions.dll".
             Reference found at search path location "{RawFileName}".
             This reference is not "CopyLocal" because at least one source item had "Private" set to "false" and no source items had "Private" set to "true".
         Primary reference "System.Linq.Parallel, Version=8.0.0.0, Culture=neutral, PublicKeyToken=b03f5f7f11d50a3a".
             Resolved file path is "C:\Program Files\dotnet\packs\Microsoft.NETCore.App.Ref\8.0.8\ref\net8.0\System.Linq.Parallel.dll".
             Reference found at search path location "{RawFileName}".
             This reference is not "CopyLocal" because at least one source item had "Private" set to "false" and no source items had "Private" set to "true".
         Primary reference "System.Linq.Queryable, Version=8.0.0.0, Culture=neutral, PublicKeyToken=b03f5f7f11d50a3a".
             Resolved file path is "C:\Program Files\dotnet\packs\Microsoft.NETCore.App.Ref\8.0.8\ref\net8.0\System.Linq.Queryable.dll".
             Reference found at search path location "{RawFileName}".
             This reference is not "CopyLocal" because at least one source item had "Private" set to "false" and no source items had "Private" set to "true".
         Primary reference "System.Linq, Version=8.0.0.0, Culture=neutral, PublicKeyToken=b03f5f7f11d50a3a".
             Resolved file path is "C:\Program Files\dotnet\packs\Microsoft.NETCore.App.Ref\8.0.8\ref\net8.0\System.Linq.dll".
             Reference found at search path location "{RawFileName}".
             This reference is not "CopyLocal" because at least one source item had "Private" set to "false" and no source items had "Private" set to "true".
         Primary reference "System.Memory, Version=8.0.0.0, Culture=neutral, PublicKeyToken=cc7b13ffcd2ddd51".
             Resolved file path is "C:\Program Files\dotnet\packs\Microsoft.NETCore.App.Ref\8.0.8\ref\net8.0\System.Memory.dll".
             Reference found at search path location "{RawFileName}".
             This reference is not "CopyLocal" because at least one source item had "Private" set to "false" and no source items had "Private" set to "true".
         Primary reference "System.Net.Http.Json, Version=8.0.0.0, Culture=neutral, PublicKeyToken=cc7b13ffcd2ddd51".
             Resolved file path is "C:\Program Files\dotnet\packs\Microsoft.NETCore.App.Ref\8.0.8\ref\net8.0\System.Net.Http.Json.dll".
             Reference found at search path location "{RawFileName}".
             This reference is not "CopyLocal" because at least one source item had "Private" set to "false" and no source items had "Private" set to "true".
         Primary reference "System.Net.Http, Version=8.0.0.0, Culture=neutral, PublicKeyToken=b03f5f7f11d50a3a".
             Resolved file path is "C:\Program Files\dotnet\packs\Microsoft.NETCore.App.Ref\8.0.8\ref\net8.0\System.Net.Http.dll".
             Reference found at search path location "{RawFileName}".
             This reference is not "CopyLocal" because at least one source item had "Private" set to "false" and no source items had "Private" set to "true".
         Primary reference "System.Net.HttpListener, Version=8.0.0.0, Culture=neutral, PublicKeyToken=cc7b13ffcd2ddd51".
             Resolved file path is "C:\Program Files\dotnet\packs\Microsoft.NETCore.App.Ref\8.0.8\ref\net8.0\System.Net.HttpListener.dll".
             Reference found at search path location "{RawFileName}".
             This reference is not "CopyLocal" because at least one source item had "Private" set to "false" and no source items had "Private" set to "true".
         Primary reference "System.Net.Mail, Version=8.0.0.0, Culture=neutral, PublicKeyToken=cc7b13ffcd2ddd51".
             Resolved file path is "C:\Program Files\dotnet\packs\Microsoft.NETCore.App.Ref\8.0.8\ref\net8.0\System.Net.Mail.dll".
             Reference found at search path location "{RawFileName}".
             This reference is not "CopyLocal" because at least one source item had "Private" set to "false" and no source items had "Private" set to "true".
         Primary reference "System.Net.NameResolution, Version=8.0.0.0, Culture=neutral, PublicKeyToken=b03f5f7f11d50a3a".
             Resolved file path is "C:\Program Files\dotnet\packs\Microsoft.NETCore.App.Ref\8.0.8\ref\net8.0\System.Net.NameResolution.dll".
             Reference found at search path location "{RawFileName}".
             This reference is not "CopyLocal" because at least one source item had "Private" set to "false" and no source items had "Private" set to "true".
         Primary reference "System.Net.NetworkInformation, Version=8.0.0.0, Culture=neutral, PublicKeyToken=b03f5f7f11d50a3a".
             Resolved file path is "C:\Program Files\dotnet\packs\Microsoft.NETCore.App.Ref\8.0.8\ref\net8.0\System.Net.NetworkInformation.dll".
             Reference found at search path location "{RawFileName}".
             This reference is not "CopyLocal" because at least one source item had "Private" set to "false" and no source items had "Private" set to "true".
         Primary reference "System.Net.Ping, Version=8.0.0.0, Culture=neutral, PublicKeyToken=b03f5f7f11d50a3a".
             Resolved file path is "C:\Program Files\dotnet\packs\Microsoft.NETCore.App.Ref\8.0.8\ref\net8.0\System.Net.Ping.dll".
             Reference found at search path location "{RawFileName}".
             This reference is not "CopyLocal" because at least one source item had "Private" set to "false" and no source items had "Private" set to "true".
         Primary reference "System.Net.Primitives, Version=8.0.0.0, Culture=neutral, PublicKeyToken=b03f5f7f11d50a3a".
             Resolved file path is "C:\Program Files\dotnet\packs\Microsoft.NETCore.App.Ref\8.0.8\ref\net8.0\System.Net.Primitives.dll".
             Reference found at search path location "{RawFileName}".
             This reference is not "CopyLocal" because at least one source item had "Private" set to "false" and no source items had "Private" set to "true".
         Primary reference "System.Net.Quic, Version=8.0.0.0, Culture=neutral, PublicKeyToken=b03f5f7f11d50a3a".
             Resolved file path is "C:\Program Files\dotnet\packs\Microsoft.NETCore.App.Ref\8.0.8\ref\net8.0\System.Net.Quic.dll".
             Reference found at search path location "{RawFileName}".
             This reference is not "CopyLocal" because at least one source item had "Private" set to "false" and no source items had "Private" set to "true".
         Primary reference "System.Net.Requests, Version=8.0.0.0, Culture=neutral, PublicKeyToken=b03f5f7f11d50a3a".
             Resolved file path is "C:\Program Files\dotnet\packs\Microsoft.NETCore.App.Ref\8.0.8\ref\net8.0\System.Net.Requests.dll".
             Reference found at search path location "{RawFileName}".
             This reference is not "CopyLocal" because at least one source item had "Private" set to "false" and no source items had "Private" set to "true".
         Primary reference "System.Net.Security, Version=8.0.0.0, Culture=neutral, PublicKeyToken=b03f5f7f11d50a3a".
             Resolved file path is "C:\Program Files\dotnet\packs\Microsoft.NETCore.App.Ref\8.0.8\ref\net8.0\System.Net.Security.dll".
             Reference found at search path location "{RawFileName}".
             This reference is not "CopyLocal" because at least one source item had "Private" set to "false" and no source items had "Private" set to "true".
         Primary reference "System.Net.ServicePoint, Version=8.0.0.0, Culture=neutral, PublicKeyToken=cc7b13ffcd2ddd51".
             Resolved file path is "C:\Program Files\dotnet\packs\Microsoft.NETCore.App.Ref\8.0.8\ref\net8.0\System.Net.ServicePoint.dll".
             Reference found at search path location "{RawFileName}".
             This reference is not "CopyLocal" because at least one source item had "Private" set to "false" and no source items had "Private" set to "true".
         Primary reference "System.Net.Sockets, Version=8.0.0.0, Culture=neutral, PublicKeyToken=b03f5f7f11d50a3a".
             Resolved file path is "C:\Program Files\dotnet\packs\Microsoft.NETCore.App.Ref\8.0.8\ref\net8.0\System.Net.Sockets.dll".
             Reference found at search path location "{RawFileName}".
             This reference is not "CopyLocal" because at least one source item had "Private" set to "false" and no source items had "Private" set to "true".
         Primary reference "System.Net.WebClient, Version=8.0.0.0, Culture=neutral, PublicKeyToken=cc7b13ffcd2ddd51".
             Resolved file path is "C:\Program Files\dotnet\packs\Microsoft.NETCore.App.Ref\8.0.8\ref\net8.0\System.Net.WebClient.dll".
             Reference found at search path location "{RawFileName}".
             This reference is not "CopyLocal" because at least one source item had "Private" set to "false" and no source items had "Private" set to "true".
         Primary reference "System.Net.WebHeaderCollection, Version=8.0.0.0, Culture=neutral, PublicKeyToken=b03f5f7f11d50a3a".
             Resolved file path is "C:\Program Files\dotnet\packs\Microsoft.NETCore.App.Ref\8.0.8\ref\net8.0\System.Net.WebHeaderCollection.dll".
             Reference found at search path location "{RawFileName}".
             This reference is not "CopyLocal" because at least one source item had "Private" set to "false" and no source items had "Private" set to "true".
         Primary reference "System.Net.WebProxy, Version=8.0.0.0, Culture=neutral, PublicKeyToken=cc7b13ffcd2ddd51".
             Resolved file path is "C:\Program Files\dotnet\packs\Microsoft.NETCore.App.Ref\8.0.8\ref\net8.0\System.Net.WebProxy.dll".
             Reference found at search path location "{RawFileName}".
             This reference is not "CopyLocal" because at least one source item had "Private" set to "false" and no source items had "Private" set to "true".
         Primary reference "System.Net.WebSockets.Client, Version=8.0.0.0, Culture=neutral, PublicKeyToken=b03f5f7f11d50a3a".
             Resolved file path is "C:\Program Files\dotnet\packs\Microsoft.NETCore.App.Ref\8.0.8\ref\net8.0\System.Net.WebSockets.Client.dll".
             Reference found at search path location "{RawFileName}".
             This reference is not "CopyLocal" because at least one source item had "Private" set to "false" and no source items had "Private" set to "true".
         Primary reference "System.Net.WebSockets, Version=8.0.0.0, Culture=neutral, PublicKeyToken=b03f5f7f11d50a3a".
             Resolved file path is "C:\Program Files\dotnet\packs\Microsoft.NETCore.App.Ref\8.0.8\ref\net8.0\System.Net.WebSockets.dll".
             Reference found at search path location "{RawFileName}".
             This reference is not "CopyLocal" because at least one source item had "Private" set to "false" and no source items had "Private" set to "true".
         Primary reference "System.Net, Version=4.0.0.0, Culture=neutral, PublicKeyToken=b03f5f7f11d50a3a".
             Resolved file path is "C:\Program Files\dotnet\packs\Microsoft.NETCore.App.Ref\8.0.8\ref\net8.0\System.Net.dll".
             Reference found at search path location "{RawFileName}".
             This reference is not "CopyLocal" because at least one source item had "Private" set to "false" and no source items had "Private" set to "true".
         Primary reference "System.Numerics.Vectors, Version=8.0.0.0, Culture=neutral, PublicKeyToken=b03f5f7f11d50a3a".
             Resolved file path is "C:\Program Files\dotnet\packs\Microsoft.NETCore.App.Ref\8.0.8\ref\net8.0\System.Numerics.Vectors.dll".
             Reference found at search path location "{RawFileName}".
             This reference is not "CopyLocal" because at least one source item had "Private" set to "false" and no source items had "Private" set to "true".
         Primary reference "System.Numerics, Version=4.0.0.0, Culture=neutral, PublicKeyToken=b77a5c561934e089".
             Resolved file path is "C:\Program Files\dotnet\packs\Microsoft.NETCore.App.Ref\8.0.8\ref\net8.0\System.Numerics.dll".
             Reference found at search path location "{RawFileName}".
             This reference is not "CopyLocal" because at least one source item had "Private" set to "false" and no source items had "Private" set to "true".
         Primary reference "System.ObjectModel, Version=8.0.0.0, Culture=neutral, PublicKeyToken=b03f5f7f11d50a3a".
             Resolved file path is "C:\Program Files\dotnet\packs\Microsoft.NETCore.App.Ref\8.0.8\ref\net8.0\System.ObjectModel.dll".
             Reference found at search path location "{RawFileName}".
             This reference is not "CopyLocal" because at least one source item had "Private" set to "false" and no source items had "Private" set to "true".
         Primary reference "System.Reflection.DispatchProxy, Version=8.0.0.0, Culture=neutral, PublicKeyToken=b03f5f7f11d50a3a".
             Resolved file path is "C:\Program Files\dotnet\packs\Microsoft.NETCore.App.Ref\8.0.8\ref\net8.0\System.Reflection.DispatchProxy.dll".
             Reference found at search path location "{RawFileName}".
             This reference is not "CopyLocal" because at least one source item had "Private" set to "false" and no source items had "Private" set to "true".
         Primary reference "System.Reflection.Emit.ILGeneration, Version=8.0.0.0, Culture=neutral, PublicKeyToken=b03f5f7f11d50a3a".
             Resolved file path is "C:\Program Files\dotnet\packs\Microsoft.NETCore.App.Ref\8.0.8\ref\net8.0\System.Reflection.Emit.ILGeneration.dll".
             Reference found at search path location "{RawFileName}".
             This reference is not "CopyLocal" because at least one source item had "Private" set to "false" and no source items had "Private" set to "true".
         Primary reference "System.Reflection.Emit.Lightweight, Version=8.0.0.0, Culture=neutral, PublicKeyToken=b03f5f7f11d50a3a".
             Resolved file path is "C:\Program Files\dotnet\packs\Microsoft.NETCore.App.Ref\8.0.8\ref\net8.0\System.Reflection.Emit.Lightweight.dll".
             Reference found at search path location "{RawFileName}".
             This reference is not "CopyLocal" because at least one source item had "Private" set to "false" and no source items had "Private" set to "true".
         Primary reference "System.Reflection.Emit, Version=8.0.0.0, Culture=neutral, PublicKeyToken=b03f5f7f11d50a3a".
             Resolved file path is "C:\Program Files\dotnet\packs\Microsoft.NETCore.App.Ref\8.0.8\ref\net8.0\System.Reflection.Emit.dll".
             Reference found at search path location "{RawFileName}".
             This reference is not "CopyLocal" because at least one source item had "Private" set to "false" and no source items had "Private" set to "true".
         Primary reference "System.Reflection.Extensions, Version=8.0.0.0, Culture=neutral, PublicKeyToken=b03f5f7f11d50a3a".
             Resolved file path is "C:\Program Files\dotnet\packs\Microsoft.NETCore.App.Ref\8.0.8\ref\net8.0\System.Reflection.Extensions.dll".
             Reference found at search path location "{RawFileName}".
             This reference is not "CopyLocal" because at least one source item had "Private" set to "false" and no source items had "Private" set to "true".
         Primary reference "System.Reflection.Metadata, Version=8.0.0.0, Culture=neutral, PublicKeyToken=b03f5f7f11d50a3a".
             Resolved file path is "C:\Program Files\dotnet\packs\Microsoft.NETCore.App.Ref\8.0.8\ref\net8.0\System.Reflection.Metadata.dll".
             Reference found at search path location "{RawFileName}".
             This reference is not "CopyLocal" because at least one source item had "Private" set to "false" and no source items had "Private" set to "true".
         Primary reference "System.Reflection.Primitives, Version=8.0.0.0, Culture=neutral, PublicKeyToken=b03f5f7f11d50a3a".
             Resolved file path is "C:\Program Files\dotnet\packs\Microsoft.NETCore.App.Ref\8.0.8\ref\net8.0\System.Reflection.Primitives.dll".
             Reference found at search path location "{RawFileName}".
             This reference is not "CopyLocal" because at least one source item had "Private" set to "false" and no source items had "Private" set to "true".
         Primary reference "System.Reflection.TypeExtensions, Version=8.0.0.0, Culture=neutral, PublicKeyToken=b03f5f7f11d50a3a".
             Resolved file path is "C:\Program Files\dotnet\packs\Microsoft.NETCore.App.Ref\8.0.8\ref\net8.0\System.Reflection.TypeExtensions.dll".
             Reference found at search path location "{RawFileName}".
             This reference is not "CopyLocal" because at least one source item had "Private" set to "false" and no source items had "Private" set to "true".
         Primary reference "System.Reflection, Version=8.0.0.0, Culture=neutral, PublicKeyToken=b03f5f7f11d50a3a".
             Resolved file path is "C:\Program Files\dotnet\packs\Microsoft.NETCore.App.Ref\8.0.8\ref\net8.0\System.Reflection.dll".
             Reference found at search path location "{RawFileName}".
             This reference is not "CopyLocal" because at least one source item had "Private" set to "false" and no source items had "Private" set to "true".
         Primary reference "System.Resources.Reader, Version=8.0.0.0, Culture=neutral, PublicKeyToken=b03f5f7f11d50a3a".
             Resolved file path is "C:\Program Files\dotnet\packs\Microsoft.NETCore.App.Ref\8.0.8\ref\net8.0\System.Resources.Reader.dll".
             Reference found at search path location "{RawFileName}".
             This reference is not "CopyLocal" because at least one source item had "Private" set to "false" and no source items had "Private" set to "true".
         Primary reference "System.Resources.ResourceManager, Version=8.0.0.0, Culture=neutral, PublicKeyToken=b03f5f7f11d50a3a".
             Resolved file path is "C:\Program Files\dotnet\packs\Microsoft.NETCore.App.Ref\8.0.8\ref\net8.0\System.Resources.ResourceManager.dll".
             Reference found at search path location "{RawFileName}".
             This reference is not "CopyLocal" because at least one source item had "Private" set to "false" and no source items had "Private" set to "true".
         Primary reference "System.Resources.Writer, Version=8.0.0.0, Culture=neutral, PublicKeyToken=b03f5f7f11d50a3a".
             Resolved file path is "C:\Program Files\dotnet\packs\Microsoft.NETCore.App.Ref\8.0.8\ref\net8.0\System.Resources.Writer.dll".
             Reference found at search path location "{RawFileName}".
             This reference is not "CopyLocal" because at least one source item had "Private" set to "false" and no source items had "Private" set to "true".
         Primary reference "System.Runtime.CompilerServices.Unsafe, Version=8.0.0.0, Culture=neutral, PublicKeyToken=b03f5f7f11d50a3a".
             Resolved file path is "C:\Program Files\dotnet\packs\Microsoft.NETCore.App.Ref\8.0.8\ref\net8.0\System.Runtime.CompilerServices.Unsafe.dll".
             Reference found at search path location "{RawFileName}".
             This reference is not "CopyLocal" because at least one source item had "Private" set to "false" and no source items had "Private" set to "true".
         Primary reference "System.Runtime.CompilerServices.VisualC, Version=8.0.0.0, Culture=neutral, PublicKeyToken=b03f5f7f11d50a3a".
             Resolved file path is "C:\Program Files\dotnet\packs\Microsoft.NETCore.App.Ref\8.0.8\ref\net8.0\System.Runtime.CompilerServices.VisualC.dll".
             Reference found at search path location "{RawFileName}".
             This reference is not "CopyLocal" because at least one source item had "Private" set to "false" and no source items had "Private" set to "true".
         Primary reference "System.Runtime.Extensions, Version=8.0.0.0, Culture=neutral, PublicKeyToken=b03f5f7f11d50a3a".
             Resolved file path is "C:\Program Files\dotnet\packs\Microsoft.NETCore.App.Ref\8.0.8\ref\net8.0\System.Runtime.Extensions.dll".
             Reference found at search path location "{RawFileName}".
             This reference is not "CopyLocal" because at least one source item had "Private" set to "false" and no source items had "Private" set to "true".
         Primary reference "System.Runtime.Handles, Version=8.0.0.0, Culture=neutral, PublicKeyToken=b03f5f7f11d50a3a".
             Resolved file path is "C:\Program Files\dotnet\packs\Microsoft.NETCore.App.Ref\8.0.8\ref\net8.0\System.Runtime.Handles.dll".
             Reference found at search path location "{RawFileName}".
             This reference is not "CopyLocal" because at least one source item had "Private" set to "false" and no source items had "Private" set to "true".
         Primary reference "System.Runtime.InteropServices.JavaScript, Version=8.0.0.0, Culture=neutral, PublicKeyToken=b03f5f7f11d50a3a".
             Resolved file path is "C:\Program Files\dotnet\packs\Microsoft.NETCore.App.Ref\8.0.8\ref\net8.0\System.Runtime.InteropServices.JavaScript.dll".
             Reference found at search path location "{RawFileName}".
             This reference is not "CopyLocal" because at least one source item had "Private" set to "false" and no source items had "Private" set to "true".
         Primary reference "System.Runtime.InteropServices.RuntimeInformation, Version=8.0.0.0, Culture=neutral, PublicKeyToken=b03f5f7f11d50a3a".
             Resolved file path is "C:\Program Files\dotnet\packs\Microsoft.NETCore.App.Ref\8.0.8\ref\net8.0\System.Runtime.InteropServices.RuntimeInformation.dll".
             Reference found at search path location "{RawFileName}".
             This reference is not "CopyLocal" because at least one source item had "Private" set to "false" and no source items had "Private" set to "true".
         Primary reference "System.Runtime.InteropServices, Version=8.0.0.0, Culture=neutral, PublicKeyToken=b03f5f7f11d50a3a".
             Resolved file path is "C:\Program Files\dotnet\packs\Microsoft.NETCore.App.Ref\8.0.8\ref\net8.0\System.Runtime.InteropServices.dll".
             Reference found at search path location "{RawFileName}".
             This reference is not "CopyLocal" because at least one source item had "Private" set to "false" and no source items had "Private" set to "true".
         Primary reference "System.Runtime.Intrinsics, Version=8.0.0.0, Culture=neutral, PublicKeyToken=cc7b13ffcd2ddd51".
             Resolved file path is "C:\Program Files\dotnet\packs\Microsoft.NETCore.App.Ref\8.0.8\ref\net8.0\System.Runtime.Intrinsics.dll".
             Reference found at search path location "{RawFileName}".
             This reference is not "CopyLocal" because at least one source item had "Private" set to "false" and no source items had "Private" set to "true".
         Primary reference "System.Runtime.Loader, Version=8.0.0.0, Culture=neutral, PublicKeyToken=b03f5f7f11d50a3a".
             Resolved file path is "C:\Program Files\dotnet\packs\Microsoft.NETCore.App.Ref\8.0.8\ref\net8.0\System.Runtime.Loader.dll".
             Reference found at search path location "{RawFileName}".
             This reference is not "CopyLocal" because at least one source item had "Private" set to "false" and no source items had "Private" set to "true".
         Primary reference "System.Runtime.Numerics, Version=8.0.0.0, Culture=neutral, PublicKeyToken=b03f5f7f11d50a3a".
             Resolved file path is "C:\Program Files\dotnet\packs\Microsoft.NETCore.App.Ref\8.0.8\ref\net8.0\System.Runtime.Numerics.dll".
             Reference found at search path location "{RawFileName}".
             This reference is not "CopyLocal" because at least one source item had "Private" set to "false" and no source items had "Private" set to "true".
         Primary reference "System.Runtime.Serialization.Formatters, Version=8.0.0.0, Culture=neutral, PublicKeyToken=b03f5f7f11d50a3a".
             Resolved file path is "C:\Program Files\dotnet\packs\Microsoft.NETCore.App.Ref\8.0.8\ref\net8.0\System.Runtime.Serialization.Formatters.dll".
             Reference found at search path location "{RawFileName}".
             This reference is not "CopyLocal" because at least one source item had "Private" set to "false" and no source items had "Private" set to "true".
         Primary reference "System.Runtime.Serialization.Json, Version=8.0.0.0, Culture=neutral, PublicKeyToken=b03f5f7f11d50a3a".
             Resolved file path is "C:\Program Files\dotnet\packs\Microsoft.NETCore.App.Ref\8.0.8\ref\net8.0\System.Runtime.Serialization.Json.dll".
             Reference found at search path location "{RawFileName}".
             This reference is not "CopyLocal" because at least one source item had "Private" set to "false" and no source items had "Private" set to "true".
         Primary reference "System.Runtime.Serialization.Primitives, Version=8.0.0.0, Culture=neutral, PublicKeyToken=b03f5f7f11d50a3a".
             Resolved file path is "C:\Program Files\dotnet\packs\Microsoft.NETCore.App.Ref\8.0.8\ref\net8.0\System.Runtime.Serialization.Primitives.dll".
             Reference found at search path location "{RawFileName}".
             This reference is not "CopyLocal" because at least one source item had "Private" set to "false" and no source items had "Private" set to "true".
         Primary reference "System.Runtime.Serialization.Xml, Version=8.0.0.0, Culture=neutral, PublicKeyToken=b03f5f7f11d50a3a".
             Resolved file path is "C:\Program Files\dotnet\packs\Microsoft.NETCore.App.Ref\8.0.8\ref\net8.0\System.Runtime.Serialization.Xml.dll".
             Reference found at search path location "{RawFileName}".
             This reference is not "CopyLocal" because at least one source item had "Private" set to "false" and no source items had "Private" set to "true".
         Primary reference "System.Runtime.Serialization, Version=4.0.0.0, Culture=neutral, PublicKeyToken=b77a5c561934e089".
             Resolved file path is "C:\Program Files\dotnet\packs\Microsoft.NETCore.App.Ref\8.0.8\ref\net8.0\System.Runtime.Serialization.dll".
             Reference found at search path location "{RawFileName}".
             This reference is not "CopyLocal" because at least one source item had "Private" set to "false" and no source items had "Private" set to "true".
         Primary reference "System.Runtime, Version=8.0.0.0, Culture=neutral, PublicKeyToken=b03f5f7f11d50a3a".
             Resolved file path is "C:\Program Files\dotnet\packs\Microsoft.NETCore.App.Ref\8.0.8\ref\net8.0\System.Runtime.dll".
             Reference found at search path location "{RawFileName}".
             This reference is not "CopyLocal" because at least one source item had "Private" set to "false" and no source items had "Private" set to "true".
         Primary reference "System.Security.AccessControl, Version=8.0.0.0, Culture=neutral, PublicKeyToken=b03f5f7f11d50a3a".
             Resolved file path is "C:\Program Files\dotnet\packs\Microsoft.NETCore.App.Ref\8.0.8\ref\net8.0\System.Security.AccessControl.dll".
             Reference found at search path location "{RawFileName}".
             This reference is not "CopyLocal" because at least one source item had "Private" set to "false" and no source items had "Private" set to "true".
         Primary reference "System.Security.Claims, Version=8.0.0.0, Culture=neutral, PublicKeyToken=b03f5f7f11d50a3a".
             Resolved file path is "C:\Program Files\dotnet\packs\Microsoft.NETCore.App.Ref\8.0.8\ref\net8.0\System.Security.Claims.dll".
             Reference found at search path location "{RawFileName}".
             This reference is not "CopyLocal" because at least one source item had "Private" set to "false" and no source items had "Private" set to "true".
         Primary reference "System.Security.Cryptography.Algorithms, Version=8.0.0.0, Culture=neutral, PublicKeyToken=b03f5f7f11d50a3a".
             Resolved file path is "C:\Program Files\dotnet\packs\Microsoft.NETCore.App.Ref\8.0.8\ref\net8.0\System.Security.Cryptography.Algorithms.dll".
             Reference found at search path location "{RawFileName}".
             This reference is not "CopyLocal" because at least one source item had "Private" set to "false" and no source items had "Private" set to "true".
         Primary reference "System.Security.Cryptography.Cng, Version=8.0.0.0, Culture=neutral, PublicKeyToken=b03f5f7f11d50a3a".
             Resolved file path is "C:\Program Files\dotnet\packs\Microsoft.NETCore.App.Ref\8.0.8\ref\net8.0\System.Security.Cryptography.Cng.dll".
             Reference found at search path location "{RawFileName}".
             This reference is not "CopyLocal" because at least one source item had "Private" set to "false" and no source items had "Private" set to "true".
         Primary reference "System.Security.Cryptography.Csp, Version=8.0.0.0, Culture=neutral, PublicKeyToken=b03f5f7f11d50a3a".
             Resolved file path is "C:\Program Files\dotnet\packs\Microsoft.NETCore.App.Ref\8.0.8\ref\net8.0\System.Security.Cryptography.Csp.dll".
             Reference found at search path location "{RawFileName}".
             This reference is not "CopyLocal" because at least one source item had "Private" set to "false" and no source items had "Private" set to "true".
         Primary reference "System.Security.Cryptography.Encoding, Version=8.0.0.0, Culture=neutral, PublicKeyToken=b03f5f7f11d50a3a".
             Resolved file path is "C:\Program Files\dotnet\packs\Microsoft.NETCore.App.Ref\8.0.8\ref\net8.0\System.Security.Cryptography.Encoding.dll".
             Reference found at search path location "{RawFileName}".
             This reference is not "CopyLocal" because at least one source item had "Private" set to "false" and no source items had "Private" set to "true".
         Primary reference "System.Security.Cryptography.OpenSsl, Version=8.0.0.0, Culture=neutral, PublicKeyToken=b03f5f7f11d50a3a".
             Resolved file path is "C:\Program Files\dotnet\packs\Microsoft.NETCore.App.Ref\8.0.8\ref\net8.0\System.Security.Cryptography.OpenSsl.dll".
             Reference found at search path location "{RawFileName}".
             This reference is not "CopyLocal" because at least one source item had "Private" set to "false" and no source items had "Private" set to "true".
         Primary reference "System.Security.Cryptography.Primitives, Version=8.0.0.0, Culture=neutral, PublicKeyToken=b03f5f7f11d50a3a".
             Resolved file path is "C:\Program Files\dotnet\packs\Microsoft.NETCore.App.Ref\8.0.8\ref\net8.0\System.Security.Cryptography.Primitives.dll".
             Reference found at search path location "{RawFileName}".
             This reference is not "CopyLocal" because at least one source item had "Private" set to "false" and no source items had "Private" set to "true".
         Primary reference "System.Security.Cryptography.X509Certificates, Version=8.0.0.0, Culture=neutral, PublicKeyToken=b03f5f7f11d50a3a".
             Resolved file path is "C:\Program Files\dotnet\packs\Microsoft.NETCore.App.Ref\8.0.8\ref\net8.0\System.Security.Cryptography.X509Certificates.dll".
             Reference found at search path location "{RawFileName}".
             This reference is not "CopyLocal" because at least one source item had "Private" set to "false" and no source items had "Private" set to "true".
         Primary reference "System.Security.Cryptography, Version=8.0.0.0, Culture=neutral, PublicKeyToken=b03f5f7f11d50a3a".
             Resolved file path is "C:\Program Files\dotnet\packs\Microsoft.NETCore.App.Ref\8.0.8\ref\net8.0\System.Security.Cryptography.dll".
             Reference found at search path location "{RawFileName}".
             This reference is not "CopyLocal" because at least one source item had "Private" set to "false" and no source items had "Private" set to "true".
         Primary reference "System.Security.Principal.Windows, Version=8.0.0.0, Culture=neutral, PublicKeyToken=b03f5f7f11d50a3a".
             Resolved file path is "C:\Program Files\dotnet\packs\Microsoft.NETCore.App.Ref\8.0.8\ref\net8.0\System.Security.Principal.Windows.dll".
             Reference found at search path location "{RawFileName}".
             This reference is not "CopyLocal" because at least one source item had "Private" set to "false" and no source items had "Private" set to "true".
         Primary reference "System.Security.Principal, Version=8.0.0.0, Culture=neutral, PublicKeyToken=b03f5f7f11d50a3a".
             Resolved file path is "C:\Program Files\dotnet\packs\Microsoft.NETCore.App.Ref\8.0.8\ref\net8.0\System.Security.Principal.dll".
             Reference found at search path location "{RawFileName}".
             This reference is not "CopyLocal" because at least one source item had "Private" set to "false" and no source items had "Private" set to "true".
         Primary reference "System.Security.SecureString, Version=8.0.0.0, Culture=neutral, PublicKeyToken=b03f5f7f11d50a3a".
             Resolved file path is "C:\Program Files\dotnet\packs\Microsoft.NETCore.App.Ref\8.0.8\ref\net8.0\System.Security.SecureString.dll".
             Reference found at search path location "{RawFileName}".
             This reference is not "CopyLocal" because at least one source item had "Private" set to "false" and no source items had "Private" set to "true".
         Primary reference "System.Security, Version=4.0.0.0, Culture=neutral, PublicKeyToken=b03f5f7f11d50a3a".
             Resolved file path is "C:\Program Files\dotnet\packs\Microsoft.NETCore.App.Ref\8.0.8\ref\net8.0\System.Security.dll".
             Reference found at search path location "{RawFileName}".
             This reference is not "CopyLocal" because at least one source item had "Private" set to "false" and no source items had "Private" set to "true".
         Primary reference "System.ServiceModel.Web, Version=4.0.0.0, Culture=neutral, PublicKeyToken=31bf3856ad364e35".
             Resolved file path is "C:\Program Files\dotnet\packs\Microsoft.NETCore.App.Ref\8.0.8\ref\net8.0\System.ServiceModel.Web.dll".
             Reference found at search path location "{RawFileName}".
             This reference is not "CopyLocal" because at least one source item had "Private" set to "false" and no source items had "Private" set to "true".
         Primary reference "System.ServiceProcess, Version=4.0.0.0, Culture=neutral, PublicKeyToken=b03f5f7f11d50a3a".
             Resolved file path is "C:\Program Files\dotnet\packs\Microsoft.NETCore.App.Ref\8.0.8\ref\net8.0\System.ServiceProcess.dll".
             Reference found at search path location "{RawFileName}".
             This reference is not "CopyLocal" because at least one source item had "Private" set to "false" and no source items had "Private" set to "true".
         Primary reference "System.Text.Encoding.CodePages, Version=8.0.0.0, Culture=neutral, PublicKeyToken=b03f5f7f11d50a3a".
             Resolved file path is "C:\Program Files\dotnet\packs\Microsoft.NETCore.App.Ref\8.0.8\ref\net8.0\System.Text.Encoding.CodePages.dll".
             Reference found at search path location "{RawFileName}".
             This reference is not "CopyLocal" because at least one source item had "Private" set to "false" and no source items had "Private" set to "true".
         Primary reference "System.Text.Encoding.Extensions, Version=8.0.0.0, Culture=neutral, PublicKeyToken=b03f5f7f11d50a3a".
             Resolved file path is "C:\Program Files\dotnet\packs\Microsoft.NETCore.App.Ref\8.0.8\ref\net8.0\System.Text.Encoding.Extensions.dll".
             Reference found at search path location "{RawFileName}".
             This reference is not "CopyLocal" because at least one source item had "Private" set to "false" and no source items had "Private" set to "true".
         Primary reference "System.Text.Encoding, Version=8.0.0.0, Culture=neutral, PublicKeyToken=b03f5f7f11d50a3a".
             Resolved file path is "C:\Program Files\dotnet\packs\Microsoft.NETCore.App.Ref\8.0.8\ref\net8.0\System.Text.Encoding.dll".
             Reference found at search path location "{RawFileName}".
             This reference is not "CopyLocal" because at least one source item had "Private" set to "false" and no source items had "Private" set to "true".
         Primary reference "System.Text.Encodings.Web, Version=8.0.0.0, Culture=neutral, PublicKeyToken=cc7b13ffcd2ddd51".
             Resolved file path is "C:\Program Files\dotnet\packs\Microsoft.NETCore.App.Ref\8.0.8\ref\net8.0\System.Text.Encodings.Web.dll".
             Reference found at search path location "{RawFileName}".
             This reference is not "CopyLocal" because at least one source item had "Private" set to "false" and no source items had "Private" set to "true".
         Primary reference "System.Text.Json, Version=8.0.0.0, Culture=neutral, PublicKeyToken=cc7b13ffcd2ddd51".
             Resolved file path is "C:\Program Files\dotnet\packs\Microsoft.NETCore.App.Ref\8.0.8\ref\net8.0\System.Text.Json.dll".
             Reference found at search path location "{RawFileName}".
             This reference is not "CopyLocal" because at least one source item had "Private" set to "false" and no source items had "Private" set to "true".
         Primary reference "System.Text.RegularExpressions, Version=8.0.0.0, Culture=neutral, PublicKeyToken=b03f5f7f11d50a3a".
             Resolved file path is "C:\Program Files\dotnet\packs\Microsoft.NETCore.App.Ref\8.0.8\ref\net8.0\System.Text.RegularExpressions.dll".
             Reference found at search path location "{RawFileName}".
             This reference is not "CopyLocal" because at least one source item had "Private" set to "false" and no source items had "Private" set to "true".
         Primary reference "System.Threading.Channels, Version=8.0.0.0, Culture=neutral, PublicKeyToken=cc7b13ffcd2ddd51".
             Resolved file path is "C:\Program Files\dotnet\packs\Microsoft.NETCore.App.Ref\8.0.8\ref\net8.0\System.Threading.Channels.dll".
             Reference found at search path location "{RawFileName}".
             This reference is not "CopyLocal" because at least one source item had "Private" set to "false" and no source items had "Private" set to "true".
         Primary reference "System.Threading.Overlapped, Version=8.0.0.0, Culture=neutral, PublicKeyToken=b03f5f7f11d50a3a".
             Resolved file path is "C:\Program Files\dotnet\packs\Microsoft.NETCore.App.Ref\8.0.8\ref\net8.0\System.Threading.Overlapped.dll".
             Reference found at search path location "{RawFileName}".
             This reference is not "CopyLocal" because at least one source item had "Private" set to "false" and no source items had "Private" set to "true".
         Primary reference "System.Threading.Tasks.Dataflow, Version=8.0.0.0, Culture=neutral, PublicKeyToken=b03f5f7f11d50a3a".
             Resolved file path is "C:\Program Files\dotnet\packs\Microsoft.NETCore.App.Ref\8.0.8\ref\net8.0\System.Threading.Tasks.Dataflow.dll".
             Reference found at search path location "{RawFileName}".
             This reference is not "CopyLocal" because at least one source item had "Private" set to "false" and no source items had "Private" set to "true".
         Primary reference "System.Threading.Tasks.Extensions, Version=8.0.0.0, Culture=neutral, PublicKeyToken=cc7b13ffcd2ddd51".
             Resolved file path is "C:\Program Files\dotnet\packs\Microsoft.NETCore.App.Ref\8.0.8\ref\net8.0\System.Threading.Tasks.Extensions.dll".
             Reference found at search path location "{RawFileName}".
             This reference is not "CopyLocal" because at least one source item had "Private" set to "false" and no source items had "Private" set to "true".
         Primary reference "System.Threading.Tasks.Parallel, Version=8.0.0.0, Culture=neutral, PublicKeyToken=b03f5f7f11d50a3a".
             Resolved file path is "C:\Program Files\dotnet\packs\Microsoft.NETCore.App.Ref\8.0.8\ref\net8.0\System.Threading.Tasks.Parallel.dll".
             Reference found at search path location "{RawFileName}".
             This reference is not "CopyLocal" because at least one source item had "Private" set to "false" and no source items had "Private" set to "true".
         Primary reference "System.Threading.Tasks, Version=8.0.0.0, Culture=neutral, PublicKeyToken=b03f5f7f11d50a3a".
             Resolved file path is "C:\Program Files\dotnet\packs\Microsoft.NETCore.App.Ref\8.0.8\ref\net8.0\System.Threading.Tasks.dll".
             Reference found at search path location "{RawFileName}".
             This reference is not "CopyLocal" because at least one source item had "Private" set to "false" and no source items had "Private" set to "true".
         Primary reference "System.Threading.Thread, Version=8.0.0.0, Culture=neutral, PublicKeyToken=b03f5f7f11d50a3a".
             Resolved file path is "C:\Program Files\dotnet\packs\Microsoft.NETCore.App.Ref\8.0.8\ref\net8.0\System.Threading.Thread.dll".
             Reference found at search path location "{RawFileName}".
             This reference is not "CopyLocal" because at least one source item had "Private" set to "false" and no source items had "Private" set to "true".
         Primary reference "System.Threading.ThreadPool, Version=8.0.0.0, Culture=neutral, PublicKeyToken=b03f5f7f11d50a3a".
             Resolved file path is "C:\Program Files\dotnet\packs\Microsoft.NETCore.App.Ref\8.0.8\ref\net8.0\System.Threading.ThreadPool.dll".
             Reference found at search path location "{RawFileName}".
             This reference is not "CopyLocal" because at least one source item had "Private" set to "false" and no source items had "Private" set to "true".
         Primary reference "System.Threading.Timer, Version=8.0.0.0, Culture=neutral, PublicKeyToken=b03f5f7f11d50a3a".
             Resolved file path is "C:\Program Files\dotnet\packs\Microsoft.NETCore.App.Ref\8.0.8\ref\net8.0\System.Threading.Timer.dll".
             Reference found at search path location "{RawFileName}".
             This reference is not "CopyLocal" because at least one source item had "Private" set to "false" and no source items had "Private" set to "true".
         Primary reference "System.Threading, Version=8.0.0.0, Culture=neutral, PublicKeyToken=b03f5f7f11d50a3a".
             Resolved file path is "C:\Program Files\dotnet\packs\Microsoft.NETCore.App.Ref\8.0.8\ref\net8.0\System.Threading.dll".
             Reference found at search path location "{RawFileName}".
             This reference is not "CopyLocal" because at least one source item had "Private" set to "false" and no source items had "Private" set to "true".
         Primary reference "System.Transactions.Local, Version=8.0.0.0, Culture=neutral, PublicKeyToken=cc7b13ffcd2ddd51".
             Resolved file path is "C:\Program Files\dotnet\packs\Microsoft.NETCore.App.Ref\8.0.8\ref\net8.0\System.Transactions.Local.dll".
             Reference found at search path location "{RawFileName}".
             This reference is not "CopyLocal" because at least one source item had "Private" set to "false" and no source items had "Private" set to "true".
         Primary reference "System.Transactions, Version=4.0.0.0, Culture=neutral, PublicKeyToken=b77a5c561934e089".
             Resolved file path is "C:\Program Files\dotnet\packs\Microsoft.NETCore.App.Ref\8.0.8\ref\net8.0\System.Transactions.dll".
             Reference found at search path location "{RawFileName}".
             This reference is not "CopyLocal" because at least one source item had "Private" set to "false" and no source items had "Private" set to "true".
         Primary reference "System.ValueTuple, Version=8.0.0.0, Culture=neutral, PublicKeyToken=cc7b13ffcd2ddd51".
             Resolved file path is "C:\Program Files\dotnet\packs\Microsoft.NETCore.App.Ref\8.0.8\ref\net8.0\System.ValueTuple.dll".
             Reference found at search path location "{RawFileName}".
             This reference is not "CopyLocal" because at least one source item had "Private" set to "false" and no source items had "Private" set to "true".
         Primary reference "System.Web.HttpUtility, Version=8.0.0.0, Culture=neutral, PublicKeyToken=cc7b13ffcd2ddd51".
             Resolved file path is "C:\Program Files\dotnet\packs\Microsoft.NETCore.App.Ref\8.0.8\ref\net8.0\System.Web.HttpUtility.dll".
             Reference found at search path location "{RawFileName}".
             This reference is not "CopyLocal" because at least one source item had "Private" set to "false" and no source items had "Private" set to "true".
         Primary reference "System.Web, Version=4.0.0.0, Culture=neutral, PublicKeyToken=b03f5f7f11d50a3a".
             Resolved file path is "C:\Program Files\dotnet\packs\Microsoft.NETCore.App.Ref\8.0.8\ref\net8.0\System.Web.dll".
             Reference found at search path location "{RawFileName}".
             This reference is not "CopyLocal" because at least one source item had "Private" set to "false" and no source items had "Private" set to "true".
         Primary reference "System.Windows, Version=4.0.0.0, Culture=neutral, PublicKeyToken=b03f5f7f11d50a3a".
             Resolved file path is "C:\Program Files\dotnet\packs\Microsoft.NETCore.App.Ref\8.0.8\ref\net8.0\System.Windows.dll".
             Reference found at search path location "{RawFileName}".
             This reference is not "CopyLocal" because at least one source item had "Private" set to "false" and no source items had "Private" set to "true".
         Primary reference "System.Xml.Linq, Version=4.0.0.0, Culture=neutral, PublicKeyToken=b77a5c561934e089".
             Resolved file path is "C:\Program Files\dotnet\packs\Microsoft.NETCore.App.Ref\8.0.8\ref\net8.0\System.Xml.Linq.dll".
             Reference found at search path location "{RawFileName}".
             This reference is not "CopyLocal" because at least one source item had "Private" set to "false" and no source items had "Private" set to "true".
         Primary reference "System.Xml.ReaderWriter, Version=8.0.0.0, Culture=neutral, PublicKeyToken=b03f5f7f11d50a3a".
             Resolved file path is "C:\Program Files\dotnet\packs\Microsoft.NETCore.App.Ref\8.0.8\ref\net8.0\System.Xml.ReaderWriter.dll".
             Reference found at search path location "{RawFileName}".
             This reference is not "CopyLocal" because at least one source item had "Private" set to "false" and no source items had "Private" set to "true".
         Primary reference "System.Xml.Serialization, Version=4.0.0.0, Culture=neutral, PublicKeyToken=b77a5c561934e089".
             Resolved file path is "C:\Program Files\dotnet\packs\Microsoft.NETCore.App.Ref\8.0.8\ref\net8.0\System.Xml.Serialization.dll".
             Reference found at search path location "{RawFileName}".
             This reference is not "CopyLocal" because at least one source item had "Private" set to "false" and no source items had "Private" set to "true".
         Primary reference "System.Xml.XDocument, Version=8.0.0.0, Culture=neutral, PublicKeyToken=b03f5f7f11d50a3a".
             Resolved file path is "C:\Program Files\dotnet\packs\Microsoft.NETCore.App.Ref\8.0.8\ref\net8.0\System.Xml.XDocument.dll".
             Reference found at search path location "{RawFileName}".
             This reference is not "CopyLocal" because at least one source item had "Private" set to "false" and no source items had "Private" set to "true".
         Primary reference "System.Xml.XPath.XDocument, Version=8.0.0.0, Culture=neutral, PublicKeyToken=b03f5f7f11d50a3a".
             Resolved file path is "C:\Program Files\dotnet\packs\Microsoft.NETCore.App.Ref\8.0.8\ref\net8.0\System.Xml.XPath.XDocument.dll".
             Reference found at search path location "{RawFileName}".
             This reference is not "CopyLocal" because at least one source item had "Private" set to "false" and no source items had "Private" set to "true".
         Primary reference "System.Xml.XPath, Version=8.0.0.0, Culture=neutral, PublicKeyToken=b03f5f7f11d50a3a".
             Resolved file path is "C:\Program Files\dotnet\packs\Microsoft.NETCore.App.Ref\8.0.8\ref\net8.0\System.Xml.XPath.dll".
             Reference found at search path location "{RawFileName}".
             This reference is not "CopyLocal" because at least one source item had "Private" set to "false" and no source items had "Private" set to "true".
         Primary reference "System.Xml.XmlDocument, Version=8.0.0.0, Culture=neutral, PublicKeyToken=b03f5f7f11d50a3a".
             Resolved file path is "C:\Program Files\dotnet\packs\Microsoft.NETCore.App.Ref\8.0.8\ref\net8.0\System.Xml.XmlDocument.dll".
             Reference found at search path location "{RawFileName}".
             This reference is not "CopyLocal" because at least one source item had "Private" set to "false" and no source items had "Private" set to "true".
         Primary reference "System.Xml.XmlSerializer, Version=8.0.0.0, Culture=neutral, PublicKeyToken=b03f5f7f11d50a3a".
             Resolved file path is "C:\Program Files\dotnet\packs\Microsoft.NETCore.App.Ref\8.0.8\ref\net8.0\System.Xml.XmlSerializer.dll".
             Reference found at search path location "{RawFileName}".
             This reference is not "CopyLocal" because at least one source item had "Private" set to "false" and no source items had "Private" set to "true".
         Primary reference "System.Xml, Version=4.0.0.0, Culture=neutral, PublicKeyToken=b77a5c561934e089".
             Resolved file path is "C:\Program Files\dotnet\packs\Microsoft.NETCore.App.Ref\8.0.8\ref\net8.0\System.Xml.dll".
             Reference found at search path location "{RawFileName}".
             This reference is not "CopyLocal" because at least one source item had "Private" set to "false" and no source items had "Private" set to "true".
         Primary reference "System, Version=4.0.0.0, Culture=neutral, PublicKeyToken=b77a5c561934e089".
             Resolved file path is "C:\Program Files\dotnet\packs\Microsoft.NETCore.App.Ref\8.0.8\ref\net8.0\System.dll".
             Reference found at search path location "{RawFileName}".
             This reference is not "CopyLocal" because at least one source item had "Private" set to "false" and no source items had "Private" set to "true".
         Primary reference "WindowsBase, Version=4.0.0.0, Culture=neutral, PublicKeyToken=31bf3856ad364e35".
             Resolved file path is "C:\Program Files\dotnet\packs\Microsoft.NETCore.App.Ref\8.0.8\ref\net8.0\WindowsBase.dll".
             Reference found at search path location "{RawFileName}".
             This reference is not "CopyLocal" because at least one source item had "Private" set to "false" and no source items had "Private" set to "true".
         Primary reference "mscorlib, Version=4.0.0.0, Culture=neutral, PublicKeyToken=b77a5c561934e089".
             Resolved file path is "C:\Program Files\dotnet\packs\Microsoft.NETCore.App.Ref\8.0.8\ref\net8.0\mscorlib.dll".
             Reference found at search path location "{RawFileName}".
             This reference is not "CopyLocal" because at least one source item had "Private" set to "false" and no source items had "Private" set to "true".
         Primary reference "netstandard, Version=2.1.0.0, Culture=neutral, PublicKeyToken=cc7b13ffcd2ddd51".
             Resolved file path is "C:\Program Files\dotnet\packs\Microsoft.NETCore.App.Ref\8.0.8\ref\net8.0\netstandard.dll".
             Reference found at search path location "{RawFileName}".
             This reference is not "CopyLocal" because at least one source item had "Private" set to "false" and no source items had "Private" set to "true".
         Primary reference "Accessibility, Version=4.0.0.0, Culture=neutral, PublicKeyToken=31bf3856ad364e35".
             Resolved file path is "C:\Program Files\dotnet\packs\Microsoft.WindowsDesktop.App.Ref\8.0.8\ref\net8.0\Accessibility.dll".
             Reference found at search path location "{RawFileName}".
             This reference is not "CopyLocal" because at least one source item had "Private" set to "false" and no source items had "Private" set to "true".
         Primary reference "Microsoft.VisualBasic.Forms, Version=8.0.0.0, Culture=neutral, PublicKeyToken=b03f5f7f11d50a3a".
             Resolved file path is "C:\Program Files\dotnet\packs\Microsoft.WindowsDesktop.App.Ref\8.0.8\ref\net8.0\Microsoft.VisualBasic.Forms.dll".
             Reference found at search path location "{RawFileName}".
             This reference is not "CopyLocal" because at least one source item had "Private" set to "false" and no source items had "Private" set to "true".
         Primary reference "Microsoft.VisualBasic, Version=10.1.0.0, Culture=neutral, PublicKeyToken=b03f5f7f11d50a3a".
             Resolved file path is "C:\Program Files\dotnet\packs\Microsoft.WindowsDesktop.App.Ref\8.0.8\ref\net8.0\Microsoft.VisualBasic.dll".
             Reference found at search path location "{RawFileName}".
             This reference is not "CopyLocal" because at least one source item had "Private" set to "false" and no source items had "Private" set to "true".
         Primary reference "Microsoft.Win32.Registry.AccessControl, Version=8.0.0.0, Culture=neutral, PublicKeyToken=b03f5f7f11d50a3a".
             Resolved file path is "C:\Program Files\dotnet\packs\Microsoft.WindowsDesktop.App.Ref\8.0.8\ref\net8.0\Microsoft.Win32.Registry.AccessControl.dll".
             Reference found at search path location "{RawFileName}".
             This reference is not "CopyLocal" because at least one source item had "Private" set to "false" and no source items had "Private" set to "true".
         Primary reference "Microsoft.Win32.SystemEvents, Version=8.0.0.0, Culture=neutral, PublicKeyToken=cc7b13ffcd2ddd51".
             Resolved file path is "C:\Program Files\dotnet\packs\Microsoft.WindowsDesktop.App.Ref\8.0.8\ref\net8.0\Microsoft.Win32.SystemEvents.dll".
             Reference found at search path location "{RawFileName}".
             This reference is not "CopyLocal" because at least one source item had "Private" set to "false" and no source items had "Private" set to "true".
         Primary reference "System.CodeDom, Version=8.0.0.0, Culture=neutral, PublicKeyToken=cc7b13ffcd2ddd51".
             Resolved file path is "C:\Program Files\dotnet\packs\Microsoft.WindowsDesktop.App.Ref\8.0.8\ref\net8.0\System.CodeDom.dll".
             Reference found at search path location "{RawFileName}".
             This reference is not "CopyLocal" because at least one source item had "Private" set to "false" and no source items had "Private" set to "true".
         Primary reference "System.Configuration.ConfigurationManager, Version=8.0.0.0, Culture=neutral, PublicKeyToken=cc7b13ffcd2ddd51".
             Resolved file path is "C:\Program Files\dotnet\packs\Microsoft.WindowsDesktop.App.Ref\8.0.8\ref\net8.0\System.Configuration.ConfigurationManager.dll".
             Reference found at search path location "{RawFileName}".
             This reference is not "CopyLocal" because at least one source item had "Private" set to "false" and no source items had "Private" set to "true".
         Primary reference "System.Design, Version=8.0.0.0, Culture=neutral, PublicKeyToken=b03f5f7f11d50a3a".
             Resolved file path is "C:\Program Files\dotnet\packs\Microsoft.WindowsDesktop.App.Ref\8.0.8\ref\net8.0\System.Design.dll".
             Reference found at search path location "{RawFileName}".
             This reference is not "CopyLocal" because at least one source item had "Private" set to "false" and no source items had "Private" set to "true".
         Primary reference "System.Diagnostics.EventLog, Version=8.0.0.0, Culture=neutral, PublicKeyToken=cc7b13ffcd2ddd51".
             Resolved file path is "C:\Program Files\dotnet\packs\Microsoft.WindowsDesktop.App.Ref\8.0.8\ref\net8.0\System.Diagnostics.EventLog.dll".
             Reference found at search path location "{RawFileName}".
             This reference is not "CopyLocal" because at least one source item had "Private" set to "false" and no source items had "Private" set to "true".
         Primary reference "System.Diagnostics.PerformanceCounter, Version=8.0.0.0, Culture=neutral, PublicKeyToken=cc7b13ffcd2ddd51".
             Resolved file path is "C:\Program Files\dotnet\packs\Microsoft.WindowsDesktop.App.Ref\8.0.8\ref\net8.0\System.Diagnostics.PerformanceCounter.dll".
             Reference found at search path location "{RawFileName}".
             This reference is not "CopyLocal" because at least one source item had "Private" set to "false" and no source items had "Private" set to "true".
         Primary reference "System.DirectoryServices, Version=8.0.0.0, Culture=neutral, PublicKeyToken=b03f5f7f11d50a3a".
             Resolved file path is "C:\Program Files\dotnet\packs\Microsoft.WindowsDesktop.App.Ref\8.0.8\ref\net8.0\System.DirectoryServices.dll".
             Reference found at search path location "{RawFileName}".
             This reference is not "CopyLocal" because at least one source item had "Private" set to "false" and no source items had "Private" set to "true".
         Primary reference "System.Drawing.Common, Version=8.0.0.0, Culture=neutral, PublicKeyToken=cc7b13ffcd2ddd51".
             Resolved file path is "C:\Program Files\dotnet\packs\Microsoft.WindowsDesktop.App.Ref\8.0.8\ref\net8.0\System.Drawing.Common.dll".
             Reference found at search path location "{RawFileName}".
             This reference is not "CopyLocal" because at least one source item had "Private" set to "false" and no source items had "Private" set to "true".
         Primary reference "System.Drawing.Design, Version=8.0.0.0, Culture=neutral, PublicKeyToken=b03f5f7f11d50a3a".
             Resolved file path is "C:\Program Files\dotnet\packs\Microsoft.WindowsDesktop.App.Ref\8.0.8\ref\net8.0\System.Drawing.Design.dll".
             Reference found at search path location "{RawFileName}".
             This reference is not "CopyLocal" because at least one source item had "Private" set to "false" and no source items had "Private" set to "true".
         Primary reference "System.Drawing, Version=8.0.0.0, Culture=neutral, PublicKeyToken=b03f5f7f11d50a3a".
             Resolved file path is "C:\Program Files\dotnet\packs\Microsoft.WindowsDesktop.App.Ref\8.0.8\ref\net8.0\System.Drawing.dll".
             Reference found at search path location "{RawFileName}".
             This reference is not "CopyLocal" because at least one source item had "Private" set to "false" and no source items had "Private" set to "true".
         Primary reference "System.IO.Packaging, Version=8.0.0.0, Culture=neutral, PublicKeyToken=b03f5f7f11d50a3a".
             Resolved file path is "C:\Program Files\dotnet\packs\Microsoft.WindowsDesktop.App.Ref\8.0.8\ref\net8.0\System.IO.Packaging.dll".
             Reference found at search path location "{RawFileName}".
             This reference is not "CopyLocal" because at least one source item had "Private" set to "false" and no source items had "Private" set to "true".
         Primary reference "System.Resources.Extensions, Version=8.0.0.0, Culture=neutral, PublicKeyToken=cc7b13ffcd2ddd51".
             Resolved file path is "C:\Program Files\dotnet\packs\Microsoft.WindowsDesktop.App.Ref\8.0.8\ref\net8.0\System.Resources.Extensions.dll".
             Reference found at search path location "{RawFileName}".
             This reference is not "CopyLocal" because at least one source item had "Private" set to "false" and no source items had "Private" set to "true".
         Primary reference "System.Security.Cryptography.Pkcs, Version=8.0.0.0, Culture=neutral, PublicKeyToken=b03f5f7f11d50a3a".
             Resolved file path is "C:\Program Files\dotnet\packs\Microsoft.WindowsDesktop.App.Ref\8.0.8\ref\net8.0\System.Security.Cryptography.Pkcs.dll".
             Reference found at search path location "{RawFileName}".
             This reference is not "CopyLocal" because at least one source item had "Private" set to "false" and no source items had "Private" set to "true".
         Primary reference "System.Security.Cryptography.ProtectedData, Version=8.0.0.0, Culture=neutral, PublicKeyToken=b03f5f7f11d50a3a".
             Resolved file path is "C:\Program Files\dotnet\packs\Microsoft.WindowsDesktop.App.Ref\8.0.8\ref\net8.0\System.Security.Cryptography.ProtectedData.dll".
             Reference found at search path location "{RawFileName}".
             This reference is not "CopyLocal" because at least one source item had "Private" set to "false" and no source items had "Private" set to "true".
         Primary reference "System.Security.Cryptography.Xml, Version=8.0.0.0, Culture=neutral, PublicKeyToken=cc7b13ffcd2ddd51".
             Resolved file path is "C:\Program Files\dotnet\packs\Microsoft.WindowsDesktop.App.Ref\8.0.8\ref\net8.0\System.Security.Cryptography.Xml.dll".
             Reference found at search path location "{RawFileName}".
             This reference is not "CopyLocal" because at least one source item had "Private" set to "false" and no source items had "Private" set to "true".
         Primary reference "System.Security.Permissions, Version=8.0.0.0, Culture=neutral, PublicKeyToken=cc7b13ffcd2ddd51".
             Resolved file path is "C:\Program Files\dotnet\packs\Microsoft.WindowsDesktop.App.Ref\8.0.8\ref\net8.0\System.Security.Permissions.dll".
             Reference found at search path location "{RawFileName}".
             This reference is not "CopyLocal" because at least one source item had "Private" set to "false" and no source items had "Private" set to "true".
         Primary reference "System.Threading.AccessControl, Version=8.0.0.0, Culture=neutral, PublicKeyToken=b03f5f7f11d50a3a".
             Resolved file path is "C:\Program Files\dotnet\packs\Microsoft.WindowsDesktop.App.Ref\8.0.8\ref\net8.0\System.Threading.AccessControl.dll".
             Reference found at search path location "{RawFileName}".
             This reference is not "CopyLocal" because at least one source item had "Private" set to "false" and no source items had "Private" set to "true".
         Primary reference "System.Windows.Extensions, Version=8.0.0.0, Culture=neutral, PublicKeyToken=cc7b13ffcd2ddd51".
             Resolved file path is "C:\Program Files\dotnet\packs\Microsoft.WindowsDesktop.App.Ref\8.0.8\ref\net8.0\System.Windows.Extensions.dll".
             Reference found at search path location "{RawFileName}".
             This reference is not "CopyLocal" because at least one source item had "Private" set to "false" and no source items had "Private" set to "true".
         Primary reference "System.Windows.Forms.Design.Editors, Version=8.0.0.0, Culture=neutral, PublicKeyToken=b03f5f7f11d50a3a".
             Resolved file path is "C:\Program Files\dotnet\packs\Microsoft.WindowsDesktop.App.Ref\8.0.8\ref\net8.0\System.Windows.Forms.Design.Editors.dll".
             Reference found at search path location "{RawFileName}".
             This reference is not "CopyLocal" because at least one source item had "Private" set to "false" and no source items had "Private" set to "true".
         Primary reference "System.Windows.Forms.Design, Version=8.0.0.0, Culture=neutral, PublicKeyToken=b77a5c561934e089".
             Resolved file path is "C:\Program Files\dotnet\packs\Microsoft.WindowsDesktop.App.Ref\8.0.8\ref\net8.0\System.Windows.Forms.Design.dll".
             Reference found at search path location "{RawFileName}".
             This reference is not "CopyLocal" because at least one source item had "Private" set to "false" and no source items had "Private" set to "true".
         Primary reference "System.Windows.Forms.Primitives, Version=8.0.0.0, Culture=neutral, PublicKeyToken=b77a5c561934e089".
             Resolved file path is "C:\Program Files\dotnet\packs\Microsoft.WindowsDesktop.App.Ref\8.0.8\ref\net8.0\System.Windows.Forms.Primitives.dll".
             Reference found at search path location "{RawFileName}".
             This reference is not "CopyLocal" because at least one source item had "Private" set to "false" and no source items had "Private" set to "true".
         Primary reference "System.Windows.Forms, Version=8.0.0.0, Culture=neutral, PublicKeyToken=b77a5c561934e089".
             Resolved file path is "C:\Program Files\dotnet\packs\Microsoft.WindowsDesktop.App.Ref\8.0.8\ref\net8.0\System.Windows.Forms.dll".
             Reference found at search path location "{RawFileName}".
             This reference is not "CopyLocal" because at least one source item had "Private" set to "false" and no source items had "Private" set to "true".
       Done executing task "ResolveAssemblyReference".
   2:6>Done building target "ResolveAssemblyReferences" in project "Jarvis.App.csproj".
       Target "_ErrorOnUnresolvedWindowsSDKAssemblyConflict" skipped, due to false condition; ( '@(ResolveAssemblyReferenceUnresolvedAssemblyConflicts)' != '' ) was evaluated as ( '' != '' ).
       Target "GenerateBindingRedirects" skipped, due to false condition; ('$(AutoGenerateBindingRedirects)' == 'true' and '$(GenerateBindingRedirectsOutputType)' == 'true' and '@(SuggestedBindingRedirects)' != '' and '$(DesignTimeBuild)' != 'true' and '$(BuildingProject)' == 'true') was evaluated as ('' == 'true' and 'true' == 'true' and '' != '' and '' != 'true' and 'true' == 'true').
       Target "GenerateSupportedRuntime" skipped, due to false condition; ('$(GenerateSupportedRuntime)' != 'false' and '$(TargetFrameworkIdentifier)' == '.NETFramework' and '$(HasRuntimeOutput)' == 'true') was evaluated as ('' != 'false' and '.NETCoreApp' == '.NETFramework' and 'true' == 'true').
       Target "GenerateBindingRedirectsUpdateAppConfig" skipped, due to false condition; ('$(AutoGenerateBindingRedirects)' == 'true' and '$(GenerateBindingRedirectsOutputType)' == 'true') was evaluated as ('' == 'true' and 'true' == 'true').
       Target "ResolveComReferences" skipped, due to false condition; ('@(COMReference)'!='' or '@(COMFileReference)'!='') was evaluated as (''!='' or ''!='').
   2:6>Target "AfterResolveReferences" in file "C:\Program Files\dotnet\sdk\8.0.400\Microsoft.Common.CurrentVersion.targets" from project "C:\Users\NoahR\OneDrive\Desktop\Jarvis\src\Jarvis.App\Jarvis.App.csproj" (target "ResolveReferences" depends on it):
   2:6>Done building target "AfterResolveReferences" in project "Jarvis.App.csproj".
   2:6>Target "ResolveReferences" in file "C:\Program Files\dotnet\sdk\8.0.400\Microsoft.Common.CurrentVersion.targets" from project "C:\Users\NoahR\OneDrive\Desktop\Jarvis\src\Jarvis.App\Jarvis.App.csproj" (target "_BlockWinMDsOnUnsupportedTFMs" depends on it):
   2:6>Done building target "ResolveReferences" in project "Jarvis.App.csproj".
   2:6>Target "_BlockWinMDsOnUnsupportedTFMs" in file "C:\Program Files\dotnet\sdk\8.0.400\Sdks\Microsoft.NET.Sdk\targets\Microsoft.NET.Sdk.targets" from project "C:\Users\NoahR\OneDrive\Desktop\Jarvis\src\Jarvis.App\Jarvis.App.csproj" (target "CoreBuild" depends on it):
       Using "CheckForUnsupportedWinMDReferences" task from assembly "C:\Program Files\dotnet\sdk\8.0.400\Sdks\Microsoft.NET.Sdk\targets\..\tools\net8.0\Microsoft.NET.Build.Tasks.dll".
       Task "CheckForUnsupportedWinMDReferences"
       Done executing task "CheckForUnsupportedWinMDReferences".
       Task "NETSdkError" skipped, due to false condition; ('$(OutputType)' == 'winmdobj') was evaluated as ('WinExe' == 'winmdobj').
   2:6>Done building target "_BlockWinMDsOnUnsupportedTFMs" in project "Jarvis.App.csproj".
       Target "ResolveReferences" skipped. Previously built successfully.
       Target "MarkupCompilePass1" skipped, due to false condition; ('@(Page)' != '' or '@(ApplicationDefinition)' != '' ) was evaluated as ('' != '' or '' != '' ).
   2:6>Target "AfterMarkupCompilePass1" in file "C:\Program Files\dotnet\sdk\8.0.400\Sdks\Microsoft.NET.Sdk.WindowsDesktop\targets\Microsoft.WinFX.targets" from project "C:\Users\NoahR\OneDrive\Desktop\Jarvis\src\Jarvis.App\Jarvis.App.csproj" (target "PrepareResources" depends on it):
   2:6>Done building target "AfterMarkupCompilePass1" in project "Jarvis.App.csproj".
       Target "MarkupCompilePass2ForMainAssembly" skipped, due to false condition; ('$(_RequireMCPass2ForMainAssembly)' == 'true' ) was evaluated as ('false' == 'true' ).
   2:6>Target "FileClassification" in file "C:\Program Files\dotnet\sdk\8.0.400\Sdks\Microsoft.NET.Sdk.WindowsDesktop\targets\Microsoft.WinFX.targets" from project "C:\Users\NoahR\OneDrive\Desktop\Jarvis\src\Jarvis.App\Jarvis.App.csproj" (target "PrepareResources" depends on it):
       Task "FileClassifier" skipped, due to false condition; ('@(GeneratedBaml)' != '' or '@(Resource)' != '' or '@(Font)' != '') was evaluated as ('' != '' or '' != '' or '' != '').
       Task "Message" skipped, due to false condition; ('$(MSBuildTargetsVerbose)'=='true') was evaluated as (''=='true').
       Task "Message" skipped, due to false condition; ('$(MSBuildTargetsVerbose)'=='true') was evaluated as (''=='true').
   2:6>Done building target "FileClassification" in project "Jarvis.App.csproj".
       Target "MainResourcesGeneration" skipped, due to false condition; ('@(MainEmbeddedFiles)' != '') was evaluated as ('' != '').
       Target "ResolvePackageDependenciesForBuild" skipped. Previously built successfully.
       Target "_HandlePackageFileConflicts" skipped. Previously built successfully.
       Target "AssignWinFXEmbeddedResource" skipped, due to false condition; ('@(WinFXEmbeddedResource)' != '') was evaluated as ('' != '').
   2:6>Target "CopyAdditionalFiles" in file "C:\Program Files\dotnet\sdk\8.0.400\Roslyn\Microsoft.Managed.Core.targets" from project "C:\Users\NoahR\OneDrive\Desktop\Jarvis\src\Jarvis.App\Jarvis.App.csproj" (target "AssignTargetPaths" depends on it):
   2:6>Done building target "CopyAdditionalFiles" in project "Jarvis.App.csproj".
       Target "ResolvePackageAssets" skipped. Previously built successfully.
       Target "ResolveFrameworkReferences" skipped. Previously built successfully.
   2:6>Target "_GetAppHostPaths" in file "C:\Program Files\dotnet\sdk\8.0.400\Sdks\Microsoft.NET.Sdk\targets\Microsoft.NET.Sdk.targets" from project "C:\Users\NoahR\OneDrive\Desktop\Jarvis\src\Jarvis.App\Jarvis.App.csproj" (target "_ChooseAppHost" depends on it):
       Task "NETSdkError" skipped, due to false condition; ('@(_NativeRestoredAppHostNETCore->Count())' > 1) was evaluated as ('0' > 1).
   2:6>Done building target "_GetAppHostPaths" in project "Jarvis.App.csproj".
   2:6>Target "_ChooseAppHost" in file "C:\Program Files\dotnet\sdk\8.0.400\Sdks\Microsoft.NET.Sdk\targets\Microsoft.NET.Sdk.targets" from project "C:\Users\NoahR\OneDrive\Desktop\Jarvis\src\Jarvis.App\Jarvis.App.csproj" (target "_ComputeNETCoreBuildOutputFiles" depends on it):
   2:6>Done building target "_ChooseAppHost" in project "Jarvis.App.csproj".
       Target "_GetComHostPaths" skipped, due to false condition; ('$(EnableComHosting)' == 'true' and '$(_IsExecutable)' != 'true') was evaluated as ('' == 'true' and 'true' != 'true').
       Target "_GetIjwHostPaths" skipped, due to false condition; ('$(UseIJWHost)' == 'true') was evaluated as ('' == 'true').
   2:6>Target "_ComputeNETCoreBuildOutputFiles" in file "C:\Program Files\dotnet\sdk\8.0.400\Sdks\Microsoft.NET.Sdk\targets\Microsoft.NET.Sdk.targets" from project "C:\Users\NoahR\OneDrive\Desktop\Jarvis\src\Jarvis.App\Jarvis.App.csproj" (target "AssignTargetPaths" depends on it):
   2:6>Done building target "_ComputeNETCoreBuildOutputFiles" in project "Jarvis.App.csproj".
   2:6>Target "AssignTargetPaths" in file "C:\Program Files\dotnet\sdk\8.0.400\Microsoft.Common.CurrentVersion.targets" from project "C:\Users\NoahR\OneDrive\Desktop\Jarvis\src\Jarvis.App\Jarvis.App.csproj" (target "PrepareResourceNames" depends on it):
       Using "AssignTargetPath" task from assembly "Microsoft.Build.Tasks.Core, Version=15.1.0.0, Culture=neutral, PublicKeyToken=b03f5f7f11d50a3a".
       Task "AssignTargetPath"
       Done executing task "AssignTargetPath".
       Task "AssignTargetPath"
       Done executing task "AssignTargetPath".
       Task "AssignTargetPath"
       Done executing task "AssignTargetPath".
       Task "AssignTargetPath"
       Done executing task "AssignTargetPath".
       Task "AssignTargetPath" skipped, due to false condition; ('@(_DeploymentBaseManifestWithTargetPath)'=='' and '%(None.Extension)'=='.manifest') was evaluated as (''=='' and '.exe'=='.manifest').
   2:6>Done building target "AssignTargetPaths" in project "Jarvis.App.csproj".
       Target "AssignTargetPaths" skipped. Previously built successfully.
   2:6>Target "SplitResourcesByCulture" in file "C:\Program Files\dotnet\sdk\8.0.400\Microsoft.Common.CurrentVersion.targets" from project "C:\Users\NoahR\OneDrive\Desktop\Jarvis\src\Jarvis.App\Jarvis.App.csproj" (target "PrepareResourceNames" depends on it):
       Task "Warning" skipped, due to false condition; ('@(ResxWithNoCulture)'!='') was evaluated as (''!='').
       Task "Warning" skipped, due to false condition; ('@(ResxWithCulture)'!='') was evaluated as (''!='').
       Task "Warning" skipped, due to false condition; ('@(NonResxWithCulture)'!='') was evaluated as (''!='').
       Task "Warning" skipped, due to false condition; ('@(NonResxWithNoCulture)'!='') was evaluated as (''!='').
       Using "AssignCulture" task from assembly "Microsoft.Build.Tasks.Core, Version=15.1.0.0, Culture=neutral, PublicKeyToken=b03f5f7f11d50a3a".
       Task "AssignCulture"
       Done executing task "AssignCulture".
   2:6>Done building target "SplitResourcesByCulture" in project "Jarvis.App.csproj".
       Target "CreateManifestResourceNames" skipped, due to false condition; ('@(EmbeddedResource)' != '') was evaluated as ('' != '').
   2:6>Target "CreateCustomManifestResourceNames" in file "C:\Program Files\dotnet\sdk\8.0.400\Microsoft.Common.CurrentVersion.targets" from project "C:\Users\NoahR\OneDrive\Desktop\Jarvis\src\Jarvis.App\Jarvis.App.csproj" (target "PrepareResourceNames" depends on it):
   2:6>Done building target "CreateCustomManifestResourceNames" in project "Jarvis.App.csproj".
   2:6>Target "PrepareResourceNames" in file "C:\Program Files\dotnet\sdk\8.0.400\Microsoft.Common.CurrentVersion.targets" from project "C:\Users\NoahR\OneDrive\Desktop\Jarvis\src\Jarvis.App\Jarvis.App.csproj" (target "PrepareResources" depends on it):
   2:6>Done building target "PrepareResourceNames" in project "Jarvis.App.csproj".
       Target "ResolveAssemblyReferences" skipped. Previously built successfully.
       Target "SplitResourcesByCulture" skipped. Previously built successfully.
   2:6>Target "BeforeResGen" in file "C:\Program Files\dotnet\sdk\8.0.400\Microsoft.Common.CurrentVersion.targets" from project "C:\Users\NoahR\OneDrive\Desktop\Jarvis\src\Jarvis.App\Jarvis.App.csproj" (target "ResGen" depends on it):
   2:6>Done building target "BeforeResGen" in project "Jarvis.App.csproj".
       Target "ResolveReferences" skipped. Previously built successfully.
   2:6>Target "FindReferenceAssembliesForReferences" in file "C:\Program Files\dotnet\sdk\8.0.400\Microsoft.Common.CurrentVersion.targets" from project "C:\Users\NoahR\OneDrive\Desktop\Jarvis\src\Jarvis.App\Jarvis.App.csproj" (target "CoreResGen" depends on it):
   2:6>Done building target "FindReferenceAssembliesForReferences" in project "Jarvis.App.csproj".
   2:6>Target "CoreResGen" in file "C:\Program Files\dotnet\sdk\8.0.400\Microsoft.Common.CurrentVersion.targets" from project "C:\Users\NoahR\OneDrive\Desktop\Jarvis\src\Jarvis.App\Jarvis.App.csproj" (target "ResGen" depends on it):
       Task "GenerateResource" skipped, due to false condition; ('%(EmbeddedResource.Type)' == 'Resx' and '%(EmbeddedResource.GenerateResource)' != 'false' and '$(GenerateResourceMSBuildRuntime)' != 'CLR2') was evaluated as ('' == 'Resx' and '' != 'false' and 'CurrentRuntime' != 'CLR2').
       Task "GenerateResource" skipped, due to false condition; ('%(EmbeddedResource.Type)' == 'Resx' and '%(EmbeddedResource.GenerateResource)' != 'false' and '$(GenerateResourceMSBuildRuntime)' == 'CLR2') was evaluated as ('' == 'Resx' and '' != 'false' and 'CurrentRuntime' == 'CLR2').
   2:6>Done building target "CoreResGen" in project "Jarvis.App.csproj".
   2:6>Target "AfterResGen" in file "C:\Program Files\dotnet\sdk\8.0.400\Microsoft.Common.CurrentVersion.targets" from project "C:\Users\NoahR\OneDrive\Desktop\Jarvis\src\Jarvis.App\Jarvis.App.csproj" (target "ResGen" depends on it):
   2:6>Done building target "AfterResGen" in project "Jarvis.App.csproj".
   2:6>Target "ResGen" in file "C:\Program Files\dotnet\sdk\8.0.400\Microsoft.Common.CurrentVersion.targets" from project "C:\Users\NoahR\OneDrive\Desktop\Jarvis\src\Jarvis.App\Jarvis.App.csproj" (target "PrepareResources" depends on it):
   2:6>Done building target "ResGen" in project "Jarvis.App.csproj".
       Target "CompileLicxFiles" skipped, due to false condition; ('@(_LicxFile)'!='') was evaluated as (''!='').
   2:6>Target "PrepareResources" in file "C:\Program Files\dotnet\sdk\8.0.400\Microsoft.Common.CurrentVersion.targets" from project "C:\Users\NoahR\OneDrive\Desktop\Jarvis\src\Jarvis.App\Jarvis.App.csproj" (target "CoreBuild" depends on it):
   2:6>Done building target "PrepareResources" in project "Jarvis.App.csproj".
       Target "ResolveKeySource" skipped, due to false condition; ($(SignManifests) == 'true' or $(SignAssembly) == 'true') was evaluated as ( == 'true' or false == 'true').
       Target "ResolveReferences" skipped. Previously built successfully.
       Target "ResolveKeySource" skipped, due to false condition; ($(SignManifests) == 'true' or $(SignAssembly) == 'true') was evaluated as ( == 'true' or false == 'true').
       Target "ResolveComReferences" skipped, due to false condition; ('@(COMReference)'!='' or '@(COMFileReference)'!='') was evaluated as (''!='' or ''!='').
       Target "ResolveNativeReferences" skipped, due to false condition; ('@(NativeReference)'!='') was evaluated as (''!='').
       Target "_SetExternalWin32ManifestProperties" skipped, due to false condition; ('$(GenerateClickOnceManifests)'=='true' or '@(NativeReference)'!='' or '@(ResolvedIsolatedComModules)'!='') was evaluated as (''=='true' or ''!='' or ''!='').
   2:6>Target "_SetEmbeddedWin32ManifestProperties" in file "C:\Program Files\dotnet\sdk\8.0.400\Microsoft.Common.CurrentVersion.targets" from project "C:\Users\NoahR\OneDrive\Desktop\Jarvis\src\Jarvis.App\Jarvis.App.csproj" (target "SetWin32ManifestProperties" depends on it):
       Using "GetFrameworkPath" task from assembly "Microsoft.Build.Tasks.Core, Version=15.1.0.0, Culture=neutral, PublicKeyToken=b03f5f7f11d50a3a".
       Task "GetFrameworkPath"
       Done executing task "GetFrameworkPath".
   2:6>Done building target "_SetEmbeddedWin32ManifestProperties" in project "Jarvis.App.csproj".
   2:6>Target "SetWin32ManifestProperties" in file "C:\Program Files\dotnet\sdk\8.0.400\Microsoft.Common.CurrentVersion.targets" from project "C:\Users\NoahR\OneDrive\Desktop\Jarvis\src\Jarvis.App\Jarvis.App.csproj" (target "Compile" depends on it):
   2:6>Done building target "SetWin32ManifestProperties" in project "Jarvis.App.csproj".
       Target "_SetPreferNativeArm64Win32ManifestProperties" skipped, due to false condition; ( '$(PreferNativeArm64)'=='true' and '$(NoWin32Manifest)'!='true') was evaluated as ( ''=='true' and ''!='true').
       Target "FindReferenceAssembliesForReferences" skipped. Previously built successfully.
   2:6>Target "_GenerateCompileInputs" in file "C:\Program Files\dotnet\sdk\8.0.400\Microsoft.Common.CurrentVersion.targets" from project "C:\Users\NoahR\OneDrive\Desktop\Jarvis\src\Jarvis.App\Jarvis.App.csproj" (target "Compile" depends on it):
       Task "Warning" skipped, due to false condition; ('@(ManifestResourceWithNoCulture)'!='' and '%(ManifestResourceWithNoCulture.EmittedForCompatibilityOnly)'=='') was evaluated as (''!='' and ''=='').
       Task "Warning" skipped, due to false condition; ('@(ManifestNonResxWithNoCultureOnDisk)'!='' and '%(ManifestNonResxWithNoCultureOnDisk.EmittedForCompatibilityOnly)'=='') was evaluated as (''!='' and ''=='').
   2:6>Done building target "_GenerateCompileInputs" in project "Jarvis.App.csproj".
       Target "PrepareForBuild" skipped. Previously built successfully.
   2:6>Target "GenerateMSBuildEditorConfigFileShouldRun" in file "C:\Program Files\dotnet\sdk\8.0.400\Roslyn\Microsoft.Managed.Core.targets" from project "C:\Users\NoahR\OneDrive\Desktop\Jarvis\src\Jarvis.App\Jarvis.App.csproj" (target "GenerateMSBuildEditorConfigFile" depends on it):
   2:6>Done building target "GenerateMSBuildEditorConfigFileShouldRun" in project "Jarvis.App.csproj".
   2:6>Target "GenerateMSBuildEditorConfigFileCore" in file "C:\Program Files\dotnet\sdk\8.0.400\Roslyn\Microsoft.Managed.Core.targets" from project "C:\Users\NoahR\OneDrive\Desktop\Jarvis\src\Jarvis.App\Jarvis.App.csproj" (target "GenerateMSBuildEditorConfigFile" depends on it):
       Building target "GenerateMSBuildEditorConfigFileCore" completely.
       No input files were specified.
       Using "GenerateMSBuildEditorConfig" task from assembly "C:\Program Files\dotnet\sdk\8.0.400\Roslyn\Microsoft.Build.Tasks.CodeAnalysis.dll".
       Task "GenerateMSBuildEditorConfig"
       Done executing task "GenerateMSBuildEditorConfig".
   2:6>Done building target "GenerateMSBuildEditorConfigFileCore" in project "Jarvis.App.csproj".
   2:6>Target "GenerateMSBuildEditorConfigFile" in file "C:\Program Files\dotnet\sdk\8.0.400\Roslyn\Microsoft.Managed.Core.targets" from project "C:\Users\NoahR\OneDrive\Desktop\Jarvis\src\Jarvis.App\Jarvis.App.csproj" (target "BeforeCompile" depends on it):
   2:6>Done building target "GenerateMSBuildEditorConfigFile" in project "Jarvis.App.csproj".
       Target "PrepareForBuild" skipped. Previously built successfully.
       Target "GetReferenceAssemblyPaths" skipped. Previously built successfully.
   2:6>Target "_SetTargetFrameworkMonikerAttribute" in file "C:\Program Files\dotnet\sdk\8.0.400\Microsoft.CSharp.CurrentVersion.targets" from project "C:\Users\NoahR\OneDrive\Desktop\Jarvis\src\Jarvis.App\Jarvis.App.csproj" (target "GenerateTargetFrameworkMonikerAttribute" depends on it):
   2:6>Done building target "_SetTargetFrameworkMonikerAttribute" in project "Jarvis.App.csproj".
   2:6>Target "GenerateTargetFrameworkMonikerAttribute" in file "C:\Program Files\dotnet\sdk\8.0.400\Microsoft.Common.CurrentVersion.targets" from project "C:\Users\NoahR\OneDrive\Desktop\Jarvis\src\Jarvis.App\Jarvis.App.csproj" (target "BeforeCompile" depends on it):
       Skipping target "GenerateTargetFrameworkMonikerAttribute" because all output files are up-to-date with respect to the input files.
       Input files: C:\Program Files\dotnet\sdk\8.0.400\Microsoft.Common.targets
       Output files: obj\Debug\net8.0-windows\.NETCoreApp,Version=v8.0.AssemblyAttributes.cs
   2:6>Done building target "GenerateTargetFrameworkMonikerAttribute" in project "Jarvis.App.csproj".
       Target "GenerateAdditionalSources" skipped, due to false condition; ('@(AssemblyAttributes)' != '' and '$(GenerateAdditionalSources)' == 'true') was evaluated as ('' != '' and '' == 'true').
       Target "PrepareForBuild" skipped. Previously built successfully.
   2:6>Target "GetAssemblyVersion" in file "C:\Program Files\dotnet\sdk\8.0.400\Sdks\Microsoft.NET.Sdk\targets\Microsoft.NET.GenerateAssemblyInfo.targets" from project "C:\Users\NoahR\OneDrive\Desktop\Jarvis\src\Jarvis.App\Jarvis.App.csproj" (target "GetAssemblyAttributes" depends on it):
       Using "GetAssemblyVersion" task from assembly "C:\Program Files\dotnet\sdk\8.0.400\Sdks\Microsoft.NET.Sdk\targets\..\tools\net8.0\Microsoft.NET.Build.Tasks.dll".
       Task "GetAssemblyVersion"
       Done executing task "GetAssemblyVersion".
   2:6>Done building target "GetAssemblyVersion" in project "Jarvis.App.csproj".
       Target "GetAssemblyVersion" skipped. Previously built successfully.
   2:6>Target "InitializeSourceControlInformationFromSourceControlManager" in file "C:\Program Files\dotnet\sdk\8.0.400\Sdks\Microsoft.Build.Tasks.Git\build\Microsoft.Build.Tasks.Git.targets" from project "C:\Users\NoahR\OneDrive\Desktop\Jarvis\src\Jarvis.App\Jarvis.App.csproj" (target "_InitializeSourceControlInformationFromSourceControlManager" depends on it):
       Using "Microsoft.Build.Tasks.Git.LocateRepository" task from assembly "C:\Program Files\dotnet\sdk\8.0.400\Sdks\Microsoft.Build.Tasks.Git\build\..\tools\core\Microsoft.Build.Tasks.Git.dll".
       Task "Microsoft.Build.Tasks.Git.LocateRepository"
       Done executing task "Microsoft.Build.Tasks.Git.LocateRepository".
   2:6>Done building target "InitializeSourceControlInformationFromSourceControlManager" in project "Jarvis.App.csproj".
   2:6>Target "_SourceLinkHasSingleProvider" in file "C:\Program Files\dotnet\sdk\8.0.400\Sdks\Microsoft.SourceLink.Common\build\InitializeSourceControlInformation.targets" from project "C:\Users\NoahR\OneDrive\Desktop\Jarvis\src\Jarvis.App\Jarvis.App.csproj" (target "_InitializeSourceControlInformationFromSourceControlManager" depends on it):
       Using "Microsoft.SourceLink.Common.SourceLinkHasSingleProvider" task from assembly "C:\Program Files\dotnet\sdk\8.0.400\Sdks\Microsoft.SourceLink.Common\build\..\tools\core\Microsoft.SourceLink.Common.dll".
       Task "Microsoft.SourceLink.Common.SourceLinkHasSingleProvider"
       Done executing task "Microsoft.SourceLink.Common.SourceLinkHasSingleProvider".
   2:6>Done building target "_SourceLinkHasSingleProvider" in project "Jarvis.App.csproj".
   2:6>Target "TranslateGitHubUrlsInSourceControlInformation" in file "C:\Program Files\dotnet\sdk\8.0.400\Sdks\Microsoft.SourceLink.GitHub\build\Microsoft.SourceLink.GitHub.targets" from project "C:\Users\NoahR\OneDrive\Desktop\Jarvis\src\Jarvis.App\Jarvis.App.csproj" (target "_InitializeSourceControlInformationFromSourceControlManager" depends on it):
       Using "Microsoft.SourceLink.GitHub.TranslateRepositoryUrls" task from assembly "C:\Program Files\dotnet\sdk\8.0.400\Sdks\Microsoft.SourceLink.GitHub\build\..\tools\core\Microsoft.SourceLink.GitHub.dll".
       Task "Microsoft.SourceLink.GitHub.TranslateRepositoryUrls"
       Done executing task "Microsoft.SourceLink.GitHub.TranslateRepositoryUrls".
   2:6>Done building target "TranslateGitHubUrlsInSourceControlInformation" in project "Jarvis.App.csproj".
   2:6>Target "TranslateGitLabUrlsInSourceControlInformation" in file "C:\Program Files\dotnet\sdk\8.0.400\Sdks\Microsoft.SourceLink.GitLab\build\Microsoft.SourceLink.GitLab.targets" from project "C:\Users\NoahR\OneDrive\Desktop\Jarvis\src\Jarvis.App\Jarvis.App.csproj" (target "_InitializeSourceControlInformationFromSourceControlManager" depends on it):
       Using "Microsoft.SourceLink.GitLab.TranslateRepositoryUrls" task from assembly "C:\Program Files\dotnet\sdk\8.0.400\Sdks\Microsoft.SourceLink.GitLab\build\..\tools\core\Microsoft.SourceLink.GitLab.dll".
       Task "Microsoft.SourceLink.GitLab.TranslateRepositoryUrls"
       Done executing task "Microsoft.SourceLink.GitLab.TranslateRepositoryUrls".
   2:6>Done building target "TranslateGitLabUrlsInSourceControlInformation" in project "Jarvis.App.csproj".
   2:6>Target "TranslateAzureReposGitUrlsInSourceControlInformation" in file "C:\Program Files\dotnet\sdk\8.0.400\Sdks\Microsoft.SourceLink.AzureRepos.Git\build\Microsoft.SourceLink.AzureRepos.Git.targets" from project "C:\Users\NoahR\OneDrive\Desktop\Jarvis\src\Jarvis.App\Jarvis.App.csproj" (target "_InitializeSourceControlInformationFromSourceControlManager" depends on it):
       Using "Microsoft.SourceLink.AzureRepos.Git.TranslateRepositoryUrls" task from assembly "C:\Program Files\dotnet\sdk\8.0.400\Sdks\Microsoft.SourceLink.AzureRepos.Git\build\..\tools\core\Microsoft.SourceLink.AzureRepos.Git.dll".
       Task "Microsoft.SourceLink.AzureRepos.Git.TranslateRepositoryUrls"
       Done executing task "Microsoft.SourceLink.AzureRepos.Git.TranslateRepositoryUrls".
   2:6>Done building target "TranslateAzureReposGitUrlsInSourceControlInformation" in project "Jarvis.App.csproj".
   2:6>Target "TranslateBitbucketGitUrlsInSourceControlInformation" in file "C:\Program Files\dotnet\sdk\8.0.400\Sdks\Microsoft.SourceLink.Bitbucket.Git\build\Microsoft.SourceLink.Bitbucket.Git.targets" from project "C:\Users\NoahR\OneDrive\Desktop\Jarvis\src\Jarvis.App\Jarvis.App.csproj" (target "_InitializeSourceControlInformationFromSourceControlManager" depends on it):
       Using "Microsoft.SourceLink.Bitbucket.Git.TranslateRepositoryUrls" task from assembly "C:\Program Files\dotnet\sdk\8.0.400\Sdks\Microsoft.SourceLink.Bitbucket.Git\build\..\tools\core\Microsoft.SourceLink.Bitbucket.Git.dll".
       Task "Microsoft.SourceLink.Bitbucket.Git.TranslateRepositoryUrls"
       Done executing task "Microsoft.SourceLink.Bitbucket.Git.TranslateRepositoryUrls".
   2:6>Done building target "TranslateBitbucketGitUrlsInSourceControlInformation" in project "Jarvis.App.csproj".
   2:6>Target "SourceControlManagerPublishTranslatedUrls" in file "C:\Program Files\dotnet\sdk\8.0.400\Sdks\Microsoft.SourceLink.Common\build\InitializeSourceControlInformation.targets" from project "C:\Users\NoahR\OneDrive\Desktop\Jarvis\src\Jarvis.App\Jarvis.App.csproj" (target "_InitializeSourceControlInformationFromSourceControlManager" depends on it):
   2:6>Done building target "SourceControlManagerPublishTranslatedUrls" in project "Jarvis.App.csproj".
   2:6>Target "_InitializeSourceControlInformationFromSourceControlManager" in file "C:\Program Files\dotnet\sdk\8.0.400\Sdks\Microsoft.SourceLink.Common\build\InitializeSourceControlInformation.targets" from project "C:\Users\NoahR\OneDrive\Desktop\Jarvis\src\Jarvis.App\Jarvis.App.csproj" (target "InitializeSourceControlInformation" depends on it):
   2:6>Done building target "_InitializeSourceControlInformationFromSourceControlManager" in project "Jarvis.App.csproj".
   2:6>Target "InitializeSourceControlInformation" in file "C:\Program Files\dotnet\sdk\8.0.400\Microsoft.Common.CurrentVersion.targets" from project "C:\Users\NoahR\OneDrive\Desktop\Jarvis\src\Jarvis.App\Jarvis.App.csproj" (target "AddSourceRevisionToInformationalVersion" depends on it):
   2:6>Done building target "InitializeSourceControlInformation" in project "Jarvis.App.csproj".
   2:6>Target "AddSourceRevisionToInformationalVersion" in file "C:\Program Files\dotnet\sdk\8.0.400\Sdks\Microsoft.NET.Sdk\targets\Microsoft.NET.GenerateAssemblyInfo.targets" from project "C:\Users\NoahR\OneDrive\Desktop\Jarvis\src\Jarvis.App\Jarvis.App.csproj" (target "GetAssemblyAttributes" depends on it):
   2:6>Done building target "AddSourceRevisionToInformationalVersion" in project "Jarvis.App.csproj".
       Target "_GetUserSecretsAssemblyAttribute" skipped, due to false condition; ( '$(UserSecretsId)' != '' AND '$(GenerateUserSecretsAttribute)' != 'false' AND '$(GeneratedUserSecretsAttributeFile)' == '' ) was evaluated as ( '' != '' AND '' != 'false' AND '' == '' ).
   2:6>Target "GetAssemblyAttributes" in file "C:\Program Files\dotnet\sdk\8.0.400\Sdks\Microsoft.NET.Sdk\targets\Microsoft.NET.GenerateAssemblyInfo.targets" from project "C:\Users\NoahR\OneDrive\Desktop\Jarvis\src\Jarvis.App\Jarvis.App.csproj" (target "CreateGeneratedAssemblyInfoInputsCacheFile" depends on it):
   2:6>Done building target "GetAssemblyAttributes" in project "Jarvis.App.csproj".
   2:6>Target "CreateGeneratedAssemblyInfoInputsCacheFile" in file "C:\Program Files\dotnet\sdk\8.0.400\Sdks\Microsoft.NET.Sdk\targets\Microsoft.NET.GenerateAssemblyInfo.targets" from project "C:\Users\NoahR\OneDrive\Desktop\Jarvis\src\Jarvis.App\Jarvis.App.csproj" (target "CoreGenerateAssemblyInfo" depends on it):
       Using "Hash" task from assembly "Microsoft.Build.Tasks.Core, Version=15.1.0.0, Culture=neutral, PublicKeyToken=b03f5f7f11d50a3a".
       Task "Hash"
       Done executing task "Hash".
       Task "WriteLinesToFile"
       Done executing task "WriteLinesToFile".
   2:6>Done building target "CreateGeneratedAssemblyInfoInputsCacheFile" in project "Jarvis.App.csproj".
   2:6>Target "CoreGenerateAssemblyInfo" in file "C:\Program Files\dotnet\sdk\8.0.400\Sdks\Microsoft.NET.Sdk\targets\Microsoft.NET.GenerateAssemblyInfo.targets" from project "C:\Users\NoahR\OneDrive\Desktop\Jarvis\src\Jarvis.App\Jarvis.App.csproj" (target "GenerateAssemblyInfo" depends on it):
       Building target "CoreGenerateAssemblyInfo" completely.
       Output file "obj\Debug\net8.0-windows\Jarvis.App.AssemblyInfo.cs" does not exist.
       Using "WriteCodeFragment" task from assembly "Microsoft.Build.Tasks.Core, Version=15.1.0.0, Culture=neutral, PublicKeyToken=b03f5f7f11d50a3a".
       Task "WriteCodeFragment"
         Emitted specified code into "obj\Debug\net8.0-windows\Jarvis.App.AssemblyInfo.cs".
       Done executing task "WriteCodeFragment".
   2:6>Done building target "CoreGenerateAssemblyInfo" in project "Jarvis.App.csproj".
   2:6>Target "GenerateAssemblyInfo" in file "C:\Program Files\dotnet\sdk\8.0.400\Sdks\Microsoft.NET.Sdk\targets\Microsoft.NET.GenerateAssemblyInfo.targets" from project "C:\Users\NoahR\OneDrive\Desktop\Jarvis\src\Jarvis.App\Jarvis.App.csproj" (target "BeforeCompile" depends on it):
   2:6>Done building target "GenerateAssemblyInfo" in project "Jarvis.App.csproj".
   2:6>Target "BeforeCompile" in file "C:\Program Files\dotnet\sdk\8.0.400\Microsoft.Common.CurrentVersion.targets" from project "C:\Users\NoahR\OneDrive\Desktop\Jarvis\src\Jarvis.App\Jarvis.App.csproj" (target "Compile" depends on it):
   2:6>Done building target "BeforeCompile" in project "Jarvis.App.csproj".
       Target "_TimeStampBeforeCompile" skipped, due to false condition; ('$(RunPostBuildEvent)'=='OnOutputUpdated' or ('$(RegisterForComInterop)'=='true' and '$(OutputType)'=='library')) was evaluated as (''=='OnOutputUpdated' or (''=='true' and 'WinExe'=='library')).
       Target "ResolveAssemblyReferences" skipped. Previously built successfully.
   2:6>Target "_GenerateCompileDependencyCache" in file "C:\Program Files\dotnet\sdk\8.0.400\Microsoft.Common.CurrentVersion.targets" from project "C:\Users\NoahR\OneDrive\Desktop\Jarvis\src\Jarvis.App\Jarvis.App.csproj" (target "Compile" depends on it):
       Task "Hash"
       Done executing task "Hash".
       Task "WriteLinesToFile"
       Done executing task "WriteLinesToFile".
   2:6>Done building target "_GenerateCompileDependencyCache" in project "Jarvis.App.csproj".
       Target "_ComputeNonExistentFileProperty" skipped, due to false condition; (('$(BuildingInsideVisualStudio)' == 'true') and ('$(BuildingOutOfProcess)' != 'true') and (('$(BuildingProject)' == 'false') or ('$(UseHostCompilerIfAvailable)' == 'true'))) was evaluated as (('' == 'true') and ('' != 'true') and (('true' == 'false') or ('true' == 'true'))).
       Target "ResolveCodeAnalysisRuleSet" skipped, due to false condition; ('$(CodeAnalysisRuleSet)' != '') was evaluated as ('' != '').
       Target "ShimReferencePathsWhenCommonTargetsDoesNotUnderstandReferenceAssemblies" skipped, due to false condition; ('@(ReferencePathWithRefAssemblies)' == '') was evaluated as ('C:\Program Files\dotnet\packs\Microsoft.WindowsDesktop.App.Ref\8.0.8\ref\net8.0\Accessibility.dll;C:\Users\NoahR\OneDrive\Desktop\Jarvis\src\Jarvis.Core\obj\Debug\net8.0\ref\Jarvis.Core.dll;C:\Program Files\dotnet\packs\Microsoft.NETCore.App.Ref\8.0.8\ref\net8.0\Microsoft.CSharp.dll;...' == '').
   2:6>Target "_BeforeVBCSCoreCompile" in file "C:\Program Files\dotnet\sdk\8.0.400\Roslyn\Microsoft.Managed.Core.targets" from project "C:\Users\NoahR\OneDrive\Desktop\Jarvis\src\Jarvis.App\Jarvis.App.csproj" (target "CoreCompile" depends on it):
   2:6>Done building target "_BeforeVBCSCoreCompile" in project "Jarvis.App.csproj".
       Target "AdjustDefaultPlatformTargetForNetFrameworkExeWithNoNativeCopyLocalItems" skipped, due to false condition; ('$(_UsingDefaultPlatformTarget)' == 'true' and
                            '$(_UsingDefaultRuntimeIdentifier)' == 'true') was evaluated as ('true' == 'true' and
                            '' == 'true').
       Target "_DisableDiagnosticTracing" skipped, due to false condition; ('$(DisableDiagnosticTracing)' == 'true') was evaluated as ('' == 'true').
   2:6>Target "GenerateTargetPlatformDefineConstants" in file "C:\Program Files\dotnet\sdk\8.0.400\Sdks\Microsoft.NET.Sdk\targets\Microsoft.NET.Sdk.BeforeCommon.targets" from project "C:\Users\NoahR\OneDrive\Desktop\Jarvis\src\Jarvis.App\Jarvis.App.csproj" (target "AddImplicitDefineConstants" depends on it):
   2:6>Done building target "GenerateTargetPlatformDefineConstants" in project "Jarvis.App.csproj".
   2:6>Target "GenerateNETCompatibleDefineConstants" in file "C:\Program Files\dotnet\sdk\8.0.400\Sdks\Microsoft.NET.Sdk\targets\Microsoft.NET.Sdk.BeforeCommon.targets" from project "C:\Users\NoahR\OneDrive\Desktop\Jarvis\src\Jarvis.App\Jarvis.App.csproj" (target "AddImplicitDefineConstants" depends on it):
   2:6>Done building target "GenerateNETCompatibleDefineConstants" in project "Jarvis.App.csproj".
   2:6>Target "GeneratePlatformCompatibleDefineConstants" in file "C:\Program Files\dotnet\sdk\8.0.400\Sdks\Microsoft.NET.Sdk\targets\Microsoft.NET.Sdk.BeforeCommon.targets" from project "C:\Users\NoahR\OneDrive\Desktop\Jarvis\src\Jarvis.App\Jarvis.App.csproj" (target "AddImplicitDefineConstants" depends on it):
   2:6>Done building target "GeneratePlatformCompatibleDefineConstants" in project "Jarvis.App.csproj".
       Target "_DisableDiagnosticTracing" skipped, due to false condition; ('$(DisableDiagnosticTracing)' == 'true') was evaluated as ('' == 'true').
   2:6>Target "AddImplicitDefineConstants" in file "C:\Program Files\dotnet\sdk\8.0.400\Sdks\Microsoft.NET.Sdk\targets\Microsoft.NET.Sdk.BeforeCommon.targets" from project "C:\Users\NoahR\OneDrive\Desktop\Jarvis\src\Jarvis.App\Jarvis.App.csproj" (target "CoreCompile" depends on it):
   2:6>Done building target "AddImplicitDefineConstants" in project "Jarvis.App.csproj".
       Target "ShimReferencePathsWhenCommonTargetsDoesNotUnderstandReferenceAssemblies" skipped, due to false condition; ('@(ReferencePathWithRefAssemblies)' == '') was evaluated as ('C:\Program Files\dotnet\packs\Microsoft.WindowsDesktop.App.Ref\8.0.8\ref\net8.0\Accessibility.dll;C:\Users\NoahR\OneDrive\Desktop\Jarvis\src\Jarvis.Core\obj\Debug\net8.0\ref\Jarvis.Core.dll;C:\Program Files\dotnet\packs\Microsoft.NETCore.App.Ref\8.0.8\ref\net8.0\Microsoft.CSharp.dll;...' == '').
   2:6>Target "_ComputeSkipAnalyzers" in file "C:\Program Files\dotnet\sdk\8.0.400\Roslyn\Microsoft.Managed.Core.targets" from project "C:\Users\NoahR\OneDrive\Desktop\Jarvis\src\Jarvis.App\Jarvis.App.csproj" (target "CoreCompile" depends on it):
       Task "ShowMessageForImplicitlySkipAnalyzers" skipped, due to false condition; ('$(_ImplicitlySkipAnalyzers)' == 'true') was evaluated as ('' == 'true').
   2:6>Done building target "_ComputeSkipAnalyzers" in project "Jarvis.App.csproj".
       Target "_SetPathMapFromSourceRoots" skipped, due to false condition; ('$(DeterministicSourcePaths)' == 'true') was evaluated as ('' == 'true').
       Target "CreateCompilerGeneratedFilesOutputPath" skipped, due to false condition; ('$(EmitCompilerGeneratedFiles)' == 'true' and !('$(DesignTimeBuild)' == 'true' OR '$(BuildingProject)' != 'true')) was evaluated as ('false' == 'true' and !('' == 'true' OR 'true' != 'true')).
       Target "BeforeCompile" skipped. Previously built successfully.
       Target "InitializeSourceControlInformationFromSourceControlManager" skipped. Previously built successfully.
   2:6>Target "SetEmbeddedFilesFromSourceControlManagerUntrackedFiles" in file "C:\Program Files\dotnet\sdk\8.0.400\Sdks\Microsoft.Build.Tasks.Git\build\Microsoft.Build.Tasks.Git.targets" from project "C:\Users\NoahR\OneDrive\Desktop\Jarvis\src\Jarvis.App\Jarvis.App.csproj" (target "_SetEmbeddedFilesFromSourceControlManagerUntrackedFiles" depends on it):
       Task "Microsoft.Build.Tasks.Git.GetUntrackedFiles" skipped, due to false condition; ('$(_GitRepositoryId)' != '') was evaluated as ('' != '').
   2:6>Done building target "SetEmbeddedFilesFromSourceControlManagerUntrackedFiles" in project "Jarvis.App.csproj".
   2:6>Target "_SetEmbeddedFilesFromSourceControlManagerUntrackedFiles" in file "C:\Program Files\dotnet\sdk\8.0.400\Sdks\Microsoft.SourceLink.Common\build\Microsoft.SourceLink.Common.targets" from project "C:\Users\NoahR\OneDrive\Desktop\Jarvis\src\Jarvis.App\Jarvis.App.csproj" (target "CoreCompile" depends on it):
   2:6>Done building target "_SetEmbeddedFilesFromSourceControlManagerUntrackedFiles" in project "Jarvis.App.csproj".
       Target "InitializeSourceControlInformation" skipped. Previously built successfully.
   2:6>Target "_SetSourceLinkFilePath" in file "C:\Program Files\dotnet\sdk\8.0.400\Sdks\Microsoft.SourceLink.Common\build\Microsoft.SourceLink.Common.targets" from project "C:\Users\NoahR\OneDrive\Desktop\Jarvis\src\Jarvis.App\Jarvis.App.csproj" (target "_GenerateSourceLinkFile" depends on it):
   2:6>Done building target "_SetSourceLinkFilePath" in project "Jarvis.App.csproj".
       Target "InitializeSourceControlInformation" skipped. Previously built successfully.
   2:6>Target "_InitializeSourceRootMappedPathsFromSourceControl" in file "C:\Program Files\dotnet\sdk\8.0.400\Roslyn\Microsoft.Managed.Core.targets" from project "C:\Users\NoahR\OneDrive\Desktop\Jarvis\src\Jarvis.App\Jarvis.App.csproj" (target "InitializeSourceRootMappedPaths" depends on it):
   2:6>Done building target "_InitializeSourceRootMappedPathsFromSourceControl" in project "Jarvis.App.csproj".
   2:6>Target "InitializeSourceRootMappedPaths" in file "C:\Program Files\dotnet\sdk\8.0.400\Roslyn\Microsoft.Managed.Core.targets" from project "C:\Users\NoahR\OneDrive\Desktop\Jarvis\src\Jarvis.App\Jarvis.App.csproj" (target "_InitializeSourceRootMappedPathsOpt" depends on it):
       Using "Microsoft.CodeAnalysis.BuildTasks.MapSourceRoots" task from assembly "C:\Program Files\dotnet\sdk\8.0.400\Roslyn\Microsoft.Build.Tasks.CodeAnalysis.dll".
       Task "Microsoft.CodeAnalysis.BuildTasks.MapSourceRoots"
       Done executing task "Microsoft.CodeAnalysis.BuildTasks.MapSourceRoots".
   2:6>Done building target "InitializeSourceRootMappedPaths" in project "Jarvis.App.csproj".
   2:6>Target "_InitializeSourceRootMappedPathsOpt" in file "C:\Program Files\dotnet\sdk\8.0.400\Sdks\Microsoft.SourceLink.Common\build\Microsoft.SourceLink.Common.targets" from project "C:\Users\NoahR\OneDrive\Desktop\Jarvis\src\Jarvis.App\Jarvis.App.csproj" (target "_GenerateSourceLinkFile" depends on it):
   2:6>Done building target "_InitializeSourceRootMappedPathsOpt" in project "Jarvis.App.csproj".
   2:6>Target "_InitializeGitHubSourceLinkUrl" in file "C:\Program Files\dotnet\sdk\8.0.400\Sdks\Microsoft.SourceLink.GitHub\build\Microsoft.SourceLink.GitHub.targets" from project "C:\Users\NoahR\OneDrive\Desktop\Jarvis\src\Jarvis.App\Jarvis.App.csproj" (target "_GenerateSourceLinkFile" depends on it):
       Building target "_InitializeGitHubSourceLinkUrl" completely.
       No input files were specified.
       Using "Microsoft.SourceLink.GitHub.GetSourceLinkUrl" task from assembly "C:\Program Files\dotnet\sdk\8.0.400\Sdks\Microsoft.SourceLink.GitHub\build\..\tools\core\Microsoft.SourceLink.GitHub.dll".
       Task "Microsoft.SourceLink.GitHub.GetSourceLinkUrl"
       Done executing task "Microsoft.SourceLink.GitHub.GetSourceLinkUrl".
   2:6>Done building target "_InitializeGitHubSourceLinkUrl" in project "Jarvis.App.csproj".
   2:6>Target "_InitializeGitHubSourceLinkUrl" in file "C:\Program Files\dotnet\sdk\8.0.400\Sdks\Microsoft.SourceLink.GitHub\build\Microsoft.SourceLink.GitHub.targets" from project "C:\Users\NoahR\OneDrive\Desktop\Jarvis\src\Jarvis.App\Jarvis.App.csproj" (target "_GenerateSourceLinkFile" depends on it):
       Building target "_InitializeGitHubSourceLinkUrl" completely.
       No input files were specified.
       Task "Microsoft.SourceLink.GitHub.GetSourceLinkUrl"
       Done executing task "Microsoft.SourceLink.GitHub.GetSourceLinkUrl".
   2:6>Done building target "_InitializeGitHubSourceLinkUrl" in project "Jarvis.App.csproj".
   2:6>Target "_InitializeGitLabSourceLinkUrl" in file "C:\Program Files\dotnet\sdk\8.0.400\Sdks\Microsoft.SourceLink.GitLab\build\Microsoft.SourceLink.GitLab.targets" from project "C:\Users\NoahR\OneDrive\Desktop\Jarvis\src\Jarvis.App\Jarvis.App.csproj" (target "_GenerateSourceLinkFile" depends on it):
       Building target "_InitializeGitLabSourceLinkUrl" completely.
       No input files were specified.
       Using "Microsoft.SourceLink.GitLab.GetSourceLinkUrl" task from assembly "C:\Program Files\dotnet\sdk\8.0.400\Sdks\Microsoft.SourceLink.GitLab\build\..\tools\core\Microsoft.SourceLink.GitLab.dll".
       Task "Microsoft.SourceLink.GitLab.GetSourceLinkUrl"
       Done executing task "Microsoft.SourceLink.GitLab.GetSourceLinkUrl".
   2:6>Done building target "_InitializeGitLabSourceLinkUrl" in project "Jarvis.App.csproj".
   2:6>Target "_InitializeGitLabSourceLinkUrl" in file "C:\Program Files\dotnet\sdk\8.0.400\Sdks\Microsoft.SourceLink.GitLab\build\Microsoft.SourceLink.GitLab.targets" from project "C:\Users\NoahR\OneDrive\Desktop\Jarvis\src\Jarvis.App\Jarvis.App.csproj" (target "_GenerateSourceLinkFile" depends on it):
       Building target "_InitializeGitLabSourceLinkUrl" completely.
       No input files were specified.
       Task "Microsoft.SourceLink.GitLab.GetSourceLinkUrl"
       Done executing task "Microsoft.SourceLink.GitLab.GetSourceLinkUrl".
   2:6>Done building target "_InitializeGitLabSourceLinkUrl" in project "Jarvis.App.csproj".
   2:6>Target "_InitializeAzureReposGitSourceLinkUrl" in file "C:\Program Files\dotnet\sdk\8.0.400\Sdks\Microsoft.SourceLink.AzureRepos.Git\build\Microsoft.SourceLink.AzureRepos.Git.targets" from project "C:\Users\NoahR\OneDrive\Desktop\Jarvis\src\Jarvis.App\Jarvis.App.csproj" (target "_GenerateSourceLinkFile" depends on it):
       Building target "_InitializeAzureReposGitSourceLinkUrl" completely.
       No input files were specified.
       Using "Microsoft.SourceLink.AzureRepos.Git.GetSourceLinkUrl" task from assembly "C:\Program Files\dotnet\sdk\8.0.400\Sdks\Microsoft.SourceLink.AzureRepos.Git\build\..\tools\core\Microsoft.SourceLink.AzureRepos.Git.dll".
       Task "Microsoft.SourceLink.AzureRepos.Git.GetSourceLinkUrl"
       Done executing task "Microsoft.SourceLink.AzureRepos.Git.GetSourceLinkUrl".
   2:6>Done building target "_InitializeAzureReposGitSourceLinkUrl" in project "Jarvis.App.csproj".
   2:6>Target "_InitializeAzureReposGitSourceLinkUrl" in file "C:\Program Files\dotnet\sdk\8.0.400\Sdks\Microsoft.SourceLink.AzureRepos.Git\build\Microsoft.SourceLink.AzureRepos.Git.targets" from project "C:\Users\NoahR\OneDrive\Desktop\Jarvis\src\Jarvis.App\Jarvis.App.csproj" (target "_GenerateSourceLinkFile" depends on it):
       Building target "_InitializeAzureReposGitSourceLinkUrl" completely.
       No input files were specified.
       Task "Microsoft.SourceLink.AzureRepos.Git.GetSourceLinkUrl"
       Done executing task "Microsoft.SourceLink.AzureRepos.Git.GetSourceLinkUrl".
   2:6>Done building target "_InitializeAzureReposGitSourceLinkUrl" in project "Jarvis.App.csproj".
   2:6>Target "_InitializeBitbucketGitSourceLinkUrl" in file "C:\Program Files\dotnet\sdk\8.0.400\Sdks\Microsoft.SourceLink.Bitbucket.Git\build\Microsoft.SourceLink.Bitbucket.Git.targets" from project "C:\Users\NoahR\OneDrive\Desktop\Jarvis\src\Jarvis.App\Jarvis.App.csproj" (target "_GenerateSourceLinkFile" depends on it):
       Building target "_InitializeBitbucketGitSourceLinkUrl" completely.
       No input files were specified.
       Using "Microsoft.SourceLink.Bitbucket.Git.GetSourceLinkUrl" task from assembly "C:\Program Files\dotnet\sdk\8.0.400\Sdks\Microsoft.SourceLink.Bitbucket.Git\build\..\tools\core\Microsoft.SourceLink.Bitbucket.Git.dll".
       Task "Microsoft.SourceLink.Bitbucket.Git.GetSourceLinkUrl"
       Done executing task "Microsoft.SourceLink.Bitbucket.Git.GetSourceLinkUrl".
   2:6>Done building target "_InitializeBitbucketGitSourceLinkUrl" in project "Jarvis.App.csproj".
   2:6>Target "_InitializeBitbucketGitSourceLinkUrl" in file "C:\Program Files\dotnet\sdk\8.0.400\Sdks\Microsoft.SourceLink.Bitbucket.Git\build\Microsoft.SourceLink.Bitbucket.Git.targets" from project "C:\Users\NoahR\OneDrive\Desktop\Jarvis\src\Jarvis.App\Jarvis.App.csproj" (target "_GenerateSourceLinkFile" depends on it):
       Building target "_InitializeBitbucketGitSourceLinkUrl" completely.
       No input files were specified.
       Task "Microsoft.SourceLink.Bitbucket.Git.GetSourceLinkUrl"
       Done executing task "Microsoft.SourceLink.Bitbucket.Git.GetSourceLinkUrl".
   2:6>Done building target "_InitializeBitbucketGitSourceLinkUrl" in project "Jarvis.App.csproj".
   2:6>Target "_GenerateSourceLinkFile" in file "C:\Program Files\dotnet\sdk\8.0.400\Sdks\Microsoft.SourceLink.Common\build\Microsoft.SourceLink.Common.targets" from project "C:\Users\NoahR\OneDrive\Desktop\Jarvis\src\Jarvis.App\Jarvis.App.csproj" (target "GenerateSourceLinkFile" depends on it):
       Building target "_GenerateSourceLinkFile" completely.
       No input files were specified.
       Using "Microsoft.SourceLink.Common.GenerateSourceLinkFile" task from assembly "C:\Program Files\dotnet\sdk\8.0.400\Sdks\Microsoft.SourceLink.Common\build\..\tools\core\Microsoft.SourceLink.Common.dll".
       Task "Microsoft.SourceLink.Common.GenerateSourceLinkFile"
         Source Link is empty, file 'obj\Debug\net8.0-windows\Jarvis.App.sourcelink.json' does not exist.
       Done executing task "Microsoft.SourceLink.Common.GenerateSourceLinkFile".
   2:6>Done building target "_GenerateSourceLinkFile" in project "Jarvis.App.csproj".
   2:6>Target "GenerateSourceLinkFile" in file "C:\Program Files\dotnet\sdk\8.0.400\Sdks\Microsoft.SourceLink.Common\build\Microsoft.SourceLink.Common.targets" from project "C:\Users\NoahR\OneDrive\Desktop\Jarvis\src\Jarvis.App\Jarvis.App.csproj" (target "CoreCompile" depends on it):
   2:6>Done building target "GenerateSourceLinkFile" in project "Jarvis.App.csproj".
   2:6>Target "AddGlobalAnalyzerConfigForPackage_MicrosoftCodeAnalysisNetAnalyzers" in file "C:\Program Files\dotnet\sdk\8.0.400\Sdks\Microsoft.NET.Sdk\analyzers\build\Microsoft.CodeAnalysis.NetAnalyzers.targets" from project "C:\Users\NoahR\OneDrive\Desktop\Jarvis\src\Jarvis.App\Jarvis.App.csproj" (target "CoreCompile" depends on it):
   2:6>Done building target "AddGlobalAnalyzerConfigForPackage_MicrosoftCodeAnalysisNetAnalyzers" in project "Jarvis.App.csproj".
       Target "AddGlobalAnalyzerConfigForPackage_MicrosoftCodeAnalysisNetAnalyzersDesign" skipped, due to false condition; ('$(SkipGlobalAnalyzerConfigForPackage)' != 'true' and ('$(AnalysisLevelDesign)' != '' or '$(AnalysisModeDesign)' != '')) was evaluated as ('' != 'true' and ('' != '' or '' != '')).
       Target "AddGlobalAnalyzerConfigForPackage_MicrosoftCodeAnalysisNetAnalyzersDocumentation" skipped, due to false condition; ('$(SkipGlobalAnalyzerConfigForPackage)' != 'true' and ('$(AnalysisLevelDocumentation)' != '' or '$(AnalysisModeDocumentation)' != '')) was evaluated as ('' != 'true' and ('' != '' or '' != '')).
       Target "AddGlobalAnalyzerConfigForPackage_MicrosoftCodeAnalysisNetAnalyzersGlobalization" skipped, due to false condition; ('$(SkipGlobalAnalyzerConfigForPackage)' != 'true' and ('$(AnalysisLevelGlobalization)' != '' or '$(AnalysisModeGlobalization)' != '')) was evaluated as ('' != 'true' and ('' != '' or '' != '')).
       Target "AddGlobalAnalyzerConfigForPackage_MicrosoftCodeAnalysisNetAnalyzersInteroperability" skipped, due to false condition; ('$(SkipGlobalAnalyzerConfigForPackage)' != 'true' and ('$(AnalysisLevelInteroperability)' != '' or '$(AnalysisModeInteroperability)' != '')) was evaluated as ('' != 'true' and ('' != '' or '' != '')).
       Target "AddGlobalAnalyzerConfigForPackage_MicrosoftCodeAnalysisNetAnalyzersMaintainability" skipped, due to false condition; ('$(SkipGlobalAnalyzerConfigForPackage)' != 'true' and ('$(AnalysisLevelMaintainability)' != '' or '$(AnalysisModeMaintainability)' != '')) was evaluated as ('' != 'true' and ('' != '' or '' != '')).
       Target "AddGlobalAnalyzerConfigForPackage_MicrosoftCodeAnalysisNetAnalyzersNaming" skipped, due to false condition; ('$(SkipGlobalAnalyzerConfigForPackage)' != 'true' and ('$(AnalysisLevelNaming)' != '' or '$(AnalysisModeNaming)' != '')) was evaluated as ('' != 'true' and ('' != '' or '' != '')).
       Target "AddGlobalAnalyzerConfigForPackage_MicrosoftCodeAnalysisNetAnalyzersPerformance" skipped, due to false condition; ('$(SkipGlobalAnalyzerConfigForPackage)' != 'true' and ('$(AnalysisLevelPerformance)' != '' or '$(AnalysisModePerformance)' != '')) was evaluated as ('' != 'true' and ('' != '' or '' != '')).
       Target "AddGlobalAnalyzerConfigForPackage_MicrosoftCodeAnalysisNetAnalyzersReliability" skipped, due to false condition; ('$(SkipGlobalAnalyzerConfigForPackage)' != 'true' and ('$(AnalysisLevelReliability)' != '' or '$(AnalysisModeReliability)' != '')) was evaluated as ('' != 'true' and ('' != '' or '' != '')).
       Target "AddGlobalAnalyzerConfigForPackage_MicrosoftCodeAnalysisNetAnalyzersSecurity" skipped, due to false condition; ('$(SkipGlobalAnalyzerConfigForPackage)' != 'true' and ('$(AnalysisLevelSecurity)' != '' or '$(AnalysisModeSecurity)' != '')) was evaluated as ('' != 'true' and ('' != '' or '' != '')).
       Target "AddGlobalAnalyzerConfigForPackage_MicrosoftCodeAnalysisNetAnalyzersUsage" skipped, due to false condition; ('$(SkipGlobalAnalyzerConfigForPackage)' != 'true' and ('$(AnalysisLevelUsage)' != '' or '$(AnalysisModeUsage)' != '')) was evaluated as ('' != 'true' and ('' != '' or '' != '')).
       Target "_CodeAnalysisTreatWarningsAsErrors" skipped, due to false condition; ('$(DesignTimeBuild)' == 'true' OR '$(BuildingProject)' != 'true') was evaluated as ('' == 'true' OR 'true' != 'true').
   2:6>Target "_ReportUpgradeNetAnalyzersNuGetWarning" in file "C:\Program Files\dotnet\sdk\8.0.400\Sdks\Microsoft.NET.Sdk\analyzers\build\Microsoft.CodeAnalysis.NetAnalyzers.targets" from project "C:\Users\NoahR\OneDrive\Desktop\Jarvis\src\Jarvis.App\Jarvis.App.csproj" (target "CoreCompile" depends on it):
       Task "Warning" skipped, due to false condition; ('$(_NETAnalyzersNuGetAssemblyVersion)' != '' AND
                                '$(_NETAnalyzersSDKAssemblyVersion)' != '' AND
                                 $(_NETAnalyzersNuGetAssemblyVersion) < $(_NETAnalyzersSDKAssemblyVersion)) was evaluated as ('' != '' AND
                                '8.0.0' != '' AND
                                  < 8.0.0).
   2:6>Done building target "_ReportUpgradeNetAnalyzersNuGetWarning" in project "Jarvis.App.csproj".
       Target "CheckForDuplicatePageItems" skipped, due to false condition; (('$(UseWPF)' == 'true') And ('$(_TargetFrameworkVersionValue)' != '$(_UndefinedTargetFrameworkVersion)') And ('$(_TargetFrameworkVersionValue)' >= '$(_WindowsDesktopSdkTargetFrameworkVersionFloor)')) was evaluated as (('' == 'true') And ('8.0' != '0.0') And ('8.0' >= '3.0')).
   2:6>Target "RemoveDuplicateAnalyzers" in file "C:\Program Files\dotnet\sdk\8.0.400\Sdks\Microsoft.NET.Sdk.WindowsDesktop\targets\Microsoft.WinFX.targets" from project "C:\Users\NoahR\OneDrive\Desktop\Jarvis\src\Jarvis.App\Jarvis.App.csproj" (target "CoreCompile" depends on it):
   2:6>Done building target "RemoveDuplicateAnalyzers" in project "Jarvis.App.csproj".
   2:6>Target "CoreCompile" in file "C:\Program Files\dotnet\sdk\8.0.400\Roslyn\Microsoft.CSharp.Core.targets" from project "C:\Users\NoahR\OneDrive\Desktop\Jarvis\src\Jarvis.App\Jarvis.App.csproj" (target "Compile" depends on it):
       Building target "CoreCompile" completely.
       Output file "obj\Debug\net8.0-windows\Jarvis.App.dll" does not exist.
       Using "Csc" task from assembly "C:\Program Files\dotnet\sdk\8.0.400\Roslyn\Microsoft.Build.Tasks.CodeAnalysis.dll".
       Task "Csc"
         C:\Program Files\dotnet\dotnet.exe exec "C:\Program Files\dotnet\sdk\8.0.400\Roslyn\bincore\csc.dll" /noconfig /unsafe- /checked- /nowarn:1701,1702,1701,1702 /fullpaths /nostdlib+ /errorreport:prompt /warn:8 /define:TRACE;DEBUG;NET;NET8_0;NETCOREAPP;WINDOWS;WINDOWS7_0;NET5_0_OR_GREATER;NET6_0_OR_GREATER;NET7_0_OR_GREATER;NET8_0_OR_GREATER;NETCOREAPP3_0_OR_GREATER;NETCOREAPP3_1_OR_GREATER;WINDOWS7_0_OR_GREATER /highentropyva+ /nullable:enable /reference:"C:\Program Files\dotnet\packs\Microsoft.WindowsDesktop.App.Ref\8.0.8\ref\net8.0\Accessibility.dll" /reference:C:\Users\NoahR\OneDrive\Desktop\Jarvis\src\Jarvis.Core\obj\Debug\net8.0\ref\Jarvis.Core.dll /reference:"C:\Program Files\dotnet\packs\Microsoft.NETCore.App.Ref\8.0.8\ref\net8.0\Microsoft.CSharp.dll" /reference:"C:\Program Files\dotnet\packs\Microsoft.NETCore.App.Ref\8.0.8\ref\net8.0\Microsoft.VisualBasic.Core.dll" /reference:"C:\Program Files\dotnet\packs\Microsoft.WindowsDesktop.App.Ref\8.0.8\ref\net8.0\Microsoft.VisualBasic.dll" /reference:"C:\Program Files\dotnet\packs\Microsoft.WindowsDesktop.App.Ref\8.0.8\ref\net8.0\Microsoft.VisualBasic.Forms.dll" /reference:"C:\Program Files\dotnet\packs\Microsoft.NETCore.App.Ref\8.0.8\ref\net8.0\Microsoft.Win32.Primitives.dll" /reference:"C:\Program Files\dotnet\packs\Microsoft.WindowsDesktop.App.Ref\8.0.8\ref\net8.0\Microsoft.Win32.Registry.AccessControl.dll" /reference:"C:\Program Files\dotnet\packs\Microsoft.NETCore.App.Ref\8.0.8\ref\net8.0\Microsoft.Win32.Registry.dll" /reference:"C:\Program Files\dotnet\packs\Microsoft.WindowsDesktop.App.Ref\8.0.8\ref\net8.0\Microsoft.Win32.SystemEvents.dll" /reference:"C:\Program Files\dotnet\packs\Microsoft.NETCore.App.Ref\8.0.8\ref\net8.0\mscorlib.dll" /reference:C:\Users\NoahR\.nuget\packages\naudio.asio\2.2.1\lib\netstandard2.0\NAudio.Asio.dll /reference:C:\Users\NoahR\.nuget\packages\naudio.core\2.2.1\lib\netstandard2.0\NAudio.Core.dll /reference:C:\Users\NoahR\.nuget\packages\naudio\2.2.1\lib\net6.0-windows7.0\NAudio.dll /reference:C:\Users\NoahR\.nuget\packages\naudio.midi\2.2.1\lib\netstandard2.0\NAudio.Midi.dll /reference:C:\Users\NoahR\.nuget\packages\naudio.wasapi\2.2.1\lib\netstandard2.0\NAudio.Wasapi.dll /reference:C:\Users\NoahR\.nuget\packages\naudio.winforms\2.2.1\lib\netcoreapp3.1\NAudio.WinForms.dll /reference:C:\Users\NoahR\.nuget\packages\naudio.winmm\2.2.1\lib\netstandard2.0\NAudio.WinMM.dll /reference:"C:\Program Files\dotnet\packs\Microsoft.NETCore.App.Ref\8.0.8\ref\net8.0\netstandard.dll" /reference:"C:\Program Files\dotnet\packs\Microsoft.NETCore.App.Ref\8.0.8\ref\net8.0\System.AppContext.dll" /reference:"C:\Program Files\dotnet\packs\Microsoft.NETCore.App.Ref\8.0.8\ref\net8.0\System.Buffers.dll" /reference:"C:\Program Files\dotnet\packs\Microsoft.WindowsDesktop.App.Ref\8.0.8\ref\net8.0\System.CodeDom.dll" /reference:"C:\Program Files\dotnet\packs\Microsoft.NETCore.App.Ref\8.0.8\ref\net8.0\System.Collections.Concurrent.dll" /reference:"C:\Program Files\dotnet\packs\Microsoft.NETCore.App.Ref\8.0.8\ref\net8.0\System.Collections.dll" /reference:"C:\Program Files\dotnet\packs\Microsoft.NETCore.App.Ref\8.0.8\ref\net8.0\System.Collections.Immutable.dll" /reference:"C:\Program Files\dotnet\packs\Microsoft.NETCore.App.Ref\8.0.8\ref\net8.0\System.Collections.NonGeneric.dll" /reference:"C:\Program Files\dotnet\packs\Microsoft.NETCore.App.Ref\8.0.8\ref\net8.0\System.Collections.Specialized.dll" /reference:"C:\Program Files\dotnet\packs\Microsoft.NETCore.App.Ref\8.0.8\ref\net8.0\System.ComponentModel.Annotations.dll" /reference:"C:\Program Files\dotnet\packs\Microsoft.NETCore.App.Ref\8.0.8\ref\net8.0\System.ComponentModel.DataAnnotations.dll" /reference:"C:\Program Files\dotnet\packs\Microsoft.NETCore.App.Ref\8.0.8\ref\net8.0\System.ComponentModel.dll" /reference:"C:\Program Files\dotnet\packs\Microsoft.NETCore.App.Ref\8.0.8\ref\net8.0\System.ComponentModel.EventBasedAsync.dll" /reference:"C:\Program Files\dotnet\packs\Microsoft.NETCore.App.Ref\8.0.8\ref\net8.0\System.ComponentModel.Primitives.dll" /reference:"C:\Program Files\dotnet\packs\Microsoft.NETCore.App.Ref\8.0.8\ref\net8.0\System.ComponentModel.TypeConverter.dll" /reference:"C:\Program Files\dotnet\packs\Microsoft.WindowsDesktop.App.Ref\8.0.8\ref\net8.0\System.Configuration.ConfigurationManager.dll" /reference:"C:\Program Files\dotnet\packs\Microsoft.NETCore.App.Ref\8.0.8\ref\net8.0\System.Configuration.dll" /reference:"C:\Program Files\dotnet\packs\Microsoft.NETCore.App.Ref\8.0.8\ref\net8.0\System.Console.dll" /reference:"C:\Program Files\dotnet\packs\Microsoft.NETCore.App.Ref\8.0.8\ref\net8.0\System.Core.dll" /reference:"C:\Program Files\dotnet\packs\Microsoft.NETCore.App.Ref\8.0.8\ref\net8.0\System.Data.Common.dll" /reference:"C:\Program Files\dotnet\packs\Microsoft.NETCore.App.Ref\8.0.8\ref\net8.0\System.Data.DataSetExtensions.dll" /reference:"C:\Program Files\dotnet\packs\Microsoft.NETCore.App.Ref\8.0.8\ref\net8.0\System.Data.dll" /reference:"C:\Program Files\dotnet\packs\Microsoft.WindowsDesktop.App.Ref\8.0.8\ref\net8.0\System.Design.dll" /reference:"C:\Program Files\dotnet\packs\Microsoft.NETCore.App.Ref\8.0.8\ref\net8.0\System.Diagnostics.Contracts.dll" /reference:"C:\Program Files\dotnet\packs\Microsoft.NETCore.App.Ref\8.0.8\ref\net8.0\System.Diagnostics.Debug.dll" /reference:"C:\Program Files\dotnet\packs\Microsoft.NETCore.App.Ref\8.0.8\ref\net8.0\System.Diagnostics.DiagnosticSource.dll" /reference:"C:\Program Files\dotnet\packs\Microsoft.WindowsDesktop.App.Ref\8.0.8\ref\net8.0\System.Diagnostics.EventLog.dll" /reference:"C:\Program Files\dotnet\packs\Microsoft.NETCore.App.Ref\8.0.8\ref\net8.0\System.Diagnostics.FileVersionInfo.dll" /reference:"C:\Program Files\dotnet\packs\Microsoft.WindowsDesktop.App.Ref\8.0.8\ref\net8.0\System.Diagnostics.PerformanceCounter.dll" /reference:"C:\Program Files\dotnet\packs\Microsoft.NETCore.App.Ref\8.0.8\ref\net8.0\System.Diagnostics.Process.dll" /reference:"C:\Program Files\dotnet\packs\Microsoft.NETCore.App.Ref\8.0.8\ref\net8.0\System.Diagnostics.StackTrace.dll" /reference:"C:\Program Files\dotnet\packs\Microsoft.NETCore.App.Ref\8.0.8\ref\net8.0\System.Diagnostics.TextWriterTraceListener.dll" /reference:"C:\Program Files\dotnet\packs\Microsoft.NETCore.App.Ref\8.0.8\ref\net8.0\System.Diagnostics.Tools.dll" /reference:"C:\Program Files\dotnet\packs\Microsoft.NETCore.App.Ref\8.0.8\ref\net8.0\System.Diagnostics.TraceSource.dll" /reference:"C:\Program Files\dotnet\packs\Microsoft.NETCore.App.Ref\8.0.8\ref\net8.0\System.Diagnostics.Tracing.dll" /reference:"C:\Program Files\dotnet\packs\Microsoft.WindowsDesktop.App.Ref\8.0.8\ref\net8.0\System.DirectoryServices.dll" /reference:"C:\Program Files\dotnet\packs\Microsoft.NETCore.App.Ref\8.0.8\ref\net8.0\System.dll" /reference:"C:\Program Files\dotnet\packs\Microsoft.WindowsDesktop.App.Ref\8.0.8\ref\net8.0\System.Drawing.Common.dll" /reference:"C:\Program Files\dotnet\packs\Microsoft.WindowsDesktop.App.Ref\8.0.8\ref\net8.0\System.Drawing.Design.dll" /reference:"C:\Program Files\dotnet\packs\Microsoft.WindowsDesktop.App.Ref\8.0.8\ref\net8.0\System.Drawing.dll" /reference:"C:\Program Files\dotnet\packs\Microsoft.NETCore.App.Ref\8.0.8\ref\net8.0\System.Drawing.Primitives.dll" /reference:"C:\Program Files\dotnet\packs\Microsoft.NETCore.App.Ref\8.0.8\ref\net8.0\System.Dynamic.Runtime.dll" /reference:"C:\Program Files\dotnet\packs\Microsoft.NETCore.App.Ref\8.0.8\ref\net8.0\System.Formats.Asn1.dll" /reference:"C:\Program Files\dotnet\packs\Microsoft.NETCore.App.Ref\8.0.8\ref\net8.0\System.Formats.Tar.dll" /reference:"C:\Program Files\dotnet\packs\Microsoft.NETCore.App.Ref\8.0.8\ref\net8.0\System.Globalization.Calendars.dll" /reference:"C:\Program Files\dotnet\packs\Microsoft.NETCore.App.Ref\8.0.8\ref\net8.0\System.Globalization.dll" /reference:"C:\Program Files\dotnet\packs\Microsoft.NETCore.App.Ref\8.0.8\ref\net8.0\System.Globalization.Extensions.dll" /reference:"C:\Program Files\dotnet\packs\Microsoft.NETCore.App.Ref\8.0.8\ref\net8.0\System.IO.Compression.Brotli.dll" /reference:"C:\Program Files\dotnet\packs\Microsoft.NETCore.App.Ref\8.0.8\ref\net8.0\System.IO.Compression.dll" /reference:"C:\Program Files\dotnet\packs\Microsoft.NETCore.App.Ref\8.0.8\ref\net8.0\System.IO.Compression.FileSystem.dll" /reference:"C:\Program Files\dotnet\packs\Microsoft.NETCore.App.Ref\8.0.8\ref\net8.0\System.IO.Compression.ZipFile.dll" /reference:"C:\Program Files\dotnet\packs\Microsoft.NETCore.App.Ref\8.0.8\ref\net8.0\System.IO.dll" /reference:"C:\Program Files\dotnet\packs\Microsoft.NETCore.App.Ref\8.0.8\ref\net8.0\System.IO.FileSystem.AccessControl.dll" /reference:"C:\Program Files\dotnet\packs\Microsoft.NETCore.App.Ref\8.0.8\ref\net8.0\System.IO.FileSystem.dll" /reference:"C:\Program Files\dotnet\packs\Microsoft.NETCore.App.Ref\8.0.8\ref\net8.0\System.IO.FileSystem.DriveInfo.dll" /reference:"C:\Program Files\dotnet\packs\Microsoft.NETCore.App.Ref\8.0.8\ref\net8.0\System.IO.FileSystem.Primitives.dll" /reference:"C:\Program Files\dotnet\packs\Microsoft.NETCore.App.Ref\8.0.8\ref\net8.0\System.IO.FileSystem.Watcher.dll" /reference:"C:\Program Files\dotnet\packs\Microsoft.NETCore.App.Ref\8.0.8\ref\net8.0\System.IO.IsolatedStorage.dll" /reference:"C:\Program Files\dotnet\packs\Microsoft.NETCore.App.Ref\8.0.8\ref\net8.0\System.IO.MemoryMappedFiles.dll" /reference:"C:\Program Files\dotnet\packs\Microsoft.WindowsDesktop.App.Ref\8.0.8\ref\net8.0\System.IO.Packaging.dll" /reference:"C:\Program Files\dotnet\packs\Microsoft.NETCore.App.Ref\8.0.8\ref\net8.0\System.IO.Pipes.AccessControl.dll" /reference:"C:\Program Files\dotnet\packs\Microsoft.NETCore.App.Ref\8.0.8\ref\net8.0\System.IO.Pipes.dll" /reference:"C:\Program Files\dotnet\packs\Microsoft.NETCore.App.Ref\8.0.8\ref\net8.0\System.IO.UnmanagedMemoryStream.dll" /reference:"C:\Program Files\dotnet\packs\Microsoft.NETCore.App.Ref\8.0.8\ref\net8.0\System.Linq.dll" /reference:"C:\Program Files\dotnet\packs\Microsoft.NETCore.App.Ref\8.0.8\ref\net8.0\System.Linq.Expressions.dll" /reference:"C:\Program Files\dotnet\packs\Microsoft.NETCore.App.Ref\8.0.8\ref\net8.0\System.Linq.Parallel.dll" /reference:"C:\Program Files\dotnet\packs\Microsoft.NETCore.App.Ref\8.0.8\ref\net8.0\System.Linq.Queryable.dll" /reference:"C:\Program Files\dotnet\packs\Microsoft.NETCore.App.Ref\8.0.8\ref\net8.0\System.Memory.dll" /reference:"C:\Program Files\dotnet\packs\Microsoft.NETCore.App.Ref\8.0.8\ref\net8.0\System.Net.dll" /reference:"C:\Program Files\dotnet\packs\Microsoft.NETCore.App.Ref\8.0.8\ref\net8.0\System.Net.Http.dll" /reference:"C:\Program Files\dotnet\packs\Microsoft.NETCore.App.Ref\8.0.8\ref\net8.0\System.Net.Http.Json.dll" /reference:"C:\Program Files\dotnet\packs\Microsoft.NETCore.App.Ref\8.0.8\ref\net8.0\System.Net.HttpListener.dll" /reference:"C:\Program Files\dotnet\packs\Microsoft.NETCore.App.Ref\8.0.8\ref\net8.0\System.Net.Mail.dll" /reference:"C:\Program Files\dotnet\packs\Microsoft.NETCore.App.Ref\8.0.8\ref\net8.0\System.Net.NameResolution.dll" /reference:"C:\Program Files\dotnet\packs\Microsoft.NETCore.App.Ref\8.0.8\ref\net8.0\System.Net.NetworkInformation.dll" /reference:"C:\Program Files\dotnet\packs\Microsoft.NETCore.App.Ref\8.0.8\ref\net8.0\System.Net.Ping.dll" /reference:"C:\Program Files\dotnet\packs\Microsoft.NETCore.App.Ref\8.0.8\ref\net8.0\System.Net.Primitives.dll" /reference:"C:\Program Files\dotnet\packs\Microsoft.NETCore.App.Ref\8.0.8\ref\net8.0\System.Net.Quic.dll" /reference:"C:\Program Files\dotnet\packs\Microsoft.NETCore.App.Ref\8.0.8\ref\net8.0\System.Net.Requests.dll" /reference:"C:\Program Files\dotnet\packs\Microsoft.NETCore.App.Ref\8.0.8\ref\net8.0\System.Net.Security.dll" /reference:"C:\Program Files\dotnet\packs\Microsoft.NETCore.App.Ref\8.0.8\ref\net8.0\System.Net.ServicePoint.dll" /reference:"C:\Program Files\dotnet\packs\Microsoft.NETCore.App.Ref\8.0.8\ref\net8.0\System.Net.Sockets.dll" /reference:"C:\Program Files\dotnet\packs\Microsoft.NETCore.App.Ref\8.0.8\ref\net8.0\System.Net.WebClient.dll" /reference:"C:\Program Files\dotnet\packs\Microsoft.NETCore.App.Ref\8.0.8\ref\net8.0\System.Net.WebHeaderCollection.dll" /reference:"C:\Program Files\dotnet\packs\Microsoft.NETCore.App.Ref\8.0.8\ref\net8.0\System.Net.WebProxy.dll" /reference:"C:\Program Files\dotnet\packs\Microsoft.NETCore.App.Ref\8.0.8\ref\net8.0\System.Net.WebSockets.Client.dll" /reference:"C:\Program Files\dotnet\packs\Microsoft.NETCore.App.Ref\8.0.8\ref\net8.0\System.Net.WebSockets.dll" /reference:"C:\Program Files\dotnet\packs\Microsoft.NETCore.App.Ref\8.0.8\ref\net8.0\System.Numerics.dll" /reference:"C:\Program Files\dotnet\packs\Microsoft.NETCore.App.Ref\8.0.8\ref\net8.0\System.Numerics.Vectors.dll" /reference:"C:\Program Files\dotnet\packs\Microsoft.NETCore.App.Ref\8.0.8\ref\net8.0\System.ObjectModel.dll" /reference:"C:\Program Files\dotnet\packs\Microsoft.NETCore.App.Ref\8.0.8\ref\net8.0\System.Reflection.DispatchProxy.dll" /reference:"C:\Program Files\dotnet\packs\Microsoft.NETCore.App.Ref\8.0.8\ref\net8.0\System.Reflection.dll" /reference:"C:\Program Files\dotnet\packs\Microsoft.NETCore.App.Ref\8.0.8\ref\net8.0\System.Reflection.Emit.dll" /reference:"C:\Program Files\dotnet\packs\Microsoft.NETCore.App.Ref\8.0.8\ref\net8.0\System.Reflection.Emit.ILGeneration.dll" /reference:"C:\Program Files\dotnet\packs\Microsoft.NETCore.App.Ref\8.0.8\ref\net8.0\System.Reflection.Emit.Lightweight.dll" /reference:"C:\Program Files\dotnet\packs\Microsoft.NETCore.App.Ref\8.0.8\ref\net8.0\System.Reflection.Extensions.dll" /reference:"C:\Program Files\dotnet\packs\Microsoft.NETCore.App.Ref\8.0.8\ref\net8.0\System.Reflection.Metadata.dll" /reference:"C:\Program Files\dotnet\packs\Microsoft.NETCore.App.Ref\8.0.8\ref\net8.0\System.Reflection.Primitives.dll" /reference:"C:\Program Files\dotnet\packs\Microsoft.NETCore.App.Ref\8.0.8\ref\net8.0\System.Reflection.TypeExtensions.dll" /reference:"C:\Program Files\dotnet\packs\Microsoft.WindowsDesktop.App.Ref\8.0.8\ref\net8.0\System.Resources.Extensions.dll" /reference:"C:\Program Files\dotnet\packs\Microsoft.NETCore.App.Ref\8.0.8\ref\net8.0\System.Resources.Reader.dll" /reference:"C:\Program Files\dotnet\packs\Microsoft.NETCore.App.Ref\8.0.8\ref\net8.0\System.Resources.ResourceManager.dll" /reference:"C:\Program Files\dotnet\packs\Microsoft.NETCore.App.Ref\8.0.8\ref\net8.0\System.Resources.Writer.dll" /reference:"C:\Program Files\dotnet\packs\Microsoft.NETCore.App.Ref\8.0.8\ref\net8.0\System.Runtime.CompilerServices.Unsafe.dll" /reference:"C:\Program Files\dotnet\packs\Microsoft.NETCore.App.Ref\8.0.8\ref\net8.0\System.Runtime.CompilerServices.VisualC.dll" /reference:"C:\Program Files\dotnet\packs\Microsoft.NETCore.App.Ref\8.0.8\ref\net8.0\System.Runtime.dll" /reference:"C:\Program Files\dotnet\packs\Microsoft.NETCore.App.Ref\8.0.8\ref\net8.0\System.Runtime.Extensions.dll" /reference:"C:\Program Files\dotnet\packs\Microsoft.NETCore.App.Ref\8.0.8\ref\net8.0\System.Runtime.Handles.dll" /reference:"C:\Program Files\dotnet\packs\Microsoft.NETCore.App.Ref\8.0.8\ref\net8.0\System.Runtime.InteropServices.dll" /reference:"C:\Program Files\dotnet\packs\Microsoft.NETCore.App.Ref\8.0.8\ref\net8.0\System.Runtime.InteropServices.JavaScript.dll" /reference:"C:\Program Files\dotnet\packs\Microsoft.NETCore.App.Ref\8.0.8\ref\net8.0\System.Runtime.InteropServices.RuntimeInformation.dll" /reference:"C:\Program Files\dotnet\packs\Microsoft.NETCore.App.Ref\8.0.8\ref\net8.0\System.Runtime.Intrinsics.dll" /reference:"C:\Program Files\dotnet\packs\Microsoft.NETCore.App.Ref\8.0.8\ref\net8.0\System.Runtime.Loader.dll" /reference:"C:\Program Files\dotnet\packs\Microsoft.NETCore.App.Ref\8.0.8\ref\net8.0\System.Runtime.Numerics.dll" /reference:"C:\Program Files\dotnet\packs\Microsoft.NETCore.App.Ref\8.0.8\ref\net8.0\System.Runtime.Serialization.dll" /reference:"C:\Program Files\dotnet\packs\Microsoft.NETCore.App.Ref\8.0.8\ref\net8.0\System.Runtime.Serialization.Formatters.dll" /reference:"C:\Program Files\dotnet\packs\Microsoft.NETCore.App.Ref\8.0.8\ref\net8.0\System.Runtime.Serialization.Json.dll" /reference:"C:\Program Files\dotnet\packs\Microsoft.NETCore.App.Ref\8.0.8\ref\net8.0\System.Runtime.Serialization.Primitives.dll" /reference:"C:\Program Files\dotnet\packs\Microsoft.NETCore.App.Ref\8.0.8\ref\net8.0\System.Runtime.Serialization.Xml.dll" /reference:"C:\Program Files\dotnet\packs\Microsoft.NETCore.App.Ref\8.0.8\ref\net8.0\System.Security.AccessControl.dll" /reference:"C:\Program Files\dotnet\packs\Microsoft.NETCore.App.Ref\8.0.8\ref\net8.0\System.Security.Claims.dll" /reference:"C:\Program Files\dotnet\packs\Microsoft.NETCore.App.Ref\8.0.8\ref\net8.0\System.Security.Cryptography.Algorithms.dll" /reference:"C:\Program Files\dotnet\packs\Microsoft.NETCore.App.Ref\8.0.8\ref\net8.0\System.Security.Cryptography.Cng.dll" /reference:"C:\Program Files\dotnet\packs\Microsoft.NETCore.App.Ref\8.0.8\ref\net8.0\System.Security.Cryptography.Csp.dll" /reference:"C:\Program Files\dotnet\packs\Microsoft.NETCore.App.Ref\8.0.8\ref\net8.0\System.Security.Cryptography.dll" /reference:"C:\Program Files\dotnet\packs\Microsoft.NETCore.App.Ref\8.0.8\ref\net8.0\System.Security.Cryptography.Encoding.dll" /reference:"C:\Program Files\dotnet\packs\Microsoft.NETCore.App.Ref\8.0.8\ref\net8.0\System.Security.Cryptography.OpenSsl.dll" /reference:"C:\Program Files\dotnet\packs\Microsoft.WindowsDesktop.App.Ref\8.0.8\ref\net8.0\System.Security.Cryptography.Pkcs.dll" /reference:"C:\Program Files\dotnet\packs\Microsoft.NETCore.App.Ref\8.0.8\ref\net8.0\System.Security.Cryptography.Primitives.dll" /reference:"C:\Program Files\dotnet\packs\Microsoft.WindowsDesktop.App.Ref\8.0.8\ref\net8.0\System.Security.Cryptography.ProtectedData.dll" /reference:"C:\Program Files\dotnet\packs\Microsoft.NETCore.App.Ref\8.0.8\ref\net8.0\System.Security.Cryptography.X509Certificates.dll" /reference:"C:\Program Files\dotnet\packs\Microsoft.WindowsDesktop.App.Ref\8.0.8\ref\net8.0\System.Security.Cryptography.Xml.dll" /reference:"C:\Program Files\dotnet\packs\Microsoft.NETCore.App.Ref\8.0.8\ref\net8.0\System.Security.dll" /reference:"C:\Program Files\dotnet\packs\Microsoft.WindowsDesktop.App.Ref\8.0.8\ref\net8.0\System.Security.Permissions.dll" /reference:"C:\Program Files\dotnet\packs\Microsoft.NETCore.App.Ref\8.0.8\ref\net8.0\System.Security.Principal.dll" /reference:"C:\Program Files\dotnet\packs\Microsoft.NETCore.App.Ref\8.0.8\ref\net8.0\System.Security.Principal.Windows.dll" /reference:"C:\Program Files\dotnet\packs\Microsoft.NETCore.App.Ref\8.0.8\ref\net8.0\System.Security.SecureString.dll" /reference:"C:\Program Files\dotnet\packs\Microsoft.NETCore.App.Ref\8.0.8\ref\net8.0\System.ServiceModel.Web.dll" /reference:"C:\Program Files\dotnet\packs\Microsoft.NETCore.App.Ref\8.0.8\ref\net8.0\System.ServiceProcess.dll" /reference:C:\Users\NoahR\.nuget\packages\system.speech\8.0.0\lib\net8.0\System.Speech.dll /reference:"C:\Program Files\dotnet\packs\Microsoft.NETCore.App.Ref\8.0.8\ref\net8.0\System.Text.Encoding.CodePages.dll" /reference:"C:\Program Files\dotnet\packs\Microsoft.NETCore.App.Ref\8.0.8\ref\net8.0\System.Text.Encoding.dll" /reference:"C:\Program Files\dotnet\packs\Microsoft.NETCore.App.Ref\8.0.8\ref\net8.0\System.Text.Encoding.Extensions.dll" /reference:"C:\Program Files\dotnet\packs\Microsoft.NETCore.App.Ref\8.0.8\ref\net8.0\System.Text.Encodings.Web.dll" /reference:"C:\Program Files\dotnet\packs\Microsoft.NETCore.App.Ref\8.0.8\ref\net8.0\System.Text.Json.dll" /reference:"C:\Program Files\dotnet\packs\Microsoft.NETCore.App.Ref\8.0.8\ref\net8.0\System.Text.RegularExpressions.dll" /reference:"C:\Program Files\dotnet\packs\Microsoft.WindowsDesktop.App.Ref\8.0.8\ref\net8.0\System.Threading.AccessControl.dll" /reference:"C:\Program Files\dotnet\packs\Microsoft.NETCore.App.Ref\8.0.8\ref\net8.0\System.Threading.Channels.dll" /reference:"C:\Program Files\dotnet\packs\Microsoft.NETCore.App.Ref\8.0.8\ref\net8.0\System.Threading.dll" /reference:"C:\Program Files\dotnet\packs\Microsoft.NETCore.App.Ref\8.0.8\ref\net8.0\System.Threading.Overlapped.dll" /reference:"C:\Program Files\dotnet\packs\Microsoft.NETCore.App.Ref\8.0.8\ref\net8.0\System.Threading.Tasks.Dataflow.dll" /reference:"C:\Program Files\dotnet\packs\Microsoft.NETCore.App.Ref\8.0.8\ref\net8.0\System.Threading.Tasks.dll" /reference:"C:\Program Files\dotnet\packs\Microsoft.NETCore.App.Ref\8.0.8\ref\net8.0\System.Threading.Tasks.Extensions.dll" /reference:"C:\Program Files\dotnet\packs\Microsoft.NETCore.App.Ref\8.0.8\ref\net8.0\System.Threading.Tasks.Parallel.dll" /reference:"C:\Program Files\dotnet\packs\Microsoft.NETCore.App.Ref\8.0.8\ref\net8.0\System.Threading.Thread.dll" /reference:"C:\Program Files\dotnet\packs\Microsoft.NETCore.App.Ref\8.0.8\ref\net8.0\System.Threading.ThreadPool.dll" /reference:"C:\Program Files\dotnet\packs\Microsoft.NETCore.App.Ref\8.0.8\ref\net8.0\System.Threading.Timer.dll" /reference:"C:\Program Files\dotnet\packs\Microsoft.NETCore.App.Ref\8.0.8\ref\net8.0\System.Transactions.dll" /reference:"C:\Program Files\dotnet\packs\Microsoft.NETCore.App.Ref\8.0.8\ref\net8.0\System.Transactions.Local.dll" /reference:"C:\Program Files\dotnet\packs\Microsoft.NETCore.App.Ref\8.0.8\ref\net8.0\System.ValueTuple.dll" /reference:"C:\Program Files\dotnet\packs\Microsoft.NETCore.App.Ref\8.0.8\ref\net8.0\System.Web.dll" /reference:"C:\Program Files\dotnet\packs\Microsoft.NETCore.App.Ref\8.0.8\ref\net8.0\System.Web.HttpUtility.dll" /reference:"C:\Program Files\dotnet\packs\Microsoft.NETCore.App.Ref\8.0.8\ref\net8.0\System.Windows.dll" /reference:"C:\Program Files\dotnet\packs\Microsoft.WindowsDesktop.App.Ref\8.0.8\ref\net8.0\System.Windows.Extensions.dll" /reference:"C:\Program Files\dotnet\packs\Microsoft.WindowsDesktop.App.Ref\8.0.8\ref\net8.0\System.Windows.Forms.Design.dll" /reference:"C:\Program Files\dotnet\packs\Microsoft.WindowsDesktop.App.Ref\8.0.8\ref\net8.0\System.Windows.Forms.Design.Editors.dll" /reference:"C:\Program Files\dotnet\packs\Microsoft.WindowsDesktop.App.Ref\8.0.8\ref\net8.0\System.Windows.Forms.dll" /reference:"C:\Program Files\dotnet\packs\Microsoft.WindowsDesktop.App.Ref\8.0.8\ref\net8.0\System.Windows.Forms.Primitives.dll" /reference:"C:\Program Files\dotnet\packs\Microsoft.NETCore.App.Ref\8.0.8\ref\net8.0\System.Xml.dll" /reference:"C:\Program Files\dotnet\packs\Microsoft.NETCore.App.Ref\8.0.8\ref\net8.0\System.Xml.Linq.dll" /reference:"C:\Program Files\dotnet\packs\Microsoft.NETCore.App.Ref\8.0.8\ref\net8.0\System.Xml.ReaderWriter.dll" /reference:"C:\Program Files\dotnet\packs\Microsoft.NETCore.App.Ref\8.0.8\ref\net8.0\System.Xml.Serialization.dll" /reference:"C:\Program Files\dotnet\packs\Microsoft.NETCore.App.Ref\8.0.8\ref\net8.0\System.Xml.XDocument.dll" /reference:"C:\Program Files\dotnet\packs\Microsoft.NETCore.App.Ref\8.0.8\ref\net8.0\System.Xml.XmlDocument.dll" /reference:"C:\Program Files\dotnet\packs\Microsoft.NETCore.App.Ref\8.0.8\ref\net8.0\System.Xml.XmlSerializer.dll" /reference:"C:\Program Files\dotnet\packs\Microsoft.NETCore.App.Ref\8.0.8\ref\net8.0\System.Xml.XPath.dll" /reference:"C:\Program Files\dotnet\packs\Microsoft.NETCore.App.Ref\8.0.8\ref\net8.0\System.Xml.XPath.XDocument.dll" /reference:"C:\Program Files\dotnet\packs\Microsoft.NETCore.App.Ref\8.0.8\ref\net8.0\WindowsBase.dll" /debug+ /debug:portable /filealign:512 /optimize- /out:obj\Debug\net8.0-windows\Jarvis.App.dll /refout:obj\Debug\net8.0-windows\refint\Jarvis.App.dll /target:winexe /warnaserror- /utf8output /deterministic+ /langversion:12.0 /analyzerconfig:obj\Debug\net8.0-windows\Jarvis.App.GeneratedMSBuildEditorConfig.editorconfig /analyzerconfig:"C:\Program Files\dotnet\sdk\8.0.400\Sdks\Microsoft.NET.Sdk\analyzers\build\config\analysislevel_8_default.globalconfig" /analyzer:"C:\Program Files\dotnet\sdk\8.0.400\Sdks\Microsoft.NET.Sdk\targets\..\analyzers\Microsoft.CodeAnalysis.CSharp.NetAnalyzers.dll" /analyzer:"C:\Program Files\dotnet\sdk\8.0.400\Sdks\Microsoft.NET.Sdk\targets\..\analyzers\Microsoft.CodeAnalysis.NetAnalyzers.dll" /analyzer:"C:\Program Files\dotnet\packs\Microsoft.NETCore.App.Ref\8.0.8\analyzers/dotnet/cs/Microsoft.Interop.ComInterfaceGenerator.dll" /analyzer:"C:\Program Files\dotnet\packs\Microsoft.NETCore.App.Ref\8.0.8\analyzers/dotnet/cs/Microsoft.Interop.JavaScript.JSImportGenerator.dll" /analyzer:"C:\Program Files\dotnet\packs\Microsoft.NETCore.App.Ref\8.0.8\analyzers/dotnet/cs/Microsoft.Interop.LibraryImportGenerator.dll" /analyzer:"C:\Program Files\dotnet\packs\Microsoft.NETCore.App.Ref\8.0.8\analyzers/dotnet/cs/Microsoft.Interop.SourceGeneration.dll" /analyzer:"C:\Program Files\dotnet\packs\Microsoft.NETCore.App.Ref\8.0.8\analyzers/dotnet/cs/System.Text.Json.SourceGeneration.dll" /analyzer:"C:\Program Files\dotnet\packs\Microsoft.NETCore.App.Ref\8.0.8\analyzers/dotnet/cs/System.Text.RegularExpressions.Generator.dll" /analyzer:"C:\Program Files\dotnet\packs\Microsoft.WindowsDesktop.App.Ref\8.0.8\analyzers/dotnet/System.Windows.Forms.Analyzers.dll" /analyzer:"C:\Program Files\dotnet\packs\Microsoft.WindowsDesktop.App.Ref\8.0.8\analyzers/dotnet/cs/System.Windows.Forms.Analyzers.CSharp.dll" AppBootstrapper.cs AudioDeviceResolver.cs JarvisMainForm.cs JarvisMainForm.Layout.cs JarvisMainForm.Runtime.cs JarvisSettingsLoader.cs MicrophoneCalibrationService.cs MicrophoneProcessingProfiles.cs OpenAiCompatibleStreamingSpeaker.cs OpenAiCompatibleVoiceRuntime.cs OperationsHudControls.cs Program.cs RealtimeTranscriptionVoiceRuntime.cs Speech.cs VoiceAcousticEchoSuppressor.cs VoiceRecognitionText.cs VoiceRuntime.cs WakeWordDetector.cs WindowsVisualContextService.cs obj\Debug\net8.0-windows\Jarvis.App.GlobalUsings.g.cs "obj\Debug\net8.0-windows\.NETCoreApp,Version=v8.0.AssemblyAttributes.cs" obj\Debug\net8.0-windows\Jarvis.App.AssemblyInfo.cs /warnaserror+:NU1605,SYSLIB0011
         Microsoft (R) Visual C# Compiler version 4.11.0-3.24365.8 (9e9c7c1d)
         Copyright (C) Microsoft Corporation. All rights reserved.
   2:6>C:\Users\NoahR\OneDrive\Desktop\Jarvis\src\Jarvis.App\Program.cs(10,25): error CS1729: 'JarvisMainForm' does not contain a constructor that takes 1 arguments [C:\Users\NoahR\OneDrive\Desktop\Jarvis\src\Jarvis.App\Jarvis.App.csproj]
   2:6>C:\Users\NoahR\OneDrive\Desktop\Jarvis\src\Jarvis.App\RealtimeTranscriptionVoiceRuntime.cs(36,9): error CS0103: The name '_clapDetector' does not exist in the current context [C:\Users\NoahR\OneDrive\Desktop\Jarvis\src\Jarvis.App\Jarvis.App.csproj]
   2:6>C:\Users\NoahR\OneDrive\Desktop\Jarvis\src\Jarvis.App\RealtimeTranscriptionVoiceRuntime.cs(36,33): error CS1061: 'JarvisOptions' does not contain a definition for 'ClapShortcutEnabled' and no accessible extension method 'ClapShortcutEnabled' accepting a first argument of type 'JarvisOptions' could be found (are you missing a using directive or an assembly reference?) [C:\Users\NoahR\OneDrive\Desktop\Jarvis\src\Jarvis.App\Jarvis.App.csproj]
   2:6>C:\Users\NoahR\OneDrive\Desktop\Jarvis\src\Jarvis.App\RealtimeTranscriptionVoiceRuntime.cs(36,59): error CS0246: The type or namespace name 'ClapDetector' could not be found (are you missing a using directive or an assembly reference?) [C:\Users\NoahR\OneDrive\Desktop\Jarvis\src\Jarvis.App\Jarvis.App.csproj]
   2:6>C:\Users\NoahR\OneDrive\Desktop\Jarvis\src\Jarvis.App\OpenAiCompatibleVoiceRuntime.cs(36,9): error CS0103: The name '_clapDetector' does not exist in the current context [C:\Users\NoahR\OneDrive\Desktop\Jarvis\src\Jarvis.App\Jarvis.App.csproj]
   2:6>C:\Users\NoahR\OneDrive\Desktop\Jarvis\src\Jarvis.App\OpenAiCompatibleVoiceRuntime.cs(36,33): error CS1061: 'JarvisOptions' does not contain a definition for 'ClapShortcutEnabled' and no accessible extension method 'ClapShortcutEnabled' accepting a first argument of type 'JarvisOptions' could be found (are you missing a using directive or an assembly reference?) [C:\Users\NoahR\OneDrive\Desktop\Jarvis\src\Jarvis.App\Jarvis.App.csproj]
   2:6>C:\Users\NoahR\OneDrive\Desktop\Jarvis\src\Jarvis.App\OpenAiCompatibleVoiceRuntime.cs(36,59): error CS0246: The type or namespace name 'ClapDetector' could not be found (are you missing a using directive or an assembly reference?) [C:\Users\NoahR\OneDrive\Desktop\Jarvis\src\Jarvis.App\Jarvis.App.csproj]
   2:6>C:\Users\NoahR\OneDrive\Desktop\Jarvis\src\Jarvis.App\JarvisMainForm.Layout.cs(52,20): error CS0103: The name '_currentOptions' does not exist in the current context [C:\Users\NoahR\OneDrive\Desktop\Jarvis\src\Jarvis.App\Jarvis.App.csproj]
   2:6>C:\Users\NoahR\OneDrive\Desktop\Jarvis\src\Jarvis.App\JarvisMainForm.Layout.cs(61,79): error CS0103: The name '_context' does not exist in the current context [C:\Users\NoahR\OneDrive\Desktop\Jarvis\src\Jarvis.App\Jarvis.App.csproj]
   2:6>C:\Users\NoahR\OneDrive\Desktop\Jarvis\src\Jarvis.App\JarvisMainForm.Layout.cs(64,9): error CS0103: The name '_surfaceStateLabel' does not exist in the current context [C:\Users\NoahR\OneDrive\Desktop\Jarvis\src\Jarvis.App\Jarvis.App.csproj]
   2:6>C:\Users\NoahR\OneDrive\Desktop\Jarvis\src\Jarvis.App\JarvisMainForm.Layout.cs(72,9): error CS0103: The name '_surfaceDetailLabel' does not exist in the current context [C:\Users\NoahR\OneDrive\Desktop\Jarvis\src\Jarvis.App\Jarvis.App.csproj]
   2:6>C:\Users\NoahR\OneDrive\Desktop\Jarvis\src\Jarvis.App\JarvisMainForm.Layout.cs(89,52): error CS0103: The name '_currentOptions' does not exist in the current context [C:\Users\NoahR\OneDrive\Desktop\Jarvis\src\Jarvis.App\Jarvis.App.csproj]
   2:6>C:\Users\NoahR\OneDrive\Desktop\Jarvis\src\Jarvis.App\JarvisMainForm.Layout.cs(90,52): error CS0103: The name '_currentOptions' does not exist in the current context [C:\Users\NoahR\OneDrive\Desktop\Jarvis\src\Jarvis.App\Jarvis.App.csproj]
   2:6>C:\Users\NoahR\OneDrive\Desktop\Jarvis\src\Jarvis.App\JarvisMainForm.Layout.cs(91,52): error CS0103: The name '_currentOptions' does not exist in the current context [C:\Users\NoahR\OneDrive\Desktop\Jarvis\src\Jarvis.App\Jarvis.App.csproj]
   2:6>C:\Users\NoahR\OneDrive\Desktop\Jarvis\src\Jarvis.App\JarvisMainForm.Layout.cs(92,52): error CS0103: The name '_currentOptions' does not exist in the current context [C:\Users\NoahR\OneDrive\Desktop\Jarvis\src\Jarvis.App\Jarvis.App.csproj]
   2:6>C:\Users\NoahR\OneDrive\Desktop\Jarvis\src\Jarvis.App\JarvisMainForm.Layout.cs(109,33): error CS0103: The name '_surfaceStateLabel' does not exist in the current context [C:\Users\NoahR\OneDrive\Desktop\Jarvis\src\Jarvis.App\Jarvis.App.csproj]
   2:6>C:\Users\NoahR\OneDrive\Desktop\Jarvis\src\Jarvis.App\JarvisMainForm.Layout.cs(110,33): error CS0103: The name '_surfaceDetailLabel' does not exist in the current context [C:\Users\NoahR\OneDrive\Desktop\Jarvis\src\Jarvis.App\Jarvis.App.csproj]
   2:6>C:\Users\NoahR\OneDrive\Desktop\Jarvis\src\Jarvis.App\JarvisMainForm.Layout.cs(133,9): error CS0103: The name '_modeStatusLabel' does not exist in the current context [C:\Users\NoahR\OneDrive\Desktop\Jarvis\src\Jarvis.App\Jarvis.App.csproj]
   2:6>C:\Users\NoahR\OneDrive\Desktop\Jarvis\src\Jarvis.App\JarvisMainForm.Layout.cs(157,34): error CS0103: The name '_modeStatusLabel' does not exist in the current context [C:\Users\NoahR\OneDrive\Desktop\Jarvis\src\Jarvis.App\Jarvis.App.csproj]
   2:6>C:\Users\NoahR\OneDrive\Desktop\Jarvis\src\Jarvis.App\JarvisMainForm.Layout.cs(173,9): error CS0103: The name '_promptEchoLabel' does not exist in the current context [C:\Users\NoahR\OneDrive\Desktop\Jarvis\src\Jarvis.App\Jarvis.App.csproj]
   2:6>C:\Users\NoahR\OneDrive\Desktop\Jarvis\src\Jarvis.App\JarvisMainForm.Layout.cs(188,9): error CS0103: The name '_assistantStatusLabel' does not exist in the current context [C:\Users\NoahR\OneDrive\Desktop\Jarvis\src\Jarvis.App\Jarvis.App.csproj]
   2:6>C:\Users\NoahR\OneDrive\Desktop\Jarvis\src\Jarvis.App\JarvisMainForm.Layout.cs(197,9): error CS0103: The name '_voiceStatusLabel' does not exist in the current context [C:\Users\NoahR\OneDrive\Desktop\Jarvis\src\Jarvis.App\Jarvis.App.csproj]
   2:6>C:\Users\NoahR\OneDrive\Desktop\Jarvis\src\Jarvis.App\JarvisMainForm.Layout.cs(206,34): error CS0103: The name '_assistantStatusLabel' does not exist in the current context [C:\Users\NoahR\OneDrive\Desktop\Jarvis\src\Jarvis.App\Jarvis.App.csproj]
   2:6>C:\Users\NoahR\OneDrive\Desktop\Jarvis\src\Jarvis.App\JarvisMainForm.Layout.cs(207,34): error CS0103: The name '_voiceStatusLabel' does not exist in the current context [C:\Users\NoahR\OneDrive\Desktop\Jarvis\src\Jarvis.App\Jarvis.App.csproj]
   2:6>C:\Users\NoahR\OneDrive\Desktop\Jarvis\src\Jarvis.App\JarvisMainForm.Layout.cs(209,9): error CS0103: The name '_liveResponseBox' does not exist in the current context [C:\Users\NoahR\OneDrive\Desktop\Jarvis\src\Jarvis.App\Jarvis.App.csproj]
   2:6>C:\Users\NoahR\OneDrive\Desktop\Jarvis\src\Jarvis.App\JarvisMainForm.Layout.cs(210,9): error CS0103: The name '_liveResponseBox' does not exist in the current context [C:\Users\NoahR\OneDrive\Desktop\Jarvis\src\Jarvis.App\Jarvis.App.csproj]
   2:6>C:\Users\NoahR\OneDrive\Desktop\Jarvis\src\Jarvis.App\JarvisMainForm.Layout.cs(211,9): error CS0103: The name '_liveResponseBox' does not exist in the current context [C:\Users\NoahR\OneDrive\Desktop\Jarvis\src\Jarvis.App\Jarvis.App.csproj]
   2:6>C:\Users\NoahR\OneDrive\Desktop\Jarvis\src\Jarvis.App\JarvisMainForm.Layout.cs(212,9): error CS0103: The name '_liveResponseBox' does not exist in the current context [C:\Users\NoahR\OneDrive\Desktop\Jarvis\src\Jarvis.App\Jarvis.App.csproj]
   2:6>C:\Users\NoahR\OneDrive\Desktop\Jarvis\src\Jarvis.App\JarvisMainForm.Layout.cs(214,27): error CS0103: The name '_liveResponseBox' does not exist in the current context [C:\Users\NoahR\OneDrive\Desktop\Jarvis\src\Jarvis.App\Jarvis.App.csproj]
   2:6>C:\Users\NoahR\OneDrive\Desktop\Jarvis\src\Jarvis.App\JarvisMainForm.Layout.cs(216,27): error CS0103: The name '_promptEchoLabel' does not exist in the current context [C:\Users\NoahR\OneDrive\Desktop\Jarvis\src\Jarvis.App\Jarvis.App.csproj]
   2:6>C:\Users\NoahR\OneDrive\Desktop\Jarvis\src\Jarvis.App\JarvisMainForm.Layout.cs(219,9): error CS0103: The name '_promptEchoLabel' does not exist in the current context [C:\Users\NoahR\OneDrive\Desktop\Jarvis\src\Jarvis.App\Jarvis.App.csproj]
   2:6>C:\Users\NoahR\OneDrive\Desktop\Jarvis\src\Jarvis.App\RealtimeTranscriptionVoiceRuntime.cs(288,13): error CS0103: The name '_clapDetector' does not exist in the current context [C:\Users\NoahR\OneDrive\Desktop\Jarvis\src\Jarvis.App\Jarvis.App.csproj]
   2:6>C:\Users\NoahR\OneDrive\Desktop\Jarvis\src\Jarvis.App\RealtimeTranscriptionVoiceRuntime.cs(289,16): error CS0103: The name '_clapDetector' does not exist in the current context [C:\Users\NoahR\OneDrive\Desktop\Jarvis\src\Jarvis.App\Jarvis.App.csproj]
   2:6>C:\Users\NoahR\OneDrive\Desktop\Jarvis\src\Jarvis.App\JarvisMainForm.Layout.cs(229,9): error CS0103: The name '_historyBox' does not exist in the current context [C:\Users\NoahR\OneDrive\Desktop\Jarvis\src\Jarvis.App\Jarvis.App.csproj]
   2:6>C:\Users\NoahR\OneDrive\Desktop\Jarvis\src\Jarvis.App\JarvisMainForm.Layout.cs(230,9): error CS0103: The name '_historyBox' does not exist in the current context [C:\Users\NoahR\OneDrive\Desktop\Jarvis\src\Jarvis.App\Jarvis.App.csproj]
   2:6>C:\Users\NoahR\OneDrive\Desktop\Jarvis\src\Jarvis.App\JarvisMainForm.Layout.cs(231,9): error CS0103: The name '_historyBox' does not exist in the current context [C:\Users\NoahR\OneDrive\Desktop\Jarvis\src\Jarvis.App\Jarvis.App.csproj]
   2:6>C:\Users\NoahR\OneDrive\Desktop\Jarvis\src\Jarvis.App\JarvisMainForm.Layout.cs(231,28): error CS0103: The name '_historyMessageFont' does not exist in the current context [C:\Users\NoahR\OneDrive\Desktop\Jarvis\src\Jarvis.App\Jarvis.App.csproj]
   2:6>C:\Users\NoahR\OneDrive\Desktop\Jarvis\src\Jarvis.App\JarvisMainForm.Layout.cs(233,27): error CS0103: The name '_historyBox' does not exist in the current context [C:\Users\NoahR\OneDrive\Desktop\Jarvis\src\Jarvis.App\Jarvis.App.csproj]
   2:6>C:\Users\NoahR\OneDrive\Desktop\Jarvis\src\Jarvis.App\OpenAiCompatibleVoiceRuntime.cs(269,17): error CS0103: The name '_clapDetector' does not exist in the current context [C:\Users\NoahR\OneDrive\Desktop\Jarvis\src\Jarvis.App\Jarvis.App.csproj]
   2:6>C:\Users\NoahR\OneDrive\Desktop\Jarvis\src\Jarvis.App\OpenAiCompatibleVoiceRuntime.cs(270,20): error CS0103: The name '_clapDetector' does not exist in the current context [C:\Users\NoahR\OneDrive\Desktop\Jarvis\src\Jarvis.App\Jarvis.App.csproj]
   2:6>C:\Users\NoahR\OneDrive\Desktop\Jarvis\src\Jarvis.App\JarvisMainForm.Layout.cs(255,9): error CS0103: The name '_waveformControl' does not exist in the current context [C:\Users\NoahR\OneDrive\Desktop\Jarvis\src\Jarvis.App\Jarvis.App.csproj]
   2:6>C:\Users\NoahR\OneDrive\Desktop\Jarvis\src\Jarvis.App\JarvisMainForm.Layout.cs(269,9): error CS0103: The name '_rmsLabel' does not exist in the current context [C:\Users\NoahR\OneDrive\Desktop\Jarvis\src\Jarvis.App\Jarvis.App.csproj]
   2:6>C:\Users\NoahR\OneDrive\Desktop\Jarvis\src\Jarvis.App\JarvisMainForm.Layout.cs(270,9): error CS0103: The name '_peakLabel' does not exist in the current context [C:\Users\NoahR\OneDrive\Desktop\Jarvis\src\Jarvis.App\Jarvis.App.csproj]
   2:6>C:\Users\NoahR\OneDrive\Desktop\Jarvis\src\Jarvis.App\JarvisMainForm.Layout.cs(271,9): error CS0103: The name '_listenIndicatorLabel' does not exist in the current context [C:\Users\NoahR\OneDrive\Desktop\Jarvis\src\Jarvis.App\Jarvis.App.csproj]
   2:6>C:\Users\NoahR\OneDrive\Desktop\Jarvis\src\Jarvis.App\JarvisMainForm.Layout.cs(272,9): error CS0103: The name '_wakeIndicatorLabel' does not exist in the current context [C:\Users\NoahR\OneDrive\Desktop\Jarvis\src\Jarvis.App\Jarvis.App.csproj]
   2:6>C:\Users\NoahR\OneDrive\Desktop\Jarvis\src\Jarvis.App\JarvisMainForm.Layout.cs(272,49): error CS0103: The name '_currentOptions' does not exist in the current context [C:\Users\NoahR\OneDrive\Desktop\Jarvis\src\Jarvis.App\Jarvis.App.csproj]
   2:6>C:\Users\NoahR\OneDrive\Desktop\Jarvis\src\Jarvis.App\JarvisMainForm.Layout.cs(273,34): error CS0103: The name '_rmsLabel' does not exist in the current context [C:\Users\NoahR\OneDrive\Desktop\Jarvis\src\Jarvis.App\Jarvis.App.csproj]
   2:6>C:\Users\NoahR\OneDrive\Desktop\Jarvis\src\Jarvis.App\JarvisMainForm.Layout.cs(274,34): error CS0103: The name '_peakLabel' does not exist in the current context [C:\Users\NoahR\OneDrive\Desktop\Jarvis\src\Jarvis.App\Jarvis.App.csproj]
   2:6>C:\Users\NoahR\OneDrive\Desktop\Jarvis\src\Jarvis.App\JarvisMainForm.Layout.cs(275,34): error CS0103: The name '_listenIndicatorLabel' does not exist in the current context [C:\Users\NoahR\OneDrive\Desktop\Jarvis\src\Jarvis.App\Jarvis.App.csproj]
   2:6>C:\Users\NoahR\OneDrive\Desktop\Jarvis\src\Jarvis.App\JarvisMainForm.Layout.cs(276,34): error CS0103: The name '_wakeIndicatorLabel' does not exist in the current context [C:\Users\NoahR\OneDrive\Desktop\Jarvis\src\Jarvis.App\Jarvis.App.csproj]
   2:6>C:\Users\NoahR\OneDrive\Desktop\Jarvis\src\Jarvis.App\JarvisMainForm.Layout.cs(293,9): error CS0103: The name '_deviceComboBox' does not exist in the current context [C:\Users\NoahR\OneDrive\Desktop\Jarvis\src\Jarvis.App\Jarvis.App.csproj]
   2:6>C:\Users\NoahR\OneDrive\Desktop\Jarvis\src\Jarvis.App\JarvisMainForm.Layout.cs(303,9): error CS0103: The name '_deviceRefreshButton' does not exist in the current context [C:\Users\NoahR\OneDrive\Desktop\Jarvis\src\Jarvis.App\Jarvis.App.csproj]
   2:6>C:\Users\NoahR\OneDrive\Desktop\Jarvis\src\Jarvis.App\JarvisMainForm.Layout.cs(304,9): error CS0103: The name '_deviceRefreshButton' does not exist in the current context [C:\Users\NoahR\OneDrive\Desktop\Jarvis\src\Jarvis.App\Jarvis.App.csproj]
   2:6>C:\Users\NoahR\OneDrive\Desktop\Jarvis\src\Jarvis.App\JarvisMainForm.Layout.cs(305,9): error CS0103: The name '_deviceRefreshButton' does not exist in the current context [C:\Users\NoahR\OneDrive\Desktop\Jarvis\src\Jarvis.App\Jarvis.App.csproj]
   2:6>C:\Users\NoahR\OneDrive\Desktop\Jarvis\src\Jarvis.App\JarvisMainForm.Layout.cs(306,9): error CS0103: The name '_calibrateMicButton' does not exist in the current context [C:\Users\NoahR\OneDrive\Desktop\Jarvis\src\Jarvis.App\Jarvis.App.csproj]
   2:6>C:\Users\NoahR\OneDrive\Desktop\Jarvis\src\Jarvis.App\JarvisMainForm.Layout.cs(307,9): error CS0103: The name '_calibrateMicButton' does not exist in the current context [C:\Users\NoahR\OneDrive\Desktop\Jarvis\src\Jarvis.App\Jarvis.App.csproj]
   2:6>C:\Users\NoahR\OneDrive\Desktop\Jarvis\src\Jarvis.App\JarvisMainForm.Layout.cs(308,9): error CS0103: The name '_calibrateMicButton' does not exist in the current context [C:\Users\NoahR\OneDrive\Desktop\Jarvis\src\Jarvis.App\Jarvis.App.csproj]
   2:6>C:\Users\NoahR\OneDrive\Desktop\Jarvis\src\Jarvis.App\JarvisMainForm.Layout.cs(310,33): error CS0103: The name '_deviceComboBox' does not exist in the current context [C:\Users\NoahR\OneDrive\Desktop\Jarvis\src\Jarvis.App\Jarvis.App.csproj]
   2:6>C:\Users\NoahR\OneDrive\Desktop\Jarvis\src\Jarvis.App\JarvisMainForm.Layout.cs(311,33): error CS0103: The name '_deviceRefreshButton' does not exist in the current context [C:\Users\NoahR\OneDrive\Desktop\Jarvis\src\Jarvis.App\Jarvis.App.csproj]
   2:6>C:\Users\NoahR\OneDrive\Desktop\Jarvis\src\Jarvis.App\JarvisMainForm.Layout.cs(312,33): error CS0103: The name '_calibrateMicButton' does not exist in the current context [C:\Users\NoahR\OneDrive\Desktop\Jarvis\src\Jarvis.App\Jarvis.App.csproj]
   2:6>C:\Users\NoahR\OneDrive\Desktop\Jarvis\src\Jarvis.App\JarvisMainForm.Layout.cs(329,9): error CS0103: The name '_beamformingProfileComboBox' does not exist in the current context [C:\Users\NoahR\OneDrive\Desktop\Jarvis\src\Jarvis.App\Jarvis.App.csproj]
   2:6>C:\Users\NoahR\OneDrive\Desktop\Jarvis\src\Jarvis.App\JarvisMainForm.Layout.cs(339,9): error CS0103: The name '_calibrationStatusLabel' does not exist in the current context [C:\Users\NoahR\OneDrive\Desktop\Jarvis\src\Jarvis.App\Jarvis.App.csproj]
   2:6>C:\Users\NoahR\OneDrive\Desktop\Jarvis\src\Jarvis.App\JarvisMainForm.Layout.cs(366,13): error CS0103: The name '_currentOptions' does not exist in the current context [C:\Users\NoahR\OneDrive\Desktop\Jarvis\src\Jarvis.App\Jarvis.App.csproj]
   2:6>C:\Users\NoahR\OneDrive\Desktop\Jarvis\src\Jarvis.App\JarvisMainForm.Layout.cs(366,31): error CS0103: The name '_currentOptions' does not exist in the current context [C:\Users\NoahR\OneDrive\Desktop\Jarvis\src\Jarvis.App\Jarvis.App.csproj]
   2:6>C:\Users\NoahR\OneDrive\Desktop\Jarvis\src\Jarvis.App\JarvisMainForm.Layout.cs(367,13): error CS0103: The name '_context' does not exist in the current context [C:\Users\NoahR\OneDrive\Desktop\Jarvis\src\Jarvis.App\Jarvis.App.csproj]
   2:6>C:\Users\NoahR\OneDrive\Desktop\Jarvis\src\Jarvis.App\JarvisMainForm.Layout.cs(367,54): error CS0103: The name '_currentOptions' does not exist in the current context [C:\Users\NoahR\OneDrive\Desktop\Jarvis\src\Jarvis.App\Jarvis.App.csproj]
   2:6>C:\Users\NoahR\OneDrive\Desktop\Jarvis\src\Jarvis.App\JarvisMainForm.Layout.cs(377,13): error CS0103: The name '_currentOptions' does not exist in the current context [C:\Users\NoahR\OneDrive\Desktop\Jarvis\src\Jarvis.App\Jarvis.App.csproj]
   2:6>C:\Users\NoahR\OneDrive\Desktop\Jarvis\src\Jarvis.App\JarvisMainForm.Layout.cs(377,31): error CS0103: The name '_currentOptions' does not exist in the current context [C:\Users\NoahR\OneDrive\Desktop\Jarvis\src\Jarvis.App\Jarvis.App.csproj]
   2:6>C:\Users\NoahR\OneDrive\Desktop\Jarvis\src\Jarvis.App\JarvisMainForm.Layout.cs(378,13): error CS0103: The name '_context' does not exist in the current context [C:\Users\NoahR\OneDrive\Desktop\Jarvis\src\Jarvis.App\Jarvis.App.csproj]
   2:6>C:\Users\NoahR\OneDrive\Desktop\Jarvis\src\Jarvis.App\JarvisMainForm.Layout.cs(378,54): error CS0103: The name '_currentOptions' does not exist in the current context [C:\Users\NoahR\OneDrive\Desktop\Jarvis\src\Jarvis.App\Jarvis.App.csproj]
   2:6>C:\Users\NoahR\OneDrive\Desktop\Jarvis\src\Jarvis.App\JarvisMainForm.Layout.cs(381,33): error CS0103: The name '_beamformingProfileComboBox' does not exist in the current context [C:\Users\NoahR\OneDrive\Desktop\Jarvis\src\Jarvis.App\Jarvis.App.csproj]
   2:6>C:\Users\NoahR\OneDrive\Desktop\Jarvis\src\Jarvis.App\JarvisMainForm.Layout.cs(382,33): error CS0103: The name '_calibrationStatusLabel' does not exist in the current context [C:\Users\NoahR\OneDrive\Desktop\Jarvis\src\Jarvis.App\Jarvis.App.csproj]
   2:6>C:\Users\NoahR\OneDrive\Desktop\Jarvis\src\Jarvis.App\JarvisMainForm.Layout.cs(394,9): error CS0103: The name '_helpButton' does not exist in the current context [C:\Users\NoahR\OneDrive\Desktop\Jarvis\src\Jarvis.App\Jarvis.App.csproj]
   2:6>C:\Users\NoahR\OneDrive\Desktop\Jarvis\src\Jarvis.App\JarvisMainForm.Layout.cs(395,9): error CS0103: The name '_statusButton' does not exist in the current context [C:\Users\NoahR\OneDrive\Desktop\Jarvis\src\Jarvis.App\Jarvis.App.csproj]
   2:6>C:\Users\NoahR\OneDrive\Desktop\Jarvis\src\Jarvis.App\JarvisMainForm.Layout.cs(396,9): error CS0103: The name '_notesButton' does not exist in the current context [C:\Users\NoahR\OneDrive\Desktop\Jarvis\src\Jarvis.App\Jarvis.App.csproj]
   2:6>C:\Users\NoahR\OneDrive\Desktop\Jarvis\src\Jarvis.App\JarvisMainForm.Layout.cs(397,9): error CS0103: The name '_micToggleButton' does not exist in the current context [C:\Users\NoahR\OneDrive\Desktop\Jarvis\src\Jarvis.App\Jarvis.App.csproj]
   2:6>C:\Users\NoahR\OneDrive\Desktop\Jarvis\src\Jarvis.App\JarvisMainForm.Layout.cs(398,9): error CS0103: The name '_pushToTalkButton' does not exist in the current context [C:\Users\NoahR\OneDrive\Desktop\Jarvis\src\Jarvis.App\Jarvis.App.csproj]
   2:6>C:\Users\NoahR\OneDrive\Desktop\Jarvis\src\Jarvis.App\JarvisMainForm.Layout.cs(399,9): error CS0103: The name '_pushToTalkButton' does not exist in the current context [C:\Users\NoahR\OneDrive\Desktop\Jarvis\src\Jarvis.App\Jarvis.App.csproj]
   2:6>C:\Users\NoahR\OneDrive\Desktop\Jarvis\src\Jarvis.App\JarvisMainForm.Layout.cs(399,37): error CS0103: The name '_currentOptions' does not exist in the current context [C:\Users\NoahR\OneDrive\Desktop\Jarvis\src\Jarvis.App\Jarvis.App.csproj]
   2:6>C:\Users\NoahR\OneDrive\Desktop\Jarvis\src\Jarvis.App\JarvisMainForm.Layout.cs(400,33): error CS0103: The name '_helpButton' does not exist in the current context [C:\Users\NoahR\OneDrive\Desktop\Jarvis\src\Jarvis.App\Jarvis.App.csproj]
   2:6>C:\Users\NoahR\OneDrive\Desktop\Jarvis\src\Jarvis.App\JarvisMainForm.Layout.cs(401,33): error CS0103: The name '_statusButton' does not exist in the current context [C:\Users\NoahR\OneDrive\Desktop\Jarvis\src\Jarvis.App\Jarvis.App.csproj]
   2:6>C:\Users\NoahR\OneDrive\Desktop\Jarvis\src\Jarvis.App\JarvisMainForm.Layout.cs(402,33): error CS0103: The name '_notesButton' does not exist in the current context [C:\Users\NoahR\OneDrive\Desktop\Jarvis\src\Jarvis.App\Jarvis.App.csproj]
   2:6>C:\Users\NoahR\OneDrive\Desktop\Jarvis\src\Jarvis.App\JarvisMainForm.Layout.cs(403,33): error CS0103: The name '_micToggleButton' does not exist in the current context [C:\Users\NoahR\OneDrive\Desktop\Jarvis\src\Jarvis.App\Jarvis.App.csproj]
   2:6>C:\Users\NoahR\OneDrive\Desktop\Jarvis\src\Jarvis.App\JarvisMainForm.Layout.cs(404,33): error CS0103: The name '_pushToTalkButton' does not exist in the current context [C:\Users\NoahR\OneDrive\Desktop\Jarvis\src\Jarvis.App\Jarvis.App.csproj]
   2:6>C:\Users\NoahR\OneDrive\Desktop\Jarvis\src\Jarvis.App\JarvisMainForm.Layout.cs(410,27): error CS0103: The name '_waveformControl' does not exist in the current context [C:\Users\NoahR\OneDrive\Desktop\Jarvis\src\Jarvis.App\Jarvis.App.csproj]
   2:6>C:\Users\NoahR\OneDrive\Desktop\Jarvis\src\Jarvis.App\JarvisMainForm.Layout.cs(426,9): error CS0103: The name '_approvalSummaryLabel' does not exist in the current context [C:\Users\NoahR\OneDrive\Desktop\Jarvis\src\Jarvis.App\Jarvis.App.csproj]
   2:6>C:\Users\NoahR\OneDrive\Desktop\Jarvis\src\Jarvis.App\JarvisMainForm.Layout.cs(435,9): error CS0103: The name '_approvalPromptLabel' does not exist in the current context [C:\Users\NoahR\OneDrive\Desktop\Jarvis\src\Jarvis.App\Jarvis.App.csproj]
   2:6>C:\Users\NoahR\OneDrive\Desktop\Jarvis\src\Jarvis.App\JarvisMainForm.Layout.cs(449,9): error CS0103: The name '_approveButton' does not exist in the current context [C:\Users\NoahR\OneDrive\Desktop\Jarvis\src\Jarvis.App\Jarvis.App.csproj]
   2:6>C:\Users\NoahR\OneDrive\Desktop\Jarvis\src\Jarvis.App\JarvisMainForm.Layout.cs(450,9): error CS0103: The name '_denyButton' does not exist in the current context [C:\Users\NoahR\OneDrive\Desktop\Jarvis\src\Jarvis.App\Jarvis.App.csproj]
   2:6>C:\Users\NoahR\OneDrive\Desktop\Jarvis\src\Jarvis.App\JarvisMainForm.Layout.cs(451,33): error CS0103: The name '_approveButton' does not exist in the current context [C:\Users\NoahR\OneDrive\Desktop\Jarvis\src\Jarvis.App\Jarvis.App.csproj]
   2:6>C:\Users\NoahR\OneDrive\Desktop\Jarvis\src\Jarvis.App\JarvisMainForm.Layout.cs(452,33): error CS0103: The name '_denyButton' does not exist in the current context [C:\Users\NoahR\OneDrive\Desktop\Jarvis\src\Jarvis.App\Jarvis.App.csproj]
   2:6>C:\Users\NoahR\OneDrive\Desktop\Jarvis\src\Jarvis.App\JarvisMainForm.Layout.cs(454,27): error CS0103: The name '_approvalPromptLabel' does not exist in the current context [C:\Users\NoahR\OneDrive\Desktop\Jarvis\src\Jarvis.App\Jarvis.App.csproj]
   2:6>C:\Users\NoahR\OneDrive\Desktop\Jarvis\src\Jarvis.App\JarvisMainForm.Layout.cs(456,27): error CS0103: The name '_approvalSummaryLabel' does not exist in the current context [C:\Users\NoahR\OneDrive\Desktop\Jarvis\src\Jarvis.App\Jarvis.App.csproj]
   2:6>C:\Users\NoahR\OneDrive\Desktop\Jarvis\src\Jarvis.App\JarvisMainForm.Layout.cs(468,9): error CS0103: The name '_activityFlow' does not exist in the current context [C:\Users\NoahR\OneDrive\Desktop\Jarvis\src\Jarvis.App\Jarvis.App.csproj]
   2:6>C:\Users\NoahR\OneDrive\Desktop\Jarvis\src\Jarvis.App\JarvisMainForm.Layout.cs(473,9): error CS0103: The name '_activityFlow' does not exist in the current context [C:\Users\NoahR\OneDrive\Desktop\Jarvis\src\Jarvis.App\Jarvis.App.csproj]
   2:6>C:\Users\NoahR\OneDrive\Desktop\Jarvis\src\Jarvis.App\JarvisMainForm.Layout.cs(475,9): error CS0103: The name '_sessionSummaryCard' does not exist in the current context [C:\Users\NoahR\OneDrive\Desktop\Jarvis\src\Jarvis.App\Jarvis.App.csproj]
   2:6>C:\Users\NoahR\OneDrive\Desktop\Jarvis\src\Jarvis.App\JarvisMainForm.Layout.cs(496,9): error CS0103: The name '_backgroundLabel' does not exist in the current context [C:\Users\NoahR\OneDrive\Desktop\Jarvis\src\Jarvis.App\Jarvis.App.csproj]
   2:6>C:\Users\NoahR\OneDrive\Desktop\Jarvis\src\Jarvis.App\JarvisMainForm.Layout.cs(506,9): error CS0103: The name '_sessionBox' does not exist in the current context [C:\Users\NoahR\OneDrive\Desktop\Jarvis\src\Jarvis.App\Jarvis.App.csproj]
   2:6>C:\Users\NoahR\OneDrive\Desktop\Jarvis\src\Jarvis.App\JarvisMainForm.Layout.cs(507,9): error CS0103: The name '_sessionBox' does not exist in the current context [C:\Users\NoahR\OneDrive\Desktop\Jarvis\src\Jarvis.App\Jarvis.App.csproj]
   2:6>C:\Users\NoahR\OneDrive\Desktop\Jarvis\src\Jarvis.App\JarvisMainForm.Layout.cs(508,9): error CS0103: The name '_sessionBox' does not exist in the current context [C:\Users\NoahR\OneDrive\Desktop\Jarvis\src\Jarvis.App\Jarvis.App.csproj]
   2:6>C:\Users\NoahR\OneDrive\Desktop\Jarvis\src\Jarvis.App\JarvisMainForm.Layout.cs(509,9): error CS0103: The name '_sessionBox' does not exist in the current context [C:\Users\NoahR\OneDrive\Desktop\Jarvis\src\Jarvis.App\Jarvis.App.csproj]
   2:6>C:\Users\NoahR\OneDrive\Desktop\Jarvis\src\Jarvis.App\JarvisMainForm.Layout.cs(509,28): error CS0103: The name '_lastSessionSummary' does not exist in the current context [C:\Users\NoahR\OneDrive\Desktop\Jarvis\src\Jarvis.App\Jarvis.App.csproj]
   2:6>C:\Users\NoahR\OneDrive\Desktop\Jarvis\src\Jarvis.App\JarvisMainForm.Layout.cs(511,9): error CS0103: The name '_sessionSummaryCard' does not exist in the current context [C:\Users\NoahR\OneDrive\Desktop\Jarvis\src\Jarvis.App\Jarvis.App.csproj]
   2:6>C:\Users\NoahR\OneDrive\Desktop\Jarvis\src\Jarvis.App\JarvisMainForm.Layout.cs(511,42): error CS0103: The name '_sessionBox' does not exist in the current context [C:\Users\NoahR\OneDrive\Desktop\Jarvis\src\Jarvis.App\Jarvis.App.csproj]
   2:6>C:\Users\NoahR\OneDrive\Desktop\Jarvis\src\Jarvis.App\JarvisMainForm.Layout.cs(512,9): error CS0103: The name '_sessionSummaryCard' does not exist in the current context [C:\Users\NoahR\OneDrive\Desktop\Jarvis\src\Jarvis.App\Jarvis.App.csproj]
   2:6>C:\Users\NoahR\OneDrive\Desktop\Jarvis\src\Jarvis.App\JarvisMainForm.Layout.cs(512,42): error CS0103: The name '_backgroundLabel' does not exist in the current context [C:\Users\NoahR\OneDrive\Desktop\Jarvis\src\Jarvis.App\Jarvis.App.csproj]
   2:6>C:\Users\NoahR\OneDrive\Desktop\Jarvis\src\Jarvis.App\JarvisMainForm.Layout.cs(513,9): error CS0103: The name '_sessionSummaryCard' does not exist in the current context [C:\Users\NoahR\OneDrive\Desktop\Jarvis\src\Jarvis.App\Jarvis.App.csproj]
   2:6>C:\Users\NoahR\OneDrive\Desktop\Jarvis\src\Jarvis.App\JarvisMainForm.Layout.cs(516,9): error CS0103: The name '_activityFlow' does not exist in the current context [C:\Users\NoahR\OneDrive\Desktop\Jarvis\src\Jarvis.App\Jarvis.App.csproj]
   2:6>C:\Users\NoahR\OneDrive\Desktop\Jarvis\src\Jarvis.App\JarvisMainForm.Layout.cs(516,36): error CS0103: The name '_sessionSummaryCard' does not exist in the current context [C:\Users\NoahR\OneDrive\Desktop\Jarvis\src\Jarvis.App\Jarvis.App.csproj]
   2:6>C:\Users\NoahR\OneDrive\Desktop\Jarvis\src\Jarvis.App\JarvisMainForm.Layout.cs(518,27): error CS0103: The name '_activityFlow' does not exist in the current context [C:\Users\NoahR\OneDrive\Desktop\Jarvis\src\Jarvis.App\Jarvis.App.csproj]
   2:6>C:\Users\NoahR\OneDrive\Desktop\Jarvis\src\Jarvis.App\JarvisMainForm.Layout.cs(530,9): error CS0103: The name '_timelineBox' does not exist in the current context [C:\Users\NoahR\OneDrive\Desktop\Jarvis\src\Jarvis.App\Jarvis.App.csproj]
   2:6>C:\Users\NoahR\OneDrive\Desktop\Jarvis\src\Jarvis.App\JarvisMainForm.Layout.cs(531,9): error CS0103: The name '_timelineBox' does not exist in the current context [C:\Users\NoahR\OneDrive\Desktop\Jarvis\src\Jarvis.App\Jarvis.App.csproj]
   2:6>C:\Users\NoahR\OneDrive\Desktop\Jarvis\src\Jarvis.App\JarvisMainForm.Layout.cs(532,9): error CS0103: The name '_timelineBox' does not exist in the current context [C:\Users\NoahR\OneDrive\Desktop\Jarvis\src\Jarvis.App\Jarvis.App.csproj]
   2:6>C:\Users\NoahR\OneDrive\Desktop\Jarvis\src\Jarvis.App\JarvisMainForm.Layout.cs(534,27): error CS0103: The name '_timelineBox' does not exist in the current context [C:\Users\NoahR\OneDrive\Desktop\Jarvis\src\Jarvis.App\Jarvis.App.csproj]
   2:6>C:\Users\NoahR\OneDrive\Desktop\Jarvis\src\Jarvis.App\JarvisMainForm.Layout.cs(562,9): error CS0103: The name '_sendButton' does not exist in the current context [C:\Users\NoahR\OneDrive\Desktop\Jarvis\src\Jarvis.App\Jarvis.App.csproj]
   2:6>C:\Users\NoahR\OneDrive\Desktop\Jarvis\src\Jarvis.App\JarvisMainForm.Layout.cs(563,9): error CS0103: The name '_sendButton' does not exist in the current context [C:\Users\NoahR\OneDrive\Desktop\Jarvis\src\Jarvis.App\Jarvis.App.csproj]
   2:6>C:\Users\NoahR\OneDrive\Desktop\Jarvis\src\Jarvis.App\JarvisMainForm.Layout.cs(564,9): error CS0103: The name '_sendButton' does not exist in the current context [C:\Users\NoahR\OneDrive\Desktop\Jarvis\src\Jarvis.App\Jarvis.App.csproj]
   2:6>C:\Users\NoahR\OneDrive\Desktop\Jarvis\src\Jarvis.App\JarvisMainForm.Layout.cs(566,9): error CS0103: The name '_inputBox' does not exist in the current context [C:\Users\NoahR\OneDrive\Desktop\Jarvis\src\Jarvis.App\Jarvis.App.csproj]
   2:6>C:\Users\NoahR\OneDrive\Desktop\Jarvis\src\Jarvis.App\JarvisMainForm.Layout.cs(584,33): error CS0103: The name '_inputBox' does not exist in the current context [C:\Users\NoahR\OneDrive\Desktop\Jarvis\src\Jarvis.App\Jarvis.App.csproj]
   2:6>C:\Users\NoahR\OneDrive\Desktop\Jarvis\src\Jarvis.App\JarvisMainForm.Layout.cs(585,33): error CS0103: The name '_sendButton' does not exist in the current context [C:\Users\NoahR\OneDrive\Desktop\Jarvis\src\Jarvis.App\Jarvis.App.csproj]
   2:6>C:\Users\NoahR\OneDrive\Desktop\Jarvis\src\Jarvis.App\JarvisMainForm.Layout.cs(610,9): error CS0103: The name '_modeButtons' does not exist in the current context [C:\Users\NoahR\OneDrive\Desktop\Jarvis\src\Jarvis.App\Jarvis.App.csproj]
   2:6>C:\Users\NoahR\OneDrive\Desktop\Jarvis\src\Jarvis.App\JarvisMainForm.Layout.cs(616,13): error CS0103: The name '_surfaceMode' does not exist in the current context [C:\Users\NoahR\OneDrive\Desktop\Jarvis\src\Jarvis.App\Jarvis.App.csproj]
   2:6>C:\Users\NoahR\OneDrive\Desktop\Jarvis\src\Jarvis.App\JarvisMainForm.Layout.cs(616,38): error CS0103: The name '_isInTrayMode' does not exist in the current context [C:\Users\NoahR\OneDrive\Desktop\Jarvis\src\Jarvis.App\Jarvis.App.csproj]
   2:6>C:\Users\NoahR\OneDrive\Desktop\Jarvis\src\Jarvis.App\JarvisMainForm.Layout.cs(621,13): error CS0103: The name '_surfaceMode' does not exist in the current context [C:\Users\NoahR\OneDrive\Desktop\Jarvis\src\Jarvis.App\Jarvis.App.csproj]
   2:6>C:\Users\NoahR\OneDrive\Desktop\Jarvis\src\Jarvis.App\JarvisMainForm.Layout.cs(623,13): error CS0103: The name '_operatorBounds' does not exist in the current context [C:\Users\NoahR\OneDrive\Desktop\Jarvis\src\Jarvis.App\Jarvis.App.csproj]
   2:6>C:\Users\NoahR\OneDrive\Desktop\Jarvis\src\Jarvis.App\JarvisMainForm.Layout.cs(623,31): error CS0103: The name 'Bounds' does not exist in the current context [C:\Users\NoahR\OneDrive\Desktop\Jarvis\src\Jarvis.App\Jarvis.App.csproj]
   2:6>C:\Users\NoahR\OneDrive\Desktop\Jarvis\src\Jarvis.App\JarvisMainForm.Layout.cs(633,9): error CS0103: The name '_surfaceMode' does not exist in the current context [C:\Users\NoahR\OneDrive\Desktop\Jarvis\src\Jarvis.App\Jarvis.App.csproj]
   2:6>C:\Users\NoahR\OneDrive\Desktop\Jarvis\src\Jarvis.App\JarvisMainForm.Layout.cs(634,9): error CS0103: The name '_contentLayout' does not exist in the current context [C:\Users\NoahR\OneDrive\Desktop\Jarvis\src\Jarvis.App\Jarvis.App.csproj]
   2:6>C:\Users\NoahR\OneDrive\Desktop\Jarvis\src\Jarvis.App\JarvisMainForm.Layout.cs(635,9): error CS0103: The name '_mainColumnLayout' does not exist in the current context [C:\Users\NoahR\OneDrive\Desktop\Jarvis\src\Jarvis.App\Jarvis.App.csproj]
   2:6>C:\Users\NoahR\OneDrive\Desktop\Jarvis\src\Jarvis.App\JarvisMainForm.Layout.cs(639,34): error CS1503: Argument 1: cannot convert from 'Jarvis.App.JarvisMainForm' to 'System.Windows.Forms.Control' [C:\Users\NoahR\OneDrive\Desktop\Jarvis\src\Jarvis.App\Jarvis.App.csproj]
   2:6>C:\Users\NoahR\OneDrive\Desktop\Jarvis\src\Jarvis.App\JarvisMainForm.Layout.cs(645,17): error CS0118: 'FormBorderStyle' is a type but is used like a variable [C:\Users\NoahR\OneDrive\Desktop\Jarvis\src\Jarvis.App\Jarvis.App.csproj]
   2:6>C:\Users\NoahR\OneDrive\Desktop\Jarvis\src\Jarvis.App\JarvisMainForm.Layout.cs(646,17): error CS0103: The name 'ShowInTaskbar' does not exist in the current context [C:\Users\NoahR\OneDrive\Desktop\Jarvis\src\Jarvis.App\Jarvis.App.csproj]
   2:6>C:\Users\NoahR\OneDrive\Desktop\Jarvis\src\Jarvis.App\JarvisMainForm.Layout.cs(647,17): error CS0103: The name 'TopMost' does not exist in the current context [C:\Users\NoahR\OneDrive\Desktop\Jarvis\src\Jarvis.App\Jarvis.App.csproj]
   2:6>C:\Users\NoahR\OneDrive\Desktop\Jarvis\src\Jarvis.App\JarvisMainForm.Layout.cs(648,17): error CS0103: The name 'Opacity' does not exist in the current context [C:\Users\NoahR\OneDrive\Desktop\Jarvis\src\Jarvis.App\Jarvis.App.csproj]
   2:6>C:\Users\NoahR\OneDrive\Desktop\Jarvis\src\Jarvis.App\JarvisMainForm.Layout.cs(649,17): error CS0103: The name '_contentLayout' does not exist in the current context [C:\Users\NoahR\OneDrive\Desktop\Jarvis\src\Jarvis.App\Jarvis.App.csproj]
   2:6>C:\Users\NoahR\OneDrive\Desktop\Jarvis\src\Jarvis.App\JarvisMainForm.Layout.cs(650,17): error CS0103: The name '_contentLayout' does not exist in the current context [C:\Users\NoahR\OneDrive\Desktop\Jarvis\src\Jarvis.App\Jarvis.App.csproj]
   2:6>C:\Users\NoahR\OneDrive\Desktop\Jarvis\src\Jarvis.App\JarvisMainForm.Layout.cs(651,17): error CS0103: The name '_mainColumnLayout' does not exist in the current context [C:\Users\NoahR\OneDrive\Desktop\Jarvis\src\Jarvis.App\Jarvis.App.csproj]
   2:6>C:\Users\NoahR\OneDrive\Desktop\Jarvis\src\Jarvis.App\JarvisMainForm.Layout.cs(652,17): error CS0103: The name '_mainColumnLayout' does not exist in the current context [C:\Users\NoahR\OneDrive\Desktop\Jarvis\src\Jarvis.App\Jarvis.App.csproj]
   2:6>C:\Users\NoahR\OneDrive\Desktop\Jarvis\src\Jarvis.App\JarvisMainForm.Layout.cs(653,17): error CS0103: The name '_mainColumnLayout' does not exist in the current context [C:\Users\NoahR\OneDrive\Desktop\Jarvis\src\Jarvis.App\Jarvis.App.csproj]
   2:6>C:\Users\NoahR\OneDrive\Desktop\Jarvis\src\Jarvis.App\JarvisMainForm.Layout.cs(654,17): error CS0103: The name '_mainColumnLayout' does not exist in the current context [C:\Users\NoahR\OneDrive\Desktop\Jarvis\src\Jarvis.App\Jarvis.App.csproj]
   2:6>C:\Users\NoahR\OneDrive\Desktop\Jarvis\src\Jarvis.App\JarvisMainForm.Layout.cs(655,17): error CS0103: The name '_historyCard' does not exist in the current context [C:\Users\NoahR\OneDrive\Desktop\Jarvis\src\Jarvis.App\Jarvis.App.csproj]
   2:6>C:\Users\NoahR\OneDrive\Desktop\Jarvis\src\Jarvis.App\JarvisMainForm.Layout.cs(656,17): error CS0103: The name '_telemetryColumn' does not exist in the current context [C:\Users\NoahR\OneDrive\Desktop\Jarvis\src\Jarvis.App\Jarvis.App.csproj]
   2:6>C:\Users\NoahR\OneDrive\Desktop\Jarvis\src\Jarvis.App\JarvisMainForm.Layout.cs(657,17): error CS0103: The name '_composerPanel' does not exist in the current context [C:\Users\NoahR\OneDrive\Desktop\Jarvis\src\Jarvis.App\Jarvis.App.csproj]
   2:6>C:\Users\NoahR\OneDrive\Desktop\Jarvis\src\Jarvis.App\JarvisMainForm.Layout.cs(658,17): error CS0103: The name 'Bounds' does not exist in the current context [C:\Users\NoahR\OneDrive\Desktop\Jarvis\src\Jarvis.App\Jarvis.App.csproj]
   2:6>C:\Users\NoahR\OneDrive\Desktop\Jarvis\src\Jarvis.App\JarvisMainForm.Layout.cs(658,26): error CS0103: The name '_operatorBounds' does not exist in the current context [C:\Users\NoahR\OneDrive\Desktop\Jarvis\src\Jarvis.App\Jarvis.App.csproj]
   2:6>C:\Users\NoahR\OneDrive\Desktop\Jarvis\src\Jarvis.App\JarvisMainForm.Layout.cs(662,17): error CS0118: 'FormBorderStyle' is a type but is used like a variable [C:\Users\NoahR\OneDrive\Desktop\Jarvis\src\Jarvis.App\Jarvis.App.csproj]
   2:6>C:\Users\NoahR\OneDrive\Desktop\Jarvis\src\Jarvis.App\JarvisMainForm.Layout.cs(663,17): error CS0103: The name 'ShowInTaskbar' does not exist in the current context [C:\Users\NoahR\OneDrive\Desktop\Jarvis\src\Jarvis.App\Jarvis.App.csproj]
   2:6>C:\Users\NoahR\OneDrive\Desktop\Jarvis\src\Jarvis.App\JarvisMainForm.Layout.cs(664,17): error CS0103: The name 'TopMost' does not exist in the current context [C:\Users\NoahR\OneDrive\Desktop\Jarvis\src\Jarvis.App\Jarvis.App.csproj]
   2:6>C:\Users\NoahR\OneDrive\Desktop\Jarvis\src\Jarvis.App\JarvisMainForm.Layout.cs(665,17): error CS0103: The name 'Opacity' does not exist in the current context [C:\Users\NoahR\OneDrive\Desktop\Jarvis\src\Jarvis.App\Jarvis.App.csproj]
   2:6>C:\Users\NoahR\OneDrive\Desktop\Jarvis\src\Jarvis.App\JarvisMainForm.Layout.cs(666,17): error CS0103: The name '_contentLayout' does not exist in the current context [C:\Users\NoahR\OneDrive\Desktop\Jarvis\src\Jarvis.App\Jarvis.App.csproj]
   2:6>C:\Users\NoahR\OneDrive\Desktop\Jarvis\src\Jarvis.App\JarvisMainForm.Layout.cs(667,17): error CS0103: The name '_contentLayout' does not exist in the current context [C:\Users\NoahR\OneDrive\Desktop\Jarvis\src\Jarvis.App\Jarvis.App.csproj]
   2:6>C:\Users\NoahR\OneDrive\Desktop\Jarvis\src\Jarvis.App\JarvisMainForm.Layout.cs(668,17): error CS0103: The name '_historyCard' does not exist in the current context [C:\Users\NoahR\OneDrive\Desktop\Jarvis\src\Jarvis.App\Jarvis.App.csproj]
   2:6>C:\Users\NoahR\OneDrive\Desktop\Jarvis\src\Jarvis.App\JarvisMainForm.Layout.cs(669,17): error CS0103: The name '_telemetryColumn' does not exist in the current context [C:\Users\NoahR\OneDrive\Desktop\Jarvis\src\Jarvis.App\Jarvis.App.csproj]
   2:6>C:\Users\NoahR\OneDrive\Desktop\Jarvis\src\Jarvis.App\JarvisMainForm.Layout.cs(670,17): error CS0103: The name '_composerPanel' does not exist in the current context [C:\Users\NoahR\OneDrive\Desktop\Jarvis\src\Jarvis.App\Jarvis.App.csproj]
   2:6>C:\Users\NoahR\OneDrive\Desktop\Jarvis\src\Jarvis.App\JarvisMainForm.Layout.cs(671,17): error CS0103: The name '_mainColumnLayout' does not exist in the current context [C:\Users\NoahR\OneDrive\Desktop\Jarvis\src\Jarvis.App\Jarvis.App.csproj]
   2:6>C:\Users\NoahR\OneDrive\Desktop\Jarvis\src\Jarvis.App\JarvisMainForm.Layout.cs(672,17): error CS0103: The name '_mainColumnLayout' does not exist in the current context [C:\Users\NoahR\OneDrive\Desktop\Jarvis\src\Jarvis.App\Jarvis.App.csproj]
   2:6>C:\Users\NoahR\OneDrive\Desktop\Jarvis\src\Jarvis.App\JarvisMainForm.Layout.cs(673,17): error CS0103: The name '_mainColumnLayout' does not exist in the current context [C:\Users\NoahR\OneDrive\Desktop\Jarvis\src\Jarvis.App\Jarvis.App.csproj]
   2:6>C:\Users\NoahR\OneDrive\Desktop\Jarvis\src\Jarvis.App\JarvisMainForm.Layout.cs(674,17): error CS0103: The name '_mainColumnLayout' does not exist in the current context [C:\Users\NoahR\OneDrive\Desktop\Jarvis\src\Jarvis.App\Jarvis.App.csproj]
   2:6>C:\Users\NoahR\OneDrive\Desktop\Jarvis\src\Jarvis.App\JarvisMainForm.Layout.cs(675,17): error CS0103: The name 'Bounds' does not exist in the current context [C:\Users\NoahR\OneDrive\Desktop\Jarvis\src\Jarvis.App\Jarvis.App.csproj]
   2:6>C:\Users\NoahR\OneDrive\Desktop\Jarvis\src\Jarvis.App\JarvisMainForm.Layout.cs(679,17): error CS0118: 'FormBorderStyle' is a type but is used like a variable [C:\Users\NoahR\OneDrive\Desktop\Jarvis\src\Jarvis.App\Jarvis.App.csproj]
   2:6>C:\Users\NoahR\OneDrive\Desktop\Jarvis\src\Jarvis.App\JarvisMainForm.Layout.cs(680,17): error CS0103: The name 'ShowInTaskbar' does not exist in the current context [C:\Users\NoahR\OneDrive\Desktop\Jarvis\src\Jarvis.App\Jarvis.App.csproj]
   2:6>C:\Users\NoahR\OneDrive\Desktop\Jarvis\src\Jarvis.App\JarvisMainForm.Layout.cs(681,17): error CS0103: The name 'TopMost' does not exist in the current context [C:\Users\NoahR\OneDrive\Desktop\Jarvis\src\Jarvis.App\Jarvis.App.csproj]
   2:6>C:\Users\NoahR\OneDrive\Desktop\Jarvis\src\Jarvis.App\JarvisMainForm.Layout.cs(682,17): error CS0103: The name 'Opacity' does not exist in the current context [C:\Users\NoahR\OneDrive\Desktop\Jarvis\src\Jarvis.App\Jarvis.App.csproj]
   2:6>C:\Users\NoahR\OneDrive\Desktop\Jarvis\src\Jarvis.App\JarvisMainForm.Layout.cs(683,17): error CS0103: The name '_contentLayout' does not exist in the current context [C:\Users\NoahR\OneDrive\Desktop\Jarvis\src\Jarvis.App\Jarvis.App.csproj]
   2:6>C:\Users\NoahR\OneDrive\Desktop\Jarvis\src\Jarvis.App\JarvisMainForm.Layout.cs(684,17): error CS0103: The name '_contentLayout' does not exist in the current context [C:\Users\NoahR\OneDrive\Desktop\Jarvis\src\Jarvis.App\Jarvis.App.csproj]
   2:6>C:\Users\NoahR\OneDrive\Desktop\Jarvis\src\Jarvis.App\JarvisMainForm.Layout.cs(685,17): error CS0103: The name '_historyCard' does not exist in the current context [C:\Users\NoahR\OneDrive\Desktop\Jarvis\src\Jarvis.App\Jarvis.App.csproj]
   2:6>C:\Users\NoahR\OneDrive\Desktop\Jarvis\src\Jarvis.App\JarvisMainForm.Layout.cs(686,17): error CS0103: The name '_telemetryColumn' does not exist in the current context [C:\Users\NoahR\OneDrive\Desktop\Jarvis\src\Jarvis.App\Jarvis.App.csproj]
   2:6>C:\Users\NoahR\OneDrive\Desktop\Jarvis\src\Jarvis.App\JarvisMainForm.Layout.cs(687,17): error CS0103: The name '_composerPanel' does not exist in the current context [C:\Users\NoahR\OneDrive\Desktop\Jarvis\src\Jarvis.App\Jarvis.App.csproj]
   2:6>C:\Users\NoahR\OneDrive\Desktop\Jarvis\src\Jarvis.App\JarvisMainForm.Layout.cs(688,17): error CS0103: The name '_mainColumnLayout' does not exist in the current context [C:\Users\NoahR\OneDrive\Desktop\Jarvis\src\Jarvis.App\Jarvis.App.csproj]
   2:6>C:\Users\NoahR\OneDrive\Desktop\Jarvis\src\Jarvis.App\JarvisMainForm.Layout.cs(689,17): error CS0103: The name '_mainColumnLayout' does not exist in the current context [C:\Users\NoahR\OneDrive\Desktop\Jarvis\src\Jarvis.App\Jarvis.App.csproj]
   2:6>C:\Users\NoahR\OneDrive\Desktop\Jarvis\src\Jarvis.App\JarvisMainForm.Layout.cs(690,17): error CS0103: The name '_mainColumnLayout' does not exist in the current context [C:\Users\NoahR\OneDrive\Desktop\Jarvis\src\Jarvis.App\Jarvis.App.csproj]
   2:6>C:\Users\NoahR\OneDrive\Desktop\Jarvis\src\Jarvis.App\JarvisMainForm.Layout.cs(691,17): error CS0103: The name '_mainColumnLayout' does not exist in the current context [C:\Users\NoahR\OneDrive\Desktop\Jarvis\src\Jarvis.App\Jarvis.App.csproj]
   2:6>C:\Users\NoahR\OneDrive\Desktop\Jarvis\src\Jarvis.App\JarvisMainForm.Layout.cs(692,17): error CS0103: The name 'Bounds' does not exist in the current context [C:\Users\NoahR\OneDrive\Desktop\Jarvis\src\Jarvis.App\Jarvis.App.csproj]
   2:6>C:\Users\NoahR\OneDrive\Desktop\Jarvis\src\Jarvis.App\JarvisMainForm.Layout.cs(696,17): error CS0118: 'FormBorderStyle' is a type but is used like a variable [C:\Users\NoahR\OneDrive\Desktop\Jarvis\src\Jarvis.App\Jarvis.App.csproj]
   2:6>C:\Users\NoahR\OneDrive\Desktop\Jarvis\src\Jarvis.App\JarvisMainForm.Layout.cs(697,17): error CS0103: The name 'ShowInTaskbar' does not exist in the current context [C:\Users\NoahR\OneDrive\Desktop\Jarvis\src\Jarvis.App\Jarvis.App.csproj]
   2:6>C:\Users\NoahR\OneDrive\Desktop\Jarvis\src\Jarvis.App\JarvisMainForm.Layout.cs(698,17): error CS0103: The name 'TopMost' does not exist in the current context [C:\Users\NoahR\OneDrive\Desktop\Jarvis\src\Jarvis.App\Jarvis.App.csproj]
   2:6>C:\Users\NoahR\OneDrive\Desktop\Jarvis\src\Jarvis.App\JarvisMainForm.Layout.cs(699,17): error CS0103: The name 'Opacity' does not exist in the current context [C:\Users\NoahR\OneDrive\Desktop\Jarvis\src\Jarvis.App\Jarvis.App.csproj]
   2:6>C:\Users\NoahR\OneDrive\Desktop\Jarvis\src\Jarvis.App\JarvisMainForm.Layout.cs(700,17): error CS0103: The name '_contentLayout' does not exist in the current context [C:\Users\NoahR\OneDrive\Desktop\Jarvis\src\Jarvis.App\Jarvis.App.csproj]
   2:6>C:\Users\NoahR\OneDrive\Desktop\Jarvis\src\Jarvis.App\JarvisMainForm.Layout.cs(701,17): error CS0103: The name '_contentLayout' does not exist in the current context [C:\Users\NoahR\OneDrive\Desktop\Jarvis\src\Jarvis.App\Jarvis.App.csproj]
   2:6>C:\Users\NoahR\OneDrive\Desktop\Jarvis\src\Jarvis.App\JarvisMainForm.Layout.cs(702,17): error CS0103: The name '_historyCard' does not exist in the current context [C:\Users\NoahR\OneDrive\Desktop\Jarvis\src\Jarvis.App\Jarvis.App.csproj]
   2:6>C:\Users\NoahR\OneDrive\Desktop\Jarvis\src\Jarvis.App\JarvisMainForm.Layout.cs(703,17): error CS0103: The name '_telemetryColumn' does not exist in the current context [C:\Users\NoahR\OneDrive\Desktop\Jarvis\src\Jarvis.App\Jarvis.App.csproj]
   2:6>C:\Users\NoahR\OneDrive\Desktop\Jarvis\src\Jarvis.App\JarvisMainForm.Layout.cs(704,17): error CS0103: The name '_composerPanel' does not exist in the current context [C:\Users\NoahR\OneDrive\Desktop\Jarvis\src\Jarvis.App\Jarvis.App.csproj]
   2:6>C:\Users\NoahR\OneDrive\Desktop\Jarvis\src\Jarvis.App\JarvisMainForm.Layout.cs(705,17): error CS0103: The name '_mainColumnLayout' does not exist in the current context [C:\Users\NoahR\OneDrive\Desktop\Jarvis\src\Jarvis.App\Jarvis.App.csproj]
   2:6>C:\Users\NoahR\OneDrive\Desktop\Jarvis\src\Jarvis.App\JarvisMainForm.Layout.cs(706,17): error CS0103: The name '_mainColumnLayout' does not exist in the current context [C:\Users\NoahR\OneDrive\Desktop\Jarvis\src\Jarvis.App\Jarvis.App.csproj]
   2:6>C:\Users\NoahR\OneDrive\Desktop\Jarvis\src\Jarvis.App\JarvisMainForm.Layout.cs(707,17): error CS0103: The name '_mainColumnLayout' does not exist in the current context [C:\Users\NoahR\OneDrive\Desktop\Jarvis\src\Jarvis.App\Jarvis.App.csproj]
   2:6>C:\Users\NoahR\OneDrive\Desktop\Jarvis\src\Jarvis.App\JarvisMainForm.Layout.cs(708,17): error CS0103: The name '_mainColumnLayout' does not exist in the current context [C:\Users\NoahR\OneDrive\Desktop\Jarvis\src\Jarvis.App\Jarvis.App.csproj]
   2:6>C:\Users\NoahR\OneDrive\Desktop\Jarvis\src\Jarvis.App\JarvisMainForm.Layout.cs(709,17): error CS0103: The name 'Bounds' does not exist in the current context [C:\Users\NoahR\OneDrive\Desktop\Jarvis\src\Jarvis.App\Jarvis.App.csproj]
   2:6>C:\Users\NoahR\OneDrive\Desktop\Jarvis\src\Jarvis.App\JarvisMainForm.Layout.cs(713,17): error CS0118: 'FormBorderStyle' is a type but is used like a variable [C:\Users\NoahR\OneDrive\Desktop\Jarvis\src\Jarvis.App\Jarvis.App.csproj]
   2:6>C:\Users\NoahR\OneDrive\Desktop\Jarvis\src\Jarvis.App\JarvisMainForm.Layout.cs(714,17): error CS0103: The name 'ShowInTaskbar' does not exist in the current context [C:\Users\NoahR\OneDrive\Desktop\Jarvis\src\Jarvis.App\Jarvis.App.csproj]
   2:6>C:\Users\NoahR\OneDrive\Desktop\Jarvis\src\Jarvis.App\JarvisMainForm.Layout.cs(715,17): error CS0103: The name 'TopMost' does not exist in the current context [C:\Users\NoahR\OneDrive\Desktop\Jarvis\src\Jarvis.App\Jarvis.App.csproj]
   2:6>C:\Users\NoahR\OneDrive\Desktop\Jarvis\src\Jarvis.App\JarvisMainForm.Layout.cs(716,17): error CS0103: The name 'Opacity' does not exist in the current context [C:\Users\NoahR\OneDrive\Desktop\Jarvis\src\Jarvis.App\Jarvis.App.csproj]
   2:6>C:\Users\NoahR\OneDrive\Desktop\Jarvis\src\Jarvis.App\JarvisMainForm.Layout.cs(717,17): error CS0103: The name '_contentLayout' does not exist in the current context [C:\Users\NoahR\OneDrive\Desktop\Jarvis\src\Jarvis.App\Jarvis.App.csproj]
   2:6>C:\Users\NoahR\OneDrive\Desktop\Jarvis\src\Jarvis.App\JarvisMainForm.Layout.cs(718,17): error CS0103: The name '_contentLayout' does not exist in the current context [C:\Users\NoahR\OneDrive\Desktop\Jarvis\src\Jarvis.App\Jarvis.App.csproj]
   2:6>C:\Users\NoahR\OneDrive\Desktop\Jarvis\src\Jarvis.App\JarvisMainForm.Layout.cs(719,17): error CS0103: The name '_historyCard' does not exist in the current context [C:\Users\NoahR\OneDrive\Desktop\Jarvis\src\Jarvis.App\Jarvis.App.csproj]
   2:6>C:\Users\NoahR\OneDrive\Desktop\Jarvis\src\Jarvis.App\JarvisMainForm.Layout.cs(720,17): error CS0103: The name '_telemetryColumn' does not exist in the current context [C:\Users\NoahR\OneDrive\Desktop\Jarvis\src\Jarvis.App\Jarvis.App.csproj]
   2:6>C:\Users\NoahR\OneDrive\Desktop\Jarvis\src\Jarvis.App\JarvisMainForm.Layout.cs(721,17): error CS0103: The name '_composerPanel' does not exist in the current context [C:\Users\NoahR\OneDrive\Desktop\Jarvis\src\Jarvis.App\Jarvis.App.csproj]
   2:6>C:\Users\NoahR\OneDrive\Desktop\Jarvis\src\Jarvis.App\JarvisMainForm.Layout.cs(722,17): error CS0103: The name '_mainColumnLayout' does not exist in the current context [C:\Users\NoahR\OneDrive\Desktop\Jarvis\src\Jarvis.App\Jarvis.App.csproj]
   2:6>C:\Users\NoahR\OneDrive\Desktop\Jarvis\src\Jarvis.App\JarvisMainForm.Layout.cs(723,17): error CS0103: The name '_mainColumnLayout' does not exist in the current context [C:\Users\NoahR\OneDrive\Desktop\Jarvis\src\Jarvis.App\Jarvis.App.csproj]
   2:6>C:\Users\NoahR\OneDrive\Desktop\Jarvis\src\Jarvis.App\JarvisMainForm.Layout.cs(724,17): error CS0103: The name '_mainColumnLayout' does not exist in the current context [C:\Users\NoahR\OneDrive\Desktop\Jarvis\src\Jarvis.App\Jarvis.App.csproj]
   2:6>C:\Users\NoahR\OneDrive\Desktop\Jarvis\src\Jarvis.App\JarvisMainForm.Layout.cs(725,17): error CS0103: The name '_mainColumnLayout' does not exist in the current context [C:\Users\NoahR\OneDrive\Desktop\Jarvis\src\Jarvis.App\Jarvis.App.csproj]
   2:6>C:\Users\NoahR\OneDrive\Desktop\Jarvis\src\Jarvis.App\JarvisMainForm.Layout.cs(726,17): error CS0103: The name 'Bounds' does not exist in the current context [C:\Users\NoahR\OneDrive\Desktop\Jarvis\src\Jarvis.App\Jarvis.App.csproj]
   2:6>C:\Users\NoahR\OneDrive\Desktop\Jarvis\src\Jarvis.App\JarvisMainForm.Layout.cs(730,9): error CS0103: The name '_mainColumnLayout' does not exist in the current context [C:\Users\NoahR\OneDrive\Desktop\Jarvis\src\Jarvis.App\Jarvis.App.csproj]
   2:6>C:\Users\NoahR\OneDrive\Desktop\Jarvis\src\Jarvis.App\JarvisMainForm.Layout.cs(731,9): error CS0103: The name '_contentLayout' does not exist in the current context [C:\Users\NoahR\OneDrive\Desktop\Jarvis\src\Jarvis.App\Jarvis.App.csproj]
   2:6>C:\Users\NoahR\OneDrive\Desktop\Jarvis\src\Jarvis.App\JarvisMainForm.Layout.cs(738,30): error CS0103: The name '_modeButtons' does not exist in the current context [C:\Users\NoahR\OneDrive\Desktop\Jarvis\src\Jarvis.App\Jarvis.App.csproj]
   2:6>C:\Users\NoahR\OneDrive\Desktop\Jarvis\src\Jarvis.App\JarvisMainForm.Layout.cs(740,38): error CS0103: The name '_surfaceMode' does not exist in the current context [C:\Users\NoahR\OneDrive\Desktop\Jarvis\src\Jarvis.App\Jarvis.App.csproj]
   2:6>C:\Users\NoahR\OneDrive\Desktop\Jarvis\src\Jarvis.App\JarvisMainForm.Layout.cs(742,60): error CS0103: The name '_surfaceState' does not exist in the current context [C:\Users\NoahR\OneDrive\Desktop\Jarvis\src\Jarvis.App\Jarvis.App.csproj]
   2:6>C:\Users\NoahR\OneDrive\Desktop\Jarvis\src\Jarvis.App\JarvisMainForm.Layout.cs(743,77): error CS0103: The name '_surfaceState' does not exist in the current context [C:\Users\NoahR\OneDrive\Desktop\Jarvis\src\Jarvis.App\Jarvis.App.csproj]
   2:6>C:\Users\NoahR\OneDrive\Desktop\Jarvis\src\Jarvis.App\JarvisMainForm.Layout.cs(749,9): error CS0103: The name '_modeStatusLabel' does not exist in the current context [C:\Users\NoahR\OneDrive\Desktop\Jarvis\src\Jarvis.App\Jarvis.App.csproj]
   2:6>C:\Users\NoahR\OneDrive\Desktop\Jarvis\src\Jarvis.App\JarvisMainForm.Layout.cs(749,33): error CS0103: The name '_surfaceMode' does not exist in the current context [C:\Users\NoahR\OneDrive\Desktop\Jarvis\src\Jarvis.App\Jarvis.App.csproj]
   2:6>C:\Users\NoahR\OneDrive\Desktop\Jarvis\src\Jarvis.App\JarvisMainForm.Layout.cs(772,9): error CS0103: The name '_stageLabels' does not exist in the current context [C:\Users\NoahR\OneDrive\Desktop\Jarvis\src\Jarvis.App\Jarvis.App.csproj]
   2:6>C:\Users\NoahR\OneDrive\Desktop\Jarvis\src\Jarvis.App\JarvisMainForm.Runtime.cs(15,13): error CS0103: The name '_isRefreshingUiState' does not exist in the current context [C:\Users\NoahR\OneDrive\Desktop\Jarvis\src\Jarvis.App\Jarvis.App.csproj]
   2:6>C:\Users\NoahR\OneDrive\Desktop\Jarvis\src\Jarvis.App\JarvisMainForm.Runtime.cs(15,37): error CS0103: The name '_cancellationTokenSource' does not exist in the current context [C:\Users\NoahR\OneDrive\Desktop\Jarvis\src\Jarvis.App\Jarvis.App.csproj]
   2:6>C:\Users\NoahR\OneDrive\Desktop\Jarvis\src\Jarvis.App\JarvisMainForm.Runtime.cs(20,9): error CS0103: The name '_isRefreshingUiState' does not exist in the current context [C:\Users\NoahR\OneDrive\Desktop\Jarvis\src\Jarvis.App\Jarvis.App.csproj]
   2:6>C:\Users\NoahR\OneDrive\Desktop\Jarvis\src\Jarvis.App\JarvisMainForm.Runtime.cs(34,13): error CS0103: The name '_isRefreshingUiState' does not exist in the current context [C:\Users\NoahR\OneDrive\Desktop\Jarvis\src\Jarvis.App\Jarvis.App.csproj]
   2:6>C:\Users\NoahR\OneDrive\Desktop\Jarvis\src\Jarvis.App\JarvisMainForm.Runtime.cs(47,37): error CS0103: The name '_context' does not exist in the current context [C:\Users\NoahR\OneDrive\Desktop\Jarvis\src\Jarvis.App\Jarvis.App.csproj]
   2:6>C:\Users\NoahR\OneDrive\Desktop\Jarvis\src\Jarvis.App\JarvisMainForm.Runtime.cs(47,80): error CS0103: The name '_cancellationTokenSource' does not exist in the current context [C:\Users\NoahR\OneDrive\Desktop\Jarvis\src\Jarvis.App\Jarvis.App.csproj]
   2:6>C:\Users\NoahR\OneDrive\Desktop\Jarvis\src\Jarvis.App\JarvisMainForm.Runtime.cs(53,39): error CS0103: The name '_activeSessionId' does not exist in the current context [C:\Users\NoahR\OneDrive\Desktop\Jarvis\src\Jarvis.App\Jarvis.App.csproj]
   2:6>C:\Users\NoahR\OneDrive\Desktop\Jarvis\src\Jarvis.App\JarvisMainForm.Runtime.cs(55,13): error CS0103: The name '_sessionBox' does not exist in the current context [C:\Users\NoahR\OneDrive\Desktop\Jarvis\src\Jarvis.App\Jarvis.App.csproj]
   2:6>C:\Users\NoahR\OneDrive\Desktop\Jarvis\src\Jarvis.App\JarvisMainForm.Runtime.cs(55,32): error CS0103: The name '_lastSessionSummary' does not exist in the current context [C:\Users\NoahR\OneDrive\Desktop\Jarvis\src\Jarvis.App\Jarvis.App.csproj]
   2:6>C:\Users\NoahR\OneDrive\Desktop\Jarvis\src\Jarvis.App\JarvisMainForm.Runtime.cs(59,29): error CS0103: The name '_context' does not exist in the current context [C:\Users\NoahR\OneDrive\Desktop\Jarvis\src\Jarvis.App\Jarvis.App.csproj]
   2:6>C:\Users\NoahR\OneDrive\Desktop\Jarvis\src\Jarvis.App\JarvisMainForm.Runtime.cs(59,64): error CS0103: The name '_activeSessionId' does not exist in the current context [C:\Users\NoahR\OneDrive\Desktop\Jarvis\src\Jarvis.App\Jarvis.App.csproj]
   2:6>C:\Users\NoahR\OneDrive\Desktop\Jarvis\src\Jarvis.App\JarvisMainForm.Runtime.cs(59,82): error CS0103: The name '_cancellationTokenSource' does not exist in the current context [C:\Users\NoahR\OneDrive\Desktop\Jarvis\src\Jarvis.App\Jarvis.App.csproj]
   2:6>C:\Users\NoahR\OneDrive\Desktop\Jarvis\src\Jarvis.App\JarvisMainForm.Runtime.cs(63,13): error CS0103: The name '_activeSessionId' does not exist in the current context [C:\Users\NoahR\OneDrive\Desktop\Jarvis\src\Jarvis.App\Jarvis.App.csproj]
   2:6>C:\Users\NoahR\OneDrive\Desktop\Jarvis\src\Jarvis.App\JarvisMainForm.Runtime.cs(64,13): error CS0103: The name '_sessionBox' does not exist in the current context [C:\Users\NoahR\OneDrive\Desktop\Jarvis\src\Jarvis.App\Jarvis.App.csproj]
   2:6>C:\Users\NoahR\OneDrive\Desktop\Jarvis\src\Jarvis.App\JarvisMainForm.Runtime.cs(64,32): error CS0103: The name '_lastSessionSummary' does not exist in the current context [C:\Users\NoahR\OneDrive\Desktop\Jarvis\src\Jarvis.App\Jarvis.App.csproj]
   2:6>C:\Users\NoahR\OneDrive\Desktop\Jarvis\src\Jarvis.App\JarvisMainForm.Runtime.cs(68,9): error CS0103: The name '_sessionBox' does not exist in the current context [C:\Users\NoahR\OneDrive\Desktop\Jarvis\src\Jarvis.App\Jarvis.App.csproj]
   2:6>C:\Users\NoahR\OneDrive\Desktop\Jarvis\src\Jarvis.App\JarvisMainForm.Runtime.cs(73,40): error CS0103: The name '_context' does not exist in the current context [C:\Users\NoahR\OneDrive\Desktop\Jarvis\src\Jarvis.App\Jarvis.App.csproj]
   2:6>C:\Users\NoahR\OneDrive\Desktop\Jarvis\src\Jarvis.App\JarvisMainForm.Runtime.cs(73,86): error CS0103: The name '_cancellationTokenSource' does not exist in the current context [C:\Users\NoahR\OneDrive\Desktop\Jarvis\src\Jarvis.App\Jarvis.App.csproj]
   2:6>C:\Users\NoahR\OneDrive\Desktop\Jarvis\src\Jarvis.App\JarvisMainForm.Runtime.cs(75,13): error CS0019: Operator '==' cannot be applied to operands of type 'method group' and 'int' [C:\Users\NoahR\OneDrive\Desktop\Jarvis\src\Jarvis.App\Jarvis.App.csproj]
   2:6>C:\Users\NoahR\OneDrive\Desktop\Jarvis\src\Jarvis.App\JarvisMainForm.Runtime.cs(77,13): error CS0103: The name '_backgroundLabel' does not exist in the current context [C:\Users\NoahR\OneDrive\Desktop\Jarvis\src\Jarvis.App\Jarvis.App.csproj]
   2:6>C:\Users\NoahR\OneDrive\Desktop\Jarvis\src\Jarvis.App\JarvisMainForm.Runtime.cs(81,9): error CS0103: The name '_backgroundLabel' does not exist in the current context [C:\Users\NoahR\OneDrive\Desktop\Jarvis\src\Jarvis.App\Jarvis.App.csproj]
   2:6>C:\Users\NoahR\OneDrive\Desktop\Jarvis\src\Jarvis.App\JarvisMainForm.Runtime.cs(90,39): error CS0103: The name '_inputBox' does not exist in the current context [C:\Users\NoahR\OneDrive\Desktop\Jarvis\src\Jarvis.App\Jarvis.App.csproj]
   2:6>C:\Users\NoahR\OneDrive\Desktop\Jarvis\src\Jarvis.App\JarvisMainForm.Runtime.cs(96,13): error CS0103: The name '_cancellationTokenSource' does not exist in the current context [C:\Users\NoahR\OneDrive\Desktop\Jarvis\src\Jarvis.App\Jarvis.App.csproj]
   2:6>C:\Users\NoahR\OneDrive\Desktop\Jarvis\src\Jarvis.App\JarvisMainForm.Runtime.cs(96,65): error CS0103: The name '_isSubmitting' does not exist in the current context [C:\Users\NoahR\OneDrive\Desktop\Jarvis\src\Jarvis.App\Jarvis.App.csproj]
   2:6>C:\Users\NoahR\OneDrive\Desktop\Jarvis\src\Jarvis.App\JarvisMainForm.Runtime.cs(106,9): error CS0103: The name '_isSubmitting' does not exist in the current context [C:\Users\NoahR\OneDrive\Desktop\Jarvis\src\Jarvis.App\Jarvis.App.csproj]
   2:6>C:\Users\NoahR\OneDrive\Desktop\Jarvis\src\Jarvis.App\JarvisMainForm.Runtime.cs(107,9): error CS0103: The name '_lastAssistantKind' does not exist in the current context [C:\Users\NoahR\OneDrive\Desktop\Jarvis\src\Jarvis.App\Jarvis.App.csproj]
   2:6>C:\Users\NoahR\OneDrive\Desktop\Jarvis\src\Jarvis.App\JarvisMainForm.Runtime.cs(108,9): error CS0103: The name '_lastAssistantDetail' does not exist in the current context [C:\Users\NoahR\OneDrive\Desktop\Jarvis\src\Jarvis.App\Jarvis.App.csproj]
   2:6>C:\Users\NoahR\OneDrive\Desktop\Jarvis\src\Jarvis.App\JarvisMainForm.Runtime.cs(116,17): error CS0103: The name '_inputBox' does not exist in the current context [C:\Users\NoahR\OneDrive\Desktop\Jarvis\src\Jarvis.App\Jarvis.App.csproj]
   2:6>C:\Users\NoahR\OneDrive\Desktop\Jarvis\src\Jarvis.App\JarvisMainForm.Runtime.cs(120,13): error CS0103: The name '_promptEchoLabel' does not exist in the current context [C:\Users\NoahR\OneDrive\Desktop\Jarvis\src\Jarvis.App\Jarvis.App.csproj]
   2:6>C:\Users\NoahR\OneDrive\Desktop\Jarvis\src\Jarvis.App\JarvisMainForm.Runtime.cs(121,13): error CS0103: The name '_liveResponseBox' does not exist in the current context [C:\Users\NoahR\OneDrive\Desktop\Jarvis\src\Jarvis.App\Jarvis.App.csproj]
   2:6>C:\Users\NoahR\OneDrive\Desktop\Jarvis\src\Jarvis.App\JarvisMainForm.Runtime.cs(127,71): error CS0103: The name '_cancellationTokenSource' does not exist in the current context [C:\Users\NoahR\OneDrive\Desktop\Jarvis\src\Jarvis.App\Jarvis.App.csproj]
   2:6>C:\Users\NoahR\OneDrive\Desktop\Jarvis\src\Jarvis.App\JarvisMainForm.Runtime.cs(130,30): error CS0103: The name '_context' does not exist in the current context [C:\Users\NoahR\OneDrive\Desktop\Jarvis\src\Jarvis.App\Jarvis.App.csproj]
   2:6>C:\Users\NoahR\OneDrive\Desktop\Jarvis\src\Jarvis.App\JarvisMainForm.Runtime.cs(130,68): error CS0103: The name '_cancellationTokenSource' does not exist in the current context [C:\Users\NoahR\OneDrive\Desktop\Jarvis\src\Jarvis.App\Jarvis.App.csproj]
   2:6>C:\Users\NoahR\OneDrive\Desktop\Jarvis\src\Jarvis.App\JarvisMainForm.Runtime.cs(131,13): error CS0103: The name '_activeSessionId' does not exist in the current context [C:\Users\NoahR\OneDrive\Desktop\Jarvis\src\Jarvis.App\Jarvis.App.csproj]
   2:6>C:\Users\NoahR\OneDrive\Desktop\Jarvis\src\Jarvis.App\JarvisMainForm.Runtime.cs(134,63): error CS0103: The name '_pendingApproval' does not exist in the current context [C:\Users\NoahR\OneDrive\Desktop\Jarvis\src\Jarvis.App\Jarvis.App.csproj]
   2:6>C:\Users\NoahR\OneDrive\Desktop\Jarvis\src\Jarvis.App\JarvisMainForm.Runtime.cs(135,61): error CS0103: The name '_cancellationTokenSource' does not exist in the current context [C:\Users\NoahR\OneDrive\Desktop\Jarvis\src\Jarvis.App\Jarvis.App.csproj]
   2:6>C:\Users\NoahR\OneDrive\Desktop\Jarvis\src\Jarvis.App\JarvisMainForm.Runtime.cs(137,36): error CS0103: The name '_pendingApproval' does not exist in the current context [C:\Users\NoahR\OneDrive\Desktop\Jarvis\src\Jarvis.App\Jarvis.App.csproj]
   2:6>C:\Users\NoahR\OneDrive\Desktop\Jarvis\src\Jarvis.App\JarvisMainForm.Runtime.cs(139,17): error CS0103: The name '_pendingApproval' does not exist in the current context [C:\Users\NoahR\OneDrive\Desktop\Jarvis\src\Jarvis.App\Jarvis.App.csproj]
   2:6>C:\Users\NoahR\OneDrive\Desktop\Jarvis\src\Jarvis.App\JarvisMainForm.Runtime.cs(141,55): error CS0103: The name '_cancellationTokenSource' does not exist in the current context [C:\Users\NoahR\OneDrive\Desktop\Jarvis\src\Jarvis.App\Jarvis.App.csproj]
   2:6>C:\Users\NoahR\OneDrive\Desktop\Jarvis\src\Jarvis.App\JarvisMainForm.Runtime.cs(146,17): error CS0103: The name 'ExitApplication' does not exist in the current context [C:\Users\NoahR\OneDrive\Desktop\Jarvis\src\Jarvis.App\Jarvis.App.csproj]
   2:6>C:\Users\NoahR\OneDrive\Desktop\Jarvis\src\Jarvis.App\JarvisMainForm.Runtime.cs(155,13): error CS0103: The name '_liveResponseBox' does not exist in the current context [C:\Users\NoahR\OneDrive\Desktop\Jarvis\src\Jarvis.App\Jarvis.App.csproj]
   2:6>C:\Users\NoahR\OneDrive\Desktop\Jarvis\src\Jarvis.App\JarvisMainForm.Runtime.cs(159,13): error CS0103: The name '_lastAssistantKind' does not exist in the current context [C:\Users\NoahR\OneDrive\Desktop\Jarvis\src\Jarvis.App\Jarvis.App.csproj]
   2:6>C:\Users\NoahR\OneDrive\Desktop\Jarvis\src\Jarvis.App\JarvisMainForm.Runtime.cs(160,13): error CS0103: The name '_lastAssistantDetail' does not exist in the current context [C:\Users\NoahR\OneDrive\Desktop\Jarvis\src\Jarvis.App\Jarvis.App.csproj]
   2:6>C:\Users\NoahR\OneDrive\Desktop\Jarvis\src\Jarvis.App\JarvisMainForm.Runtime.cs(165,13): error CS0103: The name '_isSubmitting' does not exist in the current context [C:\Users\NoahR\OneDrive\Desktop\Jarvis\src\Jarvis.App\Jarvis.App.csproj]
   2:6>C:\Users\NoahR\OneDrive\Desktop\Jarvis\src\Jarvis.App\JarvisMainForm.Runtime.cs(168,13): error CS0103: The name '_inputBox' does not exist in the current context [C:\Users\NoahR\OneDrive\Desktop\Jarvis\src\Jarvis.App\Jarvis.App.csproj]
   2:6>C:\Users\NoahR\OneDrive\Desktop\Jarvis\src\Jarvis.App\JarvisMainForm.Runtime.cs(170,40): error CS0103: The name '_queuedBargeInCommand' does not exist in the current context [C:\Users\NoahR\OneDrive\Desktop\Jarvis\src\Jarvis.App\Jarvis.App.csproj]
   2:6>C:\Users\NoahR\OneDrive\Desktop\Jarvis\src\Jarvis.App\JarvisMainForm.Runtime.cs(171,13): error CS0103: The name '_queuedBargeInCommand' does not exist in the current context [C:\Users\NoahR\OneDrive\Desktop\Jarvis\src\Jarvis.App\Jarvis.App.csproj]
   2:6>C:\Users\NoahR\OneDrive\Desktop\Jarvis\src\Jarvis.App\JarvisMainForm.Runtime.cs(174,21): error CS0103: The name '_cancellationTokenSource' does not exist in the current context [C:\Users\NoahR\OneDrive\Desktop\Jarvis\src\Jarvis.App\Jarvis.App.csproj]
   2:6>C:\Users\NoahR\OneDrive\Desktop\Jarvis\src\Jarvis.App\JarvisMainForm.Runtime.cs(175,20): error CS0103: The name 'CanUseUi' does not exist in the current context [C:\Users\NoahR\OneDrive\Desktop\Jarvis\src\Jarvis.App\Jarvis.App.csproj]
   2:6>C:\Users\NoahR\OneDrive\Desktop\Jarvis\src\Jarvis.App\JarvisMainForm.Runtime.cs(177,17): error CS0103: The name 'BeginInvoke' does not exist in the current context [C:\Users\NoahR\OneDrive\Desktop\Jarvis\src\Jarvis.App\Jarvis.App.csproj]
   2:6>C:\Users\NoahR\OneDrive\Desktop\Jarvis\src\Jarvis.App\JarvisMainForm.Runtime.cs(179,25): error CS0103: The name 'CanUseUi' does not exist in the current context [C:\Users\NoahR\OneDrive\Desktop\Jarvis\src\Jarvis.App\Jarvis.App.csproj]
   2:6>C:\Users\NoahR\OneDrive\Desktop\Jarvis\src\Jarvis.App\JarvisMainForm.Runtime.cs(190,13): error CS0103: The name '_pendingApproval' does not exist in the current context [C:\Users\NoahR\OneDrive\Desktop\Jarvis\src\Jarvis.App\Jarvis.App.csproj]
   2:6>C:\Users\NoahR\OneDrive\Desktop\Jarvis\src\Jarvis.App\JarvisMainForm.Runtime.cs(190,41): error CS0103: The name '_isSubmitting' does not exist in the current context [C:\Users\NoahR\OneDrive\Desktop\Jarvis\src\Jarvis.App\Jarvis.App.csproj]
   2:6>C:\Users\NoahR\OneDrive\Desktop\Jarvis\src\Jarvis.App\JarvisMainForm.Runtime.cs(206,9): error CS0103: The name '_liveResponseCts' does not exist in the current context [C:\Users\NoahR\OneDrive\Desktop\Jarvis\src\Jarvis.App\Jarvis.App.csproj]
   2:6>C:\Users\NoahR\OneDrive\Desktop\Jarvis\src\Jarvis.App\JarvisMainForm.Runtime.cs(207,9): error CS0103: The name '_liveResponseCts' does not exist in the current context [C:\Users\NoahR\OneDrive\Desktop\Jarvis\src\Jarvis.App\Jarvis.App.csproj]
   2:6>C:\Users\NoahR\OneDrive\Desktop\Jarvis\src\Jarvis.App\JarvisMainForm.Runtime.cs(208,9): error CS0103: The name '_liveResponseCts' does not exist in the current context [C:\Users\NoahR\OneDrive\Desktop\Jarvis\src\Jarvis.App\Jarvis.App.csproj]
   2:6>C:\Users\NoahR\OneDrive\Desktop\Jarvis\src\Jarvis.App\JarvisMainForm.Runtime.cs(209,21): error CS0103: The name '_liveResponseCts' does not exist in the current context [C:\Users\NoahR\OneDrive\Desktop\Jarvis\src\Jarvis.App\Jarvis.App.csproj]
   2:6>C:\Users\NoahR\OneDrive\Desktop\Jarvis\src\Jarvis.App\JarvisMainForm.Runtime.cs(211,9): error CS0103: The name '_liveResponseBox' does not exist in the current context [C:\Users\NoahR\OneDrive\Desktop\Jarvis\src\Jarvis.App\Jarvis.App.csproj]
   2:6>C:\Users\NoahR\OneDrive\Desktop\Jarvis\src\Jarvis.App\JarvisMainForm.Runtime.cs(217,13): error CS0103: The name '_liveResponseBox' does not exist in the current context [C:\Users\NoahR\OneDrive\Desktop\Jarvis\src\Jarvis.App\Jarvis.App.csproj]
   2:6>C:\Users\NoahR\OneDrive\Desktop\Jarvis\src\Jarvis.App\JarvisMainForm.Runtime.cs(218,13): error CS0103: The name '_liveResponseBox' does not exist in the current context [C:\Users\NoahR\OneDrive\Desktop\Jarvis\src\Jarvis.App\Jarvis.App.csproj]
   2:6>C:\Users\NoahR\OneDrive\Desktop\Jarvis\src\Jarvis.App\JarvisMainForm.Runtime.cs(218,47): error CS0103: The name '_liveResponseBox' does not exist in the current context [C:\Users\NoahR\OneDrive\Desktop\Jarvis\src\Jarvis.App\Jarvis.App.csproj]
   2:6>C:\Users\NoahR\OneDrive\Desktop\Jarvis\src\Jarvis.App\JarvisMainForm.Runtime.cs(219,13): error CS0103: The name '_liveResponseBox' does not exist in the current context [C:\Users\NoahR\OneDrive\Desktop\Jarvis\src\Jarvis.App\Jarvis.App.csproj]
   2:6>C:\Users\NoahR\OneDrive\Desktop\Jarvis\src\Jarvis.App\JarvisMainForm.Runtime.cs(226,9): error CS0103: The name '_lastSessionSummary' does not exist in the current context [C:\Users\NoahR\OneDrive\Desktop\Jarvis\src\Jarvis.App\Jarvis.App.csproj]
   2:6>C:\Users\NoahR\OneDrive\Desktop\Jarvis\src\Jarvis.App\JarvisMainForm.Runtime.cs(227,9): error CS0103: The name '_sessionBox' does not exist in the current context [C:\Users\NoahR\OneDrive\Desktop\Jarvis\src\Jarvis.App\Jarvis.App.csproj]
   2:6>C:\Users\NoahR\OneDrive\Desktop\Jarvis\src\Jarvis.App\JarvisMainForm.Runtime.cs(227,28): error CS0103: The name '_lastSessionSummary' does not exist in the current context [C:\Users\NoahR\OneDrive\Desktop\Jarvis\src\Jarvis.App\Jarvis.App.csproj]
   2:6>C:\Users\NoahR\OneDrive\Desktop\Jarvis\src\Jarvis.App\JarvisMainForm.Runtime.cs(260,9): error CS0103: The name '_deviceComboBox' does not exist in the current context [C:\Users\NoahR\OneDrive\Desktop\Jarvis\src\Jarvis.App\Jarvis.App.csproj]
   2:6>C:\Users\NoahR\OneDrive\Desktop\Jarvis\src\Jarvis.App\JarvisMainForm.Runtime.cs(265,13): error CS0103: The name '_deviceComboBox' does not exist in the current context [C:\Users\NoahR\OneDrive\Desktop\Jarvis\src\Jarvis.App\Jarvis.App.csproj]
   2:6>C:\Users\NoahR\OneDrive\Desktop\Jarvis\src\Jarvis.App\JarvisMainForm.Runtime.cs(268,13): error CS0103: The name '_deviceComboBox' does not exist in the current context [C:\Users\NoahR\OneDrive\Desktop\Jarvis\src\Jarvis.App\Jarvis.App.csproj]
   2:6>C:\Users\NoahR\OneDrive\Desktop\Jarvis\src\Jarvis.App\JarvisMainForm.Runtime.cs(273,79): error CS0103: The name '_currentOptions' does not exist in the current context [C:\Users\NoahR\OneDrive\Desktop\Jarvis\src\Jarvis.App\Jarvis.App.csproj]
   2:6>C:\Users\NoahR\OneDrive\Desktop\Jarvis\src\Jarvis.App\JarvisMainForm.Runtime.cs(275,53): error CS0103: The name '_deviceComboBox' does not exist in the current context [C:\Users\NoahR\OneDrive\Desktop\Jarvis\src\Jarvis.App\Jarvis.App.csproj]
   2:6>C:\Users\NoahR\OneDrive\Desktop\Jarvis\src\Jarvis.App\JarvisMainForm.Runtime.cs(280,9): error CS0103: The name '_deviceComboBox' does not exist in the current context [C:\Users\NoahR\OneDrive\Desktop\Jarvis\src\Jarvis.App\Jarvis.App.csproj]
   2:6>C:\Users\NoahR\OneDrive\Desktop\Jarvis\src\Jarvis.App\JarvisMainForm.Runtime.cs(281,9): error CS0103: The name '_deviceComboBox' does not exist in the current context [C:\Users\NoahR\OneDrive\Desktop\Jarvis\src\Jarvis.App\Jarvis.App.csproj]
   2:6>C:\Users\NoahR\OneDrive\Desktop\Jarvis\src\Jarvis.App\JarvisMainForm.Runtime.cs(282,9): error CS0103: The name '_deviceComboBox' does not exist in the current context [C:\Users\NoahR\OneDrive\Desktop\Jarvis\src\Jarvis.App\Jarvis.App.csproj]
   2:6>C:\Users\NoahR\OneDrive\Desktop\Jarvis\src\Jarvis.App\JarvisMainForm.Runtime.cs(288,9): error CS0103: The name '_beamformingProfileComboBox' does not exist in the current context [C:\Users\NoahR\OneDrive\Desktop\Jarvis\src\Jarvis.App\Jarvis.App.csproj]
   2:6>C:\Users\NoahR\OneDrive\Desktop\Jarvis\src\Jarvis.App\JarvisMainForm.Runtime.cs(289,9): error CS0103: The name '_beamformingProfileComboBox' does not exist in the current context [C:\Users\NoahR\OneDrive\Desktop\Jarvis\src\Jarvis.App\Jarvis.App.csproj]
   2:6>C:\Users\NoahR\OneDrive\Desktop\Jarvis\src\Jarvis.App\JarvisMainForm.Runtime.cs(293,13): error CS0103: The name '_beamformingProfileComboBox' does not exist in the current context [C:\Users\NoahR\OneDrive\Desktop\Jarvis\src\Jarvis.App\Jarvis.App.csproj]
   2:6>C:\Users\NoahR\OneDrive\Desktop\Jarvis\src\Jarvis.App\JarvisMainForm.Runtime.cs(296,61): error CS0103: The name '_currentOptions' does not exist in the current context [C:\Users\NoahR\OneDrive\Desktop\Jarvis\src\Jarvis.App\Jarvis.App.csproj]
   2:6>C:\Users\NoahR\OneDrive\Desktop\Jarvis\src\Jarvis.App\JarvisMainForm.Runtime.cs(298,15): error CS0103: The name '_currentOptions' does not exist in the current context [C:\Users\NoahR\OneDrive\Desktop\Jarvis\src\Jarvis.App\Jarvis.App.csproj]
   2:6>C:\Users\NoahR\OneDrive\Desktop\Jarvis\src\Jarvis.App\JarvisMainForm.Runtime.cs(304,9): error CS0103: The name '_beamformingProfileComboBox' does not exist in the current context [C:\Users\NoahR\OneDrive\Desktop\Jarvis\src\Jarvis.App\Jarvis.App.csproj]
   2:6>C:\Users\NoahR\OneDrive\Desktop\Jarvis\src\Jarvis.App\JarvisMainForm.Runtime.cs(305,9): error CS0103: The name '_beamformingProfileComboBox' does not exist in the current context [C:\Users\NoahR\OneDrive\Desktop\Jarvis\src\Jarvis.App\Jarvis.App.csproj]
   2:6>C:\Users\NoahR\OneDrive\Desktop\Jarvis\src\Jarvis.App\JarvisMainForm.Runtime.cs(311,68): error CS0103: The name '_currentOptions' does not exist in the current context [C:\Users\NoahR\OneDrive\Desktop\Jarvis\src\Jarvis.App\Jarvis.App.csproj]
   2:6>C:\Users\NoahR\OneDrive\Desktop\Jarvis\src\Jarvis.App\JarvisMainForm.Runtime.cs(312,9): error CS0103: The name '_calibrationStatusLabel' does not exist in the current context [C:\Users\NoahR\OneDrive\Desktop\Jarvis\src\Jarvis.App\Jarvis.App.csproj]
   2:6>C:\Users\NoahR\OneDrive\Desktop\Jarvis\src\Jarvis.App\JarvisMainForm.Runtime.cs(313,9): error CS0103: The name '_calibrateMicButton' does not exist in the current context [C:\Users\NoahR\OneDrive\Desktop\Jarvis\src\Jarvis.App\Jarvis.App.csproj]
   2:6>C:\Users\NoahR\OneDrive\Desktop\Jarvis\src\Jarvis.App\JarvisMainForm.Runtime.cs(313,66): error CS0103: The name '_currentOptions' does not exist in the current context [C:\Users\NoahR\OneDrive\Desktop\Jarvis\src\Jarvis.App\Jarvis.App.csproj]
   2:6>C:\Users\NoahR\OneDrive\Desktop\Jarvis\src\Jarvis.App\JarvisMainForm.Runtime.cs(319,13): error CS0103: The name '_deviceComboBox' does not exist in the current context [C:\Users\NoahR\OneDrive\Desktop\Jarvis\src\Jarvis.App\Jarvis.App.csproj]
   2:6>C:\Users\NoahR\OneDrive\Desktop\Jarvis\src\Jarvis.App\JarvisMainForm.Runtime.cs(324,39): error CS0103: The name '_currentOptions' does not exist in the current context [C:\Users\NoahR\OneDrive\Desktop\Jarvis\src\Jarvis.App\Jarvis.App.csproj]
   2:6>C:\Users\NoahR\OneDrive\Desktop\Jarvis\src\Jarvis.App\JarvisMainForm.Runtime.cs(329,9): error CS0103: The name '_currentOptions' does not exist in the current context [C:\Users\NoahR\OneDrive\Desktop\Jarvis\src\Jarvis.App\Jarvis.App.csproj]
   2:6>C:\Users\NoahR\OneDrive\Desktop\Jarvis\src\Jarvis.App\JarvisMainForm.Runtime.cs(329,27): error CS0103: The name '_currentOptions' does not exist in the current context [C:\Users\NoahR\OneDrive\Desktop\Jarvis\src\Jarvis.App\Jarvis.App.csproj]
   2:6>C:\Users\NoahR\OneDrive\Desktop\Jarvis\src\Jarvis.App\JarvisMainForm.Runtime.cs(332,39): error CS0103: The name '_currentOptions' does not exist in the current context [C:\Users\NoahR\OneDrive\Desktop\Jarvis\src\Jarvis.App\Jarvis.App.csproj]
   2:6>C:\Users\NoahR\OneDrive\Desktop\Jarvis\src\Jarvis.App\JarvisMainForm.Runtime.cs(349,13): error CS0103: The name '_beamformingProfileComboBox' does not exist in the current context [C:\Users\NoahR\OneDrive\Desktop\Jarvis\src\Jarvis.App\Jarvis.App.csproj]
   2:6>C:\Users\NoahR\OneDrive\Desktop\Jarvis\src\Jarvis.App\JarvisMainForm.Runtime.cs(350,16): error CS0103: The name '_beamformingProfileComboBox' does not exist in the current context [C:\Users\NoahR\OneDrive\Desktop\Jarvis\src\Jarvis.App\Jarvis.App.csproj]
   2:6>C:\Users\NoahR\OneDrive\Desktop\Jarvis\src\Jarvis.App\JarvisMainForm.Runtime.cs(355,61): error CS0103: The name '_beamformingProfileComboBox' does not exist in the current context [C:\Users\NoahR\OneDrive\Desktop\Jarvis\src\Jarvis.App\Jarvis.App.csproj]
   2:6>C:\Users\NoahR\OneDrive\Desktop\Jarvis\src\Jarvis.App\JarvisMainForm.Runtime.cs(357,49): error CS0103: The name '_currentOptions' does not exist in the current context [C:\Users\NoahR\OneDrive\Desktop\Jarvis\src\Jarvis.App\Jarvis.App.csproj]
   2:6>C:\Users\NoahR\OneDrive\Desktop\Jarvis\src\Jarvis.App\JarvisMainForm.Runtime.cs(362,9): error CS0103: The name '_currentOptions' does not exist in the current context [C:\Users\NoahR\OneDrive\Desktop\Jarvis\src\Jarvis.App\Jarvis.App.csproj]
   2:6>C:\Users\NoahR\OneDrive\Desktop\Jarvis\src\Jarvis.App\JarvisMainForm.Runtime.cs(362,27): error CS0103: The name '_currentOptions' does not exist in the current context [C:\Users\NoahR\OneDrive\Desktop\Jarvis\src\Jarvis.App\Jarvis.App.csproj]
   2:6>C:\Users\NoahR\OneDrive\Desktop\Jarvis\src\Jarvis.App\JarvisMainForm.Runtime.cs(370,39): error CS0103: The name '_currentOptions' does not exist in the current context [C:\Users\NoahR\OneDrive\Desktop\Jarvis\src\Jarvis.App\Jarvis.App.csproj]
   2:6>C:\Users\NoahR\OneDrive\Desktop\Jarvis\src\Jarvis.App\JarvisMainForm.Runtime.cs(387,13): error CS0103: The name '_isSubmitting' does not exist in the current context [C:\Users\NoahR\OneDrive\Desktop\Jarvis\src\Jarvis.App\Jarvis.App.csproj]
   2:6>C:\Users\NoahR\OneDrive\Desktop\Jarvis\src\Jarvis.App\JarvisMainForm.Runtime.cs(399,39): error CS0103: The name '_currentOptions' does not exist in the current context [C:\Users\NoahR\OneDrive\Desktop\Jarvis\src\Jarvis.App\Jarvis.App.csproj]
   2:6>C:\Users\NoahR\OneDrive\Desktop\Jarvis\src\Jarvis.App\JarvisMainForm.Runtime.cs(400,16): error CS0103: The name '_deviceComboBox' does not exist in the current context [C:\Users\NoahR\OneDrive\Desktop\Jarvis\src\Jarvis.App\Jarvis.App.csproj]
   2:6>C:\Users\NoahR\OneDrive\Desktop\Jarvis\src\Jarvis.App\JarvisMainForm.Runtime.cs(402,13): error CS0103: The name '_currentOptions' does not exist in the current context [C:\Users\NoahR\OneDrive\Desktop\Jarvis\src\Jarvis.App\Jarvis.App.csproj]
   2:6>C:\Users\NoahR\OneDrive\Desktop\Jarvis\src\Jarvis.App\JarvisMainForm.Runtime.cs(402,31): error CS0103: The name '_currentOptions' does not exist in the current context [C:\Users\NoahR\OneDrive\Desktop\Jarvis\src\Jarvis.App\Jarvis.App.csproj]
   2:6>C:\Users\NoahR\OneDrive\Desktop\Jarvis\src\Jarvis.App\JarvisMainForm.Runtime.cs(405,28): error CS0103: The name '_currentVoiceRuntime' does not exist in the current context [C:\Users\NoahR\OneDrive\Desktop\Jarvis\src\Jarvis.App\Jarvis.App.csproj]
   2:6>C:\Users\NoahR\OneDrive\Desktop\Jarvis\src\Jarvis.App\JarvisMainForm.Runtime.cs(409,13): error CS0103: The name '_calibrateMicButton' does not exist in the current context [C:\Users\NoahR\OneDrive\Desktop\Jarvis\src\Jarvis.App\Jarvis.App.csproj]
   2:6>C:\Users\NoahR\OneDrive\Desktop\Jarvis\src\Jarvis.App\JarvisMainForm.Runtime.cs(413,23): error CS0103: The name '_currentVoiceRuntime' does not exist in the current context [C:\Users\NoahR\OneDrive\Desktop\Jarvis\src\Jarvis.App\Jarvis.App.csproj]
   2:6>C:\Users\NoahR\OneDrive\Desktop\Jarvis\src\Jarvis.App\JarvisMainForm.Runtime.cs(413,54): error CS0103: The name '_cancellationTokenSource' does not exist in the current context [C:\Users\NoahR\OneDrive\Desktop\Jarvis\src\Jarvis.App\Jarvis.App.csproj]
   2:6>C:\Users\NoahR\OneDrive\Desktop\Jarvis\src\Jarvis.App\JarvisMainForm.Runtime.cs(417,17): error CS1503: Argument 1: cannot convert from 'Jarvis.App.JarvisMainForm' to 'string?' [C:\Users\NoahR\OneDrive\Desktop\Jarvis\src\Jarvis.App\Jarvis.App.csproj]
   2:6>C:\Users\NoahR\OneDrive\Desktop\Jarvis\src\Jarvis.App\JarvisMainForm.Runtime.cs(419,17): error CS1503: Argument 3: cannot convert from 'string' to 'System.Windows.Forms.MessageBoxButtons' [C:\Users\NoahR\OneDrive\Desktop\Jarvis\src\Jarvis.App\Jarvis.App.csproj]
   2:6>C:\Users\NoahR\OneDrive\Desktop\Jarvis\src\Jarvis.App\JarvisMainForm.Runtime.cs(420,17): error CS1503: Argument 4: cannot convert from 'System.Windows.Forms.MessageBoxButtons' to 'System.Windows.Forms.MessageBoxIcon' [C:\Users\NoahR\OneDrive\Desktop\Jarvis\src\Jarvis.App\Jarvis.App.csproj]
   2:6>C:\Users\NoahR\OneDrive\Desktop\Jarvis\src\Jarvis.App\JarvisMainForm.Runtime.cs(421,17): error CS1503: Argument 5: cannot convert from 'System.Windows.Forms.MessageBoxIcon' to 'System.Windows.Forms.MessageBoxDefaultButton' [C:\Users\NoahR\OneDrive\Desktop\Jarvis\src\Jarvis.App\Jarvis.App.csproj]
   2:6>C:\Users\NoahR\OneDrive\Desktop\Jarvis\src\Jarvis.App\JarvisMainForm.Runtime.cs(424,39): error CS0103: The name '_microphoneCalibrationService' does not exist in the current context [C:\Users\NoahR\OneDrive\Desktop\Jarvis\src\Jarvis.App\Jarvis.App.csproj]
   2:6>C:\Users\NoahR\OneDrive\Desktop\Jarvis\src\Jarvis.App\JarvisMainForm.Runtime.cs(424,88): error CS0103: The name '_currentOptions' does not exist in the current context [C:\Users\NoahR\OneDrive\Desktop\Jarvis\src\Jarvis.App\Jarvis.App.csproj]
   2:6>C:\Users\NoahR\OneDrive\Desktop\Jarvis\src\Jarvis.App\JarvisMainForm.Runtime.cs(424,111): error CS0103: The name '_cancellationTokenSource' does not exist in the current context [C:\Users\NoahR\OneDrive\Desktop\Jarvis\src\Jarvis.App\Jarvis.App.csproj]
   2:6>C:\Users\NoahR\OneDrive\Desktop\Jarvis\src\Jarvis.App\JarvisMainForm.Runtime.cs(427,17): error CS1503: Argument 1: cannot convert from 'Jarvis.App.JarvisMainForm' to 'string?' [C:\Users\NoahR\OneDrive\Desktop\Jarvis\src\Jarvis.App\Jarvis.App.csproj]
   2:6>C:\Users\NoahR\OneDrive\Desktop\Jarvis\src\Jarvis.App\JarvisMainForm.Runtime.cs(429,17): error CS1503: Argument 3: cannot convert from 'string' to 'System.Windows.Forms.MessageBoxButtons' [C:\Users\NoahR\OneDrive\Desktop\Jarvis\src\Jarvis.App\Jarvis.App.csproj]
   2:6>C:\Users\NoahR\OneDrive\Desktop\Jarvis\src\Jarvis.App\JarvisMainForm.Runtime.cs(430,17): error CS1503: Argument 4: cannot convert from 'System.Windows.Forms.MessageBoxButtons' to 'System.Windows.Forms.MessageBoxIcon' [C:\Users\NoahR\OneDrive\Desktop\Jarvis\src\Jarvis.App\Jarvis.App.csproj]
   2:6>C:\Users\NoahR\OneDrive\Desktop\Jarvis\src\Jarvis.App\JarvisMainForm.Runtime.cs(431,17): error CS1503: Argument 5: cannot convert from 'System.Windows.Forms.MessageBoxIcon' to 'System.Windows.Forms.MessageBoxDefaultButton' [C:\Users\NoahR\OneDrive\Desktop\Jarvis\src\Jarvis.App\Jarvis.App.csproj]
   2:6>C:\Users\NoahR\OneDrive\Desktop\Jarvis\src\Jarvis.App\JarvisMainForm.Runtime.cs(434,38): error CS0103: The name '_microphoneCalibrationService' does not exist in the current context [C:\Users\NoahR\OneDrive\Desktop\Jarvis\src\Jarvis.App\Jarvis.App.csproj]
   2:6>C:\Users\NoahR\OneDrive\Desktop\Jarvis\src\Jarvis.App\JarvisMainForm.Runtime.cs(434,87): error CS0103: The name '_currentOptions' does not exist in the current context [C:\Users\NoahR\OneDrive\Desktop\Jarvis\src\Jarvis.App\Jarvis.App.csproj]
   2:6>C:\Users\NoahR\OneDrive\Desktop\Jarvis\src\Jarvis.App\JarvisMainForm.Runtime.cs(434,110): error CS0103: The name '_cancellationTokenSource' does not exist in the current context [C:\Users\NoahR\OneDrive\Desktop\Jarvis\src\Jarvis.App\Jarvis.App.csproj]
   2:6>C:\Users\NoahR\OneDrive\Desktop\Jarvis\src\Jarvis.App\JarvisMainForm.Runtime.cs(437,57): error CS0103: The name '_currentOptions' does not exist in the current context [C:\Users\NoahR\OneDrive\Desktop\Jarvis\src\Jarvis.App\Jarvis.App.csproj]
   2:6>C:\Users\NoahR\OneDrive\Desktop\Jarvis\src\Jarvis.App\JarvisMainForm.Runtime.cs(439,31): error CS0103: The name '_microphoneCalibrationService' does not exist in the current context [C:\Users\NoahR\OneDrive\Desktop\Jarvis\src\Jarvis.App\Jarvis.App.csproj]
   2:6>C:\Users\NoahR\OneDrive\Desktop\Jarvis\src\Jarvis.App\JarvisMainForm.Runtime.cs(440,17): error CS0103: The name '_currentOptions' does not exist in the current context [C:\Users\NoahR\OneDrive\Desktop\Jarvis\src\Jarvis.App\Jarvis.App.csproj]
   2:6>C:\Users\NoahR\OneDrive\Desktop\Jarvis\src\Jarvis.App\JarvisMainForm.Runtime.cs(444,28): error CS0103: The name '_currentOptions' does not exist in the current context [C:\Users\NoahR\OneDrive\Desktop\Jarvis\src\Jarvis.App\Jarvis.App.csproj]
   2:6>C:\Users\NoahR\OneDrive\Desktop\Jarvis\src\Jarvis.App\JarvisMainForm.Runtime.cs(451,13): error CS0103: The name '_currentOptions' does not exist in the current context [C:\Users\NoahR\OneDrive\Desktop\Jarvis\src\Jarvis.App\Jarvis.App.csproj]
   2:6>C:\Users\NoahR\OneDrive\Desktop\Jarvis\src\Jarvis.App\JarvisMainForm.Runtime.cs(451,31): error CS0103: The name '_currentOptions' does not exist in the current context [C:\Users\NoahR\OneDrive\Desktop\Jarvis\src\Jarvis.App\Jarvis.App.csproj]
   2:6>C:\Users\NoahR\OneDrive\Desktop\Jarvis\src\Jarvis.App\JarvisMainForm.Runtime.cs(458,43): error CS0103: The name '_currentOptions' does not exist in the current context [C:\Users\NoahR\OneDrive\Desktop\Jarvis\src\Jarvis.App\Jarvis.App.csproj]
   2:6>C:\Users\NoahR\OneDrive\Desktop\Jarvis\src\Jarvis.App\JarvisMainForm.Runtime.cs(459,59): error CS0103: The name '_currentOptions' does not exist in the current context [C:\Users\NoahR\OneDrive\Desktop\Jarvis\src\Jarvis.App\Jarvis.App.csproj]
   2:6>C:\Users\NoahR\OneDrive\Desktop\Jarvis\src\Jarvis.App\JarvisMainForm.Runtime.cs(476,13): error CS0103: The name '_calibrateMicButton' does not exist in the current context [C:\Users\NoahR\OneDrive\Desktop\Jarvis\src\Jarvis.App\Jarvis.App.csproj]
   2:6>C:\Users\NoahR\OneDrive\Desktop\Jarvis\src\Jarvis.App\JarvisMainForm.Runtime.cs(479,21): error CS0103: The name '_currentOptions' does not exist in the current context [C:\Users\NoahR\OneDrive\Desktop\Jarvis\src\Jarvis.App\Jarvis.App.csproj]
   2:6>C:\Users\NoahR\OneDrive\Desktop\Jarvis\src\Jarvis.App\JarvisMainForm.Runtime.cs(480,21): error CS0103: The name '_cancellationTokenSource' does not exist in the current context [C:\Users\NoahR\OneDrive\Desktop\Jarvis\src\Jarvis.App\Jarvis.App.csproj]
   2:6>C:\Users\NoahR\OneDrive\Desktop\Jarvis\src\Jarvis.App\JarvisMainForm.Runtime.cs(481,21): error CS0103: The name '_currentVoiceRuntime' does not exist in the current context [C:\Users\NoahR\OneDrive\Desktop\Jarvis\src\Jarvis.App\Jarvis.App.csproj]
   2:6>C:\Users\NoahR\OneDrive\Desktop\Jarvis\src\Jarvis.App\JarvisMainForm.Runtime.cs(485,27): error CS0103: The name '_currentVoiceRuntime' does not exist in the current context [C:\Users\NoahR\OneDrive\Desktop\Jarvis\src\Jarvis.App\Jarvis.App.csproj]
   2:6>C:\Users\NoahR\OneDrive\Desktop\Jarvis\src\Jarvis.App\JarvisMainForm.Runtime.cs(485,59): error CS0103: The name '_cancellationTokenSource' does not exist in the current context [C:\Users\NoahR\OneDrive\Desktop\Jarvis\src\Jarvis.App\Jarvis.App.csproj]
   2:6>C:\Users\NoahR\OneDrive\Desktop\Jarvis\src\Jarvis.App\JarvisMainForm.Runtime.cs(496,13): error CS0103: The name '_beamformingProfileComboBox' does not exist in the current context [C:\Users\NoahR\OneDrive\Desktop\Jarvis\src\Jarvis.App\Jarvis.App.csproj]
   2:6>C:\Users\NoahR\OneDrive\Desktop\Jarvis\src\Jarvis.App\JarvisMainForm.Runtime.cs(497,16): error CS0103: The name '_beamformingProfileComboBox' does not exist in the current context [C:\Users\NoahR\OneDrive\Desktop\Jarvis\src\Jarvis.App\Jarvis.App.csproj]
   2:6>C:\Users\NoahR\OneDrive\Desktop\Jarvis\src\Jarvis.App\JarvisMainForm.Runtime.cs(499,46): error CS0103: The name '_currentOptions' does not exist in the current context [C:\Users\NoahR\OneDrive\Desktop\Jarvis\src\Jarvis.App\Jarvis.App.csproj]
   2:6>C:\Users\NoahR\OneDrive\Desktop\Jarvis\src\Jarvis.App\JarvisMainForm.Runtime.cs(501,19): error CS0103: The name '_currentOptions' does not exist in the current context [C:\Users\NoahR\OneDrive\Desktop\Jarvis\src\Jarvis.App\Jarvis.App.csproj]
   2:6>C:\Users\NoahR\OneDrive\Desktop\Jarvis\src\Jarvis.App\JarvisMainForm.Runtime.cs(504,46): error CS0103: The name '_beamformingProfileComboBox' does not exist in the current context [C:\Users\NoahR\OneDrive\Desktop\Jarvis\src\Jarvis.App\Jarvis.App.csproj]
   2:6>C:\Users\NoahR\OneDrive\Desktop\Jarvis\src\Jarvis.App\JarvisMainForm.Runtime.cs(509,46): error CS0103: The name '_context' does not exist in the current context [C:\Users\NoahR\OneDrive\Desktop\Jarvis\src\Jarvis.App\Jarvis.App.csproj]
   2:6>C:\Users\NoahR\OneDrive\Desktop\Jarvis\src\Jarvis.App\JarvisMainForm.Runtime.cs(509,70): error CS0103: The name '_currentOptions' does not exist in the current context [C:\Users\NoahR\OneDrive\Desktop\Jarvis\src\Jarvis.App\Jarvis.App.csproj]
   2:6>C:\Users\NoahR\OneDrive\Desktop\Jarvis\src\Jarvis.App\JarvisMainForm.Runtime.cs(509,87): error CS0103: The name '_cancellationTokenSource' does not exist in the current context [C:\Users\NoahR\OneDrive\Desktop\Jarvis\src\Jarvis.App\Jarvis.App.csproj]
   2:6>C:\Users\NoahR\OneDrive\Desktop\Jarvis\src\Jarvis.App\JarvisMainForm.Runtime.cs(514,9): error CS0103: The name '_currentOptions' does not exist in the current context [C:\Users\NoahR\OneDrive\Desktop\Jarvis\src\Jarvis.App\Jarvis.App.csproj]
   2:6>C:\Users\NoahR\OneDrive\Desktop\Jarvis\src\Jarvis.App\JarvisMainForm.Runtime.cs(518,19): error CS0103: The name '_currentVoiceRuntime' does not exist in the current context [C:\Users\NoahR\OneDrive\Desktop\Jarvis\src\Jarvis.App\Jarvis.App.csproj]
   2:6>C:\Users\NoahR\OneDrive\Desktop\Jarvis\src\Jarvis.App\JarvisMainForm.Runtime.cs(518,50): error CS0103: The name '_cancellationTokenSource' does not exist in the current context [C:\Users\NoahR\OneDrive\Desktop\Jarvis\src\Jarvis.App\Jarvis.App.csproj]
   2:6>C:\Users\NoahR\OneDrive\Desktop\Jarvis\src\Jarvis.App\JarvisMainForm.Runtime.cs(524,9): error CS0103: The name '_currentVoiceRuntime' does not exist in the current context [C:\Users\NoahR\OneDrive\Desktop\Jarvis\src\Jarvis.App\Jarvis.App.csproj]
   2:6>C:\Users\NoahR\OneDrive\Desktop\Jarvis\src\Jarvis.App\JarvisMainForm.Runtime.cs(525,9): error CS0103: The name '_currentVoiceRuntime' does not exist in the current context [C:\Users\NoahR\OneDrive\Desktop\Jarvis\src\Jarvis.App\Jarvis.App.csproj]
   2:6>C:\Users\NoahR\OneDrive\Desktop\Jarvis\src\Jarvis.App\JarvisMainForm.Runtime.cs(526,9): error CS0103: The name '_currentVoiceRuntime' does not exist in the current context [C:\Users\NoahR\OneDrive\Desktop\Jarvis\src\Jarvis.App\Jarvis.App.csproj]
   2:6>C:\Users\NoahR\OneDrive\Desktop\Jarvis\src\Jarvis.App\JarvisMainForm.Runtime.cs(527,9): error CS0103: The name '_currentVoiceRuntime' does not exist in the current context [C:\Users\NoahR\OneDrive\Desktop\Jarvis\src\Jarvis.App\Jarvis.App.csproj]
   2:6>C:\Users\NoahR\OneDrive\Desktop\Jarvis\src\Jarvis.App\JarvisMainForm.Runtime.cs(528,9): error CS0103: The name '_currentVoiceRuntime' does not exist in the current context [C:\Users\NoahR\OneDrive\Desktop\Jarvis\src\Jarvis.App\Jarvis.App.csproj]
   2:6>C:\Users\NoahR\OneDrive\Desktop\Jarvis\src\Jarvis.App\JarvisMainForm.Runtime.cs(529,9): error CS0103: The name '_currentVoiceRuntime' does not exist in the current context [C:\Users\NoahR\OneDrive\Desktop\Jarvis\src\Jarvis.App\Jarvis.App.csproj]
   2:6>C:\Users\NoahR\OneDrive\Desktop\Jarvis\src\Jarvis.App\JarvisMainForm.Runtime.cs(531,9): error CS0103: The name '_currentVoiceRuntime' does not exist in the current context [C:\Users\NoahR\OneDrive\Desktop\Jarvis\src\Jarvis.App\Jarvis.App.csproj]
   2:6>C:\Users\NoahR\OneDrive\Desktop\Jarvis\src\Jarvis.App\JarvisMainForm.Runtime.cs(532,9): error CS0103: The name '_currentVoiceRuntime' does not exist in the current context [C:\Users\NoahR\OneDrive\Desktop\Jarvis\src\Jarvis.App\Jarvis.App.csproj]
   2:6>C:\Users\NoahR\OneDrive\Desktop\Jarvis\src\Jarvis.App\JarvisMainForm.Runtime.cs(533,9): error CS0103: The name '_currentVoiceRuntime' does not exist in the current context [C:\Users\NoahR\OneDrive\Desktop\Jarvis\src\Jarvis.App\Jarvis.App.csproj]
   2:6>C:\Users\NoahR\OneDrive\Desktop\Jarvis\src\Jarvis.App\JarvisMainForm.Runtime.cs(534,9): error CS0103: The name '_currentVoiceRuntime' does not exist in the current context [C:\Users\NoahR\OneDrive\Desktop\Jarvis\src\Jarvis.App\Jarvis.App.csproj]
   2:6>C:\Users\NoahR\OneDrive\Desktop\Jarvis\src\Jarvis.App\JarvisMainForm.Runtime.cs(535,9): error CS0103: The name '_currentVoiceRuntime' does not exist in the current context [C:\Users\NoahR\OneDrive\Desktop\Jarvis\src\Jarvis.App\Jarvis.App.csproj]
   2:6>C:\Users\NoahR\OneDrive\Desktop\Jarvis\src\Jarvis.App\JarvisMainForm.Runtime.cs(536,9): error CS0103: The name '_currentVoiceRuntime' does not exist in the current context [C:\Users\NoahR\OneDrive\Desktop\Jarvis\src\Jarvis.App\Jarvis.App.csproj]
   2:6>C:\Users\NoahR\OneDrive\Desktop\Jarvis\src\Jarvis.App\JarvisMainForm.Runtime.cs(537,9): error CS0103: The name '_currentVoiceRuntime' does not exist in the current context [C:\Users\NoahR\OneDrive\Desktop\Jarvis\src\Jarvis.App\Jarvis.App.csproj]
   2:6>C:\Users\NoahR\OneDrive\Desktop\Jarvis\src\Jarvis.App\JarvisMainForm.Runtime.cs(537,47): error CS0103: The name '_context' does not exist in the current context [C:\Users\NoahR\OneDrive\Desktop\Jarvis\src\Jarvis.App\Jarvis.App.csproj]
   2:6>C:\Users\NoahR\OneDrive\Desktop\Jarvis\src\Jarvis.App\JarvisMainForm.Runtime.cs(540,23): error CS0103: The name '_currentVoiceRuntime' does not exist in the current context [C:\Users\NoahR\OneDrive\Desktop\Jarvis\src\Jarvis.App\Jarvis.App.csproj]
   2:6>C:\Users\NoahR\OneDrive\Desktop\Jarvis\src\Jarvis.App\JarvisMainForm.Runtime.cs(541,24): error CS0103: The name '_currentVoiceRuntime' does not exist in the current context [C:\Users\NoahR\OneDrive\Desktop\Jarvis\src\Jarvis.App\Jarvis.App.csproj]
   2:6>C:\Users\NoahR\OneDrive\Desktop\Jarvis\src\Jarvis.App\JarvisMainForm.Runtime.cs(545,19): error CS0103: The name '_currentVoiceRuntime' does not exist in the current context [C:\Users\NoahR\OneDrive\Desktop\Jarvis\src\Jarvis.App\Jarvis.App.csproj]
   2:6>C:\Users\NoahR\OneDrive\Desktop\Jarvis\src\Jarvis.App\JarvisMainForm.Runtime.cs(545,51): error CS0103: The name '_cancellationTokenSource' does not exist in the current context [C:\Users\NoahR\OneDrive\Desktop\Jarvis\src\Jarvis.App\Jarvis.App.csproj]
   2:6>C:\Users\NoahR\OneDrive\Desktop\Jarvis\src\Jarvis.App\JarvisMainForm.Runtime.cs(554,13): error CS0103: The name '_currentVoiceRuntime' does not exist in the current context [C:\Users\NoahR\OneDrive\Desktop\Jarvis\src\Jarvis.App\Jarvis.App.csproj]
   2:6>C:\Users\NoahR\OneDrive\Desktop\Jarvis\src\Jarvis.App\JarvisMainForm.Runtime.cs(556,19): error CS0103: The name '_currentVoiceRuntime' does not exist in the current context [C:\Users\NoahR\OneDrive\Desktop\Jarvis\src\Jarvis.App\Jarvis.App.csproj]
   2:6>C:\Users\NoahR\OneDrive\Desktop\Jarvis\src\Jarvis.App\JarvisMainForm.Runtime.cs(556,50): error CS0103: The name '_cancellationTokenSource' does not exist in the current context [C:\Users\NoahR\OneDrive\Desktop\Jarvis\src\Jarvis.App\Jarvis.App.csproj]
   2:6>C:\Users\NoahR\OneDrive\Desktop\Jarvis\src\Jarvis.App\JarvisMainForm.Runtime.cs(560,15): error CS0103: The name '_currentVoiceRuntime' does not exist in the current context [C:\Users\NoahR\OneDrive\Desktop\Jarvis\src\Jarvis.App\Jarvis.App.csproj]
   2:6>C:\Users\NoahR\OneDrive\Desktop\Jarvis\src\Jarvis.App\JarvisMainForm.Runtime.cs(560,47): error CS0103: The name '_cancellationTokenSource' does not exist in the current context [C:\Users\NoahR\OneDrive\Desktop\Jarvis\src\Jarvis.App\Jarvis.App.csproj]
   2:6>C:\Users\NoahR\OneDrive\Desktop\Jarvis\src\Jarvis.App\JarvisMainForm.Runtime.cs(565,14): error CS0103: The name '_currentOptions' does not exist in the current context [C:\Users\NoahR\OneDrive\Desktop\Jarvis\src\Jarvis.App\Jarvis.App.csproj]
   2:6>C:\Users\NoahR\OneDrive\Desktop\Jarvis\src\Jarvis.App\JarvisMainForm.Runtime.cs(571,13): error CS0103: The name '_currentVoiceRuntime' does not exist in the current context [C:\Users\NoahR\OneDrive\Desktop\Jarvis\src\Jarvis.App\Jarvis.App.csproj]
   2:6>C:\Users\NoahR\OneDrive\Desktop\Jarvis\src\Jarvis.App\JarvisMainForm.Runtime.cs(573,19): error CS0103: The name '_currentVoiceRuntime' does not exist in the current context [C:\Users\NoahR\OneDrive\Desktop\Jarvis\src\Jarvis.App\Jarvis.App.csproj]
   2:6>C:\Users\NoahR\OneDrive\Desktop\Jarvis\src\Jarvis.App\JarvisMainForm.Runtime.cs(573,50): error CS0103: The name '_cancellationTokenSource' does not exist in the current context [C:\Users\NoahR\OneDrive\Desktop\Jarvis\src\Jarvis.App\Jarvis.App.csproj]
   2:6>C:\Users\NoahR\OneDrive\Desktop\Jarvis\src\Jarvis.App\JarvisMainForm.Runtime.cs(579,15): error CS0103: The name '_currentVoiceRuntime' does not exist in the current context [C:\Users\NoahR\OneDrive\Desktop\Jarvis\src\Jarvis.App\Jarvis.App.csproj]
   2:6>C:\Users\NoahR\OneDrive\Desktop\Jarvis\src\Jarvis.App\JarvisMainForm.Runtime.cs(579,47): error CS0103: The name '_cancellationTokenSource' does not exist in the current context [C:\Users\NoahR\OneDrive\Desktop\Jarvis\src\Jarvis.App\Jarvis.App.csproj]
   2:6>C:\Users\NoahR\OneDrive\Desktop\Jarvis\src\Jarvis.App\JarvisMainForm.Runtime.cs(586,14): error CS0103: The name 'CanUseUi' does not exist in the current context [C:\Users\NoahR\OneDrive\Desktop\Jarvis\src\Jarvis.App\Jarvis.App.csproj]
   2:6>C:\Users\NoahR\OneDrive\Desktop\Jarvis\src\Jarvis.App\JarvisMainForm.Runtime.cs(591,13): error CS0103: The name 'InvokeRequired' does not exist in the current context [C:\Users\NoahR\OneDrive\Desktop\Jarvis\src\Jarvis.App\Jarvis.App.csproj]
   2:6>C:\Users\NoahR\OneDrive\Desktop\Jarvis\src\Jarvis.App\JarvisMainForm.Runtime.cs(593,13): error CS0103: The name 'BeginInvoke' does not exist in the current context [C:\Users\NoahR\OneDrive\Desktop\Jarvis\src\Jarvis.App\Jarvis.App.csproj]
   2:6>C:\Users\NoahR\OneDrive\Desktop\Jarvis\src\Jarvis.App\JarvisMainForm.Runtime.cs(595,21): error CS0103: The name 'CanUseUi' does not exist in the current context [C:\Users\NoahR\OneDrive\Desktop\Jarvis\src\Jarvis.App\Jarvis.App.csproj]
   2:6>C:\Users\NoahR\OneDrive\Desktop\Jarvis\src\Jarvis.App\JarvisMainForm.Runtime.cs(608,14): error CS0103: The name 'CanUseUi' does not exist in the current context [C:\Users\NoahR\OneDrive\Desktop\Jarvis\src\Jarvis.App\Jarvis.App.csproj]
   2:6>C:\Users\NoahR\OneDrive\Desktop\Jarvis\src\Jarvis.App\JarvisMainForm.Runtime.cs(613,13): error CS0103: The name 'InvokeRequired' does not exist in the current context [C:\Users\NoahR\OneDrive\Desktop\Jarvis\src\Jarvis.App\Jarvis.App.csproj]
   2:6>C:\Users\NoahR\OneDrive\Desktop\Jarvis\src\Jarvis.App\JarvisMainForm.Runtime.cs(615,13): error CS0103: The name 'BeginInvoke' does not exist in the current context [C:\Users\NoahR\OneDrive\Desktop\Jarvis\src\Jarvis.App\Jarvis.App.csproj]
   2:6>C:\Users\NoahR\OneDrive\Desktop\Jarvis\src\Jarvis.App\JarvisMainForm.Runtime.cs(617,21): error CS0103: The name 'CanUseUi' does not exist in the current context [C:\Users\NoahR\OneDrive\Desktop\Jarvis\src\Jarvis.App\Jarvis.App.csproj]
   2:6>C:\Users\NoahR\OneDrive\Desktop\Jarvis\src\Jarvis.App\JarvisMainForm.Runtime.cs(630,9): error CS0103: The name '_currentVoiceRuntime' does not exist in the current context [C:\Users\NoahR\OneDrive\Desktop\Jarvis\src\Jarvis.App\Jarvis.App.csproj]
   2:6>C:\Users\NoahR\OneDrive\Desktop\Jarvis\src\Jarvis.App\JarvisMainForm.Runtime.cs(632,14): error CS0103: The name 'CanUseUi' does not exist in the current context [C:\Users\NoahR\OneDrive\Desktop\Jarvis\src\Jarvis.App\Jarvis.App.csproj]
   2:6>C:\Users\NoahR\OneDrive\Desktop\Jarvis\src\Jarvis.App\JarvisMainForm.Runtime.cs(637,13): error CS0103: The name 'InvokeRequired' does not exist in the current context [C:\Users\NoahR\OneDrive\Desktop\Jarvis\src\Jarvis.App\Jarvis.App.csproj]
   2:6>C:\Users\NoahR\OneDrive\Desktop\Jarvis\src\Jarvis.App\JarvisMainForm.Runtime.cs(639,13): error CS0103: The name 'BeginInvoke' does not exist in the current context [C:\Users\NoahR\OneDrive\Desktop\Jarvis\src\Jarvis.App\Jarvis.App.csproj]
   2:6>C:\Users\NoahR\OneDrive\Desktop\Jarvis\src\Jarvis.App\JarvisMainForm.Runtime.cs(641,21): error CS0103: The name 'CanUseUi' does not exist in the current context [C:\Users\NoahR\OneDrive\Desktop\Jarvis\src\Jarvis.App\Jarvis.App.csproj]
   2:6>C:\Users\NoahR\OneDrive\Desktop\Jarvis\src\Jarvis.App\JarvisMainForm.Runtime.cs(654,14): error CS0103: The name 'CanUseUi' does not exist in the current context [C:\Users\NoahR\OneDrive\Desktop\Jarvis\src\Jarvis.App\Jarvis.App.csproj]
   2:6>C:\Users\NoahR\OneDrive\Desktop\Jarvis\src\Jarvis.App\JarvisMainForm.Runtime.cs(659,13): error CS0103: The name 'InvokeRequired' does not exist in the current context [C:\Users\NoahR\OneDrive\Desktop\Jarvis\src\Jarvis.App\Jarvis.App.csproj]
   2:6>C:\Users\NoahR\OneDrive\Desktop\Jarvis\src\Jarvis.App\JarvisMainForm.Runtime.cs(661,13): error CS0103: The name 'BeginInvoke' does not exist in the current context [C:\Users\NoahR\OneDrive\Desktop\Jarvis\src\Jarvis.App\Jarvis.App.csproj]
   2:6>C:\Users\NoahR\OneDrive\Desktop\Jarvis\src\Jarvis.App\JarvisMainForm.Runtime.cs(663,21): error CS0103: The name 'CanUseUi' does not exist in the current context [C:\Users\NoahR\OneDrive\Desktop\Jarvis\src\Jarvis.App\Jarvis.App.csproj]
   2:6>C:\Users\NoahR\OneDrive\Desktop\Jarvis\src\Jarvis.App\JarvisMainForm.Runtime.cs(676,14): error CS0103: The name 'CanUseUi' does not exist in the current context [C:\Users\NoahR\OneDrive\Desktop\Jarvis\src\Jarvis.App\Jarvis.App.csproj]
   2:6>C:\Users\NoahR\OneDrive\Desktop\Jarvis\src\Jarvis.App\JarvisMainForm.Runtime.cs(681,13): error CS0103: The name 'InvokeRequired' does not exist in the current context [C:\Users\NoahR\OneDrive\Desktop\Jarvis\src\Jarvis.App\Jarvis.App.csproj]
   2:6>C:\Users\NoahR\OneDrive\Desktop\Jarvis\src\Jarvis.App\JarvisMainForm.Runtime.cs(683,13): error CS0103: The name 'BeginInvoke' does not exist in the current context [C:\Users\NoahR\OneDrive\Desktop\Jarvis\src\Jarvis.App\Jarvis.App.csproj]
   2:6>C:\Users\NoahR\OneDrive\Desktop\Jarvis\src\Jarvis.App\JarvisMainForm.Runtime.cs(685,21): error CS0103: The name 'CanUseUi' does not exist in the current context [C:\Users\NoahR\OneDrive\Desktop\Jarvis\src\Jarvis.App\Jarvis.App.csproj]
   2:6>C:\Users\NoahR\OneDrive\Desktop\Jarvis\src\Jarvis.App\JarvisMainForm.Runtime.cs(698,13): error CS0103: The name '_isSubmitting' does not exist in the current context [C:\Users\NoahR\OneDrive\Desktop\Jarvis\src\Jarvis.App\Jarvis.App.csproj]
   2:6>C:\Users\NoahR\OneDrive\Desktop\Jarvis\src\Jarvis.App\JarvisMainForm.Runtime.cs(700,41): error CS0103: The name '_lastBargeInUtc' does not exist in the current context [C:\Users\NoahR\OneDrive\Desktop\Jarvis\src\Jarvis.App\Jarvis.App.csproj]
   2:6>C:\Users\NoahR\OneDrive\Desktop\Jarvis\src\Jarvis.App\JarvisMainForm.Runtime.cs(702,17): error CS0103: The name '_queuedBargeInCommand' does not exist in the current context [C:\Users\NoahR\OneDrive\Desktop\Jarvis\src\Jarvis.App\Jarvis.App.csproj]
   2:6>C:\Users\NoahR\OneDrive\Desktop\Jarvis\src\Jarvis.App\JarvisMainForm.Runtime.cs(717,75): error CS0103: The name '_cancellationTokenSource' does not exist in the current context [C:\Users\NoahR\OneDrive\Desktop\Jarvis\src\Jarvis.App\Jarvis.App.csproj]
   2:6>C:\Users\NoahR\OneDrive\Desktop\Jarvis\src\Jarvis.App\JarvisMainForm.Runtime.cs(728,14): error CS0103: The name 'CanUseUi' does not exist in the current context [C:\Users\NoahR\OneDrive\Desktop\Jarvis\src\Jarvis.App\Jarvis.App.csproj]
   2:6>C:\Users\NoahR\OneDrive\Desktop\Jarvis\src\Jarvis.App\JarvisMainForm.Runtime.cs(733,13): error CS0103: The name 'InvokeRequired' does not exist in the current context [C:\Users\NoahR\OneDrive\Desktop\Jarvis\src\Jarvis.App\Jarvis.App.csproj]
   2:6>C:\Users\NoahR\OneDrive\Desktop\Jarvis\src\Jarvis.App\JarvisMainForm.Runtime.cs(735,13): error CS0103: The name 'BeginInvoke' does not exist in the current context [C:\Users\NoahR\OneDrive\Desktop\Jarvis\src\Jarvis.App\Jarvis.App.csproj]
   2:6>C:\Users\NoahR\OneDrive\Desktop\Jarvis\src\Jarvis.App\JarvisMainForm.Runtime.cs(737,21): error CS0103: The name 'CanUseUi' does not exist in the current context [C:\Users\NoahR\OneDrive\Desktop\Jarvis\src\Jarvis.App\Jarvis.App.csproj]
   2:6>C:\Users\NoahR\OneDrive\Desktop\Jarvis\src\Jarvis.App\JarvisMainForm.Runtime.cs(739,21): error CS0103: The name 'BringAssistantToFront' does not exist in the current context [C:\Users\NoahR\OneDrive\Desktop\Jarvis\src\Jarvis.App\Jarvis.App.csproj]
   2:6>C:\Users\NoahR\OneDrive\Desktop\Jarvis\src\Jarvis.App\JarvisMainForm.Runtime.cs(745,9): error CS0103: The name 'BringAssistantToFront' does not exist in the current context [C:\Users\NoahR\OneDrive\Desktop\Jarvis\src\Jarvis.App\Jarvis.App.csproj]
   2:6>C:\Users\NoahR\OneDrive\Desktop\Jarvis\src\Jarvis.App\JarvisMainForm.Runtime.cs(750,9): error CS0103: The name '_context' does not exist in the current context [C:\Users\NoahR\OneDrive\Desktop\Jarvis\src\Jarvis.App\Jarvis.App.csproj]
   2:6>C:\Users\NoahR\OneDrive\Desktop\Jarvis\src\Jarvis.App\JarvisMainForm.Runtime.cs(751,9): error CS0103: The name '_lastBargeInUtc' does not exist in the current context [C:\Users\NoahR\OneDrive\Desktop\Jarvis\src\Jarvis.App\Jarvis.App.csproj]
   2:6>C:\Users\NoahR\OneDrive\Desktop\Jarvis\src\Jarvis.App\JarvisMainForm.Runtime.cs(753,14): error CS0103: The name 'CanUseUi' does not exist in the current context [C:\Users\NoahR\OneDrive\Desktop\Jarvis\src\Jarvis.App\Jarvis.App.csproj]
   2:6>C:\Users\NoahR\OneDrive\Desktop\Jarvis\src\Jarvis.App\JarvisMainForm.Runtime.cs(758,13): error CS0103: The name 'InvokeRequired' does not exist in the current context [C:\Users\NoahR\OneDrive\Desktop\Jarvis\src\Jarvis.App\Jarvis.App.csproj]
   2:6>C:\Users\NoahR\OneDrive\Desktop\Jarvis\src\Jarvis.App\JarvisMainForm.Runtime.cs(760,13): error CS0103: The name 'BeginInvoke' does not exist in the current context [C:\Users\NoahR\OneDrive\Desktop\Jarvis\src\Jarvis.App\Jarvis.App.csproj]
   2:6>C:\Users\NoahR\OneDrive\Desktop\Jarvis\src\Jarvis.App\JarvisMainForm.Runtime.cs(762,21): error CS0103: The name 'CanUseUi' does not exist in the current context [C:\Users\NoahR\OneDrive\Desktop\Jarvis\src\Jarvis.App\Jarvis.App.csproj]
   2:6>C:\Users\NoahR\OneDrive\Desktop\Jarvis\src\Jarvis.App\JarvisMainForm.Runtime.cs(785,9): error CS0103: The name '_trayIcon' does not exist in the current context [C:\Users\NoahR\OneDrive\Desktop\Jarvis\src\Jarvis.App\Jarvis.App.csproj]
   2:6>C:\Users\NoahR\OneDrive\Desktop\Jarvis\src\Jarvis.App\JarvisMainForm.Runtime.cs(785,26): error CS0103: The name 'BuildTrayText' does not exist in the current context [C:\Users\NoahR\OneDrive\Desktop\Jarvis\src\Jarvis.App\Jarvis.App.csproj]
   2:6>C:\Users\NoahR\OneDrive\Desktop\Jarvis\src\Jarvis.App\JarvisMainForm.Runtime.cs(786,9): error CS0103: The name '_voiceStatusLabel' does not exist in the current context [C:\Users\NoahR\OneDrive\Desktop\Jarvis\src\Jarvis.App\Jarvis.App.csproj]
   2:6>C:\Users\NoahR\OneDrive\Desktop\Jarvis\src\Jarvis.App\JarvisMainForm.Runtime.cs(787,9): error CS0103: The name '_listenIndicatorLabel' does not exist in the current context [C:\Users\NoahR\OneDrive\Desktop\Jarvis\src\Jarvis.App\Jarvis.App.csproj]
   2:6>C:\Users\NoahR\OneDrive\Desktop\Jarvis\src\Jarvis.App\JarvisMainForm.Runtime.cs(788,9): error CS0103: The name '_wakeIndicatorLabel' does not exist in the current context [C:\Users\NoahR\OneDrive\Desktop\Jarvis\src\Jarvis.App\Jarvis.App.csproj]
   2:6>C:\Users\NoahR\OneDrive\Desktop\Jarvis\src\Jarvis.App\JarvisMainForm.Runtime.cs(790,15): error CS0103: The name '_currentOptions' does not exist in the current context [C:\Users\NoahR\OneDrive\Desktop\Jarvis\src\Jarvis.App\Jarvis.App.csproj]
   2:6>C:\Users\NoahR\OneDrive\Desktop\Jarvis\src\Jarvis.App\JarvisMainForm.Runtime.cs(794,9): error CS0103: The name '_listenIndicatorLabel' does not exist in the current context [C:\Users\NoahR\OneDrive\Desktop\Jarvis\src\Jarvis.App\Jarvis.App.csproj]
   2:6>C:\Users\NoahR\OneDrive\Desktop\Jarvis\src\Jarvis.App\JarvisMainForm.Runtime.cs(797,9): error CS0103: The name '_wakeIndicatorLabel' does not exist in the current context [C:\Users\NoahR\OneDrive\Desktop\Jarvis\src\Jarvis.App\Jarvis.App.csproj]
   2:6>C:\Users\NoahR\OneDrive\Desktop\Jarvis\src\Jarvis.App\JarvisMainForm.Runtime.cs(801,13): error CS0103: The name '_currentOptions' does not exist in the current context [C:\Users\NoahR\OneDrive\Desktop\Jarvis\src\Jarvis.App\Jarvis.App.csproj]
   2:6>C:\Users\NoahR\OneDrive\Desktop\Jarvis\src\Jarvis.App\JarvisMainForm.Runtime.cs(803,13): error CS0103: The name '_pushToTalkButton' does not exist in the current context [C:\Users\NoahR\OneDrive\Desktop\Jarvis\src\Jarvis.App\Jarvis.App.csproj]
   2:6>C:\Users\NoahR\OneDrive\Desktop\Jarvis\src\Jarvis.App\JarvisMainForm.Runtime.cs(804,13): error CS0103: The name '_pushToTalkButton' does not exist in the current context [C:\Users\NoahR\OneDrive\Desktop\Jarvis\src\Jarvis.App\Jarvis.App.csproj]
   2:6>C:\Users\NoahR\OneDrive\Desktop\Jarvis\src\Jarvis.App\JarvisMainForm.Runtime.cs(808,13): error CS0103: The name '_pushToTalkButton' does not exist in the current context [C:\Users\NoahR\OneDrive\Desktop\Jarvis\src\Jarvis.App\Jarvis.App.csproj]
   2:6>C:\Users\NoahR\OneDrive\Desktop\Jarvis\src\Jarvis.App\JarvisMainForm.Runtime.cs(811,9): error CS0103: The name '_micToggleButton' does not exist in the current context [C:\Users\NoahR\OneDrive\Desktop\Jarvis\src\Jarvis.App\Jarvis.App.csproj]
   2:6>C:\Users\NoahR\OneDrive\Desktop\Jarvis\src\Jarvis.App\JarvisMainForm.Runtime.cs(812,9): error CS0103: The name '_micToggleButton' does not exist in the current context [C:\Users\NoahR\OneDrive\Desktop\Jarvis\src\Jarvis.App\Jarvis.App.csproj]
   2:6>C:\Users\NoahR\OneDrive\Desktop\Jarvis\src\Jarvis.App\JarvisMainForm.Runtime.cs(815,16): error CS0103: The name '_isInTrayMode' does not exist in the current context [C:\Users\NoahR\OneDrive\Desktop\Jarvis\src\Jarvis.App\Jarvis.App.csproj]
   2:6>C:\Users\NoahR\OneDrive\Desktop\Jarvis\src\Jarvis.App\JarvisMainForm.Runtime.cs(816,30): error CS0103: The name '_lastVoiceStatusText' does not exist in the current context [C:\Users\NoahR\OneDrive\Desktop\Jarvis\src\Jarvis.App\Jarvis.App.csproj]
   2:6>C:\Users\NoahR\OneDrive\Desktop\Jarvis\src\Jarvis.App\JarvisMainForm.Runtime.cs(818,13): error CS0103: The name '_lastVoiceStatusText' does not exist in the current context [C:\Users\NoahR\OneDrive\Desktop\Jarvis\src\Jarvis.App\Jarvis.App.csproj]
   2:6>C:\Users\NoahR\OneDrive\Desktop\Jarvis\src\Jarvis.App\JarvisMainForm.Runtime.cs(823,9): error CS0103: The name '_lastVoiceStatusText' does not exist in the current context [C:\Users\NoahR\OneDrive\Desktop\Jarvis\src\Jarvis.App\Jarvis.App.csproj]
   2:6>C:\Users\NoahR\OneDrive\Desktop\Jarvis\src\Jarvis.App\JarvisMainForm.Runtime.cs(831,9): error CS0103: The name '_latestSignal' does not exist in the current context [C:\Users\NoahR\OneDrive\Desktop\Jarvis\src\Jarvis.App\Jarvis.App.csproj]
   2:6>C:\Users\NoahR\OneDrive\Desktop\Jarvis\src\Jarvis.App\JarvisMainForm.Runtime.cs(832,9): error CS0103: The name '_rmsLabel' does not exist in the current context [C:\Users\NoahR\OneDrive\Desktop\Jarvis\src\Jarvis.App\Jarvis.App.csproj]
   2:6>C:\Users\NoahR\OneDrive\Desktop\Jarvis\src\Jarvis.App\JarvisMainForm.Runtime.cs(833,9): error CS0103: The name '_peakLabel' does not exist in the current context [C:\Users\NoahR\OneDrive\Desktop\Jarvis\src\Jarvis.App\Jarvis.App.csproj]
   2:6>C:\Users\NoahR\OneDrive\Desktop\Jarvis\src\Jarvis.App\JarvisMainForm.Runtime.cs(834,9): error CS0103: The name '_waveformControl' does not exist in the current context [C:\Users\NoahR\OneDrive\Desktop\Jarvis\src\Jarvis.App\Jarvis.App.csproj]
   2:6>C:\Users\NoahR\OneDrive\Desktop\Jarvis\src\Jarvis.App\JarvisMainForm.Runtime.cs(843,9): error CS0103: The name '_waveformControl' does not exist in the current context [C:\Users\NoahR\OneDrive\Desktop\Jarvis\src\Jarvis.App\Jarvis.App.csproj]
   2:6>C:\Users\NoahR\OneDrive\Desktop\Jarvis\src\Jarvis.App\JarvisMainForm.Runtime.cs(849,9): error CS0103: The name '_assistantStatusLabel' does not exist in the current context [C:\Users\NoahR\OneDrive\Desktop\Jarvis\src\Jarvis.App\Jarvis.App.csproj]
   2:6>C:\Users\NoahR\OneDrive\Desktop\Jarvis\src\Jarvis.App\JarvisMainForm.Runtime.cs(850,9): error CS0103: The name '_lastAssistantKind' does not exist in the current context [C:\Users\NoahR\OneDrive\Desktop\Jarvis\src\Jarvis.App\Jarvis.App.csproj]
   2:6>C:\Users\NoahR\OneDrive\Desktop\Jarvis\src\Jarvis.App\JarvisMainForm.Runtime.cs(851,9): error CS0103: The name '_lastAssistantDetail' does not exist in the current context [C:\Users\NoahR\OneDrive\Desktop\Jarvis\src\Jarvis.App\Jarvis.App.csproj]
   2:6>C:\Users\NoahR\OneDrive\Desktop\Jarvis\src\Jarvis.App\JarvisMainForm.Runtime.cs(855,13): error CS0103: The name '_activeSessionId' does not exist in the current context [C:\Users\NoahR\OneDrive\Desktop\Jarvis\src\Jarvis.App\Jarvis.App.csproj]
   2:6>C:\Users\NoahR\OneDrive\Desktop\Jarvis\src\Jarvis.App\JarvisMainForm.Runtime.cs(859,14): error CS0103: The name '_isInTrayMode' does not exist in the current context [C:\Users\NoahR\OneDrive\Desktop\Jarvis\src\Jarvis.App\Jarvis.App.csproj]
   2:6>C:\Users\NoahR\OneDrive\Desktop\Jarvis\src\Jarvis.App\JarvisMainForm.Runtime.cs(860,31): error CS0103: The name '_lastAssistantStatusText' does not exist in the current context [C:\Users\NoahR\OneDrive\Desktop\Jarvis\src\Jarvis.App\Jarvis.App.csproj]
   2:6>C:\Users\NoahR\OneDrive\Desktop\Jarvis\src\Jarvis.App\JarvisMainForm.Runtime.cs(862,13): error CS0103: The name '_lastAssistantStatusText' does not exist in the current context [C:\Users\NoahR\OneDrive\Desktop\Jarvis\src\Jarvis.App\Jarvis.App.csproj]
   2:6>C:\Users\NoahR\OneDrive\Desktop\Jarvis\src\Jarvis.App\JarvisMainForm.Runtime.cs(920,9): error CS0103: The name '_actionCueOverlay' does not exist in the current context [C:\Users\NoahR\OneDrive\Desktop\Jarvis\src\Jarvis.App\Jarvis.App.csproj]
   2:6>C:\Users\NoahR\OneDrive\Desktop\Jarvis\src\Jarvis.App\JarvisMainForm.Runtime.cs(920,54): error CS1503: Argument 1: cannot convert from 'Jarvis.App.JarvisMainForm' to 'System.Windows.Forms.Control' [C:\Users\NoahR\OneDrive\Desktop\Jarvis\src\Jarvis.App\Jarvis.App.csproj]
   2:6>C:\Users\NoahR\OneDrive\Desktop\Jarvis\src\Jarvis.App\JarvisMainForm.Runtime.cs(940,29): error CS0103: The name '_context' does not exist in the current context [C:\Users\NoahR\OneDrive\Desktop\Jarvis\src\Jarvis.App\Jarvis.App.csproj]
   2:6>C:\Users\NoahR\OneDrive\Desktop\Jarvis\src\Jarvis.App\JarvisMainForm.Runtime.cs(942,13): error CS0103: The name '_pendingApproval' does not exist in the current context [C:\Users\NoahR\OneDrive\Desktop\Jarvis\src\Jarvis.App\Jarvis.App.csproj]
   2:6>C:\Users\NoahR\OneDrive\Desktop\Jarvis\src\Jarvis.App\JarvisMainForm.Runtime.cs(944,81): error CS0103: The name '_pendingApproval' does not exist in the current context [C:\Users\NoahR\OneDrive\Desktop\Jarvis\src\Jarvis.App\Jarvis.App.csproj]
   2:6>C:\Users\NoahR\OneDrive\Desktop\Jarvis\src\Jarvis.App\JarvisMainForm.Runtime.cs(948,13): error CS0103: The name '_lastAssistantKind' does not exist in the current context [C:\Users\NoahR\OneDrive\Desktop\Jarvis\src\Jarvis.App\Jarvis.App.csproj]
   2:6>C:\Users\NoahR\OneDrive\Desktop\Jarvis\src\Jarvis.App\JarvisMainForm.Runtime.cs(950,70): error CS0103: The name '_lastAssistantDetail' does not exist in the current context [C:\Users\NoahR\OneDrive\Desktop\Jarvis\src\Jarvis.App\Jarvis.App.csproj]
   2:6>C:\Users\NoahR\OneDrive\Desktop\Jarvis\src\Jarvis.App\JarvisMainForm.Runtime.cs(960,13): error CS0103: The name '_isSubmitting' does not exist in the current context [C:\Users\NoahR\OneDrive\Desktop\Jarvis\src\Jarvis.App\Jarvis.App.csproj]
   2:6>C:\Users\NoahR\OneDrive\Desktop\Jarvis\src\Jarvis.App\JarvisMainForm.Runtime.cs(962,25): error CS0103: The name '_lastAssistantKind' does not exist in the current context [C:\Users\NoahR\OneDrive\Desktop\Jarvis\src\Jarvis.App\Jarvis.App.csproj]
   2:6>C:\Users\NoahR\OneDrive\Desktop\Jarvis\src\Jarvis.App\JarvisMainForm.Runtime.cs(965,52): error CS0103: The name '_lastAssistantDetail' does not exist in the current context [C:\Users\NoahR\OneDrive\Desktop\Jarvis\src\Jarvis.App\Jarvis.App.csproj]
   2:6>C:\Users\NoahR\OneDrive\Desktop\Jarvis\src\Jarvis.App\JarvisMainForm.Runtime.cs(965,132): error CS0103: The name '_lastAssistantDetail' does not exist in the current context [C:\Users\NoahR\OneDrive\Desktop\Jarvis\src\Jarvis.App\Jarvis.App.csproj]
   2:6>C:\Users\NoahR\OneDrive\Desktop\Jarvis\src\Jarvis.App\JarvisMainForm.Runtime.cs(970,13): error CS0103: The name '_currentVoiceRuntime' does not exist in the current context [C:\Users\NoahR\OneDrive\Desktop\Jarvis\src\Jarvis.App\Jarvis.App.csproj]
   2:6>C:\Users\NoahR\OneDrive\Desktop\Jarvis\src\Jarvis.App\JarvisMainForm.Runtime.cs(972,26): error CS0103: The name '_latestSignal' does not exist in the current context [C:\Users\NoahR\OneDrive\Desktop\Jarvis\src\Jarvis.App\Jarvis.App.csproj]
   2:6>C:\Users\NoahR\OneDrive\Desktop\Jarvis\src\Jarvis.App\JarvisMainForm.Runtime.cs(974,37): error CS0103: The name '_currentVoiceRuntime' does not exist in the current context [C:\Users\NoahR\OneDrive\Desktop\Jarvis\src\Jarvis.App\Jarvis.App.csproj]
   2:6>C:\Users\NoahR\OneDrive\Desktop\Jarvis\src\Jarvis.App\JarvisMainForm.Runtime.cs(984,13): error CS0103: The name '_surfaceState' does not exist in the current context [C:\Users\NoahR\OneDrive\Desktop\Jarvis\src\Jarvis.App\Jarvis.App.csproj]
   2:6>C:\Users\NoahR\OneDrive\Desktop\Jarvis\src\Jarvis.App\JarvisMainForm.Runtime.cs(984,53): error CS0103: The name '_surfaceDetailLabel' does not exist in the current context [C:\Users\NoahR\OneDrive\Desktop\Jarvis\src\Jarvis.App\Jarvis.App.csproj]
   2:6>C:\Users\NoahR\OneDrive\Desktop\Jarvis\src\Jarvis.App\JarvisMainForm.Runtime.cs(989,29): error CS0103: The name '_surfaceState' does not exist in the current context [C:\Users\NoahR\OneDrive\Desktop\Jarvis\src\Jarvis.App\Jarvis.App.csproj]
   2:6>C:\Users\NoahR\OneDrive\Desktop\Jarvis\src\Jarvis.App\JarvisMainForm.Runtime.cs(990,9): error CS0103: The name '_surfaceState' does not exist in the current context [C:\Users\NoahR\OneDrive\Desktop\Jarvis\src\Jarvis.App\Jarvis.App.csproj]
   2:6>C:\Users\NoahR\OneDrive\Desktop\Jarvis\src\Jarvis.App\JarvisMainForm.Runtime.cs(991,9): error CS0103: The name '_surfaceStateLabel' does not exist in the current context [C:\Users\NoahR\OneDrive\Desktop\Jarvis\src\Jarvis.App\Jarvis.App.csproj]
   2:6>C:\Users\NoahR\OneDrive\Desktop\Jarvis\src\Jarvis.App\JarvisMainForm.Runtime.cs(1001,9): error CS0103: The name '_surfaceStateLabel' does not exist in the current context [C:\Users\NoahR\OneDrive\Desktop\Jarvis\src\Jarvis.App\Jarvis.App.csproj]
   2:6>C:\Users\NoahR\OneDrive\Desktop\Jarvis\src\Jarvis.App\JarvisMainForm.Runtime.cs(1002,9): error CS0103: The name '_surfaceDetailLabel' does not exist in the current context [C:\Users\NoahR\OneDrive\Desktop\Jarvis\src\Jarvis.App\Jarvis.App.csproj]
   2:6>C:\Users\NoahR\OneDrive\Desktop\Jarvis\src\Jarvis.App\JarvisMainForm.Runtime.cs(1003,9): error CS0103: The name '_waveformControl' does not exist in the current context [C:\Users\NoahR\OneDrive\Desktop\Jarvis\src\Jarvis.App\Jarvis.App.csproj]
   2:6>C:\Users\NoahR\OneDrive\Desktop\Jarvis\src\Jarvis.App\JarvisMainForm.Runtime.cs(1015,30): error CS0103: The name '_stageLabels' does not exist in the current context [C:\Users\NoahR\OneDrive\Desktop\Jarvis\src\Jarvis.App\Jarvis.App.csproj]
   2:6>C:\Users\NoahR\OneDrive\Desktop\Jarvis\src\Jarvis.App\JarvisMainForm.Runtime.cs(1017,40): error CS0103: The name '_surfaceState' does not exist in the current context [C:\Users\NoahR\OneDrive\Desktop\Jarvis\src\Jarvis.App\Jarvis.App.csproj]
   2:6>C:\Users\NoahR\OneDrive\Desktop\Jarvis\src\Jarvis.App\JarvisMainForm.Runtime.cs(1018,62): error CS0103: The name '_surfaceState' does not exist in the current context [C:\Users\NoahR\OneDrive\Desktop\Jarvis\src\Jarvis.App\Jarvis.App.csproj]
   2:6>C:\Users\NoahR\OneDrive\Desktop\Jarvis\src\Jarvis.App\JarvisMainForm.Runtime.cs(1054,9): error CS0103: The name '_pendingApproval' does not exist in the current context [C:\Users\NoahR\OneDrive\Desktop\Jarvis\src\Jarvis.App\Jarvis.App.csproj]
   2:6>C:\Users\NoahR\OneDrive\Desktop\Jarvis\src\Jarvis.App\JarvisMainForm.Runtime.cs(1055,9): error CS0103: The name '_approvalPanel' does not exist in the current context [C:\Users\NoahR\OneDrive\Desktop\Jarvis\src\Jarvis.App\Jarvis.App.csproj]
   2:6>C:\Users\NoahR\OneDrive\Desktop\Jarvis\src\Jarvis.App\JarvisMainForm.Runtime.cs(1056,9): error CS0103: The name '_rightColumnLayout' does not exist in the current context [C:\Users\NoahR\OneDrive\Desktop\Jarvis\src\Jarvis.App\Jarvis.App.csproj]
   2:6>C:\Users\NoahR\OneDrive\Desktop\Jarvis\src\Jarvis.App\JarvisMainForm.Runtime.cs(1064,9): error CS0103: The name '_approvalSummaryLabel' does not exist in the current context [C:\Users\NoahR\OneDrive\Desktop\Jarvis\src\Jarvis.App\Jarvis.App.csproj]
   2:6>C:\Users\NoahR\OneDrive\Desktop\Jarvis\src\Jarvis.App\JarvisMainForm.Runtime.cs(1065,9): error CS0103: The name '_approvalPromptLabel' does not exist in the current context [C:\Users\NoahR\OneDrive\Desktop\Jarvis\src\Jarvis.App\Jarvis.App.csproj]
   2:6>C:\Users\NoahR\OneDrive\Desktop\Jarvis\src\Jarvis.App\JarvisMainForm.Runtime.cs(1114,9): error CS0103: The name '_activityFlow' does not exist in the current context [C:\Users\NoahR\OneDrive\Desktop\Jarvis\src\Jarvis.App\Jarvis.App.csproj]
   2:6>C:\Users\NoahR\OneDrive\Desktop\Jarvis\src\Jarvis.App\JarvisMainForm.Runtime.cs(1115,9): error CS0103: The name '_activityFlow' does not exist in the current context [C:\Users\NoahR\OneDrive\Desktop\Jarvis\src\Jarvis.App\Jarvis.App.csproj]
   2:6>C:\Users\NoahR\OneDrive\Desktop\Jarvis\src\Jarvis.App\JarvisMainForm.Runtime.cs(1115,46): error CS0103: The name '_sessionSummaryCard' does not exist in the current context [C:\Users\NoahR\OneDrive\Desktop\Jarvis\src\Jarvis.App\Jarvis.App.csproj]
   2:6>C:\Users\NoahR\OneDrive\Desktop\Jarvis\src\Jarvis.App\JarvisMainForm.Runtime.cs(1118,16): error CS0103: The name '_activityFlow' does not exist in the current context [C:\Users\NoahR\OneDrive\Desktop\Jarvis\src\Jarvis.App\Jarvis.App.csproj]
   2:6>C:\Users\NoahR\OneDrive\Desktop\Jarvis\src\Jarvis.App\JarvisMainForm.Runtime.cs(1120,29): error CS0103: The name '_activityFlow' does not exist in the current context [C:\Users\NoahR\OneDrive\Desktop\Jarvis\src\Jarvis.App\Jarvis.App.csproj]
   2:6>C:\Users\NoahR\OneDrive\Desktop\Jarvis\src\Jarvis.App\JarvisMainForm.Runtime.cs(1121,27): error CS0103: The name '_activityFlow' does not exist in the current context [C:\Users\NoahR\OneDrive\Desktop\Jarvis\src\Jarvis.App\Jarvis.App.csproj]
   2:6>C:\Users\NoahR\OneDrive\Desktop\Jarvis\src\Jarvis.App\JarvisMainForm.Runtime.cs(1123,42): error CS0103: The name '_sessionSummaryCard' does not exist in the current context [C:\Users\NoahR\OneDrive\Desktop\Jarvis\src\Jarvis.App\Jarvis.App.csproj]
   2:6>C:\Users\NoahR\OneDrive\Desktop\Jarvis\src\Jarvis.App\JarvisMainForm.Runtime.cs(1128,13): error CS0103: The name '_activityFlow' does not exist in the current context [C:\Users\NoahR\OneDrive\Desktop\Jarvis\src\Jarvis.App\Jarvis.App.csproj]
   2:6>C:\Users\NoahR\OneDrive\Desktop\Jarvis\src\Jarvis.App\JarvisMainForm.Runtime.cs(1135,35): error CS0103: The name '_activityFlow' does not exist in the current context [C:\Users\NoahR\OneDrive\Desktop\Jarvis\src\Jarvis.App\Jarvis.App.csproj]
   2:6>C:\Users\NoahR\OneDrive\Desktop\Jarvis\src\Jarvis.App\JarvisMainForm.Runtime.cs(1136,9): error CS0103: The name '_sessionSummaryCard' does not exist in the current context [C:\Users\NoahR\OneDrive\Desktop\Jarvis\src\Jarvis.App\Jarvis.App.csproj]
   2:6>C:\Users\NoahR\OneDrive\Desktop\Jarvis\src\Jarvis.App\JarvisMainForm.Runtime.cs(1138,33): error CS0103: The name '_activityFlow' does not exist in the current context [C:\Users\NoahR\OneDrive\Desktop\Jarvis\src\Jarvis.App\Jarvis.App.csproj]
   2:6>C:\Users\NoahR\OneDrive\Desktop\Jarvis\src\Jarvis.App\JarvisMainForm.Runtime.cs(1157,23): error CS0103: The name '_context' does not exist in the current context [C:\Users\NoahR\OneDrive\Desktop\Jarvis\src\Jarvis.App\Jarvis.App.csproj]
   2:6>C:\Users\NoahR\OneDrive\Desktop\Jarvis\src\Jarvis.App\JarvisMainForm.Runtime.cs(1172,14): error CS0103: The name 'CanUseUi' does not exist in the current context [C:\Users\NoahR\OneDrive\Desktop\Jarvis\src\Jarvis.App\Jarvis.App.csproj]
   2:6>C:\Users\NoahR\OneDrive\Desktop\Jarvis\src\Jarvis.App\JarvisMainForm.Runtime.cs(1179,9): error CS0103: The name '_historyBox' does not exist in the current context [C:\Users\NoahR\OneDrive\Desktop\Jarvis\src\Jarvis.App\Jarvis.App.csproj]
   2:6>C:\Users\NoahR\OneDrive\Desktop\Jarvis\src\Jarvis.App\JarvisMainForm.Runtime.cs(1179,38): error CS0103: The name '_historyBox' does not exist in the current context [C:\Users\NoahR\OneDrive\Desktop\Jarvis\src\Jarvis.App\Jarvis.App.csproj]
   2:6>C:\Users\NoahR\OneDrive\Desktop\Jarvis\src\Jarvis.App\JarvisMainForm.Runtime.cs(1180,9): error CS0103: The name '_historyBox' does not exist in the current context [C:\Users\NoahR\OneDrive\Desktop\Jarvis\src\Jarvis.App\Jarvis.App.csproj]
   2:6>C:\Users\NoahR\OneDrive\Desktop\Jarvis\src\Jarvis.App\JarvisMainForm.Runtime.cs(1181,9): error CS0103: The name '_historyBox' does not exist in the current context [C:\Users\NoahR\OneDrive\Desktop\Jarvis\src\Jarvis.App\Jarvis.App.csproj]
   2:6>C:\Users\NoahR\OneDrive\Desktop\Jarvis\src\Jarvis.App\JarvisMainForm.Runtime.cs(1182,9): error CS0103: The name '_historyBox' does not exist in the current context [C:\Users\NoahR\OneDrive\Desktop\Jarvis\src\Jarvis.App\Jarvis.App.csproj]
   2:6>C:\Users\NoahR\OneDrive\Desktop\Jarvis\src\Jarvis.App\JarvisMainForm.Runtime.cs(1182,37): error CS0103: The name '_historySourceFont' does not exist in the current context [C:\Users\NoahR\OneDrive\Desktop\Jarvis\src\Jarvis.App\Jarvis.App.csproj]
   2:6>C:\Users\NoahR\OneDrive\Desktop\Jarvis\src\Jarvis.App\JarvisMainForm.Runtime.cs(1183,9): error CS0103: The name '_historyBox' does not exist in the current context [C:\Users\NoahR\OneDrive\Desktop\Jarvis\src\Jarvis.App\Jarvis.App.csproj]
   2:6>C:\Users\NoahR\OneDrive\Desktop\Jarvis\src\Jarvis.App\JarvisMainForm.Runtime.cs(1184,9): error CS0103: The name '_historyBox' does not exist in the current context [C:\Users\NoahR\OneDrive\Desktop\Jarvis\src\Jarvis.App\Jarvis.App.csproj]
   2:6>C:\Users\NoahR\OneDrive\Desktop\Jarvis\src\Jarvis.App\JarvisMainForm.Runtime.cs(1185,9): error CS0103: The name '_historyBox' does not exist in the current context [C:\Users\NoahR\OneDrive\Desktop\Jarvis\src\Jarvis.App\Jarvis.App.csproj]
   2:6>C:\Users\NoahR\OneDrive\Desktop\Jarvis\src\Jarvis.App\JarvisMainForm.Runtime.cs(1185,37): error CS0103: The name '_historyMessageFont' does not exist in the current context [C:\Users\NoahR\OneDrive\Desktop\Jarvis\src\Jarvis.App\Jarvis.App.csproj]
   2:6>C:\Users\NoahR\OneDrive\Desktop\Jarvis\src\Jarvis.App\JarvisMainForm.Runtime.cs(1186,9): error CS0103: The name '_historyBox' does not exist in the current context [C:\Users\NoahR\OneDrive\Desktop\Jarvis\src\Jarvis.App\Jarvis.App.csproj]
   2:6>C:\Users\NoahR\OneDrive\Desktop\Jarvis\src\Jarvis.App\JarvisMainForm.Runtime.cs(1187,9): error CS0103: The name '_historyBox' does not exist in the current context [C:\Users\NoahR\OneDrive\Desktop\Jarvis\src\Jarvis.App\Jarvis.App.csproj]
   2:6>C:\Users\NoahR\OneDrive\Desktop\Jarvis\src\Jarvis.App\JarvisMainForm.Runtime.cs(1187,38): error CS0103: The name '_historyBox' does not exist in the current context [C:\Users\NoahR\OneDrive\Desktop\Jarvis\src\Jarvis.App\Jarvis.App.csproj]
   2:6>C:\Users\NoahR\OneDrive\Desktop\Jarvis\src\Jarvis.App\JarvisMainForm.Runtime.cs(1188,9): error CS0103: The name '_historyBox' does not exist in the current context [C:\Users\NoahR\OneDrive\Desktop\Jarvis\src\Jarvis.App\Jarvis.App.csproj]
   2:6>C:\Users\NoahR\OneDrive\Desktop\Jarvis\src\Jarvis.App\JarvisMainForm.Runtime.cs(1193,14): error CS0103: The name 'CanUseUi' does not exist in the current context [C:\Users\NoahR\OneDrive\Desktop\Jarvis\src\Jarvis.App\Jarvis.App.csproj]
   2:6>C:\Users\NoahR\OneDrive\Desktop\Jarvis\src\Jarvis.App\JarvisMainForm.Runtime.cs(1200,9): error CS0103: The name '_timelineBox' does not exist in the current context [C:\Users\NoahR\OneDrive\Desktop\Jarvis\src\Jarvis.App\Jarvis.App.csproj]
   2:6>C:\Users\NoahR\OneDrive\Desktop\Jarvis\src\Jarvis.App\JarvisMainForm.Runtime.cs(1200,39): error CS0103: The name '_timelineBox' does not exist in the current context [C:\Users\NoahR\OneDrive\Desktop\Jarvis\src\Jarvis.App\Jarvis.App.csproj]
   2:6>C:\Users\NoahR\OneDrive\Desktop\Jarvis\src\Jarvis.App\JarvisMainForm.Runtime.cs(1201,9): error CS0103: The name '_timelineBox' does not exist in the current context [C:\Users\NoahR\OneDrive\Desktop\Jarvis\src\Jarvis.App\Jarvis.App.csproj]
   2:6>C:\Users\NoahR\OneDrive\Desktop\Jarvis\src\Jarvis.App\JarvisMainForm.Runtime.cs(1202,9): error CS0103: The name '_timelineBox' does not exist in the current context [C:\Users\NoahR\OneDrive\Desktop\Jarvis\src\Jarvis.App\Jarvis.App.csproj]
   2:6>C:\Users\NoahR\OneDrive\Desktop\Jarvis\src\Jarvis.App\JarvisMainForm.Runtime.cs(1203,9): error CS0103: The name '_timelineBox' does not exist in the current context [C:\Users\NoahR\OneDrive\Desktop\Jarvis\src\Jarvis.App\Jarvis.App.csproj]
   2:6>C:\Users\NoahR\OneDrive\Desktop\Jarvis\src\Jarvis.App\JarvisMainForm.Runtime.cs(1203,38): error CS0103: The name '_historySourceFont' does not exist in the current context [C:\Users\NoahR\OneDrive\Desktop\Jarvis\src\Jarvis.App\Jarvis.App.csproj]
   2:6>C:\Users\NoahR\OneDrive\Desktop\Jarvis\src\Jarvis.App\JarvisMainForm.Runtime.cs(1204,9): error CS0103: The name '_timelineBox' does not exist in the current context [C:\Users\NoahR\OneDrive\Desktop\Jarvis\src\Jarvis.App\Jarvis.App.csproj]
   2:6>C:\Users\NoahR\OneDrive\Desktop\Jarvis\src\Jarvis.App\JarvisMainForm.Runtime.cs(1205,9): error CS0103: The name '_timelineBox' does not exist in the current context [C:\Users\NoahR\OneDrive\Desktop\Jarvis\src\Jarvis.App\Jarvis.App.csproj]
   2:6>C:\Users\NoahR\OneDrive\Desktop\Jarvis\src\Jarvis.App\JarvisMainForm.Runtime.cs(1206,9): error CS0103: The name '_timelineBox' does not exist in the current context [C:\Users\NoahR\OneDrive\Desktop\Jarvis\src\Jarvis.App\Jarvis.App.csproj]
   2:6>C:\Users\NoahR\OneDrive\Desktop\Jarvis\src\Jarvis.App\JarvisMainForm.Runtime.cs(1206,38): error CS0103: The name '_historyMessageFont' does not exist in the current context [C:\Users\NoahR\OneDrive\Desktop\Jarvis\src\Jarvis.App\Jarvis.App.csproj]
   2:6>C:\Users\NoahR\OneDrive\Desktop\Jarvis\src\Jarvis.App\JarvisMainForm.Runtime.cs(1207,9): error CS0103: The name '_timelineBox' does not exist in the current context [C:\Users\NoahR\OneDrive\Desktop\Jarvis\src\Jarvis.App\Jarvis.App.csproj]
   2:6>C:\Users\NoahR\OneDrive\Desktop\Jarvis\src\Jarvis.App\JarvisMainForm.Runtime.cs(1211,13): error CS0103: The name '_timelineBox' does not exist in the current context [C:\Users\NoahR\OneDrive\Desktop\Jarvis\src\Jarvis.App\Jarvis.App.csproj]
   2:6>C:\Users\NoahR\OneDrive\Desktop\Jarvis\src\Jarvis.App\JarvisMainForm.Runtime.cs(1212,13): error CS0103: The name '_timelineBox' does not exist in the current context [C:\Users\NoahR\OneDrive\Desktop\Jarvis\src\Jarvis.App\Jarvis.App.csproj]
   2:6>C:\Users\NoahR\OneDrive\Desktop\Jarvis\src\Jarvis.App\JarvisMainForm.Runtime.cs(1212,42): error CS0103: The name '_historyMessageFont' does not exist in the current context [C:\Users\NoahR\OneDrive\Desktop\Jarvis\src\Jarvis.App\Jarvis.App.csproj]
   2:6>C:\Users\NoahR\OneDrive\Desktop\Jarvis\src\Jarvis.App\JarvisMainForm.Runtime.cs(1213,13): error CS0103: The name '_timelineBox' does not exist in the current context [C:\Users\NoahR\OneDrive\Desktop\Jarvis\src\Jarvis.App\Jarvis.App.csproj]
   2:6>C:\Users\NoahR\OneDrive\Desktop\Jarvis\src\Jarvis.App\JarvisMainForm.Runtime.cs(1216,9): error CS0103: The name '_timelineBox' does not exist in the current context [C:\Users\NoahR\OneDrive\Desktop\Jarvis\src\Jarvis.App\Jarvis.App.csproj]
   2:6>C:\Users\NoahR\OneDrive\Desktop\Jarvis\src\Jarvis.App\JarvisMainForm.Runtime.cs(1217,9): error CS0103: The name '_timelineBox' does not exist in the current context [C:\Users\NoahR\OneDrive\Desktop\Jarvis\src\Jarvis.App\Jarvis.App.csproj]
   2:6>C:\Users\NoahR\OneDrive\Desktop\Jarvis\src\Jarvis.App\JarvisMainForm.Runtime.cs(1217,39): error CS0103: The name '_timelineBox' does not exist in the current context [C:\Users\NoahR\OneDrive\Desktop\Jarvis\src\Jarvis.App\Jarvis.App.csproj]
   2:6>C:\Users\NoahR\OneDrive\Desktop\Jarvis\src\Jarvis.App\JarvisMainForm.Runtime.cs(1218,9): error CS0103: The name '_timelineBox' does not exist in the current context [C:\Users\NoahR\OneDrive\Desktop\Jarvis\src\Jarvis.App\Jarvis.App.csproj]
   2:6>C:\Users\NoahR\OneDrive\Desktop\Jarvis\src\Jarvis.App\JarvisMainForm.Runtime.cs(1234,9): error CS0103: The name '_sendButton' does not exist in the current context [C:\Users\NoahR\OneDrive\Desktop\Jarvis\src\Jarvis.App\Jarvis.App.csproj]
   2:6>C:\Users\NoahR\OneDrive\Desktop\Jarvis\src\Jarvis.App\JarvisMainForm.Runtime.cs(1235,9): error CS0103: The name '_helpButton' does not exist in the current context [C:\Users\NoahR\OneDrive\Desktop\Jarvis\src\Jarvis.App\Jarvis.App.csproj]
   2:6>C:\Users\NoahR\OneDrive\Desktop\Jarvis\src\Jarvis.App\JarvisMainForm.Runtime.cs(1236,9): error CS0103: The name '_statusButton' does not exist in the current context [C:\Users\NoahR\OneDrive\Desktop\Jarvis\src\Jarvis.App\Jarvis.App.csproj]
   2:6>C:\Users\NoahR\OneDrive\Desktop\Jarvis\src\Jarvis.App\JarvisMainForm.Runtime.cs(1237,9): error CS0103: The name '_notesButton' does not exist in the current context [C:\Users\NoahR\OneDrive\Desktop\Jarvis\src\Jarvis.App\Jarvis.App.csproj]
   2:6>C:\Users\NoahR\OneDrive\Desktop\Jarvis\src\Jarvis.App\JarvisMainForm.Runtime.cs(1238,9): error CS0103: The name '_approveButton' does not exist in the current context [C:\Users\NoahR\OneDrive\Desktop\Jarvis\src\Jarvis.App\Jarvis.App.csproj]
   2:6>C:\Users\NoahR\OneDrive\Desktop\Jarvis\src\Jarvis.App\JarvisMainForm.Runtime.cs(1239,9): error CS0103: The name '_denyButton' does not exist in the current context [C:\Users\NoahR\OneDrive\Desktop\Jarvis\src\Jarvis.App\Jarvis.App.csproj]
   2:6>C:\Users\NoahR\OneDrive\Desktop\Jarvis\src\Jarvis.App\JarvisMainForm.Runtime.cs(1240,9): error CS0103: The name '_inputBox' does not exist in the current context [C:\Users\NoahR\OneDrive\Desktop\Jarvis\src\Jarvis.App\Jarvis.App.csproj]
   2:6>C:\Users\NoahR\OneDrive\Desktop\Jarvis\src\Jarvis.App\JarvisMainForm.Runtime.cs(1241,9): error CS0118: 'Cursor' is a type but is used like a variable [C:\Users\NoahR\OneDrive\Desktop\Jarvis\src\Jarvis.App\Jarvis.App.csproj]
   2:6>C:\Users\NoahR\OneDrive\Desktop\Jarvis\src\Jarvis.App\JarvisMainForm.Runtime.cs(1247,17): error CS0103: The name '_currentOptions' does not exist in the current context [C:\Users\NoahR\OneDrive\Desktop\Jarvis\src\Jarvis.App\Jarvis.App.csproj]
   2:6>C:\Users\NoahR\OneDrive\Desktop\Jarvis\src\Jarvis.App\JarvisMainForm.Runtime.cs(1250,16): error CS0103: The name '_currentVoiceRuntime' does not exist in the current context [C:\Users\NoahR\OneDrive\Desktop\Jarvis\src\Jarvis.App\Jarvis.App.csproj]
   2:6>C:\Users\NoahR\OneDrive\Desktop\Jarvis\src\Jarvis.App\JarvisMainForm.Runtime.cs(1256,23): error CS0103: The name '_currentVoiceRuntime' does not exist in the current context [C:\Users\NoahR\OneDrive\Desktop\Jarvis\src\Jarvis.App\Jarvis.App.csproj]
   2:6>C:\Users\NoahR\OneDrive\Desktop\Jarvis\src\Jarvis.App\JarvisMainForm.Runtime.cs(1259,19): error CS0103: The name '_context' does not exist in the current context [C:\Users\NoahR\OneDrive\Desktop\Jarvis\src\Jarvis.App\Jarvis.App.csproj]
   2:6>C:\Users\NoahR\OneDrive\Desktop\Jarvis\src\Jarvis.App\JarvisMainForm.Runtime.cs(1271,21): error CS0103: The name '_currentOptions' does not exist in the current context [C:\Users\NoahR\OneDrive\Desktop\Jarvis\src\Jarvis.App\Jarvis.App.csproj]
   2:6>C:\Users\NoahR\OneDrive\Desktop\Jarvis\src\Jarvis.App\JarvisMainForm.Runtime.cs(1272,21): error CS0103: The name '_cancellationTokenSource' does not exist in the current context [C:\Users\NoahR\OneDrive\Desktop\Jarvis\src\Jarvis.App\Jarvis.App.csproj]
   2:6>C:\Users\NoahR\OneDrive\Desktop\Jarvis\src\Jarvis.App\JarvisMainForm.Runtime.cs(1276,27): error CS0103: The name '_currentVoiceRuntime' does not exist in the current context [C:\Users\NoahR\OneDrive\Desktop\Jarvis\src\Jarvis.App\Jarvis.App.csproj]
   2:6>C:\Users\NoahR\OneDrive\Desktop\Jarvis\src\Jarvis.App\JarvisMainForm.Runtime.cs(1276,59): error CS0103: The name '_cancellationTokenSource' does not exist in the current context [C:\Users\NoahR\OneDrive\Desktop\Jarvis\src\Jarvis.App\Jarvis.App.csproj]
   2:6>C:\Users\NoahR\OneDrive\Desktop\Jarvis\src\Jarvis.App\JarvisMainForm.Runtime.cs(1287,16): error CS0103: The name '_currentOptions' does not exist in the current context [C:\Users\NoahR\OneDrive\Desktop\Jarvis\src\Jarvis.App\Jarvis.App.csproj]
   2:6>C:\Users\NoahR\OneDrive\Desktop\Jarvis\src\Jarvis.App\JarvisMainForm.Runtime.cs(1294,16): error CS0103: The name '_isInTrayMode' does not exist in the current context [C:\Users\NoahR\OneDrive\Desktop\Jarvis\src\Jarvis.App\Jarvis.App.csproj]
   2:6>C:\Users\NoahR\OneDrive\Desktop\Jarvis\src\Jarvis.App\JarvisMainForm.Runtime.cs(1295,17): error CS0103: The name 'Visible' does not exist in the current context [C:\Users\NoahR\OneDrive\Desktop\Jarvis\src\Jarvis.App\Jarvis.App.csproj]
   2:6>C:\Users\NoahR\OneDrive\Desktop\Jarvis\src\Jarvis.App\JarvisMainForm.Runtime.cs(1296,16): error CS0103: The name 'WindowState' does not exist in the current context [C:\Users\NoahR\OneDrive\Desktop\Jarvis\src\Jarvis.App\Jarvis.App.csproj]
   2:6>C:\Users\NoahR\OneDrive\Desktop\Jarvis\src\Jarvis.App\VoiceRuntime.cs(354,67): warning CS0067: The event 'SpeechRecognitionVoiceRuntime.ActivationRequested' is never used [C:\Users\NoahR\OneDrive\Desktop\Jarvis\src\Jarvis.App\Jarvis.App.csproj]
         CompilerServer: server - server processed compilation - Jarvis.App (net8.0-windows)
       Done executing task "Csc" -- FAILED.
   2:6>Done building target "CoreCompile" in project "Jarvis.App.csproj" -- FAILED.
   2:6>Target "_CheckForCompileOutputs" in file "C:\Program Files\dotnet\sdk\8.0.400\Microsoft.Common.CurrentVersion.targets" from project "C:\Users\NoahR\OneDrive\Desktop\Jarvis\src\Jarvis.App\Jarvis.App.csproj" (target "_CleanGetCurrentAndPriorFileWrites" depends on it):
   2:6>Done building target "_CheckForCompileOutputs" in project "Jarvis.App.csproj".
       Target "_SGenCheckForOutputs" skipped, due to false condition; ('$(_SGenGenerateSerializationAssembliesConfig)' == 'On' or ('@(WebReferenceUrl)'!='' and '$(_SGenGenerateSerializationAssembliesConfig)' == 'Auto')) was evaluated as ('Off' == 'On' or (''!='' and 'Off' == 'Auto')).
   2:6>Target "_CleanGetCurrentAndPriorFileWrites" in file "C:\Program Files\dotnet\sdk\8.0.400\Microsoft.Common.CurrentVersion.targets" from project "C:\Users\NoahR\OneDrive\Desktop\Jarvis\src\Jarvis.App\Jarvis.App.csproj" (target "_CleanRecordFileWrites" depends on it):
       Task "ReadLinesFromFile"
       Done executing task "ReadLinesFromFile".
       Task "ConvertToAbsolutePath"
       Done executing task "ConvertToAbsolutePath".
       Task "FindUnderPath"
         Comparison path is "C:\Users\NoahR\OneDrive\Desktop\Jarvis\src\Jarvis.App".
       Done executing task "FindUnderPath".
       Task "FindUnderPath"
         Comparison path is "bin\Debug\net8.0-windows\".
       Done executing task "FindUnderPath".
       Task "FindUnderPath"
         Comparison path is "obj\Debug\net8.0-windows\".
       Done executing task "FindUnderPath".
       Task "RemoveDuplicates"
       Done executing task "RemoveDuplicates".
   2:6>Done building target "_CleanGetCurrentAndPriorFileWrites" in project "Jarvis.App.csproj".
   2:6>Target "_CleanRecordFileWrites" in file "C:\Program Files\dotnet\sdk\8.0.400\Microsoft.Common.CurrentVersion.targets" from project "C:\Users\NoahR\OneDrive\Desktop\Jarvis\src\Jarvis.App\Jarvis.App.csproj" (target "CoreBuild" depends on it):
       Task "RemoveDuplicates"
       Done executing task "RemoveDuplicates".
       Task "MakeDir"
       Done executing task "MakeDir".
       Task "WriteLinesToFile"
       Done executing task "WriteLinesToFile".
   2:6>Done building target "_CleanRecordFileWrites" in project "Jarvis.App.csproj".
   2:6>Done Building Project "C:\Users\NoahR\OneDrive\Desktop\Jarvis\src\Jarvis.App\Jarvis.App.csproj" (Rebuild target(s)) -- FAILED.
   1:2>Done executing task "MSBuild" -- FAILED.
   1:2>Done building target "Rebuild" in project "Jarvis.sln" -- FAILED.
   1:2>Done Building Project "C:\Users\NoahR\OneDrive\Desktop\Jarvis\Jarvis.sln" (Rebuild target(s)) -- FAILED.

Build FAILED.

       "C:\Users\NoahR\OneDrive\Desktop\Jarvis\Jarvis.sln" (Rebuild target) (1:2) ->
       "C:\Users\NoahR\OneDrive\Desktop\Jarvis\src\Jarvis.Core\Jarvis.Core.csproj" (Rebuild target) (3:7) ->
       (CoreCompile target) -> 
         C:\Users\NoahR\OneDrive\Desktop\Jarvis\src\Jarvis.Core\Win32UiAutomation.cs(35,31): warning CS8625: Cannot convert null literal to non-nullable reference type. [C:\Users\NoahR\OneDrive\Desktop\Jarvis\src\Jarvis.Core\Jarvis.Core.csproj]
         C:\Users\NoahR\OneDrive\Desktop\Jarvis\src\Jarvis.Core\Win32UiAutomation.cs(33,38): warning CS1998: This async method lacks 'await' operators and will run synchronously. Consider using the 'await' operator to await non-blocking API calls, or 'await Task.Run(...)' to do CPU-bound work on a background thread. [C:\Users\NoahR\OneDrive\Desktop\Jarvis\src\Jarvis.Core\Jarvis.Core.csproj]
         C:\Users\NoahR\OneDrive\Desktop\Jarvis\src\Jarvis.Core\Win32UiAutomation.cs(54,31): warning CS8625: Cannot convert null literal to non-nullable reference type. [C:\Users\NoahR\OneDrive\Desktop\Jarvis\src\Jarvis.Core\Jarvis.Core.csproj]
         C:\Users\NoahR\OneDrive\Desktop\Jarvis\src\Jarvis.Core\Win32UiAutomation.cs(52,38): warning CS1998: This async method lacks 'await' operators and will run synchronously. Consider using the 'await' operator to await non-blocking API calls, or 'await Task.Run(...)' to do CPU-bound work on a background thread. [C:\Users\NoahR\OneDrive\Desktop\Jarvis\src\Jarvis.Core\Jarvis.Core.csproj]
         C:\Users\NoahR\OneDrive\Desktop\Jarvis\src\Jarvis.Core\Win32UiAutomation.cs(66,31): warning CS8625: Cannot convert null literal to non-nullable reference type. [C:\Users\NoahR\OneDrive\Desktop\Jarvis\src\Jarvis.Core\Jarvis.Core.csproj]
         C:\Users\NoahR\OneDrive\Desktop\Jarvis\src\Jarvis.Core\Win32UiAutomation.cs(64,38): warning CS1998: This async method lacks 'await' operators and will run synchronously. Consider using the 'await' operator to await non-blocking API calls, or 'await Task.Run(...)' to do CPU-bound work on a background thread. [C:\Users\NoahR\OneDrive\Desktop\Jarvis\src\Jarvis.Core\Jarvis.Core.csproj]
         C:\Users\NoahR\OneDrive\Desktop\Jarvis\src\Jarvis.Core\Win32UiAutomation.cs(80,31): warning CS8625: Cannot convert null literal to non-nullable reference type. [C:\Users\NoahR\OneDrive\Desktop\Jarvis\src\Jarvis.Core\Jarvis.Core.csproj]
         C:\Users\NoahR\OneDrive\Desktop\Jarvis\src\Jarvis.Core\Win32UiAutomation.cs(78,38): warning CS1998: This async method lacks 'await' operators and will run synchronously. Consider using the 'await' operator to await non-blocking API calls, or 'await Task.Run(...)' to do CPU-bound work on a background thread. [C:\Users\NoahR\OneDrive\Desktop\Jarvis\src\Jarvis.Core\Jarvis.Core.csproj]


       "C:\Users\NoahR\OneDrive\Desktop\Jarvis\Jarvis.sln" (Rebuild target) (1:2) ->
       "C:\Users\NoahR\OneDrive\Desktop\Jarvis\src\Jarvis.App\Jarvis.App.csproj" (Rebuild target) (2:6) ->
         C:\Users\NoahR\OneDrive\Desktop\Jarvis\src\Jarvis.App\VoiceRuntime.cs(354,67): warning CS0067: The event 'SpeechRecognitionVoiceRuntime.ActivationRequested' is never used [C:\Users\NoahR\OneDrive\Desktop\Jarvis\src\Jarvis.App\Jarvis.App.csproj]


       "C:\Users\NoahR\OneDrive\Desktop\Jarvis\Jarvis.sln" (Rebuild target) (1:2) ->
       "C:\Users\NoahR\OneDrive\Desktop\Jarvis\src\Jarvis.App\Jarvis.App.csproj" (Rebuild target) (2:6) ->
       (CoreCompile target) -> 
         C:\Users\NoahR\OneDrive\Desktop\Jarvis\src\Jarvis.App\Program.cs(10,25): error CS1729: 'JarvisMainForm' does not contain a constructor that takes 1 arguments [C:\Users\NoahR\OneDrive\Desktop\Jarvis\src\Jarvis.App\Jarvis.App.csproj]
         C:\Users\NoahR\OneDrive\Desktop\Jarvis\src\Jarvis.App\RealtimeTranscriptionVoiceRuntime.cs(36,9): error CS0103: The name '_clapDetector' does not exist in the current context [C:\Users\NoahR\OneDrive\Desktop\Jarvis\src\Jarvis.App\Jarvis.App.csproj]
         C:\Users\NoahR\OneDrive\Desktop\Jarvis\src\Jarvis.App\RealtimeTranscriptionVoiceRuntime.cs(36,33): error CS1061: 'JarvisOptions' does not contain a definition for 'ClapShortcutEnabled' and no accessible extension method 'ClapShortcutEnabled' accepting a first argument of type 'JarvisOptions' could be found (are you missing a using directive or an assembly reference?) [C:\Users\NoahR\OneDrive\Desktop\Jarvis\src\Jarvis.App\Jarvis.App.csproj]
         C:\Users\NoahR\OneDrive\Desktop\Jarvis\src\Jarvis.App\RealtimeTranscriptionVoiceRuntime.cs(36,59): error CS0246: The type or namespace name 'ClapDetector' could not be found (are you missing a using directive or an assembly reference?) [C:\Users\NoahR\OneDrive\Desktop\Jarvis\src\Jarvis.App\Jarvis.App.csproj]
         C:\Users\NoahR\OneDrive\Desktop\Jarvis\src\Jarvis.App\OpenAiCompatibleVoiceRuntime.cs(36,9): error CS0103: The name '_clapDetector' does not exist in the current context [C:\Users\NoahR\OneDrive\Desktop\Jarvis\src\Jarvis.App\Jarvis.App.csproj]
         C:\Users\NoahR\OneDrive\Desktop\Jarvis\src\Jarvis.App\OpenAiCompatibleVoiceRuntime.cs(36,33): error CS1061: 'JarvisOptions' does not contain a definition for 'ClapShortcutEnabled' and no accessible extension method 'ClapShortcutEnabled' accepting a first argument of type 'JarvisOptions' could be found (are you missing a using directive or an assembly reference?) [C:\Users\NoahR\OneDrive\Desktop\Jarvis\src\Jarvis.App\Jarvis.App.csproj]
         C:\Users\NoahR\OneDrive\Desktop\Jarvis\src\Jarvis.App\OpenAiCompatibleVoiceRuntime.cs(36,59): error CS0246: The type or namespace name 'ClapDetector' could not be found (are you missing a using directive or an assembly reference?) [C:\Users\NoahR\OneDrive\Desktop\Jarvis\src\Jarvis.App\Jarvis.App.csproj]
         C:\Users\NoahR\OneDrive\Desktop\Jarvis\src\Jarvis.App\JarvisMainForm.Layout.cs(52,20): error CS0103: The name '_currentOptions' does not exist in the current context [C:\Users\NoahR\OneDrive\Desktop\Jarvis\src\Jarvis.App\Jarvis.App.csproj]
         C:\Users\NoahR\OneDrive\Desktop\Jarvis\src\Jarvis.App\JarvisMainForm.Layout.cs(61,79): error CS0103: The name '_context' does not exist in the current context [C:\Users\NoahR\OneDrive\Desktop\Jarvis\src\Jarvis.App\Jarvis.App.csproj]
         C:\Users\NoahR\OneDrive\Desktop\Jarvis\src\Jarvis.App\JarvisMainForm.Layout.cs(64,9): error CS0103: The name '_surfaceStateLabel' does not exist in the current context [C:\Users\NoahR\OneDrive\Desktop\Jarvis\src\Jarvis.App\Jarvis.App.csproj]
         C:\Users\NoahR\OneDrive\Desktop\Jarvis\src\Jarvis.App\JarvisMainForm.Layout.cs(72,9): error CS0103: The name '_surfaceDetailLabel' does not exist in the current context [C:\Users\NoahR\OneDrive\Desktop\Jarvis\src\Jarvis.App\Jarvis.App.csproj]
         C:\Users\NoahR\OneDrive\Desktop\Jarvis\src\Jarvis.App\JarvisMainForm.Layout.cs(89,52): error CS0103: The name '_currentOptions' does not exist in the current context [C:\Users\NoahR\OneDrive\Desktop\Jarvis\src\Jarvis.App\Jarvis.App.csproj]
         C:\Users\NoahR\OneDrive\Desktop\Jarvis\src\Jarvis.App\JarvisMainForm.Layout.cs(90,52): error CS0103: The name '_currentOptions' does not exist in the current context [C:\Users\NoahR\OneDrive\Desktop\Jarvis\src\Jarvis.App\Jarvis.App.csproj]
         C:\Users\NoahR\OneDrive\Desktop\Jarvis\src\Jarvis.App\JarvisMainForm.Layout.cs(91,52): error CS0103: The name '_currentOptions' does not exist in the current context [C:\Users\NoahR\OneDrive\Desktop\Jarvis\src\Jarvis.App\Jarvis.App.csproj]
         C:\Users\NoahR\OneDrive\Desktop\Jarvis\src\Jarvis.App\JarvisMainForm.Layout.cs(92,52): error CS0103: The name '_currentOptions' does not exist in the current context [C:\Users\NoahR\OneDrive\Desktop\Jarvis\src\Jarvis.App\Jarvis.App.csproj]
         C:\Users\NoahR\OneDrive\Desktop\Jarvis\src\Jarvis.App\JarvisMainForm.Layout.cs(109,33): error CS0103: The name '_surfaceStateLabel' does not exist in the current context [C:\Users\NoahR\OneDrive\Desktop\Jarvis\src\Jarvis.App\Jarvis.App.csproj]
         C:\Users\NoahR\OneDrive\Desktop\Jarvis\src\Jarvis.App\JarvisMainForm.Layout.cs(110,33): error CS0103: The name '_surfaceDetailLabel' does not exist in the current context [C:\Users\NoahR\OneDrive\Desktop\Jarvis\src\Jarvis.App\Jarvis.App.csproj]
         C:\Users\NoahR\OneDrive\Desktop\Jarvis\src\Jarvis.App\JarvisMainForm.Layout.cs(133,9): error CS0103: The name '_modeStatusLabel' does not exist in the current context [C:\Users\NoahR\OneDrive\Desktop\Jarvis\src\Jarvis.App\Jarvis.App.csproj]
         C:\Users\NoahR\OneDrive\Desktop\Jarvis\src\Jarvis.App\JarvisMainForm.Layout.cs(157,34): error CS0103: The name '_modeStatusLabel' does not exist in the current context [C:\Users\NoahR\OneDrive\Desktop\Jarvis\src\Jarvis.App\Jarvis.App.csproj]
         C:\Users\NoahR\OneDrive\Desktop\Jarvis\src\Jarvis.App\JarvisMainForm.Layout.cs(173,9): error CS0103: The name '_promptEchoLabel' does not exist in the current context [C:\Users\NoahR\OneDrive\Desktop\Jarvis\src\Jarvis.App\Jarvis.App.csproj]
         C:\Users\NoahR\OneDrive\Desktop\Jarvis\src\Jarvis.App\JarvisMainForm.Layout.cs(188,9): error CS0103: The name '_assistantStatusLabel' does not exist in the current context [C:\Users\NoahR\OneDrive\Desktop\Jarvis\src\Jarvis.App\Jarvis.App.csproj]
         C:\Users\NoahR\OneDrive\Desktop\Jarvis\src\Jarvis.App\JarvisMainForm.Layout.cs(197,9): error CS0103: The name '_voiceStatusLabel' does not exist in the current context [C:\Users\NoahR\OneDrive\Desktop\Jarvis\src\Jarvis.App\Jarvis.App.csproj]
         C:\Users\NoahR\OneDrive\Desktop\Jarvis\src\Jarvis.App\JarvisMainForm.Layout.cs(206,34): error CS0103: The name '_assistantStatusLabel' does not exist in the current context [C:\Users\NoahR\OneDrive\Desktop\Jarvis\src\Jarvis.App\Jarvis.App.csproj]
         C:\Users\NoahR\OneDrive\Desktop\Jarvis\src\Jarvis.App\JarvisMainForm.Layout.cs(207,34): error CS0103: The name '_voiceStatusLabel' does not exist in the current context [C:\Users\NoahR\OneDrive\Desktop\Jarvis\src\Jarvis.App\Jarvis.App.csproj]
         C:\Users\NoahR\OneDrive\Desktop\Jarvis\src\Jarvis.App\JarvisMainForm.Layout.cs(209,9): error CS0103: The name '_liveResponseBox' does not exist in the current context [C:\Users\NoahR\OneDrive\Desktop\Jarvis\src\Jarvis.App\Jarvis.App.csproj]
         C:\Users\NoahR\OneDrive\Desktop\Jarvis\src\Jarvis.App\JarvisMainForm.Layout.cs(210,9): error CS0103: The name '_liveResponseBox' does not exist in the current context [C:\Users\NoahR\OneDrive\Desktop\Jarvis\src\Jarvis.App\Jarvis.App.csproj]
         C:\Users\NoahR\OneDrive\Desktop\Jarvis\src\Jarvis.App\JarvisMainForm.Layout.cs(211,9): error CS0103: The name '_liveResponseBox' does not exist in the current context [C:\Users\NoahR\OneDrive\Desktop\Jarvis\src\Jarvis.App\Jarvis.App.csproj]
         C:\Users\NoahR\OneDrive\Desktop\Jarvis\src\Jarvis.App\JarvisMainForm.Layout.cs(212,9): error CS0103: The name '_liveResponseBox' does not exist in the current context [C:\Users\NoahR\OneDrive\Desktop\Jarvis\src\Jarvis.App\Jarvis.App.csproj]
         C:\Users\NoahR\OneDrive\Desktop\Jarvis\src\Jarvis.App\JarvisMainForm.Layout.cs(214,27): error CS0103: The name '_liveResponseBox' does not exist in the current context [C:\Users\NoahR\OneDrive\Desktop\Jarvis\src\Jarvis.App\Jarvis.App.csproj]
         C:\Users\NoahR\OneDrive\Desktop\Jarvis\src\Jarvis.App\JarvisMainForm.Layout.cs(216,27): error CS0103: The name '_promptEchoLabel' does not exist in the current context [C:\Users\NoahR\OneDrive\Desktop\Jarvis\src\Jarvis.App\Jarvis.App.csproj]
         C:\Users\NoahR\OneDrive\Desktop\Jarvis\src\Jarvis.App\JarvisMainForm.Layout.cs(219,9): error CS0103: The name '_promptEchoLabel' does not exist in the current context [C:\Users\NoahR\OneDrive\Desktop\Jarvis\src\Jarvis.App\Jarvis.App.csproj]
         C:\Users\NoahR\OneDrive\Desktop\Jarvis\src\Jarvis.App\RealtimeTranscriptionVoiceRuntime.cs(288,13): error CS0103: The name '_clapDetector' does not exist in the current context [C:\Users\NoahR\OneDrive\Desktop\Jarvis\src\Jarvis.App\Jarvis.App.csproj]
         C:\Users\NoahR\OneDrive\Desktop\Jarvis\src\Jarvis.App\RealtimeTranscriptionVoiceRuntime.cs(289,16): error CS0103: The name '_clapDetector' does not exist in the current context [C:\Users\NoahR\OneDrive\Desktop\Jarvis\src\Jarvis.App\Jarvis.App.csproj]
         C:\Users\NoahR\OneDrive\Desktop\Jarvis\src\Jarvis.App\JarvisMainForm.Layout.cs(229,9): error CS0103: The name '_historyBox' does not exist in the current context [C:\Users\NoahR\OneDrive\Desktop\Jarvis\src\Jarvis.App\Jarvis.App.csproj]
         C:\Users\NoahR\OneDrive\Desktop\Jarvis\src\Jarvis.App\JarvisMainForm.Layout.cs(230,9): error CS0103: The name '_historyBox' does not exist in the current context [C:\Users\NoahR\OneDrive\Desktop\Jarvis\src\Jarvis.App\Jarvis.App.csproj]
         C:\Users\NoahR\OneDrive\Desktop\Jarvis\src\Jarvis.App\JarvisMainForm.Layout.cs(231,9): error CS0103: The name '_historyBox' does not exist in the current context [C:\Users\NoahR\OneDrive\Desktop\Jarvis\src\Jarvis.App\Jarvis.App.csproj]
         C:\Users\NoahR\OneDrive\Desktop\Jarvis\src\Jarvis.App\JarvisMainForm.Layout.cs(231,28): error CS0103: The name '_historyMessageFont' does not exist in the current context [C:\Users\NoahR\OneDrive\Desktop\Jarvis\src\Jarvis.App\Jarvis.App.csproj]
         C:\Users\NoahR\OneDrive\Desktop\Jarvis\src\Jarvis.App\JarvisMainForm.Layout.cs(233,27): error CS0103: The name '_historyBox' does not exist in the current context [C:\Users\NoahR\OneDrive\Desktop\Jarvis\src\Jarvis.App\Jarvis.App.csproj]
         C:\Users\NoahR\OneDrive\Desktop\Jarvis\src\Jarvis.App\OpenAiCompatibleVoiceRuntime.cs(269,17): error CS0103: The name '_clapDetector' does not exist in the current context [C:\Users\NoahR\OneDrive\Desktop\Jarvis\src\Jarvis.App\Jarvis.App.csproj]
         C:\Users\NoahR\OneDrive\Desktop\Jarvis\src\Jarvis.App\OpenAiCompatibleVoiceRuntime.cs(270,20): error CS0103: The name '_clapDetector' does not exist in the current context [C:\Users\NoahR\OneDrive\Desktop\Jarvis\src\Jarvis.App\Jarvis.App.csproj]
         C:\Users\NoahR\OneDrive\Desktop\Jarvis\src\Jarvis.App\JarvisMainForm.Layout.cs(255,9): error CS0103: The name '_waveformControl' does not exist in the current context [C:\Users\NoahR\OneDrive\Desktop\Jarvis\src\Jarvis.App\Jarvis.App.csproj]
         C:\Users\NoahR\OneDrive\Desktop\Jarvis\src\Jarvis.App\JarvisMainForm.Layout.cs(269,9): error CS0103: The name '_rmsLabel' does not exist in the current context [C:\Users\NoahR\OneDrive\Desktop\Jarvis\src\Jarvis.App\Jarvis.App.csproj]
         C:\Users\NoahR\OneDrive\Desktop\Jarvis\src\Jarvis.App\JarvisMainForm.Layout.cs(270,9): error CS0103: The name '_peakLabel' does not exist in the current context [C:\Users\NoahR\OneDrive\Desktop\Jarvis\src\Jarvis.App\Jarvis.App.csproj]
         C:\Users\NoahR\OneDrive\Desktop\Jarvis\src\Jarvis.App\JarvisMainForm.Layout.cs(271,9): error CS0103: The name '_listenIndicatorLabel' does not exist in the current context [C:\Users\NoahR\OneDrive\Desktop\Jarvis\src\Jarvis.App\Jarvis.App.csproj]
         C:\Users\NoahR\OneDrive\Desktop\Jarvis\src\Jarvis.App\JarvisMainForm.Layout.cs(272,9): error CS0103: The name '_wakeIndicatorLabel' does not exist in the current context [C:\Users\NoahR\OneDrive\Desktop\Jarvis\src\Jarvis.App\Jarvis.App.csproj]
         C:\Users\NoahR\OneDrive\Desktop\Jarvis\src\Jarvis.App\JarvisMainForm.Layout.cs(272,49): error CS0103: The name '_currentOptions' does not exist in the current context [C:\Users\NoahR\OneDrive\Desktop\Jarvis\src\Jarvis.App\Jarvis.App.csproj]
         C:\Users\NoahR\OneDrive\Desktop\Jarvis\src\Jarvis.App\JarvisMainForm.Layout.cs(273,34): error CS0103: The name '_rmsLabel' does not exist in the current context [C:\Users\NoahR\OneDrive\Desktop\Jarvis\src\Jarvis.App\Jarvis.App.csproj]
         C:\Users\NoahR\OneDrive\Desktop\Jarvis\src\Jarvis.App\JarvisMainForm.Layout.cs(274,34): error CS0103: The name '_peakLabel' does not exist in the current context [C:\Users\NoahR\OneDrive\Desktop\Jarvis\src\Jarvis.App\Jarvis.App.csproj]
         C:\Users\NoahR\OneDrive\Desktop\Jarvis\src\Jarvis.App\JarvisMainForm.Layout.cs(275,34): error CS0103: The name '_listenIndicatorLabel' does not exist in the current context [C:\Users\NoahR\OneDrive\Desktop\Jarvis\src\Jarvis.App\Jarvis.App.csproj]
         C:\Users\NoahR\OneDrive\Desktop\Jarvis\src\Jarvis.App\JarvisMainForm.Layout.cs(276,34): error CS0103: The name '_wakeIndicatorLabel' does not exist in the current context [C:\Users\NoahR\OneDrive\Desktop\Jarvis\src\Jarvis.App\Jarvis.App.csproj]
         C:\Users\NoahR\OneDrive\Desktop\Jarvis\src\Jarvis.App\JarvisMainForm.Layout.cs(293,9): error CS0103: The name '_deviceComboBox' does not exist in the current context [C:\Users\NoahR\OneDrive\Desktop\Jarvis\src\Jarvis.App\Jarvis.App.csproj]
         C:\Users\NoahR\OneDrive\Desktop\Jarvis\src\Jarvis.App\JarvisMainForm.Layout.cs(303,9): error CS0103: The name '_deviceRefreshButton' does not exist in the current context [C:\Users\NoahR\OneDrive\Desktop\Jarvis\src\Jarvis.App\Jarvis.App.csproj]
         C:\Users\NoahR\OneDrive\Desktop\Jarvis\src\Jarvis.App\JarvisMainForm.Layout.cs(304,9): error CS0103: The name '_deviceRefreshButton' does not exist in the current context [C:\Users\NoahR\OneDrive\Desktop\Jarvis\src\Jarvis.App\Jarvis.App.csproj]
         C:\Users\NoahR\OneDrive\Desktop\Jarvis\src\Jarvis.App\JarvisMainForm.Layout.cs(305,9): error CS0103: The name '_deviceRefreshButton' does not exist in the current context [C:\Users\NoahR\OneDrive\Desktop\Jarvis\src\Jarvis.App\Jarvis.App.csproj]
         C:\Users\NoahR\OneDrive\Desktop\Jarvis\src\Jarvis.App\JarvisMainForm.Layout.cs(306,9): error CS0103: The name '_calibrateMicButton' does not exist in the current context [C:\Users\NoahR\OneDrive\Desktop\Jarvis\src\Jarvis.App\Jarvis.App.csproj]
         C:\Users\NoahR\OneDrive\Desktop\Jarvis\src\Jarvis.App\JarvisMainForm.Layout.cs(307,9): error CS0103: The name '_calibrateMicButton' does not exist in the current context [C:\Users\NoahR\OneDrive\Desktop\Jarvis\src\Jarvis.App\Jarvis.App.csproj]
         C:\Users\NoahR\OneDrive\Desktop\Jarvis\src\Jarvis.App\JarvisMainForm.Layout.cs(308,9): error CS0103: The name '_calibrateMicButton' does not exist in the current context [C:\Users\NoahR\OneDrive\Desktop\Jarvis\src\Jarvis.App\Jarvis.App.csproj]
         C:\Users\NoahR\OneDrive\Desktop\Jarvis\src\Jarvis.App\JarvisMainForm.Layout.cs(310,33): error CS0103: The name '_deviceComboBox' does not exist in the current context [C:\Users\NoahR\OneDrive\Desktop\Jarvis\src\Jarvis.App\Jarvis.App.csproj]
         C:\Users\NoahR\OneDrive\Desktop\Jarvis\src\Jarvis.App\JarvisMainForm.Layout.cs(311,33): error CS0103: The name '_deviceRefreshButton' does not exist in the current context [C:\Users\NoahR\OneDrive\Desktop\Jarvis\src\Jarvis.App\Jarvis.App.csproj]
         C:\Users\NoahR\OneDrive\Desktop\Jarvis\src\Jarvis.App\JarvisMainForm.Layout.cs(312,33): error CS0103: The name '_calibrateMicButton' does not exist in the current context [C:\Users\NoahR\OneDrive\Desktop\Jarvis\src\Jarvis.App\Jarvis.App.csproj]
         C:\Users\NoahR\OneDrive\Desktop\Jarvis\src\Jarvis.App\JarvisMainForm.Layout.cs(329,9): error CS0103: The name '_beamformingProfileComboBox' does not exist in the current context [C:\Users\NoahR\OneDrive\Desktop\Jarvis\src\Jarvis.App\Jarvis.App.csproj]
         C:\Users\NoahR\OneDrive\Desktop\Jarvis\src\Jarvis.App\JarvisMainForm.Layout.cs(339,9): error CS0103: The name '_calibrationStatusLabel' does not exist in the current context [C:\Users\NoahR\OneDrive\Desktop\Jarvis\src\Jarvis.App\Jarvis.App.csproj]
         C:\Users\NoahR\OneDrive\Desktop\Jarvis\src\Jarvis.App\JarvisMainForm.Layout.cs(366,13): error CS0103: The name '_currentOptions' does not exist in the current context [C:\Users\NoahR\OneDrive\Desktop\Jarvis\src\Jarvis.App\Jarvis.App.csproj]
         C:\Users\NoahR\OneDrive\Desktop\Jarvis\src\Jarvis.App\JarvisMainForm.Layout.cs(366,31): error CS0103: The name '_currentOptions' does not exist in the current context [C:\Users\NoahR\OneDrive\Desktop\Jarvis\src\Jarvis.App\Jarvis.App.csproj]
         C:\Users\NoahR\OneDrive\Desktop\Jarvis\src\Jarvis.App\JarvisMainForm.Layout.cs(367,13): error CS0103: The name '_context' does not exist in the current context [C:\Users\NoahR\OneDrive\Desktop\Jarvis\src\Jarvis.App\Jarvis.App.csproj]
         C:\Users\NoahR\OneDrive\Desktop\Jarvis\src\Jarvis.App\JarvisMainForm.Layout.cs(367,54): error CS0103: The name '_currentOptions' does not exist in the current context [C:\Users\NoahR\OneDrive\Desktop\Jarvis\src\Jarvis.App\Jarvis.App.csproj]
         C:\Users\NoahR\OneDrive\Desktop\Jarvis\src\Jarvis.App\JarvisMainForm.Layout.cs(377,13): error CS0103: The name '_currentOptions' does not exist in the current context [C:\Users\NoahR\OneDrive\Desktop\Jarvis\src\Jarvis.App\Jarvis.App.csproj]
         C:\Users\NoahR\OneDrive\Desktop\Jarvis\src\Jarvis.App\JarvisMainForm.Layout.cs(377,31): error CS0103: The name '_currentOptions' does not exist in the current context [C:\Users\NoahR\OneDrive\Desktop\Jarvis\src\Jarvis.App\Jarvis.App.csproj]
         C:\Users\NoahR\OneDrive\Desktop\Jarvis\src\Jarvis.App\JarvisMainForm.Layout.cs(378,13): error CS0103: The name '_context' does not exist in the current context [C:\Users\NoahR\OneDrive\Desktop\Jarvis\src\Jarvis.App\Jarvis.App.csproj]
         C:\Users\NoahR\OneDrive\Desktop\Jarvis\src\Jarvis.App\JarvisMainForm.Layout.cs(378,54): error CS0103: The name '_currentOptions' does not exist in the current context [C:\Users\NoahR\OneDrive\Desktop\Jarvis\src\Jarvis.App\Jarvis.App.csproj]
         C:\Users\NoahR\OneDrive\Desktop\Jarvis\src\Jarvis.App\JarvisMainForm.Layout.cs(381,33): error CS0103: The name '_beamformingProfileComboBox' does not exist in the current context [C:\Users\NoahR\OneDrive\Desktop\Jarvis\src\Jarvis.App\Jarvis.App.csproj]
         C:\Users\NoahR\OneDrive\Desktop\Jarvis\src\Jarvis.App\JarvisMainForm.Layout.cs(382,33): error CS0103: The name '_calibrationStatusLabel' does not exist in the current context [C:\Users\NoahR\OneDrive\Desktop\Jarvis\src\Jarvis.App\Jarvis.App.csproj]
         C:\Users\NoahR\OneDrive\Desktop\Jarvis\src\Jarvis.App\JarvisMainForm.Layout.cs(394,9): error CS0103: The name '_helpButton' does not exist in the current context [C:\Users\NoahR\OneDrive\Desktop\Jarvis\src\Jarvis.App\Jarvis.App.csproj]
         C:\Users\NoahR\OneDrive\Desktop\Jarvis\src\Jarvis.App\JarvisMainForm.Layout.cs(395,9): error CS0103: The name '_statusButton' does not exist in the current context [C:\Users\NoahR\OneDrive\Desktop\Jarvis\src\Jarvis.App\Jarvis.App.csproj]
         C:\Users\NoahR\OneDrive\Desktop\Jarvis\src\Jarvis.App\JarvisMainForm.Layout.cs(396,9): error CS0103: The name '_notesButton' does not exist in the current context [C:\Users\NoahR\OneDrive\Desktop\Jarvis\src\Jarvis.App\Jarvis.App.csproj]
         C:\Users\NoahR\OneDrive\Desktop\Jarvis\src\Jarvis.App\JarvisMainForm.Layout.cs(397,9): error CS0103: The name '_micToggleButton' does not exist in the current context [C:\Users\NoahR\OneDrive\Desktop\Jarvis\src\Jarvis.App\Jarvis.App.csproj]
         C:\Users\NoahR\OneDrive\Desktop\Jarvis\src\Jarvis.App\JarvisMainForm.Layout.cs(398,9): error CS0103: The name '_pushToTalkButton' does not exist in the current context [C:\Users\NoahR\OneDrive\Desktop\Jarvis\src\Jarvis.App\Jarvis.App.csproj]
         C:\Users\NoahR\OneDrive\Desktop\Jarvis\src\Jarvis.App\JarvisMainForm.Layout.cs(399,9): error CS0103: The name '_pushToTalkButton' does not exist in the current context [C:\Users\NoahR\OneDrive\Desktop\Jarvis\src\Jarvis.App\Jarvis.App.csproj]
         C:\Users\NoahR\OneDrive\Desktop\Jarvis\src\Jarvis.App\JarvisMainForm.Layout.cs(399,37): error CS0103: The name '_currentOptions' does not exist in the current context [C:\Users\NoahR\OneDrive\Desktop\Jarvis\src\Jarvis.App\Jarvis.App.csproj]
         C:\Users\NoahR\OneDrive\Desktop\Jarvis\src\Jarvis.App\JarvisMainForm.Layout.cs(400,33): error CS0103: The name '_helpButton' does not exist in the current context [C:\Users\NoahR\OneDrive\Desktop\Jarvis\src\Jarvis.App\Jarvis.App.csproj]
         C:\Users\NoahR\OneDrive\Desktop\Jarvis\src\Jarvis.App\JarvisMainForm.Layout.cs(401,33): error CS0103: The name '_statusButton' does not exist in the current context [C:\Users\NoahR\OneDrive\Desktop\Jarvis\src\Jarvis.App\Jarvis.App.csproj]
         C:\Users\NoahR\OneDrive\Desktop\Jarvis\src\Jarvis.App\JarvisMainForm.Layout.cs(402,33): error CS0103: The name '_notesButton' does not exist in the current context [C:\Users\NoahR\OneDrive\Desktop\Jarvis\src\Jarvis.App\Jarvis.App.csproj]
         C:\Users\NoahR\OneDrive\Desktop\Jarvis\src\Jarvis.App\JarvisMainForm.Layout.cs(403,33): error CS0103: The name '_micToggleButton' does not exist in the current context [C:\Users\NoahR\OneDrive\Desktop\Jarvis\src\Jarvis.App\Jarvis.App.csproj]
         C:\Users\NoahR\OneDrive\Desktop\Jarvis\src\Jarvis.App\JarvisMainForm.Layout.cs(404,33): error CS0103: The name '_pushToTalkButton' does not exist in the current context [C:\Users\NoahR\OneDrive\Desktop\Jarvis\src\Jarvis.App\Jarvis.App.csproj]
         C:\Users\NoahR\OneDrive\Desktop\Jarvis\src\Jarvis.App\JarvisMainForm.Layout.cs(410,27): error CS0103: The name '_waveformControl' does not exist in the current context [C:\Users\NoahR\OneDrive\Desktop\Jarvis\src\Jarvis.App\Jarvis.App.csproj]
         C:\Users\NoahR\OneDrive\Desktop\Jarvis\src\Jarvis.App\JarvisMainForm.Layout.cs(426,9): error CS0103: The name '_approvalSummaryLabel' does not exist in the current context [C:\Users\NoahR\OneDrive\Desktop\Jarvis\src\Jarvis.App\Jarvis.App.csproj]
         C:\Users\NoahR\OneDrive\Desktop\Jarvis\src\Jarvis.App\JarvisMainForm.Layout.cs(435,9): error CS0103: The name '_approvalPromptLabel' does not exist in the current context [C:\Users\NoahR\OneDrive\Desktop\Jarvis\src\Jarvis.App\Jarvis.App.csproj]
         C:\Users\NoahR\OneDrive\Desktop\Jarvis\src\Jarvis.App\JarvisMainForm.Layout.cs(449,9): error CS0103: The name '_approveButton' does not exist in the current context [C:\Users\NoahR\OneDrive\Desktop\Jarvis\src\Jarvis.App\Jarvis.App.csproj]
         C:\Users\NoahR\OneDrive\Desktop\Jarvis\src\Jarvis.App\JarvisMainForm.Layout.cs(450,9): error CS0103: The name '_denyButton' does not exist in the current context [C:\Users\NoahR\OneDrive\Desktop\Jarvis\src\Jarvis.App\Jarvis.App.csproj]
         C:\Users\NoahR\OneDrive\Desktop\Jarvis\src\Jarvis.App\JarvisMainForm.Layout.cs(451,33): error CS0103: The name '_approveButton' does not exist in the current context [C:\Users\NoahR\OneDrive\Desktop\Jarvis\src\Jarvis.App\Jarvis.App.csproj]
         C:\Users\NoahR\OneDrive\Desktop\Jarvis\src\Jarvis.App\JarvisMainForm.Layout.cs(452,33): error CS0103: The name '_denyButton' does not exist in the current context [C:\Users\NoahR\OneDrive\Desktop\Jarvis\src\Jarvis.App\Jarvis.App.csproj]
         C:\Users\NoahR\OneDrive\Desktop\Jarvis\src\Jarvis.App\JarvisMainForm.Layout.cs(454,27): error CS0103: The name '_approvalPromptLabel' does not exist in the current context [C:\Users\NoahR\OneDrive\Desktop\Jarvis\src\Jarvis.App\Jarvis.App.csproj]
         C:\Users\NoahR\OneDrive\Desktop\Jarvis\src\Jarvis.App\JarvisMainForm.Layout.cs(456,27): error CS0103: The name '_approvalSummaryLabel' does not exist in the current context [C:\Users\NoahR\OneDrive\Desktop\Jarvis\src\Jarvis.App\Jarvis.App.csproj]
         C:\Users\NoahR\OneDrive\Desktop\Jarvis\src\Jarvis.App\JarvisMainForm.Layout.cs(468,9): error CS0103: The name '_activityFlow' does not exist in the current context [C:\Users\NoahR\OneDrive\Desktop\Jarvis\src\Jarvis.App\Jarvis.App.csproj]
         C:\Users\NoahR\OneDrive\Desktop\Jarvis\src\Jarvis.App\JarvisMainForm.Layout.cs(473,9): error CS0103: The name '_activityFlow' does not exist in the current context [C:\Users\NoahR\OneDrive\Desktop\Jarvis\src\Jarvis.App\Jarvis.App.csproj]
         C:\Users\NoahR\OneDrive\Desktop\Jarvis\src\Jarvis.App\JarvisMainForm.Layout.cs(475,9): error CS0103: The name '_sessionSummaryCard' does not exist in the current context [C:\Users\NoahR\OneDrive\Desktop\Jarvis\src\Jarvis.App\Jarvis.App.csproj]
         C:\Users\NoahR\OneDrive\Desktop\Jarvis\src\Jarvis.App\JarvisMainForm.Layout.cs(496,9): error CS0103: The name '_backgroundLabel' does not exist in the current context [C:\Users\NoahR\OneDrive\Desktop\Jarvis\src\Jarvis.App\Jarvis.App.csproj]
         C:\Users\NoahR\OneDrive\Desktop\Jarvis\src\Jarvis.App\JarvisMainForm.Layout.cs(506,9): error CS0103: The name '_sessionBox' does not exist in the current context [C:\Users\NoahR\OneDrive\Desktop\Jarvis\src\Jarvis.App\Jarvis.App.csproj]
         C:\Users\NoahR\OneDrive\Desktop\Jarvis\src\Jarvis.App\JarvisMainForm.Layout.cs(507,9): error CS0103: The name '_sessionBox' does not exist in the current context [C:\Users\NoahR\OneDrive\Desktop\Jarvis\src\Jarvis.App\Jarvis.App.csproj]
         C:\Users\NoahR\OneDrive\Desktop\Jarvis\src\Jarvis.App\JarvisMainForm.Layout.cs(508,9): error CS0103: The name '_sessionBox' does not exist in the current context [C:\Users\NoahR\OneDrive\Desktop\Jarvis\src\Jarvis.App\Jarvis.App.csproj]
         C:\Users\NoahR\OneDrive\Desktop\Jarvis\src\Jarvis.App\JarvisMainForm.Layout.cs(509,9): error CS0103: The name '_sessionBox' does not exist in the current context [C:\Users\NoahR\OneDrive\Desktop\Jarvis\src\Jarvis.App\Jarvis.App.csproj]
         C:\Users\NoahR\OneDrive\Desktop\Jarvis\src\Jarvis.App\JarvisMainForm.Layout.cs(509,28): error CS0103: The name '_lastSessionSummary' does not exist in the current context [C:\Users\NoahR\OneDrive\Desktop\Jarvis\src\Jarvis.App\Jarvis.App.csproj]
         C:\Users\NoahR\OneDrive\Desktop\Jarvis\src\Jarvis.App\JarvisMainForm.Layout.cs(511,9): error CS0103: The name '_sessionSummaryCard' does not exist in the current context [C:\Users\NoahR\OneDrive\Desktop\Jarvis\src\Jarvis.App\Jarvis.App.csproj]
         C:\Users\NoahR\OneDrive\Desktop\Jarvis\src\Jarvis.App\JarvisMainForm.Layout.cs(511,42): error CS0103: The name '_sessionBox' does not exist in the current context [C:\Users\NoahR\OneDrive\Desktop\Jarvis\src\Jarvis.App\Jarvis.App.csproj]
         C:\Users\NoahR\OneDrive\Desktop\Jarvis\src\Jarvis.App\JarvisMainForm.Layout.cs(512,9): error CS0103: The name '_sessionSummaryCard' does not exist in the current context [C:\Users\NoahR\OneDrive\Desktop\Jarvis\src\Jarvis.App\Jarvis.App.csproj]
         C:\Users\NoahR\OneDrive\Desktop\Jarvis\src\Jarvis.App\JarvisMainForm.Layout.cs(512,42): error CS0103: The name '_backgroundLabel' does not exist in the current context [C:\Users\NoahR\OneDrive\Desktop\Jarvis\src\Jarvis.App\Jarvis.App.csproj]
         C:\Users\NoahR\OneDrive\Desktop\Jarvis\src\Jarvis.App\JarvisMainForm.Layout.cs(513,9): error CS0103: The name '_sessionSummaryCard' does not exist in the current context [C:\Users\NoahR\OneDrive\Desktop\Jarvis\src\Jarvis.App\Jarvis.App.csproj]
         C:\Users\NoahR\OneDrive\Desktop\Jarvis\src\Jarvis.App\JarvisMainForm.Layout.cs(516,9): error CS0103: The name '_activityFlow' does not exist in the current context [C:\Users\NoahR\OneDrive\Desktop\Jarvis\src\Jarvis.App\Jarvis.App.csproj]
         C:\Users\NoahR\OneDrive\Desktop\Jarvis\src\Jarvis.App\JarvisMainForm.Layout.cs(516,36): error CS0103: The name '_sessionSummaryCard' does not exist in the current context [C:\Users\NoahR\OneDrive\Desktop\Jarvis\src\Jarvis.App\Jarvis.App.csproj]
         C:\Users\NoahR\OneDrive\Desktop\Jarvis\src\Jarvis.App\JarvisMainForm.Layout.cs(518,27): error CS0103: The name '_activityFlow' does not exist in the current context [C:\Users\NoahR\OneDrive\Desktop\Jarvis\src\Jarvis.App\Jarvis.App.csproj]
         C:\Users\NoahR\OneDrive\Desktop\Jarvis\src\Jarvis.App\JarvisMainForm.Layout.cs(530,9): error CS0103: The name '_timelineBox' does not exist in the current context [C:\Users\NoahR\OneDrive\Desktop\Jarvis\src\Jarvis.App\Jarvis.App.csproj]
         C:\Users\NoahR\OneDrive\Desktop\Jarvis\src\Jarvis.App\JarvisMainForm.Layout.cs(531,9): error CS0103: The name '_timelineBox' does not exist in the current context [C:\Users\NoahR\OneDrive\Desktop\Jarvis\src\Jarvis.App\Jarvis.App.csproj]
         C:\Users\NoahR\OneDrive\Desktop\Jarvis\src\Jarvis.App\JarvisMainForm.Layout.cs(532,9): error CS0103: The name '_timelineBox' does not exist in the current context [C:\Users\NoahR\OneDrive\Desktop\Jarvis\src\Jarvis.App\Jarvis.App.csproj]
         C:\Users\NoahR\OneDrive\Desktop\Jarvis\src\Jarvis.App\JarvisMainForm.Layout.cs(534,27): error CS0103: The name '_timelineBox' does not exist in the current context [C:\Users\NoahR\OneDrive\Desktop\Jarvis\src\Jarvis.App\Jarvis.App.csproj]
         C:\Users\NoahR\OneDrive\Desktop\Jarvis\src\Jarvis.App\JarvisMainForm.Layout.cs(562,9): error CS0103: The name '_sendButton' does not exist in the current context [C:\Users\NoahR\OneDrive\Desktop\Jarvis\src\Jarvis.App\Jarvis.App.csproj]
         C:\Users\NoahR\OneDrive\Desktop\Jarvis\src\Jarvis.App\JarvisMainForm.Layout.cs(563,9): error CS0103: The name '_sendButton' does not exist in the current context [C:\Users\NoahR\OneDrive\Desktop\Jarvis\src\Jarvis.App\Jarvis.App.csproj]
         C:\Users\NoahR\OneDrive\Desktop\Jarvis\src\Jarvis.App\JarvisMainForm.Layout.cs(564,9): error CS0103: The name '_sendButton' does not exist in the current context [C:\Users\NoahR\OneDrive\Desktop\Jarvis\src\Jarvis.App\Jarvis.App.csproj]
         C:\Users\NoahR\OneDrive\Desktop\Jarvis\src\Jarvis.App\JarvisMainForm.Layout.cs(566,9): error CS0103: The name '_inputBox' does not exist in the current context [C:\Users\NoahR\OneDrive\Desktop\Jarvis\src\Jarvis.App\Jarvis.App.csproj]
         C:\Users\NoahR\OneDrive\Desktop\Jarvis\src\Jarvis.App\JarvisMainForm.Layout.cs(584,33): error CS0103: The name '_inputBox' does not exist in the current context [C:\Users\NoahR\OneDrive\Desktop\Jarvis\src\Jarvis.App\Jarvis.App.csproj]
         C:\Users\NoahR\OneDrive\Desktop\Jarvis\src\Jarvis.App\JarvisMainForm.Layout.cs(585,33): error CS0103: The name '_sendButton' does not exist in the current context [C:\Users\NoahR\OneDrive\Desktop\Jarvis\src\Jarvis.App\Jarvis.App.csproj]
         C:\Users\NoahR\OneDrive\Desktop\Jarvis\src\Jarvis.App\JarvisMainForm.Layout.cs(610,9): error CS0103: The name '_modeButtons' does not exist in the current context [C:\Users\NoahR\OneDrive\Desktop\Jarvis\src\Jarvis.App\Jarvis.App.csproj]
         C:\Users\NoahR\OneDrive\Desktop\Jarvis\src\Jarvis.App\JarvisMainForm.Layout.cs(616,13): error CS0103: The name '_surfaceMode' does not exist in the current context [C:\Users\NoahR\OneDrive\Desktop\Jarvis\src\Jarvis.App\Jarvis.App.csproj]
         C:\Users\NoahR\OneDrive\Desktop\Jarvis\src\Jarvis.App\JarvisMainForm.Layout.cs(616,38): error CS0103: The name '_isInTrayMode' does not exist in the current context [C:\Users\NoahR\OneDrive\Desktop\Jarvis\src\Jarvis.App\Jarvis.App.csproj]
         C:\Users\NoahR\OneDrive\Desktop\Jarvis\src\Jarvis.App\JarvisMainForm.Layout.cs(621,13): error CS0103: The name '_surfaceMode' does not exist in the current context [C:\Users\NoahR\OneDrive\Desktop\Jarvis\src\Jarvis.App\Jarvis.App.csproj]
         C:\Users\NoahR\OneDrive\Desktop\Jarvis\src\Jarvis.App\JarvisMainForm.Layout.cs(623,13): error CS0103: The name '_operatorBounds' does not exist in the current context [C:\Users\NoahR\OneDrive\Desktop\Jarvis\src\Jarvis.App\Jarvis.App.csproj]
         C:\Users\NoahR\OneDrive\Desktop\Jarvis\src\Jarvis.App\JarvisMainForm.Layout.cs(623,31): error CS0103: The name 'Bounds' does not exist in the current context [C:\Users\NoahR\OneDrive\Desktop\Jarvis\src\Jarvis.App\Jarvis.App.csproj]
         C:\Users\NoahR\OneDrive\Desktop\Jarvis\src\Jarvis.App\JarvisMainForm.Layout.cs(633,9): error CS0103: The name '_surfaceMode' does not exist in the current context [C:\Users\NoahR\OneDrive\Desktop\Jarvis\src\Jarvis.App\Jarvis.App.csproj]
         C:\Users\NoahR\OneDrive\Desktop\Jarvis\src\Jarvis.App\JarvisMainForm.Layout.cs(634,9): error CS0103: The name '_contentLayout' does not exist in the current context [C:\Users\NoahR\OneDrive\Desktop\Jarvis\src\Jarvis.App\Jarvis.App.csproj]
         C:\Users\NoahR\OneDrive\Desktop\Jarvis\src\Jarvis.App\JarvisMainForm.Layout.cs(635,9): error CS0103: The name '_mainColumnLayout' does not exist in the current context [C:\Users\NoahR\OneDrive\Desktop\Jarvis\src\Jarvis.App\Jarvis.App.csproj]
         C:\Users\NoahR\OneDrive\Desktop\Jarvis\src\Jarvis.App\JarvisMainForm.Layout.cs(639,34): error CS1503: Argument 1: cannot convert from 'Jarvis.App.JarvisMainForm' to 'System.Windows.Forms.Control' [C:\Users\NoahR\OneDrive\Desktop\Jarvis\src\Jarvis.App\Jarvis.App.csproj]
         C:\Users\NoahR\OneDrive\Desktop\Jarvis\src\Jarvis.App\JarvisMainForm.Layout.cs(645,17): error CS0118: 'FormBorderStyle' is a type but is used like a variable [C:\Users\NoahR\OneDrive\Desktop\Jarvis\src\Jarvis.App\Jarvis.App.csproj]
         C:\Users\NoahR\OneDrive\Desktop\Jarvis\src\Jarvis.App\JarvisMainForm.Layout.cs(646,17): error CS0103: The name 'ShowInTaskbar' does not exist in the current context [C:\Users\NoahR\OneDrive\Desktop\Jarvis\src\Jarvis.App\Jarvis.App.csproj]
         C:\Users\NoahR\OneDrive\Desktop\Jarvis\src\Jarvis.App\JarvisMainForm.Layout.cs(647,17): error CS0103: The name 'TopMost' does not exist in the current context [C:\Users\NoahR\OneDrive\Desktop\Jarvis\src\Jarvis.App\Jarvis.App.csproj]
         C:\Users\NoahR\OneDrive\Desktop\Jarvis\src\Jarvis.App\JarvisMainForm.Layout.cs(648,17): error CS0103: The name 'Opacity' does not exist in the current context [C:\Users\NoahR\OneDrive\Desktop\Jarvis\src\Jarvis.App\Jarvis.App.csproj]
         C:\Users\NoahR\OneDrive\Desktop\Jarvis\src\Jarvis.App\JarvisMainForm.Layout.cs(649,17): error CS0103: The name '_contentLayout' does not exist in the current context [C:\Users\NoahR\OneDrive\Desktop\Jarvis\src\Jarvis.App\Jarvis.App.csproj]
         C:\Users\NoahR\OneDrive\Desktop\Jarvis\src\Jarvis.App\JarvisMainForm.Layout.cs(650,17): error CS0103: The name '_contentLayout' does not exist in the current context [C:\Users\NoahR\OneDrive\Desktop\Jarvis\src\Jarvis.App\Jarvis.App.csproj]
         C:\Users\NoahR\OneDrive\Desktop\Jarvis\src\Jarvis.App\JarvisMainForm.Layout.cs(651,17): error CS0103: The name '_mainColumnLayout' does not exist in the current context [C:\Users\NoahR\OneDrive\Desktop\Jarvis\src\Jarvis.App\Jarvis.App.csproj]
         C:\Users\NoahR\OneDrive\Desktop\Jarvis\src\Jarvis.App\JarvisMainForm.Layout.cs(652,17): error CS0103: The name '_mainColumnLayout' does not exist in the current context [C:\Users\NoahR\OneDrive\Desktop\Jarvis\src\Jarvis.App\Jarvis.App.csproj]
         C:\Users\NoahR\OneDrive\Desktop\Jarvis\src\Jarvis.App\JarvisMainForm.Layout.cs(653,17): error CS0103: The name '_mainColumnLayout' does not exist in the current context [C:\Users\NoahR\OneDrive\Desktop\Jarvis\src\Jarvis.App\Jarvis.App.csproj]
         C:\Users\NoahR\OneDrive\Desktop\Jarvis\src\Jarvis.App\JarvisMainForm.Layout.cs(654,17): error CS0103: The name '_mainColumnLayout' does not exist in the current context [C:\Users\NoahR\OneDrive\Desktop\Jarvis\src\Jarvis.App\Jarvis.App.csproj]
         C:\Users\NoahR\OneDrive\Desktop\Jarvis\src\Jarvis.App\JarvisMainForm.Layout.cs(655,17): error CS0103: The name '_historyCard' does not exist in the current context [C:\Users\NoahR\OneDrive\Desktop\Jarvis\src\Jarvis.App\Jarvis.App.csproj]
         C:\Users\NoahR\OneDrive\Desktop\Jarvis\src\Jarvis.App\JarvisMainForm.Layout.cs(656,17): error CS0103: The name '_telemetryColumn' does not exist in the current context [C:\Users\NoahR\OneDrive\Desktop\Jarvis\src\Jarvis.App\Jarvis.App.csproj]
         C:\Users\NoahR\OneDrive\Desktop\Jarvis\src\Jarvis.App\JarvisMainForm.Layout.cs(657,17): error CS0103: The name '_composerPanel' does not exist in the current context [C:\Users\NoahR\OneDrive\Desktop\Jarvis\src\Jarvis.App\Jarvis.App.csproj]
         C:\Users\NoahR\OneDrive\Desktop\Jarvis\src\Jarvis.App\JarvisMainForm.Layout.cs(658,17): error CS0103: The name 'Bounds' does not exist in the current context [C:\Users\NoahR\OneDrive\Desktop\Jarvis\src\Jarvis.App\Jarvis.App.csproj]
         C:\Users\NoahR\OneDrive\Desktop\Jarvis\src\Jarvis.App\JarvisMainForm.Layout.cs(658,26): error CS0103: The name '_operatorBounds' does not exist in the current context [C:\Users\NoahR\OneDrive\Desktop\Jarvis\src\Jarvis.App\Jarvis.App.csproj]
         C:\Users\NoahR\OneDrive\Desktop\Jarvis\src\Jarvis.App\JarvisMainForm.Layout.cs(662,17): error CS0118: 'FormBorderStyle' is a type but is used like a variable [C:\Users\NoahR\OneDrive\Desktop\Jarvis\src\Jarvis.App\Jarvis.App.csproj]
         C:\Users\NoahR\OneDrive\Desktop\Jarvis\src\Jarvis.App\JarvisMainForm.Layout.cs(663,17): error CS0103: The name 'ShowInTaskbar' does not exist in the current context [C:\Users\NoahR\OneDrive\Desktop\Jarvis\src\Jarvis.App\Jarvis.App.csproj]
         C:\Users\NoahR\OneDrive\Desktop\Jarvis\src\Jarvis.App\JarvisMainForm.Layout.cs(664,17): error CS0103: The name 'TopMost' does not exist in the current context [C:\Users\NoahR\OneDrive\Desktop\Jarvis\src\Jarvis.App\Jarvis.App.csproj]
         C:\Users\NoahR\OneDrive\Desktop\Jarvis\src\Jarvis.App\JarvisMainForm.Layout.cs(665,17): error CS0103: The name 'Opacity' does not exist in the current context [C:\Users\NoahR\OneDrive\Desktop\Jarvis\src\Jarvis.App\Jarvis.App.csproj]
         C:\Users\NoahR\OneDrive\Desktop\Jarvis\src\Jarvis.App\JarvisMainForm.Layout.cs(666,17): error CS0103: The name '_contentLayout' does not exist in the current context [C:\Users\NoahR\OneDrive\Desktop\Jarvis\src\Jarvis.App\Jarvis.App.csproj]
         C:\Users\NoahR\OneDrive\Desktop\Jarvis\src\Jarvis.App\JarvisMainForm.Layout.cs(667,17): error CS0103: The name '_contentLayout' does not exist in the current context [C:\Users\NoahR\OneDrive\Desktop\Jarvis\src\Jarvis.App\Jarvis.App.csproj]
         C:\Users\NoahR\OneDrive\Desktop\Jarvis\src\Jarvis.App\JarvisMainForm.Layout.cs(668,17): error CS0103: The name '_historyCard' does not exist in the current context [C:\Users\NoahR\OneDrive\Desktop\Jarvis\src\Jarvis.App\Jarvis.App.csproj]
         C:\Users\NoahR\OneDrive\Desktop\Jarvis\src\Jarvis.App\JarvisMainForm.Layout.cs(669,17): error CS0103: The name '_telemetryColumn' does not exist in the current context [C:\Users\NoahR\OneDrive\Desktop\Jarvis\src\Jarvis.App\Jarvis.App.csproj]
         C:\Users\NoahR\OneDrive\Desktop\Jarvis\src\Jarvis.App\JarvisMainForm.Layout.cs(670,17): error CS0103: The name '_composerPanel' does not exist in the current context [C:\Users\NoahR\OneDrive\Desktop\Jarvis\src\Jarvis.App\Jarvis.App.csproj]
         C:\Users\NoahR\OneDrive\Desktop\Jarvis\src\Jarvis.App\JarvisMainForm.Layout.cs(671,17): error CS0103: The name '_mainColumnLayout' does not exist in the current context [C:\Users\NoahR\OneDrive\Desktop\Jarvis\src\Jarvis.App\Jarvis.App.csproj]
         C:\Users\NoahR\OneDrive\Desktop\Jarvis\src\Jarvis.App\JarvisMainForm.Layout.cs(672,17): error CS0103: The name '_mainColumnLayout' does not exist in the current context [C:\Users\NoahR\OneDrive\Desktop\Jarvis\src\Jarvis.App\Jarvis.App.csproj]
         C:\Users\NoahR\OneDrive\Desktop\Jarvis\src\Jarvis.App\JarvisMainForm.Layout.cs(673,17): error CS0103: The name '_mainColumnLayout' does not exist in the current context [C:\Users\NoahR\OneDrive\Desktop\Jarvis\src\Jarvis.App\Jarvis.App.csproj]
         C:\Users\NoahR\OneDrive\Desktop\Jarvis\src\Jarvis.App\JarvisMainForm.Layout.cs(674,17): error CS0103: The name '_mainColumnLayout' does not exist in the current context [C:\Users\NoahR\OneDrive\Desktop\Jarvis\src\Jarvis.App\Jarvis.App.csproj]
         C:\Users\NoahR\OneDrive\Desktop\Jarvis\src\Jarvis.App\JarvisMainForm.Layout.cs(675,17): error CS0103: The name 'Bounds' does not exist in the current context [C:\Users\NoahR\OneDrive\Desktop\Jarvis\src\Jarvis.App\Jarvis.App.csproj]
         C:\Users\NoahR\OneDrive\Desktop\Jarvis\src\Jarvis.App\JarvisMainForm.Layout.cs(679,17): error CS0118: 'FormBorderStyle' is a type but is used like a variable [C:\Users\NoahR\OneDrive\Desktop\Jarvis\src\Jarvis.App\Jarvis.App.csproj]
         C:\Users\NoahR\OneDrive\Desktop\Jarvis\src\Jarvis.App\JarvisMainForm.Layout.cs(680,17): error CS0103: The name 'ShowInTaskbar' does not exist in the current context [C:\Users\NoahR\OneDrive\Desktop\Jarvis\src\Jarvis.App\Jarvis.App.csproj]
         C:\Users\NoahR\OneDrive\Desktop\Jarvis\src\Jarvis.App\JarvisMainForm.Layout.cs(681,17): error CS0103: The name 'TopMost' does not exist in the current context [C:\Users\NoahR\OneDrive\Desktop\Jarvis\src\Jarvis.App\Jarvis.App.csproj]
         C:\Users\NoahR\OneDrive\Desktop\Jarvis\src\Jarvis.App\JarvisMainForm.Layout.cs(682,17): error CS0103: The name 'Opacity' does not exist in the current context [C:\Users\NoahR\OneDrive\Desktop\Jarvis\src\Jarvis.App\Jarvis.App.csproj]
         C:\Users\NoahR\OneDrive\Desktop\Jarvis\src\Jarvis.App\JarvisMainForm.Layout.cs(683,17): error CS0103: The name '_contentLayout' does not exist in the current context [C:\Users\NoahR\OneDrive\Desktop\Jarvis\src\Jarvis.App\Jarvis.App.csproj]
         C:\Users\NoahR\OneDrive\Desktop\Jarvis\src\Jarvis.App\JarvisMainForm.Layout.cs(684,17): error CS0103: The name '_contentLayout' does not exist in the current context [C:\Users\NoahR\OneDrive\Desktop\Jarvis\src\Jarvis.App\Jarvis.App.csproj]
         C:\Users\NoahR\OneDrive\Desktop\Jarvis\src\Jarvis.App\JarvisMainForm.Layout.cs(685,17): error CS0103: The name '_historyCard' does not exist in the current context [C:\Users\NoahR\OneDrive\Desktop\Jarvis\src\Jarvis.App\Jarvis.App.csproj]
         C:\Users\NoahR\OneDrive\Desktop\Jarvis\src\Jarvis.App\JarvisMainForm.Layout.cs(686,17): error CS0103: The name '_telemetryColumn' does not exist in the current context [C:\Users\NoahR\OneDrive\Desktop\Jarvis\src\Jarvis.App\Jarvis.App.csproj]
         C:\Users\NoahR\OneDrive\Desktop\Jarvis\src\Jarvis.App\JarvisMainForm.Layout.cs(687,17): error CS0103: The name '_composerPanel' does not exist in the current context [C:\Users\NoahR\OneDrive\Desktop\Jarvis\src\Jarvis.App\Jarvis.App.csproj]
         C:\Users\NoahR\OneDrive\Desktop\Jarvis\src\Jarvis.App\JarvisMainForm.Layout.cs(688,17): error CS0103: The name '_mainColumnLayout' does not exist in the current context [C:\Users\NoahR\OneDrive\Desktop\Jarvis\src\Jarvis.App\Jarvis.App.csproj]
         C:\Users\NoahR\OneDrive\Desktop\Jarvis\src\Jarvis.App\JarvisMainForm.Layout.cs(689,17): error CS0103: The name '_mainColumnLayout' does not exist in the current context [C:\Users\NoahR\OneDrive\Desktop\Jarvis\src\Jarvis.App\Jarvis.App.csproj]
         C:\Users\NoahR\OneDrive\Desktop\Jarvis\src\Jarvis.App\JarvisMainForm.Layout.cs(690,17): error CS0103: The name '_mainColumnLayout' does not exist in the current context [C:\Users\NoahR\OneDrive\Desktop\Jarvis\src\Jarvis.App\Jarvis.App.csproj]
         C:\Users\NoahR\OneDrive\Desktop\Jarvis\src\Jarvis.App\JarvisMainForm.Layout.cs(691,17): error CS0103: The name '_mainColumnLayout' does not exist in the current context [C:\Users\NoahR\OneDrive\Desktop\Jarvis\src\Jarvis.App\Jarvis.App.csproj]
         C:\Users\NoahR\OneDrive\Desktop\Jarvis\src\Jarvis.App\JarvisMainForm.Layout.cs(692,17): error CS0103: The name 'Bounds' does not exist in the current context [C:\Users\NoahR\OneDrive\Desktop\Jarvis\src\Jarvis.App\Jarvis.App.csproj]
         C:\Users\NoahR\OneDrive\Desktop\Jarvis\src\Jarvis.App\JarvisMainForm.Layout.cs(696,17): error CS0118: 'FormBorderStyle' is a type but is used like a variable [C:\Users\NoahR\OneDrive\Desktop\Jarvis\src\Jarvis.App\Jarvis.App.csproj]
         C:\Users\NoahR\OneDrive\Desktop\Jarvis\src\Jarvis.App\JarvisMainForm.Layout.cs(697,17): error CS0103: The name 'ShowInTaskbar' does not exist in the current context [C:\Users\NoahR\OneDrive\Desktop\Jarvis\src\Jarvis.App\Jarvis.App.csproj]
         C:\Users\NoahR\OneDrive\Desktop\Jarvis\src\Jarvis.App\JarvisMainForm.Layout.cs(698,17): error CS0103: The name 'TopMost' does not exist in the current context [C:\Users\NoahR\OneDrive\Desktop\Jarvis\src\Jarvis.App\Jarvis.App.csproj]
         C:\Users\NoahR\OneDrive\Desktop\Jarvis\src\Jarvis.App\JarvisMainForm.Layout.cs(699,17): error CS0103: The name 'Opacity' does not exist in the current context [C:\Users\NoahR\OneDrive\Desktop\Jarvis\src\Jarvis.App\Jarvis.App.csproj]
         C:\Users\NoahR\OneDrive\Desktop\Jarvis\src\Jarvis.App\JarvisMainForm.Layout.cs(700,17): error CS0103: The name '_contentLayout' does not exist in the current context [C:\Users\NoahR\OneDrive\Desktop\Jarvis\src\Jarvis.App\Jarvis.App.csproj]
         C:\Users\NoahR\OneDrive\Desktop\Jarvis\src\Jarvis.App\JarvisMainForm.Layout.cs(701,17): error CS0103: The name '_contentLayout' does not exist in the current context [C:\Users\NoahR\OneDrive\Desktop\Jarvis\src\Jarvis.App\Jarvis.App.csproj]
         C:\Users\NoahR\OneDrive\Desktop\Jarvis\src\Jarvis.App\JarvisMainForm.Layout.cs(702,17): error CS0103: The name '_historyCard' does not exist in the current context [C:\Users\NoahR\OneDrive\Desktop\Jarvis\src\Jarvis.App\Jarvis.App.csproj]
         C:\Users\NoahR\OneDrive\Desktop\Jarvis\src\Jarvis.App\JarvisMainForm.Layout.cs(703,17): error CS0103: The name '_telemetryColumn' does not exist in the current context [C:\Users\NoahR\OneDrive\Desktop\Jarvis\src\Jarvis.App\Jarvis.App.csproj]
         C:\Users\NoahR\OneDrive\Desktop\Jarvis\src\Jarvis.App\JarvisMainForm.Layout.cs(704,17): error CS0103: The name '_composerPanel' does not exist in the current context [C:\Users\NoahR\OneDrive\Desktop\Jarvis\src\Jarvis.App\Jarvis.App.csproj]
         C:\Users\NoahR\OneDrive\Desktop\Jarvis\src\Jarvis.App\JarvisMainForm.Layout.cs(705,17): error CS0103: The name '_mainColumnLayout' does not exist in the current context [C:\Users\NoahR\OneDrive\Desktop\Jarvis\src\Jarvis.App\Jarvis.App.csproj]
         C:\Users\NoahR\OneDrive\Desktop\Jarvis\src\Jarvis.App\JarvisMainForm.Layout.cs(706,17): error CS0103: The name '_mainColumnLayout' does not exist in the current context [C:\Users\NoahR\OneDrive\Desktop\Jarvis\src\Jarvis.App\Jarvis.App.csproj]
         C:\Users\NoahR\OneDrive\Desktop\Jarvis\src\Jarvis.App\JarvisMainForm.Layout.cs(707,17): error CS0103: The name '_mainColumnLayout' does not exist in the current context [C:\Users\NoahR\OneDrive\Desktop\Jarvis\src\Jarvis.App\Jarvis.App.csproj]
         C:\Users\NoahR\OneDrive\Desktop\Jarvis\src\Jarvis.App\JarvisMainForm.Layout.cs(708,17): error CS0103: The name '_mainColumnLayout' does not exist in the current context [C:\Users\NoahR\OneDrive\Desktop\Jarvis\src\Jarvis.App\Jarvis.App.csproj]
         C:\Users\NoahR\OneDrive\Desktop\Jarvis\src\Jarvis.App\JarvisMainForm.Layout.cs(709,17): error CS0103: The name 'Bounds' does not exist in the current context [C:\Users\NoahR\OneDrive\Desktop\Jarvis\src\Jarvis.App\Jarvis.App.csproj]
         C:\Users\NoahR\OneDrive\Desktop\Jarvis\src\Jarvis.App\JarvisMainForm.Layout.cs(713,17): error CS0118: 'FormBorderStyle' is a type but is used like a variable [C:\Users\NoahR\OneDrive\Desktop\Jarvis\src\Jarvis.App\Jarvis.App.csproj]
         C:\Users\NoahR\OneDrive\Desktop\Jarvis\src\Jarvis.App\JarvisMainForm.Layout.cs(714,17): error CS0103: The name 'ShowInTaskbar' does not exist in the current context [C:\Users\NoahR\OneDrive\Desktop\Jarvis\src\Jarvis.App\Jarvis.App.csproj]
         C:\Users\NoahR\OneDrive\Desktop\Jarvis\src\Jarvis.App\JarvisMainForm.Layout.cs(715,17): error CS0103: The name 'TopMost' does not exist in the current context [C:\Users\NoahR\OneDrive\Desktop\Jarvis\src\Jarvis.App\Jarvis.App.csproj]
         C:\Users\NoahR\OneDrive\Desktop\Jarvis\src\Jarvis.App\JarvisMainForm.Layout.cs(716,17): error CS0103: The name 'Opacity' does not exist in the current context [C:\Users\NoahR\OneDrive\Desktop\Jarvis\src\Jarvis.App\Jarvis.App.csproj]
         C:\Users\NoahR\OneDrive\Desktop\Jarvis\src\Jarvis.App\JarvisMainForm.Layout.cs(717,17): error CS0103: The name '_contentLayout' does not exist in the current context [C:\Users\NoahR\OneDrive\Desktop\Jarvis\src\Jarvis.App\Jarvis.App.csproj]
         C:\Users\NoahR\OneDrive\Desktop\Jarvis\src\Jarvis.App\JarvisMainForm.Layout.cs(718,17): error CS0103: The name '_contentLayout' does not exist in the current context [C:\Users\NoahR\OneDrive\Desktop\Jarvis\src\Jarvis.App\Jarvis.App.csproj]
         C:\Users\NoahR\OneDrive\Desktop\Jarvis\src\Jarvis.App\JarvisMainForm.Layout.cs(719,17): error CS0103: The name '_historyCard' does not exist in the current context [C:\Users\NoahR\OneDrive\Desktop\Jarvis\src\Jarvis.App\Jarvis.App.csproj]
         C:\Users\NoahR\OneDrive\Desktop\Jarvis\src\Jarvis.App\JarvisMainForm.Layout.cs(720,17): error CS0103: The name '_telemetryColumn' does not exist in the current context [C:\Users\NoahR\OneDrive\Desktop\Jarvis\src\Jarvis.App\Jarvis.App.csproj]
         C:\Users\NoahR\OneDrive\Desktop\Jarvis\src\Jarvis.App\JarvisMainForm.Layout.cs(721,17): error CS0103: The name '_composerPanel' does not exist in the current context [C:\Users\NoahR\OneDrive\Desktop\Jarvis\src\Jarvis.App\Jarvis.App.csproj]
         C:\Users\NoahR\OneDrive\Desktop\Jarvis\src\Jarvis.App\JarvisMainForm.Layout.cs(722,17): error CS0103: The name '_mainColumnLayout' does not exist in the current context [C:\Users\NoahR\OneDrive\Desktop\Jarvis\src\Jarvis.App\Jarvis.App.csproj]
         C:\Users\NoahR\OneDrive\Desktop\Jarvis\src\Jarvis.App\JarvisMainForm.Layout.cs(723,17): error CS0103: The name '_mainColumnLayout' does not exist in the current context [C:\Users\NoahR\OneDrive\Desktop\Jarvis\src\Jarvis.App\Jarvis.App.csproj]
         C:\Users\NoahR\OneDrive\Desktop\Jarvis\src\Jarvis.App\JarvisMainForm.Layout.cs(724,17): error CS0103: The name '_mainColumnLayout' does not exist in the current context [C:\Users\NoahR\OneDrive\Desktop\Jarvis\src\Jarvis.App\Jarvis.App.csproj]
         C:\Users\NoahR\OneDrive\Desktop\Jarvis\src\Jarvis.App\JarvisMainForm.Layout.cs(725,17): error CS0103: The name '_mainColumnLayout' does not exist in the current context [C:\Users\NoahR\OneDrive\Desktop\Jarvis\src\Jarvis.App\Jarvis.App.csproj]
         C:\Users\NoahR\OneDrive\Desktop\Jarvis\src\Jarvis.App\JarvisMainForm.Layout.cs(726,17): error CS0103: The name 'Bounds' does not exist in the current context [C:\Users\NoahR\OneDrive\Desktop\Jarvis\src\Jarvis.App\Jarvis.App.csproj]
         C:\Users\NoahR\OneDrive\Desktop\Jarvis\src\Jarvis.App\JarvisMainForm.Layout.cs(730,9): error CS0103: The name '_mainColumnLayout' does not exist in the current context [C:\Users\NoahR\OneDrive\Desktop\Jarvis\src\Jarvis.App\Jarvis.App.csproj]
         C:\Users\NoahR\OneDrive\Desktop\Jarvis\src\Jarvis.App\JarvisMainForm.Layout.cs(731,9): error CS0103: The name '_contentLayout' does not exist in the current context [C:\Users\NoahR\OneDrive\Desktop\Jarvis\src\Jarvis.App\Jarvis.App.csproj]
         C:\Users\NoahR\OneDrive\Desktop\Jarvis\src\Jarvis.App\JarvisMainForm.Layout.cs(738,30): error CS0103: The name '_modeButtons' does not exist in the current context [C:\Users\NoahR\OneDrive\Desktop\Jarvis\src\Jarvis.App\Jarvis.App.csproj]
         C:\Users\NoahR\OneDrive\Desktop\Jarvis\src\Jarvis.App\JarvisMainForm.Layout.cs(740,38): error CS0103: The name '_surfaceMode' does not exist in the current context [C:\Users\NoahR\OneDrive\Desktop\Jarvis\src\Jarvis.App\Jarvis.App.csproj]
         C:\Users\NoahR\OneDrive\Desktop\Jarvis\src\Jarvis.App\JarvisMainForm.Layout.cs(742,60): error CS0103: The name '_surfaceState' does not exist in the current context [C:\Users\NoahR\OneDrive\Desktop\Jarvis\src\Jarvis.App\Jarvis.App.csproj]
         C:\Users\NoahR\OneDrive\Desktop\Jarvis\src\Jarvis.App\JarvisMainForm.Layout.cs(743,77): error CS0103: The name '_surfaceState' does not exist in the current context [C:\Users\NoahR\OneDrive\Desktop\Jarvis\src\Jarvis.App\Jarvis.App.csproj]
         C:\Users\NoahR\OneDrive\Desktop\Jarvis\src\Jarvis.App\JarvisMainForm.Layout.cs(749,9): error CS0103: The name '_modeStatusLabel' does not exist in the current context [C:\Users\NoahR\OneDrive\Desktop\Jarvis\src\Jarvis.App\Jarvis.App.csproj]
         C:\Users\NoahR\OneDrive\Desktop\Jarvis\src\Jarvis.App\JarvisMainForm.Layout.cs(749,33): error CS0103: The name '_surfaceMode' does not exist in the current context [C:\Users\NoahR\OneDrive\Desktop\Jarvis\src\Jarvis.App\Jarvis.App.csproj]
         C:\Users\NoahR\OneDrive\Desktop\Jarvis\src\Jarvis.App\JarvisMainForm.Layout.cs(772,9): error CS0103: The name '_stageLabels' does not exist in the current context [C:\Users\NoahR\OneDrive\Desktop\Jarvis\src\Jarvis.App\Jarvis.App.csproj]
         C:\Users\NoahR\OneDrive\Desktop\Jarvis\src\Jarvis.App\JarvisMainForm.Runtime.cs(15,13): error CS0103: The name '_isRefreshingUiState' does not exist in the current context [C:\Users\NoahR\OneDrive\Desktop\Jarvis\src\Jarvis.App\Jarvis.App.csproj]
         C:\Users\NoahR\OneDrive\Desktop\Jarvis\src\Jarvis.App\JarvisMainForm.Runtime.cs(15,37): error CS0103: The name '_cancellationTokenSource' does not exist in the current context [C:\Users\NoahR\OneDrive\Desktop\Jarvis\src\Jarvis.App\Jarvis.App.csproj]
         C:\Users\NoahR\OneDrive\Desktop\Jarvis\src\Jarvis.App\JarvisMainForm.Runtime.cs(20,9): error CS0103: The name '_isRefreshingUiState' does not exist in the current context [C:\Users\NoahR\OneDrive\Desktop\Jarvis\src\Jarvis.App\Jarvis.App.csproj]
         C:\Users\NoahR\OneDrive\Desktop\Jarvis\src\Jarvis.App\JarvisMainForm.Runtime.cs(34,13): error CS0103: The name '_isRefreshingUiState' does not exist in the current context [C:\Users\NoahR\OneDrive\Desktop\Jarvis\src\Jarvis.App\Jarvis.App.csproj]
         C:\Users\NoahR\OneDrive\Desktop\Jarvis\src\Jarvis.App\JarvisMainForm.Runtime.cs(47,37): error CS0103: The name '_context' does not exist in the current context [C:\Users\NoahR\OneDrive\Desktop\Jarvis\src\Jarvis.App\Jarvis.App.csproj]
         C:\Users\NoahR\OneDrive\Desktop\Jarvis\src\Jarvis.App\JarvisMainForm.Runtime.cs(47,80): error CS0103: The name '_cancellationTokenSource' does not exist in the current context [C:\Users\NoahR\OneDrive\Desktop\Jarvis\src\Jarvis.App\Jarvis.App.csproj]
         C:\Users\NoahR\OneDrive\Desktop\Jarvis\src\Jarvis.App\JarvisMainForm.Runtime.cs(53,39): error CS0103: The name '_activeSessionId' does not exist in the current context [C:\Users\NoahR\OneDrive\Desktop\Jarvis\src\Jarvis.App\Jarvis.App.csproj]
         C:\Users\NoahR\OneDrive\Desktop\Jarvis\src\Jarvis.App\JarvisMainForm.Runtime.cs(55,13): error CS0103: The name '_sessionBox' does not exist in the current context [C:\Users\NoahR\OneDrive\Desktop\Jarvis\src\Jarvis.App\Jarvis.App.csproj]
         C:\Users\NoahR\OneDrive\Desktop\Jarvis\src\Jarvis.App\JarvisMainForm.Runtime.cs(55,32): error CS0103: The name '_lastSessionSummary' does not exist in the current context [C:\Users\NoahR\OneDrive\Desktop\Jarvis\src\Jarvis.App\Jarvis.App.csproj]
         C:\Users\NoahR\OneDrive\Desktop\Jarvis\src\Jarvis.App\JarvisMainForm.Runtime.cs(59,29): error CS0103: The name '_context' does not exist in the current context [C:\Users\NoahR\OneDrive\Desktop\Jarvis\src\Jarvis.App\Jarvis.App.csproj]
         C:\Users\NoahR\OneDrive\Desktop\Jarvis\src\Jarvis.App\JarvisMainForm.Runtime.cs(59,64): error CS0103: The name '_activeSessionId' does not exist in the current context [C:\Users\NoahR\OneDrive\Desktop\Jarvis\src\Jarvis.App\Jarvis.App.csproj]
         C:\Users\NoahR\OneDrive\Desktop\Jarvis\src\Jarvis.App\JarvisMainForm.Runtime.cs(59,82): error CS0103: The name '_cancellationTokenSource' does not exist in the current context [C:\Users\NoahR\OneDrive\Desktop\Jarvis\src\Jarvis.App\Jarvis.App.csproj]
         C:\Users\NoahR\OneDrive\Desktop\Jarvis\src\Jarvis.App\JarvisMainForm.Runtime.cs(63,13): error CS0103: The name '_activeSessionId' does not exist in the current context [C:\Users\NoahR\OneDrive\Desktop\Jarvis\src\Jarvis.App\Jarvis.App.csproj]
         C:\Users\NoahR\OneDrive\Desktop\Jarvis\src\Jarvis.App\JarvisMainForm.Runtime.cs(64,13): error CS0103: The name '_sessionBox' does not exist in the current context [C:\Users\NoahR\OneDrive\Desktop\Jarvis\src\Jarvis.App\Jarvis.App.csproj]
         C:\Users\NoahR\OneDrive\Desktop\Jarvis\src\Jarvis.App\JarvisMainForm.Runtime.cs(64,32): error CS0103: The name '_lastSessionSummary' does not exist in the current context [C:\Users\NoahR\OneDrive\Desktop\Jarvis\src\Jarvis.App\Jarvis.App.csproj]
         C:\Users\NoahR\OneDrive\Desktop\Jarvis\src\Jarvis.App\JarvisMainForm.Runtime.cs(68,9): error CS0103: The name '_sessionBox' does not exist in the current context [C:\Users\NoahR\OneDrive\Desktop\Jarvis\src\Jarvis.App\Jarvis.App.csproj]
         C:\Users\NoahR\OneDrive\Desktop\Jarvis\src\Jarvis.App\JarvisMainForm.Runtime.cs(73,40): error CS0103: The name '_context' does not exist in the current context [C:\Users\NoahR\OneDrive\Desktop\Jarvis\src\Jarvis.App\Jarvis.App.csproj]
         C:\Users\NoahR\OneDrive\Desktop\Jarvis\src\Jarvis.App\JarvisMainForm.Runtime.cs(73,86): error CS0103: The name '_cancellationTokenSource' does not exist in the current context [C:\Users\NoahR\OneDrive\Desktop\Jarvis\src\Jarvis.App\Jarvis.App.csproj]
         C:\Users\NoahR\OneDrive\Desktop\Jarvis\src\Jarvis.App\JarvisMainForm.Runtime.cs(75,13): error CS0019: Operator '==' cannot be applied to operands of type 'method group' and 'int' [C:\Users\NoahR\OneDrive\Desktop\Jarvis\src\Jarvis.App\Jarvis.App.csproj]
         C:\Users\NoahR\OneDrive\Desktop\Jarvis\src\Jarvis.App\JarvisMainForm.Runtime.cs(77,13): error CS0103: The name '_backgroundLabel' does not exist in the current context [C:\Users\NoahR\OneDrive\Desktop\Jarvis\src\Jarvis.App\Jarvis.App.csproj]
         C:\Users\NoahR\OneDrive\Desktop\Jarvis\src\Jarvis.App\JarvisMainForm.Runtime.cs(81,9): error CS0103: The name '_backgroundLabel' does not exist in the current context [C:\Users\NoahR\OneDrive\Desktop\Jarvis\src\Jarvis.App\Jarvis.App.csproj]
         C:\Users\NoahR\OneDrive\Desktop\Jarvis\src\Jarvis.App\JarvisMainForm.Runtime.cs(90,39): error CS0103: The name '_inputBox' does not exist in the current context [C:\Users\NoahR\OneDrive\Desktop\Jarvis\src\Jarvis.App\Jarvis.App.csproj]
         C:\Users\NoahR\OneDrive\Desktop\Jarvis\src\Jarvis.App\JarvisMainForm.Runtime.cs(96,13): error CS0103: The name '_cancellationTokenSource' does not exist in the current context [C:\Users\NoahR\OneDrive\Desktop\Jarvis\src\Jarvis.App\Jarvis.App.csproj]
         C:\Users\NoahR\OneDrive\Desktop\Jarvis\src\Jarvis.App\JarvisMainForm.Runtime.cs(96,65): error CS0103: The name '_isSubmitting' does not exist in the current context [C:\Users\NoahR\OneDrive\Desktop\Jarvis\src\Jarvis.App\Jarvis.App.csproj]
         C:\Users\NoahR\OneDrive\Desktop\Jarvis\src\Jarvis.App\JarvisMainForm.Runtime.cs(106,9): error CS0103: The name '_isSubmitting' does not exist in the current context [C:\Users\NoahR\OneDrive\Desktop\Jarvis\src\Jarvis.App\Jarvis.App.csproj]
         C:\Users\NoahR\OneDrive\Desktop\Jarvis\src\Jarvis.App\JarvisMainForm.Runtime.cs(107,9): error CS0103: The name '_lastAssistantKind' does not exist in the current context [C:\Users\NoahR\OneDrive\Desktop\Jarvis\src\Jarvis.App\Jarvis.App.csproj]
         C:\Users\NoahR\OneDrive\Desktop\Jarvis\src\Jarvis.App\JarvisMainForm.Runtime.cs(108,9): error CS0103: The name '_lastAssistantDetail' does not exist in the current context [C:\Users\NoahR\OneDrive\Desktop\Jarvis\src\Jarvis.App\Jarvis.App.csproj]
         C:\Users\NoahR\OneDrive\Desktop\Jarvis\src\Jarvis.App\JarvisMainForm.Runtime.cs(116,17): error CS0103: The name '_inputBox' does not exist in the current context [C:\Users\NoahR\OneDrive\Desktop\Jarvis\src\Jarvis.App\Jarvis.App.csproj]
         C:\Users\NoahR\OneDrive\Desktop\Jarvis\src\Jarvis.App\JarvisMainForm.Runtime.cs(120,13): error CS0103: The name '_promptEchoLabel' does not exist in the current context [C:\Users\NoahR\OneDrive\Desktop\Jarvis\src\Jarvis.App\Jarvis.App.csproj]
         C:\Users\NoahR\OneDrive\Desktop\Jarvis\src\Jarvis.App\JarvisMainForm.Runtime.cs(121,13): error CS0103: The name '_liveResponseBox' does not exist in the current context [C:\Users\NoahR\OneDrive\Desktop\Jarvis\src\Jarvis.App\Jarvis.App.csproj]
         C:\Users\NoahR\OneDrive\Desktop\Jarvis\src\Jarvis.App\JarvisMainForm.Runtime.cs(127,71): error CS0103: The name '_cancellationTokenSource' does not exist in the current context [C:\Users\NoahR\OneDrive\Desktop\Jarvis\src\Jarvis.App\Jarvis.App.csproj]
         C:\Users\NoahR\OneDrive\Desktop\Jarvis\src\Jarvis.App\JarvisMainForm.Runtime.cs(130,30): error CS0103: The name '_context' does not exist in the current context [C:\Users\NoahR\OneDrive\Desktop\Jarvis\src\Jarvis.App\Jarvis.App.csproj]
         C:\Users\NoahR\OneDrive\Desktop\Jarvis\src\Jarvis.App\JarvisMainForm.Runtime.cs(130,68): error CS0103: The name '_cancellationTokenSource' does not exist in the current context [C:\Users\NoahR\OneDrive\Desktop\Jarvis\src\Jarvis.App\Jarvis.App.csproj]
         C:\Users\NoahR\OneDrive\Desktop\Jarvis\src\Jarvis.App\JarvisMainForm.Runtime.cs(131,13): error CS0103: The name '_activeSessionId' does not exist in the current context [C:\Users\NoahR\OneDrive\Desktop\Jarvis\src\Jarvis.App\Jarvis.App.csproj]
         C:\Users\NoahR\OneDrive\Desktop\Jarvis\src\Jarvis.App\JarvisMainForm.Runtime.cs(134,63): error CS0103: The name '_pendingApproval' does not exist in the current context [C:\Users\NoahR\OneDrive\Desktop\Jarvis\src\Jarvis.App\Jarvis.App.csproj]
         C:\Users\NoahR\OneDrive\Desktop\Jarvis\src\Jarvis.App\JarvisMainForm.Runtime.cs(135,61): error CS0103: The name '_cancellationTokenSource' does not exist in the current context [C:\Users\NoahR\OneDrive\Desktop\Jarvis\src\Jarvis.App\Jarvis.App.csproj]
         C:\Users\NoahR\OneDrive\Desktop\Jarvis\src\Jarvis.App\JarvisMainForm.Runtime.cs(137,36): error CS0103: The name '_pendingApproval' does not exist in the current context [C:\Users\NoahR\OneDrive\Desktop\Jarvis\src\Jarvis.App\Jarvis.App.csproj]
         C:\Users\NoahR\OneDrive\Desktop\Jarvis\src\Jarvis.App\JarvisMainForm.Runtime.cs(139,17): error CS0103: The name '_pendingApproval' does not exist in the current context [C:\Users\NoahR\OneDrive\Desktop\Jarvis\src\Jarvis.App\Jarvis.App.csproj]
         C:\Users\NoahR\OneDrive\Desktop\Jarvis\src\Jarvis.App\JarvisMainForm.Runtime.cs(141,55): error CS0103: The name '_cancellationTokenSource' does not exist in the current context [C:\Users\NoahR\OneDrive\Desktop\Jarvis\src\Jarvis.App\Jarvis.App.csproj]
         C:\Users\NoahR\OneDrive\Desktop\Jarvis\src\Jarvis.App\JarvisMainForm.Runtime.cs(146,17): error CS0103: The name 'ExitApplication' does not exist in the current context [C:\Users\NoahR\OneDrive\Desktop\Jarvis\src\Jarvis.App\Jarvis.App.csproj]
         C:\Users\NoahR\OneDrive\Desktop\Jarvis\src\Jarvis.App\JarvisMainForm.Runtime.cs(155,13): error CS0103: The name '_liveResponseBox' does not exist in the current context [C:\Users\NoahR\OneDrive\Desktop\Jarvis\src\Jarvis.App\Jarvis.App.csproj]
         C:\Users\NoahR\OneDrive\Desktop\Jarvis\src\Jarvis.App\JarvisMainForm.Runtime.cs(159,13): error CS0103: The name '_lastAssistantKind' does not exist in the current context [C:\Users\NoahR\OneDrive\Desktop\Jarvis\src\Jarvis.App\Jarvis.App.csproj]
         C:\Users\NoahR\OneDrive\Desktop\Jarvis\src\Jarvis.App\JarvisMainForm.Runtime.cs(160,13): error CS0103: The name '_lastAssistantDetail' does not exist in the current context [C:\Users\NoahR\OneDrive\Desktop\Jarvis\src\Jarvis.App\Jarvis.App.csproj]
         C:\Users\NoahR\OneDrive\Desktop\Jarvis\src\Jarvis.App\JarvisMainForm.Runtime.cs(165,13): error CS0103: The name '_isSubmitting' does not exist in the current context [C:\Users\NoahR\OneDrive\Desktop\Jarvis\src\Jarvis.App\Jarvis.App.csproj]
         C:\Users\NoahR\OneDrive\Desktop\Jarvis\src\Jarvis.App\JarvisMainForm.Runtime.cs(168,13): error CS0103: The name '_inputBox' does not exist in the current context [C:\Users\NoahR\OneDrive\Desktop\Jarvis\src\Jarvis.App\Jarvis.App.csproj]
         C:\Users\NoahR\OneDrive\Desktop\Jarvis\src\Jarvis.App\JarvisMainForm.Runtime.cs(170,40): error CS0103: The name '_queuedBargeInCommand' does not exist in the current context [C:\Users\NoahR\OneDrive\Desktop\Jarvis\src\Jarvis.App\Jarvis.App.csproj]
         C:\Users\NoahR\OneDrive\Desktop\Jarvis\src\Jarvis.App\JarvisMainForm.Runtime.cs(171,13): error CS0103: The name '_queuedBargeInCommand' does not exist in the current context [C:\Users\NoahR\OneDrive\Desktop\Jarvis\src\Jarvis.App\Jarvis.App.csproj]
         C:\Users\NoahR\OneDrive\Desktop\Jarvis\src\Jarvis.App\JarvisMainForm.Runtime.cs(174,21): error CS0103: The name '_cancellationTokenSource' does not exist in the current context [C:\Users\NoahR\OneDrive\Desktop\Jarvis\src\Jarvis.App\Jarvis.App.csproj]
         C:\Users\NoahR\OneDrive\Desktop\Jarvis\src\Jarvis.App\JarvisMainForm.Runtime.cs(175,20): error CS0103: The name 'CanUseUi' does not exist in the current context [C:\Users\NoahR\OneDrive\Desktop\Jarvis\src\Jarvis.App\Jarvis.App.csproj]
         C:\Users\NoahR\OneDrive\Desktop\Jarvis\src\Jarvis.App\JarvisMainForm.Runtime.cs(177,17): error CS0103: The name 'BeginInvoke' does not exist in the current context [C:\Users\NoahR\OneDrive\Desktop\Jarvis\src\Jarvis.App\Jarvis.App.csproj]
         C:\Users\NoahR\OneDrive\Desktop\Jarvis\src\Jarvis.App\JarvisMainForm.Runtime.cs(179,25): error CS0103: The name 'CanUseUi' does not exist in the current context [C:\Users\NoahR\OneDrive\Desktop\Jarvis\src\Jarvis.App\Jarvis.App.csproj]
         C:\Users\NoahR\OneDrive\Desktop\Jarvis\src\Jarvis.App\JarvisMainForm.Runtime.cs(190,13): error CS0103: The name '_pendingApproval' does not exist in the current context [C:\Users\NoahR\OneDrive\Desktop\Jarvis\src\Jarvis.App\Jarvis.App.csproj]
         C:\Users\NoahR\OneDrive\Desktop\Jarvis\src\Jarvis.App\JarvisMainForm.Runtime.cs(190,41): error CS0103: The name '_isSubmitting' does not exist in the current context [C:\Users\NoahR\OneDrive\Desktop\Jarvis\src\Jarvis.App\Jarvis.App.csproj]
         C:\Users\NoahR\OneDrive\Desktop\Jarvis\src\Jarvis.App\JarvisMainForm.Runtime.cs(206,9): error CS0103: The name '_liveResponseCts' does not exist in the current context [C:\Users\NoahR\OneDrive\Desktop\Jarvis\src\Jarvis.App\Jarvis.App.csproj]
         C:\Users\NoahR\OneDrive\Desktop\Jarvis\src\Jarvis.App\JarvisMainForm.Runtime.cs(207,9): error CS0103: The name '_liveResponseCts' does not exist in the current context [C:\Users\NoahR\OneDrive\Desktop\Jarvis\src\Jarvis.App\Jarvis.App.csproj]
         C:\Users\NoahR\OneDrive\Desktop\Jarvis\src\Jarvis.App\JarvisMainForm.Runtime.cs(208,9): error CS0103: The name '_liveResponseCts' does not exist in the current context [C:\Users\NoahR\OneDrive\Desktop\Jarvis\src\Jarvis.App\Jarvis.App.csproj]
         C:\Users\NoahR\OneDrive\Desktop\Jarvis\src\Jarvis.App\JarvisMainForm.Runtime.cs(209,21): error CS0103: The name '_liveResponseCts' does not exist in the current context [C:\Users\NoahR\OneDrive\Desktop\Jarvis\src\Jarvis.App\Jarvis.App.csproj]
         C:\Users\NoahR\OneDrive\Desktop\Jarvis\src\Jarvis.App\JarvisMainForm.Runtime.cs(211,9): error CS0103: The name '_liveResponseBox' does not exist in the current context [C:\Users\NoahR\OneDrive\Desktop\Jarvis\src\Jarvis.App\Jarvis.App.csproj]
         C:\Users\NoahR\OneDrive\Desktop\Jarvis\src\Jarvis.App\JarvisMainForm.Runtime.cs(217,13): error CS0103: The name '_liveResponseBox' does not exist in the current context [C:\Users\NoahR\OneDrive\Desktop\Jarvis\src\Jarvis.App\Jarvis.App.csproj]
         C:\Users\NoahR\OneDrive\Desktop\Jarvis\src\Jarvis.App\JarvisMainForm.Runtime.cs(218,13): error CS0103: The name '_liveResponseBox' does not exist in the current context [C:\Users\NoahR\OneDrive\Desktop\Jarvis\src\Jarvis.App\Jarvis.App.csproj]
         C:\Users\NoahR\OneDrive\Desktop\Jarvis\src\Jarvis.App\JarvisMainForm.Runtime.cs(218,47): error CS0103: The name '_liveResponseBox' does not exist in the current context [C:\Users\NoahR\OneDrive\Desktop\Jarvis\src\Jarvis.App\Jarvis.App.csproj]
         C:\Users\NoahR\OneDrive\Desktop\Jarvis\src\Jarvis.App\JarvisMainForm.Runtime.cs(219,13): error CS0103: The name '_liveResponseBox' does not exist in the current context [C:\Users\NoahR\OneDrive\Desktop\Jarvis\src\Jarvis.App\Jarvis.App.csproj]
         C:\Users\NoahR\OneDrive\Desktop\Jarvis\src\Jarvis.App\JarvisMainForm.Runtime.cs(226,9): error CS0103: The name '_lastSessionSummary' does not exist in the current context [C:\Users\NoahR\OneDrive\Desktop\Jarvis\src\Jarvis.App\Jarvis.App.csproj]
         C:\Users\NoahR\OneDrive\Desktop\Jarvis\src\Jarvis.App\JarvisMainForm.Runtime.cs(227,9): error CS0103: The name '_sessionBox' does not exist in the current context [C:\Users\NoahR\OneDrive\Desktop\Jarvis\src\Jarvis.App\Jarvis.App.csproj]
         C:\Users\NoahR\OneDrive\Desktop\Jarvis\src\Jarvis.App\JarvisMainForm.Runtime.cs(227,28): error CS0103: The name '_lastSessionSummary' does not exist in the current context [C:\Users\NoahR\OneDrive\Desktop\Jarvis\src\Jarvis.App\Jarvis.App.csproj]
         C:\Users\NoahR\OneDrive\Desktop\Jarvis\src\Jarvis.App\JarvisMainForm.Runtime.cs(260,9): error CS0103: The name '_deviceComboBox' does not exist in the current context [C:\Users\NoahR\OneDrive\Desktop\Jarvis\src\Jarvis.App\Jarvis.App.csproj]
         C:\Users\NoahR\OneDrive\Desktop\Jarvis\src\Jarvis.App\JarvisMainForm.Runtime.cs(265,13): error CS0103: The name '_deviceComboBox' does not exist in the current context [C:\Users\NoahR\OneDrive\Desktop\Jarvis\src\Jarvis.App\Jarvis.App.csproj]
         C:\Users\NoahR\OneDrive\Desktop\Jarvis\src\Jarvis.App\JarvisMainForm.Runtime.cs(268,13): error CS0103: The name '_deviceComboBox' does not exist in the current context [C:\Users\NoahR\OneDrive\Desktop\Jarvis\src\Jarvis.App\Jarvis.App.csproj]
         C:\Users\NoahR\OneDrive\Desktop\Jarvis\src\Jarvis.App\JarvisMainForm.Runtime.cs(273,79): error CS0103: The name '_currentOptions' does not exist in the current context [C:\Users\NoahR\OneDrive\Desktop\Jarvis\src\Jarvis.App\Jarvis.App.csproj]
         C:\Users\NoahR\OneDrive\Desktop\Jarvis\src\Jarvis.App\JarvisMainForm.Runtime.cs(275,53): error CS0103: The name '_deviceComboBox' does not exist in the current context [C:\Users\NoahR\OneDrive\Desktop\Jarvis\src\Jarvis.App\Jarvis.App.csproj]
         C:\Users\NoahR\OneDrive\Desktop\Jarvis\src\Jarvis.App\JarvisMainForm.Runtime.cs(280,9): error CS0103: The name '_deviceComboBox' does not exist in the current context [C:\Users\NoahR\OneDrive\Desktop\Jarvis\src\Jarvis.App\Jarvis.App.csproj]
         C:\Users\NoahR\OneDrive\Desktop\Jarvis\src\Jarvis.App\JarvisMainForm.Runtime.cs(281,9): error CS0103: The name '_deviceComboBox' does not exist in the current context [C:\Users\NoahR\OneDrive\Desktop\Jarvis\src\Jarvis.App\Jarvis.App.csproj]
         C:\Users\NoahR\OneDrive\Desktop\Jarvis\src\Jarvis.App\JarvisMainForm.Runtime.cs(282,9): error CS0103: The name '_deviceComboBox' does not exist in the current context [C:\Users\NoahR\OneDrive\Desktop\Jarvis\src\Jarvis.App\Jarvis.App.csproj]
         C:\Users\NoahR\OneDrive\Desktop\Jarvis\src\Jarvis.App\JarvisMainForm.Runtime.cs(288,9): error CS0103: The name '_beamformingProfileComboBox' does not exist in the current context [C:\Users\NoahR\OneDrive\Desktop\Jarvis\src\Jarvis.App\Jarvis.App.csproj]
         C:\Users\NoahR\OneDrive\Desktop\Jarvis\src\Jarvis.App\JarvisMainForm.Runtime.cs(289,9): error CS0103: The name '_beamformingProfileComboBox' does not exist in the current context [C:\Users\NoahR\OneDrive\Desktop\Jarvis\src\Jarvis.App\Jarvis.App.csproj]
         C:\Users\NoahR\OneDrive\Desktop\Jarvis\src\Jarvis.App\JarvisMainForm.Runtime.cs(293,13): error CS0103: The name '_beamformingProfileComboBox' does not exist in the current context [C:\Users\NoahR\OneDrive\Desktop\Jarvis\src\Jarvis.App\Jarvis.App.csproj]
         C:\Users\NoahR\OneDrive\Desktop\Jarvis\src\Jarvis.App\JarvisMainForm.Runtime.cs(296,61): error CS0103: The name '_currentOptions' does not exist in the current context [C:\Users\NoahR\OneDrive\Desktop\Jarvis\src\Jarvis.App\Jarvis.App.csproj]
         C:\Users\NoahR\OneDrive\Desktop\Jarvis\src\Jarvis.App\JarvisMainForm.Runtime.cs(298,15): error CS0103: The name '_currentOptions' does not exist in the current context [C:\Users\NoahR\OneDrive\Desktop\Jarvis\src\Jarvis.App\Jarvis.App.csproj]
         C:\Users\NoahR\OneDrive\Desktop\Jarvis\src\Jarvis.App\JarvisMainForm.Runtime.cs(304,9): error CS0103: The name '_beamformingProfileComboBox' does not exist in the current context [C:\Users\NoahR\OneDrive\Desktop\Jarvis\src\Jarvis.App\Jarvis.App.csproj]
         C:\Users\NoahR\OneDrive\Desktop\Jarvis\src\Jarvis.App\JarvisMainForm.Runtime.cs(305,9): error CS0103: The name '_beamformingProfileComboBox' does not exist in the current context [C:\Users\NoahR\OneDrive\Desktop\Jarvis\src\Jarvis.App\Jarvis.App.csproj]
         C:\Users\NoahR\OneDrive\Desktop\Jarvis\src\Jarvis.App\JarvisMainForm.Runtime.cs(311,68): error CS0103: The name '_currentOptions' does not exist in the current context [C:\Users\NoahR\OneDrive\Desktop\Jarvis\src\Jarvis.App\Jarvis.App.csproj]
         C:\Users\NoahR\OneDrive\Desktop\Jarvis\src\Jarvis.App\JarvisMainForm.Runtime.cs(312,9): error CS0103: The name '_calibrationStatusLabel' does not exist in the current context [C:\Users\NoahR\OneDrive\Desktop\Jarvis\src\Jarvis.App\Jarvis.App.csproj]
         C:\Users\NoahR\OneDrive\Desktop\Jarvis\src\Jarvis.App\JarvisMainForm.Runtime.cs(313,9): error CS0103: The name '_calibrateMicButton' does not exist in the current context [C:\Users\NoahR\OneDrive\Desktop\Jarvis\src\Jarvis.App\Jarvis.App.csproj]
         C:\Users\NoahR\OneDrive\Desktop\Jarvis\src\Jarvis.App\JarvisMainForm.Runtime.cs(313,66): error CS0103: The name '_currentOptions' does not exist in the current context [C:\Users\NoahR\OneDrive\Desktop\Jarvis\src\Jarvis.App\Jarvis.App.csproj]
         C:\Users\NoahR\OneDrive\Desktop\Jarvis\src\Jarvis.App\JarvisMainForm.Runtime.cs(319,13): error CS0103: The name '_deviceComboBox' does not exist in the current context [C:\Users\NoahR\OneDrive\Desktop\Jarvis\src\Jarvis.App\Jarvis.App.csproj]
         C:\Users\NoahR\OneDrive\Desktop\Jarvis\src\Jarvis.App\JarvisMainForm.Runtime.cs(324,39): error CS0103: The name '_currentOptions' does not exist in the current context [C:\Users\NoahR\OneDrive\Desktop\Jarvis\src\Jarvis.App\Jarvis.App.csproj]
         C:\Users\NoahR\OneDrive\Desktop\Jarvis\src\Jarvis.App\JarvisMainForm.Runtime.cs(329,9): error CS0103: The name '_currentOptions' does not exist in the current context [C:\Users\NoahR\OneDrive\Desktop\Jarvis\src\Jarvis.App\Jarvis.App.csproj]
         C:\Users\NoahR\OneDrive\Desktop\Jarvis\src\Jarvis.App\JarvisMainForm.Runtime.cs(329,27): error CS0103: The name '_currentOptions' does not exist in the current context [C:\Users\NoahR\OneDrive\Desktop\Jarvis\src\Jarvis.App\Jarvis.App.csproj]
         C:\Users\NoahR\OneDrive\Desktop\Jarvis\src\Jarvis.App\JarvisMainForm.Runtime.cs(332,39): error CS0103: The name '_currentOptions' does not exist in the current context [C:\Users\NoahR\OneDrive\Desktop\Jarvis\src\Jarvis.App\Jarvis.App.csproj]
         C:\Users\NoahR\OneDrive\Desktop\Jarvis\src\Jarvis.App\JarvisMainForm.Runtime.cs(349,13): error CS0103: The name '_beamformingProfileComboBox' does not exist in the current context [C:\Users\NoahR\OneDrive\Desktop\Jarvis\src\Jarvis.App\Jarvis.App.csproj]
         C:\Users\NoahR\OneDrive\Desktop\Jarvis\src\Jarvis.App\JarvisMainForm.Runtime.cs(350,16): error CS0103: The name '_beamformingProfileComboBox' does not exist in the current context [C:\Users\NoahR\OneDrive\Desktop\Jarvis\src\Jarvis.App\Jarvis.App.csproj]
         C:\Users\NoahR\OneDrive\Desktop\Jarvis\src\Jarvis.App\JarvisMainForm.Runtime.cs(355,61): error CS0103: The name '_beamformingProfileComboBox' does not exist in the current context [C:\Users\NoahR\OneDrive\Desktop\Jarvis\src\Jarvis.App\Jarvis.App.csproj]
         C:\Users\NoahR\OneDrive\Desktop\Jarvis\src\Jarvis.App\JarvisMainForm.Runtime.cs(357,49): error CS0103: The name '_currentOptions' does not exist in the current context [C:\Users\NoahR\OneDrive\Desktop\Jarvis\src\Jarvis.App\Jarvis.App.csproj]
         C:\Users\NoahR\OneDrive\Desktop\Jarvis\src\Jarvis.App\JarvisMainForm.Runtime.cs(362,9): error CS0103: The name '_currentOptions' does not exist in the current context [C:\Users\NoahR\OneDrive\Desktop\Jarvis\src\Jarvis.App\Jarvis.App.csproj]
         C:\Users\NoahR\OneDrive\Desktop\Jarvis\src\Jarvis.App\JarvisMainForm.Runtime.cs(362,27): error CS0103: The name '_currentOptions' does not exist in the current context [C:\Users\NoahR\OneDrive\Desktop\Jarvis\src\Jarvis.App\Jarvis.App.csproj]
         C:\Users\NoahR\OneDrive\Desktop\Jarvis\src\Jarvis.App\JarvisMainForm.Runtime.cs(370,39): error CS0103: The name '_currentOptions' does not exist in the current context [C:\Users\NoahR\OneDrive\Desktop\Jarvis\src\Jarvis.App\Jarvis.App.csproj]
         C:\Users\NoahR\OneDrive\Desktop\Jarvis\src\Jarvis.App\JarvisMainForm.Runtime.cs(387,13): error CS0103: The name '_isSubmitting' does not exist in the current context [C:\Users\NoahR\OneDrive\Desktop\Jarvis\src\Jarvis.App\Jarvis.App.csproj]
         C:\Users\NoahR\OneDrive\Desktop\Jarvis\src\Jarvis.App\JarvisMainForm.Runtime.cs(399,39): error CS0103: The name '_currentOptions' does not exist in the current context [C:\Users\NoahR\OneDrive\Desktop\Jarvis\src\Jarvis.App\Jarvis.App.csproj]
         C:\Users\NoahR\OneDrive\Desktop\Jarvis\src\Jarvis.App\JarvisMainForm.Runtime.cs(400,16): error CS0103: The name '_deviceComboBox' does not exist in the current context [C:\Users\NoahR\OneDrive\Desktop\Jarvis\src\Jarvis.App\Jarvis.App.csproj]
         C:\Users\NoahR\OneDrive\Desktop\Jarvis\src\Jarvis.App\JarvisMainForm.Runtime.cs(402,13): error CS0103: The name '_currentOptions' does not exist in the current context [C:\Users\NoahR\OneDrive\Desktop\Jarvis\src\Jarvis.App\Jarvis.App.csproj]
         C:\Users\NoahR\OneDrive\Desktop\Jarvis\src\Jarvis.App\JarvisMainForm.Runtime.cs(402,31): error CS0103: The name '_currentOptions' does not exist in the current context [C:\Users\NoahR\OneDrive\Desktop\Jarvis\src\Jarvis.App\Jarvis.App.csproj]
         C:\Users\NoahR\OneDrive\Desktop\Jarvis\src\Jarvis.App\JarvisMainForm.Runtime.cs(405,28): error CS0103: The name '_currentVoiceRuntime' does not exist in the current context [C:\Users\NoahR\OneDrive\Desktop\Jarvis\src\Jarvis.App\Jarvis.App.csproj]
         C:\Users\NoahR\OneDrive\Desktop\Jarvis\src\Jarvis.App\JarvisMainForm.Runtime.cs(409,13): error CS0103: The name '_calibrateMicButton' does not exist in the current context [C:\Users\NoahR\OneDrive\Desktop\Jarvis\src\Jarvis.App\Jarvis.App.csproj]
         C:\Users\NoahR\OneDrive\Desktop\Jarvis\src\Jarvis.App\JarvisMainForm.Runtime.cs(413,23): error CS0103: The name '_currentVoiceRuntime' does not exist in the current context [C:\Users\NoahR\OneDrive\Desktop\Jarvis\src\Jarvis.App\Jarvis.App.csproj]
         C:\Users\NoahR\OneDrive\Desktop\Jarvis\src\Jarvis.App\JarvisMainForm.Runtime.cs(413,54): error CS0103: The name '_cancellationTokenSource' does not exist in the current context [C:\Users\NoahR\OneDrive\Desktop\Jarvis\src\Jarvis.App\Jarvis.App.csproj]
         C:\Users\NoahR\OneDrive\Desktop\Jarvis\src\Jarvis.App\JarvisMainForm.Runtime.cs(417,17): error CS1503: Argument 1: cannot convert from 'Jarvis.App.JarvisMainForm' to 'string?' [C:\Users\NoahR\OneDrive\Desktop\Jarvis\src\Jarvis.App\Jarvis.App.csproj]
         C:\Users\NoahR\OneDrive\Desktop\Jarvis\src\Jarvis.App\JarvisMainForm.Runtime.cs(419,17): error CS1503: Argument 3: cannot convert from 'string' to 'System.Windows.Forms.MessageBoxButtons' [C:\Users\NoahR\OneDrive\Desktop\Jarvis\src\Jarvis.App\Jarvis.App.csproj]
         C:\Users\NoahR\OneDrive\Desktop\Jarvis\src\Jarvis.App\JarvisMainForm.Runtime.cs(420,17): error CS1503: Argument 4: cannot convert from 'System.Windows.Forms.MessageBoxButtons' to 'System.Windows.Forms.MessageBoxIcon' [C:\Users\NoahR\OneDrive\Desktop\Jarvis\src\Jarvis.App\Jarvis.App.csproj]
         C:\Users\NoahR\OneDrive\Desktop\Jarvis\src\Jarvis.App\JarvisMainForm.Runtime.cs(421,17): error CS1503: Argument 5: cannot convert from 'System.Windows.Forms.MessageBoxIcon' to 'System.Windows.Forms.MessageBoxDefaultButton' [C:\Users\NoahR\OneDrive\Desktop\Jarvis\src\Jarvis.App\Jarvis.App.csproj]
         C:\Users\NoahR\OneDrive\Desktop\Jarvis\src\Jarvis.App\JarvisMainForm.Runtime.cs(424,39): error CS0103: The name '_microphoneCalibrationService' does not exist in the current context [C:\Users\NoahR\OneDrive\Desktop\Jarvis\src\Jarvis.App\Jarvis.App.csproj]
         C:\Users\NoahR\OneDrive\Desktop\Jarvis\src\Jarvis.App\JarvisMainForm.Runtime.cs(424,88): error CS0103: The name '_currentOptions' does not exist in the current context [C:\Users\NoahR\OneDrive\Desktop\Jarvis\src\Jarvis.App\Jarvis.App.csproj]
         C:\Users\NoahR\OneDrive\Desktop\Jarvis\src\Jarvis.App\JarvisMainForm.Runtime.cs(424,111): error CS0103: The name '_cancellationTokenSource' does not exist in the current context [C:\Users\NoahR\OneDrive\Desktop\Jarvis\src\Jarvis.App\Jarvis.App.csproj]
         C:\Users\NoahR\OneDrive\Desktop\Jarvis\src\Jarvis.App\JarvisMainForm.Runtime.cs(427,17): error CS1503: Argument 1: cannot convert from 'Jarvis.App.JarvisMainForm' to 'string?' [C:\Users\NoahR\OneDrive\Desktop\Jarvis\src\Jarvis.App\Jarvis.App.csproj]
         C:\Users\NoahR\OneDrive\Desktop\Jarvis\src\Jarvis.App\JarvisMainForm.Runtime.cs(429,17): error CS1503: Argument 3: cannot convert from 'string' to 'System.Windows.Forms.MessageBoxButtons' [C:\Users\NoahR\OneDrive\Desktop\Jarvis\src\Jarvis.App\Jarvis.App.csproj]
         C:\Users\NoahR\OneDrive\Desktop\Jarvis\src\Jarvis.App\JarvisMainForm.Runtime.cs(430,17): error CS1503: Argument 4: cannot convert from 'System.Windows.Forms.MessageBoxButtons' to 'System.Windows.Forms.MessageBoxIcon' [C:\Users\NoahR\OneDrive\Desktop\Jarvis\src\Jarvis.App\Jarvis.App.csproj]
         C:\Users\NoahR\OneDrive\Desktop\Jarvis\src\Jarvis.App\JarvisMainForm.Runtime.cs(431,17): error CS1503: Argument 5: cannot convert from 'System.Windows.Forms.MessageBoxIcon' to 'System.Windows.Forms.MessageBoxDefaultButton' [C:\Users\NoahR\OneDrive\Desktop\Jarvis\src\Jarvis.App\Jarvis.App.csproj]
         C:\Users\NoahR\OneDrive\Desktop\Jarvis\src\Jarvis.App\JarvisMainForm.Runtime.cs(434,38): error CS0103: The name '_microphoneCalibrationService' does not exist in the current context [C:\Users\NoahR\OneDrive\Desktop\Jarvis\src\Jarvis.App\Jarvis.App.csproj]
         C:\Users\NoahR\OneDrive\Desktop\Jarvis\src\Jarvis.App\JarvisMainForm.Runtime.cs(434,87): error CS0103: The name '_currentOptions' does not exist in the current context [C:\Users\NoahR\OneDrive\Desktop\Jarvis\src\Jarvis.App\Jarvis.App.csproj]
         C:\Users\NoahR\OneDrive\Desktop\Jarvis\src\Jarvis.App\JarvisMainForm.Runtime.cs(434,110): error CS0103: The name '_cancellationTokenSource' does not exist in the current context [C:\Users\NoahR\OneDrive\Desktop\Jarvis\src\Jarvis.App\Jarvis.App.csproj]
         C:\Users\NoahR\OneDrive\Desktop\Jarvis\src\Jarvis.App\JarvisMainForm.Runtime.cs(437,57): error CS0103: The name '_currentOptions' does not exist in the current context [C:\Users\NoahR\OneDrive\Desktop\Jarvis\src\Jarvis.App\Jarvis.App.csproj]
         C:\Users\NoahR\OneDrive\Desktop\Jarvis\src\Jarvis.App\JarvisMainForm.Runtime.cs(439,31): error CS0103: The name '_microphoneCalibrationService' does not exist in the current context [C:\Users\NoahR\OneDrive\Desktop\Jarvis\src\Jarvis.App\Jarvis.App.csproj]
         C:\Users\NoahR\OneDrive\Desktop\Jarvis\src\Jarvis.App\JarvisMainForm.Runtime.cs(440,17): error CS0103: The name '_currentOptions' does not exist in the current context [C:\Users\NoahR\OneDrive\Desktop\Jarvis\src\Jarvis.App\Jarvis.App.csproj]
         C:\Users\NoahR\OneDrive\Desktop\Jarvis\src\Jarvis.App\JarvisMainForm.Runtime.cs(444,28): error CS0103: The name '_currentOptions' does not exist in the current context [C:\Users\NoahR\OneDrive\Desktop\Jarvis\src\Jarvis.App\Jarvis.App.csproj]
         C:\Users\NoahR\OneDrive\Desktop\Jarvis\src\Jarvis.App\JarvisMainForm.Runtime.cs(451,13): error CS0103: The name '_currentOptions' does not exist in the current context [C:\Users\NoahR\OneDrive\Desktop\Jarvis\src\Jarvis.App\Jarvis.App.csproj]
         C:\Users\NoahR\OneDrive\Desktop\Jarvis\src\Jarvis.App\JarvisMainForm.Runtime.cs(451,31): error CS0103: The name '_currentOptions' does not exist in the current context [C:\Users\NoahR\OneDrive\Desktop\Jarvis\src\Jarvis.App\Jarvis.App.csproj]
         C:\Users\NoahR\OneDrive\Desktop\Jarvis\src\Jarvis.App\JarvisMainForm.Runtime.cs(458,43): error CS0103: The name '_currentOptions' does not exist in the current context [C:\Users\NoahR\OneDrive\Desktop\Jarvis\src\Jarvis.App\Jarvis.App.csproj]
         C:\Users\NoahR\OneDrive\Desktop\Jarvis\src\Jarvis.App\JarvisMainForm.Runtime.cs(459,59): error CS0103: The name '_currentOptions' does not exist in the current context [C:\Users\NoahR\OneDrive\Desktop\Jarvis\src\Jarvis.App\Jarvis.App.csproj]
         C:\Users\NoahR\OneDrive\Desktop\Jarvis\src\Jarvis.App\JarvisMainForm.Runtime.cs(476,13): error CS0103: The name '_calibrateMicButton' does not exist in the current context [C:\Users\NoahR\OneDrive\Desktop\Jarvis\src\Jarvis.App\Jarvis.App.csproj]
         C:\Users\NoahR\OneDrive\Desktop\Jarvis\src\Jarvis.App\JarvisMainForm.Runtime.cs(479,21): error CS0103: The name '_currentOptions' does not exist in the current context [C:\Users\NoahR\OneDrive\Desktop\Jarvis\src\Jarvis.App\Jarvis.App.csproj]
         C:\Users\NoahR\OneDrive\Desktop\Jarvis\src\Jarvis.App\JarvisMainForm.Runtime.cs(480,21): error CS0103: The name '_cancellationTokenSource' does not exist in the current context [C:\Users\NoahR\OneDrive\Desktop\Jarvis\src\Jarvis.App\Jarvis.App.csproj]
         C:\Users\NoahR\OneDrive\Desktop\Jarvis\src\Jarvis.App\JarvisMainForm.Runtime.cs(481,21): error CS0103: The name '_currentVoiceRuntime' does not exist in the current context [C:\Users\NoahR\OneDrive\Desktop\Jarvis\src\Jarvis.App\Jarvis.App.csproj]
         C:\Users\NoahR\OneDrive\Desktop\Jarvis\src\Jarvis.App\JarvisMainForm.Runtime.cs(485,27): error CS0103: The name '_currentVoiceRuntime' does not exist in the current context [C:\Users\NoahR\OneDrive\Desktop\Jarvis\src\Jarvis.App\Jarvis.App.csproj]
         C:\Users\NoahR\OneDrive\Desktop\Jarvis\src\Jarvis.App\JarvisMainForm.Runtime.cs(485,59): error CS0103: The name '_cancellationTokenSource' does not exist in the current context [C:\Users\NoahR\OneDrive\Desktop\Jarvis\src\Jarvis.App\Jarvis.App.csproj]
         C:\Users\NoahR\OneDrive\Desktop\Jarvis\src\Jarvis.App\JarvisMainForm.Runtime.cs(496,13): error CS0103: The name '_beamformingProfileComboBox' does not exist in the current context [C:\Users\NoahR\OneDrive\Desktop\Jarvis\src\Jarvis.App\Jarvis.App.csproj]
         C:\Users\NoahR\OneDrive\Desktop\Jarvis\src\Jarvis.App\JarvisMainForm.Runtime.cs(497,16): error CS0103: The name '_beamformingProfileComboBox' does not exist in the current context [C:\Users\NoahR\OneDrive\Desktop\Jarvis\src\Jarvis.App\Jarvis.App.csproj]
         C:\Users\NoahR\OneDrive\Desktop\Jarvis\src\Jarvis.App\JarvisMainForm.Runtime.cs(499,46): error CS0103: The name '_currentOptions' does not exist in the current context [C:\Users\NoahR\OneDrive\Desktop\Jarvis\src\Jarvis.App\Jarvis.App.csproj]
         C:\Users\NoahR\OneDrive\Desktop\Jarvis\src\Jarvis.App\JarvisMainForm.Runtime.cs(501,19): error CS0103: The name '_currentOptions' does not exist in the current context [C:\Users\NoahR\OneDrive\Desktop\Jarvis\src\Jarvis.App\Jarvis.App.csproj]
         C:\Users\NoahR\OneDrive\Desktop\Jarvis\src\Jarvis.App\JarvisMainForm.Runtime.cs(504,46): error CS0103: The name '_beamformingProfileComboBox' does not exist in the current context [C:\Users\NoahR\OneDrive\Desktop\Jarvis\src\Jarvis.App\Jarvis.App.csproj]
         C:\Users\NoahR\OneDrive\Desktop\Jarvis\src\Jarvis.App\JarvisMainForm.Runtime.cs(509,46): error CS0103: The name '_context' does not exist in the current context [C:\Users\NoahR\OneDrive\Desktop\Jarvis\src\Jarvis.App\Jarvis.App.csproj]
         C:\Users\NoahR\OneDrive\Desktop\Jarvis\src\Jarvis.App\JarvisMainForm.Runtime.cs(509,70): error CS0103: The name '_currentOptions' does not exist in the current context [C:\Users\NoahR\OneDrive\Desktop\Jarvis\src\Jarvis.App\Jarvis.App.csproj]
         C:\Users\NoahR\OneDrive\Desktop\Jarvis\src\Jarvis.App\JarvisMainForm.Runtime.cs(509,87): error CS0103: The name '_cancellationTokenSource' does not exist in the current context [C:\Users\NoahR\OneDrive\Desktop\Jarvis\src\Jarvis.App\Jarvis.App.csproj]
         C:\Users\NoahR\OneDrive\Desktop\Jarvis\src\Jarvis.App\JarvisMainForm.Runtime.cs(514,9): error CS0103: The name '_currentOptions' does not exist in the current context [C:\Users\NoahR\OneDrive\Desktop\Jarvis\src\Jarvis.App\Jarvis.App.csproj]
         C:\Users\NoahR\OneDrive\Desktop\Jarvis\src\Jarvis.App\JarvisMainForm.Runtime.cs(518,19): error CS0103: The name '_currentVoiceRuntime' does not exist in the current context [C:\Users\NoahR\OneDrive\Desktop\Jarvis\src\Jarvis.App\Jarvis.App.csproj]
         C:\Users\NoahR\OneDrive\Desktop\Jarvis\src\Jarvis.App\JarvisMainForm.Runtime.cs(518,50): error CS0103: The name '_cancellationTokenSource' does not exist in the current context [C:\Users\NoahR\OneDrive\Desktop\Jarvis\src\Jarvis.App\Jarvis.App.csproj]
         C:\Users\NoahR\OneDrive\Desktop\Jarvis\src\Jarvis.App\JarvisMainForm.Runtime.cs(524,9): error CS0103: The name '_currentVoiceRuntime' does not exist in the current context [C:\Users\NoahR\OneDrive\Desktop\Jarvis\src\Jarvis.App\Jarvis.App.csproj]
         C:\Users\NoahR\OneDrive\Desktop\Jarvis\src\Jarvis.App\JarvisMainForm.Runtime.cs(525,9): error CS0103: The name '_currentVoiceRuntime' does not exist in the current context [C:\Users\NoahR\OneDrive\Desktop\Jarvis\src\Jarvis.App\Jarvis.App.csproj]
         C:\Users\NoahR\OneDrive\Desktop\Jarvis\src\Jarvis.App\JarvisMainForm.Runtime.cs(526,9): error CS0103: The name '_currentVoiceRuntime' does not exist in the current context [C:\Users\NoahR\OneDrive\Desktop\Jarvis\src\Jarvis.App\Jarvis.App.csproj]
         C:\Users\NoahR\OneDrive\Desktop\Jarvis\src\Jarvis.App\JarvisMainForm.Runtime.cs(527,9): error CS0103: The name '_currentVoiceRuntime' does not exist in the current context [C:\Users\NoahR\OneDrive\Desktop\Jarvis\src\Jarvis.App\Jarvis.App.csproj]
         C:\Users\NoahR\OneDrive\Desktop\Jarvis\src\Jarvis.App\JarvisMainForm.Runtime.cs(528,9): error CS0103: The name '_currentVoiceRuntime' does not exist in the current context [C:\Users\NoahR\OneDrive\Desktop\Jarvis\src\Jarvis.App\Jarvis.App.csproj]
         C:\Users\NoahR\OneDrive\Desktop\Jarvis\src\Jarvis.App\JarvisMainForm.Runtime.cs(529,9): error CS0103: The name '_currentVoiceRuntime' does not exist in the current context [C:\Users\NoahR\OneDrive\Desktop\Jarvis\src\Jarvis.App\Jarvis.App.csproj]
         C:\Users\NoahR\OneDrive\Desktop\Jarvis\src\Jarvis.App\JarvisMainForm.Runtime.cs(531,9): error CS0103: The name '_currentVoiceRuntime' does not exist in the current context [C:\Users\NoahR\OneDrive\Desktop\Jarvis\src\Jarvis.App\Jarvis.App.csproj]
         C:\Users\NoahR\OneDrive\Desktop\Jarvis\src\Jarvis.App\JarvisMainForm.Runtime.cs(532,9): error CS0103: The name '_currentVoiceRuntime' does not exist in the current context [C:\Users\NoahR\OneDrive\Desktop\Jarvis\src\Jarvis.App\Jarvis.App.csproj]
         C:\Users\NoahR\OneDrive\Desktop\Jarvis\src\Jarvis.App\JarvisMainForm.Runtime.cs(533,9): error CS0103: The name '_currentVoiceRuntime' does not exist in the current context [C:\Users\NoahR\OneDrive\Desktop\Jarvis\src\Jarvis.App\Jarvis.App.csproj]
         C:\Users\NoahR\OneDrive\Desktop\Jarvis\src\Jarvis.App\JarvisMainForm.Runtime.cs(534,9): error CS0103: The name '_currentVoiceRuntime' does not exist in the current context [C:\Users\NoahR\OneDrive\Desktop\Jarvis\src\Jarvis.App\Jarvis.App.csproj]
         C:\Users\NoahR\OneDrive\Desktop\Jarvis\src\Jarvis.App\JarvisMainForm.Runtime.cs(535,9): error CS0103: The name '_currentVoiceRuntime' does not exist in the current context [C:\Users\NoahR\OneDrive\Desktop\Jarvis\src\Jarvis.App\Jarvis.App.csproj]
         C:\Users\NoahR\OneDrive\Desktop\Jarvis\src\Jarvis.App\JarvisMainForm.Runtime.cs(536,9): error CS0103: The name '_currentVoiceRuntime' does not exist in the current context [C:\Users\NoahR\OneDrive\Desktop\Jarvis\src\Jarvis.App\Jarvis.App.csproj]
         C:\Users\NoahR\OneDrive\Desktop\Jarvis\src\Jarvis.App\JarvisMainForm.Runtime.cs(537,9): error CS0103: The name '_currentVoiceRuntime' does not exist in the current context [C:\Users\NoahR\OneDrive\Desktop\Jarvis\src\Jarvis.App\Jarvis.App.csproj]
         C:\Users\NoahR\OneDrive\Desktop\Jarvis\src\Jarvis.App\JarvisMainForm.Runtime.cs(537,47): error CS0103: The name '_context' does not exist in the current context [C:\Users\NoahR\OneDrive\Desktop\Jarvis\src\Jarvis.App\Jarvis.App.csproj]
         C:\Users\NoahR\OneDrive\Desktop\Jarvis\src\Jarvis.App\JarvisMainForm.Runtime.cs(540,23): error CS0103: The name '_currentVoiceRuntime' does not exist in the current context [C:\Users\NoahR\OneDrive\Desktop\Jarvis\src\Jarvis.App\Jarvis.App.csproj]
         C:\Users\NoahR\OneDrive\Desktop\Jarvis\src\Jarvis.App\JarvisMainForm.Runtime.cs(541,24): error CS0103: The name '_currentVoiceRuntime' does not exist in the current context [C:\Users\NoahR\OneDrive\Desktop\Jarvis\src\Jarvis.App\Jarvis.App.csproj]
         C:\Users\NoahR\OneDrive\Desktop\Jarvis\src\Jarvis.App\JarvisMainForm.Runtime.cs(545,19): error CS0103: The name '_currentVoiceRuntime' does not exist in the current context [C:\Users\NoahR\OneDrive\Desktop\Jarvis\src\Jarvis.App\Jarvis.App.csproj]
         C:\Users\NoahR\OneDrive\Desktop\Jarvis\src\Jarvis.App\JarvisMainForm.Runtime.cs(545,51): error CS0103: The name '_cancellationTokenSource' does not exist in the current context [C:\Users\NoahR\OneDrive\Desktop\Jarvis\src\Jarvis.App\Jarvis.App.csproj]
         C:\Users\NoahR\OneDrive\Desktop\Jarvis\src\Jarvis.App\JarvisMainForm.Runtime.cs(554,13): error CS0103: The name '_currentVoiceRuntime' does not exist in the current context [C:\Users\NoahR\OneDrive\Desktop\Jarvis\src\Jarvis.App\Jarvis.App.csproj]
         C:\Users\NoahR\OneDrive\Desktop\Jarvis\src\Jarvis.App\JarvisMainForm.Runtime.cs(556,19): error CS0103: The name '_currentVoiceRuntime' does not exist in the current context [C:\Users\NoahR\OneDrive\Desktop\Jarvis\src\Jarvis.App\Jarvis.App.csproj]
         C:\Users\NoahR\OneDrive\Desktop\Jarvis\src\Jarvis.App\JarvisMainForm.Runtime.cs(556,50): error CS0103: The name '_cancellationTokenSource' does not exist in the current context [C:\Users\NoahR\OneDrive\Desktop\Jarvis\src\Jarvis.App\Jarvis.App.csproj]
         C:\Users\NoahR\OneDrive\Desktop\Jarvis\src\Jarvis.App\JarvisMainForm.Runtime.cs(560,15): error CS0103: The name '_currentVoiceRuntime' does not exist in the current context [C:\Users\NoahR\OneDrive\Desktop\Jarvis\src\Jarvis.App\Jarvis.App.csproj]
         C:\Users\NoahR\OneDrive\Desktop\Jarvis\src\Jarvis.App\JarvisMainForm.Runtime.cs(560,47): error CS0103: The name '_cancellationTokenSource' does not exist in the current context [C:\Users\NoahR\OneDrive\Desktop\Jarvis\src\Jarvis.App\Jarvis.App.csproj]
         C:\Users\NoahR\OneDrive\Desktop\Jarvis\src\Jarvis.App\JarvisMainForm.Runtime.cs(565,14): error CS0103: The name '_currentOptions' does not exist in the current context [C:\Users\NoahR\OneDrive\Desktop\Jarvis\src\Jarvis.App\Jarvis.App.csproj]
         C:\Users\NoahR\OneDrive\Desktop\Jarvis\src\Jarvis.App\JarvisMainForm.Runtime.cs(571,13): error CS0103: The name '_currentVoiceRuntime' does not exist in the current context [C:\Users\NoahR\OneDrive\Desktop\Jarvis\src\Jarvis.App\Jarvis.App.csproj]
         C:\Users\NoahR\OneDrive\Desktop\Jarvis\src\Jarvis.App\JarvisMainForm.Runtime.cs(573,19): error CS0103: The name '_currentVoiceRuntime' does not exist in the current context [C:\Users\NoahR\OneDrive\Desktop\Jarvis\src\Jarvis.App\Jarvis.App.csproj]
         C:\Users\NoahR\OneDrive\Desktop\Jarvis\src\Jarvis.App\JarvisMainForm.Runtime.cs(573,50): error CS0103: The name '_cancellationTokenSource' does not exist in the current context [C:\Users\NoahR\OneDrive\Desktop\Jarvis\src\Jarvis.App\Jarvis.App.csproj]
         C:\Users\NoahR\OneDrive\Desktop\Jarvis\src\Jarvis.App\JarvisMainForm.Runtime.cs(579,15): error CS0103: The name '_currentVoiceRuntime' does not exist in the current context [C:\Users\NoahR\OneDrive\Desktop\Jarvis\src\Jarvis.App\Jarvis.App.csproj]
         C:\Users\NoahR\OneDrive\Desktop\Jarvis\src\Jarvis.App\JarvisMainForm.Runtime.cs(579,47): error CS0103: The name '_cancellationTokenSource' does not exist in the current context [C:\Users\NoahR\OneDrive\Desktop\Jarvis\src\Jarvis.App\Jarvis.App.csproj]
         C:\Users\NoahR\OneDrive\Desktop\Jarvis\src\Jarvis.App\JarvisMainForm.Runtime.cs(586,14): error CS0103: The name 'CanUseUi' does not exist in the current context [C:\Users\NoahR\OneDrive\Desktop\Jarvis\src\Jarvis.App\Jarvis.App.csproj]
         C:\Users\NoahR\OneDrive\Desktop\Jarvis\src\Jarvis.App\JarvisMainForm.Runtime.cs(591,13): error CS0103: The name 'InvokeRequired' does not exist in the current context [C:\Users\NoahR\OneDrive\Desktop\Jarvis\src\Jarvis.App\Jarvis.App.csproj]
         C:\Users\NoahR\OneDrive\Desktop\Jarvis\src\Jarvis.App\JarvisMainForm.Runtime.cs(593,13): error CS0103: The name 'BeginInvoke' does not exist in the current context [C:\Users\NoahR\OneDrive\Desktop\Jarvis\src\Jarvis.App\Jarvis.App.csproj]
         C:\Users\NoahR\OneDrive\Desktop\Jarvis\src\Jarvis.App\JarvisMainForm.Runtime.cs(595,21): error CS0103: The name 'CanUseUi' does not exist in the current context [C:\Users\NoahR\OneDrive\Desktop\Jarvis\src\Jarvis.App\Jarvis.App.csproj]
         C:\Users\NoahR\OneDrive\Desktop\Jarvis\src\Jarvis.App\JarvisMainForm.Runtime.cs(608,14): error CS0103: The name 'CanUseUi' does not exist in the current context [C:\Users\NoahR\OneDrive\Desktop\Jarvis\src\Jarvis.App\Jarvis.App.csproj]
         C:\Users\NoahR\OneDrive\Desktop\Jarvis\src\Jarvis.App\JarvisMainForm.Runtime.cs(613,13): error CS0103: The name 'InvokeRequired' does not exist in the current context [C:\Users\NoahR\OneDrive\Desktop\Jarvis\src\Jarvis.App\Jarvis.App.csproj]
         C:\Users\NoahR\OneDrive\Desktop\Jarvis\src\Jarvis.App\JarvisMainForm.Runtime.cs(615,13): error CS0103: The name 'BeginInvoke' does not exist in the current context [C:\Users\NoahR\OneDrive\Desktop\Jarvis\src\Jarvis.App\Jarvis.App.csproj]
         C:\Users\NoahR\OneDrive\Desktop\Jarvis\src\Jarvis.App\JarvisMainForm.Runtime.cs(617,21): error CS0103: The name 'CanUseUi' does not exist in the current context [C:\Users\NoahR\OneDrive\Desktop\Jarvis\src\Jarvis.App\Jarvis.App.csproj]
         C:\Users\NoahR\OneDrive\Desktop\Jarvis\src\Jarvis.App\JarvisMainForm.Runtime.cs(630,9): error CS0103: The name '_currentVoiceRuntime' does not exist in the current context [C:\Users\NoahR\OneDrive\Desktop\Jarvis\src\Jarvis.App\Jarvis.App.csproj]
         C:\Users\NoahR\OneDrive\Desktop\Jarvis\src\Jarvis.App\JarvisMainForm.Runtime.cs(632,14): error CS0103: The name 'CanUseUi' does not exist in the current context [C:\Users\NoahR\OneDrive\Desktop\Jarvis\src\Jarvis.App\Jarvis.App.csproj]
         C:\Users\NoahR\OneDrive\Desktop\Jarvis\src\Jarvis.App\JarvisMainForm.Runtime.cs(637,13): error CS0103: The name 'InvokeRequired' does not exist in the current context [C:\Users\NoahR\OneDrive\Desktop\Jarvis\src\Jarvis.App\Jarvis.App.csproj]
         C:\Users\NoahR\OneDrive\Desktop\Jarvis\src\Jarvis.App\JarvisMainForm.Runtime.cs(639,13): error CS0103: The name 'BeginInvoke' does not exist in the current context [C:\Users\NoahR\OneDrive\Desktop\Jarvis\src\Jarvis.App\Jarvis.App.csproj]
         C:\Users\NoahR\OneDrive\Desktop\Jarvis\src\Jarvis.App\JarvisMainForm.Runtime.cs(641,21): error CS0103: The name 'CanUseUi' does not exist in the current context [C:\Users\NoahR\OneDrive\Desktop\Jarvis\src\Jarvis.App\Jarvis.App.csproj]
         C:\Users\NoahR\OneDrive\Desktop\Jarvis\src\Jarvis.App\JarvisMainForm.Runtime.cs(654,14): error CS0103: The name 'CanUseUi' does not exist in the current context [C:\Users\NoahR\OneDrive\Desktop\Jarvis\src\Jarvis.App\Jarvis.App.csproj]
         C:\Users\NoahR\OneDrive\Desktop\Jarvis\src\Jarvis.App\JarvisMainForm.Runtime.cs(659,13): error CS0103: The name 'InvokeRequired' does not exist in the current context [C:\Users\NoahR\OneDrive\Desktop\Jarvis\src\Jarvis.App\Jarvis.App.csproj]
         C:\Users\NoahR\OneDrive\Desktop\Jarvis\src\Jarvis.App\JarvisMainForm.Runtime.cs(661,13): error CS0103: The name 'BeginInvoke' does not exist in the current context [C:\Users\NoahR\OneDrive\Desktop\Jarvis\src\Jarvis.App\Jarvis.App.csproj]
         C:\Users\NoahR\OneDrive\Desktop\Jarvis\src\Jarvis.App\JarvisMainForm.Runtime.cs(663,21): error CS0103: The name 'CanUseUi' does not exist in the current context [C:\Users\NoahR\OneDrive\Desktop\Jarvis\src\Jarvis.App\Jarvis.App.csproj]
         C:\Users\NoahR\OneDrive\Desktop\Jarvis\src\Jarvis.App\JarvisMainForm.Runtime.cs(676,14): error CS0103: The name 'CanUseUi' does not exist in the current context [C:\Users\NoahR\OneDrive\Desktop\Jarvis\src\Jarvis.App\Jarvis.App.csproj]
         C:\Users\NoahR\OneDrive\Desktop\Jarvis\src\Jarvis.App\JarvisMainForm.Runtime.cs(681,13): error CS0103: The name 'InvokeRequired' does not exist in the current context [C:\Users\NoahR\OneDrive\Desktop\Jarvis\src\Jarvis.App\Jarvis.App.csproj]
         C:\Users\NoahR\OneDrive\Desktop\Jarvis\src\Jarvis.App\JarvisMainForm.Runtime.cs(683,13): error CS0103: The name 'BeginInvoke' does not exist in the current context [C:\Users\NoahR\OneDrive\Desktop\Jarvis\src\Jarvis.App\Jarvis.App.csproj]
         C:\Users\NoahR\OneDrive\Desktop\Jarvis\src\Jarvis.App\JarvisMainForm.Runtime.cs(685,21): error CS0103: The name 'CanUseUi' does not exist in the current context [C:\Users\NoahR\OneDrive\Desktop\Jarvis\src\Jarvis.App\Jarvis.App.csproj]
         C:\Users\NoahR\OneDrive\Desktop\Jarvis\src\Jarvis.App\JarvisMainForm.Runtime.cs(698,13): error CS0103: The name '_isSubmitting' does not exist in the current context [C:\Users\NoahR\OneDrive\Desktop\Jarvis\src\Jarvis.App\Jarvis.App.csproj]
         C:\Users\NoahR\OneDrive\Desktop\Jarvis\src\Jarvis.App\JarvisMainForm.Runtime.cs(700,41): error CS0103: The name '_lastBargeInUtc' does not exist in the current context [C:\Users\NoahR\OneDrive\Desktop\Jarvis\src\Jarvis.App\Jarvis.App.csproj]
         C:\Users\NoahR\OneDrive\Desktop\Jarvis\src\Jarvis.App\JarvisMainForm.Runtime.cs(702,17): error CS0103: The name '_queuedBargeInCommand' does not exist in the current context [C:\Users\NoahR\OneDrive\Desktop\Jarvis\src\Jarvis.App\Jarvis.App.csproj]
         C:\Users\NoahR\OneDrive\Desktop\Jarvis\src\Jarvis.App\JarvisMainForm.Runtime.cs(717,75): error CS0103: The name '_cancellationTokenSource' does not exist in the current context [C:\Users\NoahR\OneDrive\Desktop\Jarvis\src\Jarvis.App\Jarvis.App.csproj]
         C:\Users\NoahR\OneDrive\Desktop\Jarvis\src\Jarvis.App\JarvisMainForm.Runtime.cs(728,14): error CS0103: The name 'CanUseUi' does not exist in the current context [C:\Users\NoahR\OneDrive\Desktop\Jarvis\src\Jarvis.App\Jarvis.App.csproj]
         C:\Users\NoahR\OneDrive\Desktop\Jarvis\src\Jarvis.App\JarvisMainForm.Runtime.cs(733,13): error CS0103: The name 'InvokeRequired' does not exist in the current context [C:\Users\NoahR\OneDrive\Desktop\Jarvis\src\Jarvis.App\Jarvis.App.csproj]
         C:\Users\NoahR\OneDrive\Desktop\Jarvis\src\Jarvis.App\JarvisMainForm.Runtime.cs(735,13): error CS0103: The name 'BeginInvoke' does not exist in the current context [C:\Users\NoahR\OneDrive\Desktop\Jarvis\src\Jarvis.App\Jarvis.App.csproj]
         C:\Users\NoahR\OneDrive\Desktop\Jarvis\src\Jarvis.App\JarvisMainForm.Runtime.cs(737,21): error CS0103: The name 'CanUseUi' does not exist in the current context [C:\Users\NoahR\OneDrive\Desktop\Jarvis\src\Jarvis.App\Jarvis.App.csproj]
         C:\Users\NoahR\OneDrive\Desktop\Jarvis\src\Jarvis.App\JarvisMainForm.Runtime.cs(739,21): error CS0103: The name 'BringAssistantToFront' does not exist in the current context [C:\Users\NoahR\OneDrive\Desktop\Jarvis\src\Jarvis.App\Jarvis.App.csproj]
         C:\Users\NoahR\OneDrive\Desktop\Jarvis\src\Jarvis.App\JarvisMainForm.Runtime.cs(745,9): error CS0103: The name 'BringAssistantToFront' does not exist in the current context [C:\Users\NoahR\OneDrive\Desktop\Jarvis\src\Jarvis.App\Jarvis.App.csproj]
         C:\Users\NoahR\OneDrive\Desktop\Jarvis\src\Jarvis.App\JarvisMainForm.Runtime.cs(750,9): error CS0103: The name '_context' does not exist in the current context [C:\Users\NoahR\OneDrive\Desktop\Jarvis\src\Jarvis.App\Jarvis.App.csproj]
         C:\Users\NoahR\OneDrive\Desktop\Jarvis\src\Jarvis.App\JarvisMainForm.Runtime.cs(751,9): error CS0103: The name '_lastBargeInUtc' does not exist in the current context [C:\Users\NoahR\OneDrive\Desktop\Jarvis\src\Jarvis.App\Jarvis.App.csproj]
         C:\Users\NoahR\OneDrive\Desktop\Jarvis\src\Jarvis.App\JarvisMainForm.Runtime.cs(753,14): error CS0103: The name 'CanUseUi' does not exist in the current context [C:\Users\NoahR\OneDrive\Desktop\Jarvis\src\Jarvis.App\Jarvis.App.csproj]
         C:\Users\NoahR\OneDrive\Desktop\Jarvis\src\Jarvis.App\JarvisMainForm.Runtime.cs(758,13): error CS0103: The name 'InvokeRequired' does not exist in the current context [C:\Users\NoahR\OneDrive\Desktop\Jarvis\src\Jarvis.App\Jarvis.App.csproj]
         C:\Users\NoahR\OneDrive\Desktop\Jarvis\src\Jarvis.App\JarvisMainForm.Runtime.cs(760,13): error CS0103: The name 'BeginInvoke' does not exist in the current context [C:\Users\NoahR\OneDrive\Desktop\Jarvis\src\Jarvis.App\Jarvis.App.csproj]
         C:\Users\NoahR\OneDrive\Desktop\Jarvis\src\Jarvis.App\JarvisMainForm.Runtime.cs(762,21): error CS0103: The name 'CanUseUi' does not exist in the current context [C:\Users\NoahR\OneDrive\Desktop\Jarvis\src\Jarvis.App\Jarvis.App.csproj]
         C:\Users\NoahR\OneDrive\Desktop\Jarvis\src\Jarvis.App\JarvisMainForm.Runtime.cs(785,9): error CS0103: The name '_trayIcon' does not exist in the current context [C:\Users\NoahR\OneDrive\Desktop\Jarvis\src\Jarvis.App\Jarvis.App.csproj]
         C:\Users\NoahR\OneDrive\Desktop\Jarvis\src\Jarvis.App\JarvisMainForm.Runtime.cs(785,26): error CS0103: The name 'BuildTrayText' does not exist in the current context [C:\Users\NoahR\OneDrive\Desktop\Jarvis\src\Jarvis.App\Jarvis.App.csproj]
         C:\Users\NoahR\OneDrive\Desktop\Jarvis\src\Jarvis.App\JarvisMainForm.Runtime.cs(786,9): error CS0103: The name '_voiceStatusLabel' does not exist in the current context [C:\Users\NoahR\OneDrive\Desktop\Jarvis\src\Jarvis.App\Jarvis.App.csproj]
         C:\Users\NoahR\OneDrive\Desktop\Jarvis\src\Jarvis.App\JarvisMainForm.Runtime.cs(787,9): error CS0103: The name '_listenIndicatorLabel' does not exist in the current context [C:\Users\NoahR\OneDrive\Desktop\Jarvis\src\Jarvis.App\Jarvis.App.csproj]
         C:\Users\NoahR\OneDrive\Desktop\Jarvis\src\Jarvis.App\JarvisMainForm.Runtime.cs(788,9): error CS0103: The name '_wakeIndicatorLabel' does not exist in the current context [C:\Users\NoahR\OneDrive\Desktop\Jarvis\src\Jarvis.App\Jarvis.App.csproj]
         C:\Users\NoahR\OneDrive\Desktop\Jarvis\src\Jarvis.App\JarvisMainForm.Runtime.cs(790,15): error CS0103: The name '_currentOptions' does not exist in the current context [C:\Users\NoahR\OneDrive\Desktop\Jarvis\src\Jarvis.App\Jarvis.App.csproj]
         C:\Users\NoahR\OneDrive\Desktop\Jarvis\src\Jarvis.App\JarvisMainForm.Runtime.cs(794,9): error CS0103: The name '_listenIndicatorLabel' does not exist in the current context [C:\Users\NoahR\OneDrive\Desktop\Jarvis\src\Jarvis.App\Jarvis.App.csproj]
         C:\Users\NoahR\OneDrive\Desktop\Jarvis\src\Jarvis.App\JarvisMainForm.Runtime.cs(797,9): error CS0103: The name '_wakeIndicatorLabel' does not exist in the current context [C:\Users\NoahR\OneDrive\Desktop\Jarvis\src\Jarvis.App\Jarvis.App.csproj]
         C:\Users\NoahR\OneDrive\Desktop\Jarvis\src\Jarvis.App\JarvisMainForm.Runtime.cs(801,13): error CS0103: The name '_currentOptions' does not exist in the current context [C:\Users\NoahR\OneDrive\Desktop\Jarvis\src\Jarvis.App\Jarvis.App.csproj]
         C:\Users\NoahR\OneDrive\Desktop\Jarvis\src\Jarvis.App\JarvisMainForm.Runtime.cs(803,13): error CS0103: The name '_pushToTalkButton' does not exist in the current context [C:\Users\NoahR\OneDrive\Desktop\Jarvis\src\Jarvis.App\Jarvis.App.csproj]
         C:\Users\NoahR\OneDrive\Desktop\Jarvis\src\Jarvis.App\JarvisMainForm.Runtime.cs(804,13): error CS0103: The name '_pushToTalkButton' does not exist in the current context [C:\Users\NoahR\OneDrive\Desktop\Jarvis\src\Jarvis.App\Jarvis.App.csproj]
         C:\Users\NoahR\OneDrive\Desktop\Jarvis\src\Jarvis.App\JarvisMainForm.Runtime.cs(808,13): error CS0103: The name '_pushToTalkButton' does not exist in the current context [C:\Users\NoahR\OneDrive\Desktop\Jarvis\src\Jarvis.App\Jarvis.App.csproj]
         C:\Users\NoahR\OneDrive\Desktop\Jarvis\src\Jarvis.App\JarvisMainForm.Runtime.cs(811,9): error CS0103: The name '_micToggleButton' does not exist in the current context [C:\Users\NoahR\OneDrive\Desktop\Jarvis\src\Jarvis.App\Jarvis.App.csproj]
         C:\Users\NoahR\OneDrive\Desktop\Jarvis\src\Jarvis.App\JarvisMainForm.Runtime.cs(812,9): error CS0103: The name '_micToggleButton' does not exist in the current context [C:\Users\NoahR\OneDrive\Desktop\Jarvis\src\Jarvis.App\Jarvis.App.csproj]
         C:\Users\NoahR\OneDrive\Desktop\Jarvis\src\Jarvis.App\JarvisMainForm.Runtime.cs(815,16): error CS0103: The name '_isInTrayMode' does not exist in the current context [C:\Users\NoahR\OneDrive\Desktop\Jarvis\src\Jarvis.App\Jarvis.App.csproj]
         C:\Users\NoahR\OneDrive\Desktop\Jarvis\src\Jarvis.App\JarvisMainForm.Runtime.cs(816,30): error CS0103: The name '_lastVoiceStatusText' does not exist in the current context [C:\Users\NoahR\OneDrive\Desktop\Jarvis\src\Jarvis.App\Jarvis.App.csproj]
         C:\Users\NoahR\OneDrive\Desktop\Jarvis\src\Jarvis.App\JarvisMainForm.Runtime.cs(818,13): error CS0103: The name '_lastVoiceStatusText' does not exist in the current context [C:\Users\NoahR\OneDrive\Desktop\Jarvis\src\Jarvis.App\Jarvis.App.csproj]
         C:\Users\NoahR\OneDrive\Desktop\Jarvis\src\Jarvis.App\JarvisMainForm.Runtime.cs(823,9): error CS0103: The name '_lastVoiceStatusText' does not exist in the current context [C:\Users\NoahR\OneDrive\Desktop\Jarvis\src\Jarvis.App\Jarvis.App.csproj]
         C:\Users\NoahR\OneDrive\Desktop\Jarvis\src\Jarvis.App\JarvisMainForm.Runtime.cs(831,9): error CS0103: The name '_latestSignal' does not exist in the current context [C:\Users\NoahR\OneDrive\Desktop\Jarvis\src\Jarvis.App\Jarvis.App.csproj]
         C:\Users\NoahR\OneDrive\Desktop\Jarvis\src\Jarvis.App\JarvisMainForm.Runtime.cs(832,9): error CS0103: The name '_rmsLabel' does not exist in the current context [C:\Users\NoahR\OneDrive\Desktop\Jarvis\src\Jarvis.App\Jarvis.App.csproj]
         C:\Users\NoahR\OneDrive\Desktop\Jarvis\src\Jarvis.App\JarvisMainForm.Runtime.cs(833,9): error CS0103: The name '_peakLabel' does not exist in the current context [C:\Users\NoahR\OneDrive\Desktop\Jarvis\src\Jarvis.App\Jarvis.App.csproj]
         C:\Users\NoahR\OneDrive\Desktop\Jarvis\src\Jarvis.App\JarvisMainForm.Runtime.cs(834,9): error CS0103: The name '_waveformControl' does not exist in the current context [C:\Users\NoahR\OneDrive\Desktop\Jarvis\src\Jarvis.App\Jarvis.App.csproj]
         C:\Users\NoahR\OneDrive\Desktop\Jarvis\src\Jarvis.App\JarvisMainForm.Runtime.cs(843,9): error CS0103: The name '_waveformControl' does not exist in the current context [C:\Users\NoahR\OneDrive\Desktop\Jarvis\src\Jarvis.App\Jarvis.App.csproj]
         C:\Users\NoahR\OneDrive\Desktop\Jarvis\src\Jarvis.App\JarvisMainForm.Runtime.cs(849,9): error CS0103: The name '_assistantStatusLabel' does not exist in the current context [C:\Users\NoahR\OneDrive\Desktop\Jarvis\src\Jarvis.App\Jarvis.App.csproj]
         C:\Users\NoahR\OneDrive\Desktop\Jarvis\src\Jarvis.App\JarvisMainForm.Runtime.cs(850,9): error CS0103: The name '_lastAssistantKind' does not exist in the current context [C:\Users\NoahR\OneDrive\Desktop\Jarvis\src\Jarvis.App\Jarvis.App.csproj]
         C:\Users\NoahR\OneDrive\Desktop\Jarvis\src\Jarvis.App\JarvisMainForm.Runtime.cs(851,9): error CS0103: The name '_lastAssistantDetail' does not exist in the current context [C:\Users\NoahR\OneDrive\Desktop\Jarvis\src\Jarvis.App\Jarvis.App.csproj]
         C:\Users\NoahR\OneDrive\Desktop\Jarvis\src\Jarvis.App\JarvisMainForm.Runtime.cs(855,13): error CS0103: The name '_activeSessionId' does not exist in the current context [C:\Users\NoahR\OneDrive\Desktop\Jarvis\src\Jarvis.App\Jarvis.App.csproj]
         C:\Users\NoahR\OneDrive\Desktop\Jarvis\src\Jarvis.App\JarvisMainForm.Runtime.cs(859,14): error CS0103: The name '_isInTrayMode' does not exist in the current context [C:\Users\NoahR\OneDrive\Desktop\Jarvis\src\Jarvis.App\Jarvis.App.csproj]
         C:\Users\NoahR\OneDrive\Desktop\Jarvis\src\Jarvis.App\JarvisMainForm.Runtime.cs(860,31): error CS0103: The name '_lastAssistantStatusText' does not exist in the current context [C:\Users\NoahR\OneDrive\Desktop\Jarvis\src\Jarvis.App\Jarvis.App.csproj]
         C:\Users\NoahR\OneDrive\Desktop\Jarvis\src\Jarvis.App\JarvisMainForm.Runtime.cs(862,13): error CS0103: The name '_lastAssistantStatusText' does not exist in the current context [C:\Users\NoahR\OneDrive\Desktop\Jarvis\src\Jarvis.App\Jarvis.App.csproj]
         C:\Users\NoahR\OneDrive\Desktop\Jarvis\src\Jarvis.App\JarvisMainForm.Runtime.cs(920,9): error CS0103: The name '_actionCueOverlay' does not exist in the current context [C:\Users\NoahR\OneDrive\Desktop\Jarvis\src\Jarvis.App\Jarvis.App.csproj]
         C:\Users\NoahR\OneDrive\Desktop\Jarvis\src\Jarvis.App\JarvisMainForm.Runtime.cs(920,54): error CS1503: Argument 1: cannot convert from 'Jarvis.App.JarvisMainForm' to 'System.Windows.Forms.Control' [C:\Users\NoahR\OneDrive\Desktop\Jarvis\src\Jarvis.App\Jarvis.App.csproj]
         C:\Users\NoahR\OneDrive\Desktop\Jarvis\src\Jarvis.App\JarvisMainForm.Runtime.cs(940,29): error CS0103: The name '_context' does not exist in the current context [C:\Users\NoahR\OneDrive\Desktop\Jarvis\src\Jarvis.App\Jarvis.App.csproj]
         C:\Users\NoahR\OneDrive\Desktop\Jarvis\src\Jarvis.App\JarvisMainForm.Runtime.cs(942,13): error CS0103: The name '_pendingApproval' does not exist in the current context [C:\Users\NoahR\OneDrive\Desktop\Jarvis\src\Jarvis.App\Jarvis.App.csproj]
         C:\Users\NoahR\OneDrive\Desktop\Jarvis\src\Jarvis.App\JarvisMainForm.Runtime.cs(944,81): error CS0103: The name '_pendingApproval' does not exist in the current context [C:\Users\NoahR\OneDrive\Desktop\Jarvis\src\Jarvis.App\Jarvis.App.csproj]
         C:\Users\NoahR\OneDrive\Desktop\Jarvis\src\Jarvis.App\JarvisMainForm.Runtime.cs(948,13): error CS0103: The name '_lastAssistantKind' does not exist in the current context [C:\Users\NoahR\OneDrive\Desktop\Jarvis\src\Jarvis.App\Jarvis.App.csproj]
         C:\Users\NoahR\OneDrive\Desktop\Jarvis\src\Jarvis.App\JarvisMainForm.Runtime.cs(950,70): error CS0103: The name '_lastAssistantDetail' does not exist in the current context [C:\Users\NoahR\OneDrive\Desktop\Jarvis\src\Jarvis.App\Jarvis.App.csproj]
         C:\Users\NoahR\OneDrive\Desktop\Jarvis\src\Jarvis.App\JarvisMainForm.Runtime.cs(960,13): error CS0103: The name '_isSubmitting' does not exist in the current context [C:\Users\NoahR\OneDrive\Desktop\Jarvis\src\Jarvis.App\Jarvis.App.csproj]
         C:\Users\NoahR\OneDrive\Desktop\Jarvis\src\Jarvis.App\JarvisMainForm.Runtime.cs(962,25): error CS0103: The name '_lastAssistantKind' does not exist in the current context [C:\Users\NoahR\OneDrive\Desktop\Jarvis\src\Jarvis.App\Jarvis.App.csproj]
         C:\Users\NoahR\OneDrive\Desktop\Jarvis\src\Jarvis.App\JarvisMainForm.Runtime.cs(965,52): error CS0103: The name '_lastAssistantDetail' does not exist in the current context [C:\Users\NoahR\OneDrive\Desktop\Jarvis\src\Jarvis.App\Jarvis.App.csproj]
         C:\Users\NoahR\OneDrive\Desktop\Jarvis\src\Jarvis.App\JarvisMainForm.Runtime.cs(965,132): error CS0103: The name '_lastAssistantDetail' does not exist in the current context [C:\Users\NoahR\OneDrive\Desktop\Jarvis\src\Jarvis.App\Jarvis.App.csproj]
         C:\Users\NoahR\OneDrive\Desktop\Jarvis\src\Jarvis.App\JarvisMainForm.Runtime.cs(970,13): error CS0103: The name '_currentVoiceRuntime' does not exist in the current context [C:\Users\NoahR\OneDrive\Desktop\Jarvis\src\Jarvis.App\Jarvis.App.csproj]
         C:\Users\NoahR\OneDrive\Desktop\Jarvis\src\Jarvis.App\JarvisMainForm.Runtime.cs(972,26): error CS0103: The name '_latestSignal' does not exist in the current context [C:\Users\NoahR\OneDrive\Desktop\Jarvis\src\Jarvis.App\Jarvis.App.csproj]
         C:\Users\NoahR\OneDrive\Desktop\Jarvis\src\Jarvis.App\JarvisMainForm.Runtime.cs(974,37): error CS0103: The name '_currentVoiceRuntime' does not exist in the current context [C:\Users\NoahR\OneDrive\Desktop\Jarvis\src\Jarvis.App\Jarvis.App.csproj]
         C:\Users\NoahR\OneDrive\Desktop\Jarvis\src\Jarvis.App\JarvisMainForm.Runtime.cs(984,13): error CS0103: The name '_surfaceState' does not exist in the current context [C:\Users\NoahR\OneDrive\Desktop\Jarvis\src\Jarvis.App\Jarvis.App.csproj]
         C:\Users\NoahR\OneDrive\Desktop\Jarvis\src\Jarvis.App\JarvisMainForm.Runtime.cs(984,53): error CS0103: The name '_surfaceDetailLabel' does not exist in the current context [C:\Users\NoahR\OneDrive\Desktop\Jarvis\src\Jarvis.App\Jarvis.App.csproj]
         C:\Users\NoahR\OneDrive\Desktop\Jarvis\src\Jarvis.App\JarvisMainForm.Runtime.cs(989,29): error CS0103: The name '_surfaceState' does not exist in the current context [C:\Users\NoahR\OneDrive\Desktop\Jarvis\src\Jarvis.App\Jarvis.App.csproj]
         C:\Users\NoahR\OneDrive\Desktop\Jarvis\src\Jarvis.App\JarvisMainForm.Runtime.cs(990,9): error CS0103: The name '_surfaceState' does not exist in the current context [C:\Users\NoahR\OneDrive\Desktop\Jarvis\src\Jarvis.App\Jarvis.App.csproj]
         C:\Users\NoahR\OneDrive\Desktop\Jarvis\src\Jarvis.App\JarvisMainForm.Runtime.cs(991,9): error CS0103: The name '_surfaceStateLabel' does not exist in the current context [C:\Users\NoahR\OneDrive\Desktop\Jarvis\src\Jarvis.App\Jarvis.App.csproj]
         C:\Users\NoahR\OneDrive\Desktop\Jarvis\src\Jarvis.App\JarvisMainForm.Runtime.cs(1001,9): error CS0103: The name '_surfaceStateLabel' does not exist in the current context [C:\Users\NoahR\OneDrive\Desktop\Jarvis\src\Jarvis.App\Jarvis.App.csproj]
         C:\Users\NoahR\OneDrive\Desktop\Jarvis\src\Jarvis.App\JarvisMainForm.Runtime.cs(1002,9): error CS0103: The name '_surfaceDetailLabel' does not exist in the current context [C:\Users\NoahR\OneDrive\Desktop\Jarvis\src\Jarvis.App\Jarvis.App.csproj]
         C:\Users\NoahR\OneDrive\Desktop\Jarvis\src\Jarvis.App\JarvisMainForm.Runtime.cs(1003,9): error CS0103: The name '_waveformControl' does not exist in the current context [C:\Users\NoahR\OneDrive\Desktop\Jarvis\src\Jarvis.App\Jarvis.App.csproj]
         C:\Users\NoahR\OneDrive\Desktop\Jarvis\src\Jarvis.App\JarvisMainForm.Runtime.cs(1015,30): error CS0103: The name '_stageLabels' does not exist in the current context [C:\Users\NoahR\OneDrive\Desktop\Jarvis\src\Jarvis.App\Jarvis.App.csproj]
         C:\Users\NoahR\OneDrive\Desktop\Jarvis\src\Jarvis.App\JarvisMainForm.Runtime.cs(1017,40): error CS0103: The name '_surfaceState' does not exist in the current context [C:\Users\NoahR\OneDrive\Desktop\Jarvis\src\Jarvis.App\Jarvis.App.csproj]
         C:\Users\NoahR\OneDrive\Desktop\Jarvis\src\Jarvis.App\JarvisMainForm.Runtime.cs(1018,62): error CS0103: The name '_surfaceState' does not exist in the current context [C:\Users\NoahR\OneDrive\Desktop\Jarvis\src\Jarvis.App\Jarvis.App.csproj]
         C:\Users\NoahR\OneDrive\Desktop\Jarvis\src\Jarvis.App\JarvisMainForm.Runtime.cs(1054,9): error CS0103: The name '_pendingApproval' does not exist in the current context [C:\Users\NoahR\OneDrive\Desktop\Jarvis\src\Jarvis.App\Jarvis.App.csproj]
         C:\Users\NoahR\OneDrive\Desktop\Jarvis\src\Jarvis.App\JarvisMainForm.Runtime.cs(1055,9): error CS0103: The name '_approvalPanel' does not exist in the current context [C:\Users\NoahR\OneDrive\Desktop\Jarvis\src\Jarvis.App\Jarvis.App.csproj]
         C:\Users\NoahR\OneDrive\Desktop\Jarvis\src\Jarvis.App\JarvisMainForm.Runtime.cs(1056,9): error CS0103: The name '_rightColumnLayout' does not exist in the current context [C:\Users\NoahR\OneDrive\Desktop\Jarvis\src\Jarvis.App\Jarvis.App.csproj]
         C:\Users\NoahR\OneDrive\Desktop\Jarvis\src\Jarvis.App\JarvisMainForm.Runtime.cs(1064,9): error CS0103: The name '_approvalSummaryLabel' does not exist in the current context [C:\Users\NoahR\OneDrive\Desktop\Jarvis\src\Jarvis.App\Jarvis.App.csproj]
         C:\Users\NoahR\OneDrive\Desktop\Jarvis\src\Jarvis.App\JarvisMainForm.Runtime.cs(1065,9): error CS0103: The name '_approvalPromptLabel' does not exist in the current context [C:\Users\NoahR\OneDrive\Desktop\Jarvis\src\Jarvis.App\Jarvis.App.csproj]
         C:\Users\NoahR\OneDrive\Desktop\Jarvis\src\Jarvis.App\JarvisMainForm.Runtime.cs(1114,9): error CS0103: The name '_activityFlow' does not exist in the current context [C:\Users\NoahR\OneDrive\Desktop\Jarvis\src\Jarvis.App\Jarvis.App.csproj]
         C:\Users\NoahR\OneDrive\Desktop\Jarvis\src\Jarvis.App\JarvisMainForm.Runtime.cs(1115,9): error CS0103: The name '_activityFlow' does not exist in the current context [C:\Users\NoahR\OneDrive\Desktop\Jarvis\src\Jarvis.App\Jarvis.App.csproj]
         C:\Users\NoahR\OneDrive\Desktop\Jarvis\src\Jarvis.App\JarvisMainForm.Runtime.cs(1115,46): error CS0103: The name '_sessionSummaryCard' does not exist in the current context [C:\Users\NoahR\OneDrive\Desktop\Jarvis\src\Jarvis.App\Jarvis.App.csproj]
         C:\Users\NoahR\OneDrive\Desktop\Jarvis\src\Jarvis.App\JarvisMainForm.Runtime.cs(1118,16): error CS0103: The name '_activityFlow' does not exist in the current context [C:\Users\NoahR\OneDrive\Desktop\Jarvis\src\Jarvis.App\Jarvis.App.csproj]
         C:\Users\NoahR\OneDrive\Desktop\Jarvis\src\Jarvis.App\JarvisMainForm.Runtime.cs(1120,29): error CS0103: The name '_activityFlow' does not exist in the current context [C:\Users\NoahR\OneDrive\Desktop\Jarvis\src\Jarvis.App\Jarvis.App.csproj]
         C:\Users\NoahR\OneDrive\Desktop\Jarvis\src\Jarvis.App\JarvisMainForm.Runtime.cs(1121,27): error CS0103: The name '_activityFlow' does not exist in the current context [C:\Users\NoahR\OneDrive\Desktop\Jarvis\src\Jarvis.App\Jarvis.App.csproj]
         C:\Users\NoahR\OneDrive\Desktop\Jarvis\src\Jarvis.App\JarvisMainForm.Runtime.cs(1123,42): error CS0103: The name '_sessionSummaryCard' does not exist in the current context [C:\Users\NoahR\OneDrive\Desktop\Jarvis\src\Jarvis.App\Jarvis.App.csproj]
         C:\Users\NoahR\OneDrive\Desktop\Jarvis\src\Jarvis.App\JarvisMainForm.Runtime.cs(1128,13): error CS0103: The name '_activityFlow' does not exist in the current context [C:\Users\NoahR\OneDrive\Desktop\Jarvis\src\Jarvis.App\Jarvis.App.csproj]
         C:\Users\NoahR\OneDrive\Desktop\Jarvis\src\Jarvis.App\JarvisMainForm.Runtime.cs(1135,35): error CS0103: The name '_activityFlow' does not exist in the current context [C:\Users\NoahR\OneDrive\Desktop\Jarvis\src\Jarvis.App\Jarvis.App.csproj]
         C:\Users\NoahR\OneDrive\Desktop\Jarvis\src\Jarvis.App\JarvisMainForm.Runtime.cs(1136,9): error CS0103: The name '_sessionSummaryCard' does not exist in the current context [C:\Users\NoahR\OneDrive\Desktop\Jarvis\src\Jarvis.App\Jarvis.App.csproj]
         C:\Users\NoahR\OneDrive\Desktop\Jarvis\src\Jarvis.App\JarvisMainForm.Runtime.cs(1138,33): error CS0103: The name '_activityFlow' does not exist in the current context [C:\Users\NoahR\OneDrive\Desktop\Jarvis\src\Jarvis.App\Jarvis.App.csproj]
         C:\Users\NoahR\OneDrive\Desktop\Jarvis\src\Jarvis.App\JarvisMainForm.Runtime.cs(1157,23): error CS0103: The name '_context' does not exist in the current context [C:\Users\NoahR\OneDrive\Desktop\Jarvis\src\Jarvis.App\Jarvis.App.csproj]
         C:\Users\NoahR\OneDrive\Desktop\Jarvis\src\Jarvis.App\JarvisMainForm.Runtime.cs(1172,14): error CS0103: The name 'CanUseUi' does not exist in the current context [C:\Users\NoahR\OneDrive\Desktop\Jarvis\src\Jarvis.App\Jarvis.App.csproj]
         C:\Users\NoahR\OneDrive\Desktop\Jarvis\src\Jarvis.App\JarvisMainForm.Runtime.cs(1179,9): error CS0103: The name '_historyBox' does not exist in the current context [C:\Users\NoahR\OneDrive\Desktop\Jarvis\src\Jarvis.App\Jarvis.App.csproj]
         C:\Users\NoahR\OneDrive\Desktop\Jarvis\src\Jarvis.App\JarvisMainForm.Runtime.cs(1179,38): error CS0103: The name '_historyBox' does not exist in the current context [C:\Users\NoahR\OneDrive\Desktop\Jarvis\src\Jarvis.App\Jarvis.App.csproj]
         C:\Users\NoahR\OneDrive\Desktop\Jarvis\src\Jarvis.App\JarvisMainForm.Runtime.cs(1180,9): error CS0103: The name '_historyBox' does not exist in the current context [C:\Users\NoahR\OneDrive\Desktop\Jarvis\src\Jarvis.App\Jarvis.App.csproj]
         C:\Users\NoahR\OneDrive\Desktop\Jarvis\src\Jarvis.App\JarvisMainForm.Runtime.cs(1181,9): error CS0103: The name '_historyBox' does not exist in the current context [C:\Users\NoahR\OneDrive\Desktop\Jarvis\src\Jarvis.App\Jarvis.App.csproj]
         C:\Users\NoahR\OneDrive\Desktop\Jarvis\src\Jarvis.App\JarvisMainForm.Runtime.cs(1182,9): error CS0103: The name '_historyBox' does not exist in the current context [C:\Users\NoahR\OneDrive\Desktop\Jarvis\src\Jarvis.App\Jarvis.App.csproj]
         C:\Users\NoahR\OneDrive\Desktop\Jarvis\src\Jarvis.App\JarvisMainForm.Runtime.cs(1182,37): error CS0103: The name '_historySourceFont' does not exist in the current context [C:\Users\NoahR\OneDrive\Desktop\Jarvis\src\Jarvis.App\Jarvis.App.csproj]
         C:\Users\NoahR\OneDrive\Desktop\Jarvis\src\Jarvis.App\JarvisMainForm.Runtime.cs(1183,9): error CS0103: The name '_historyBox' does not exist in the current context [C:\Users\NoahR\OneDrive\Desktop\Jarvis\src\Jarvis.App\Jarvis.App.csproj]
         C:\Users\NoahR\OneDrive\Desktop\Jarvis\src\Jarvis.App\JarvisMainForm.Runtime.cs(1184,9): error CS0103: The name '_historyBox' does not exist in the current context [C:\Users\NoahR\OneDrive\Desktop\Jarvis\src\Jarvis.App\Jarvis.App.csproj]
         C:\Users\NoahR\OneDrive\Desktop\Jarvis\src\Jarvis.App\JarvisMainForm.Runtime.cs(1185,9): error CS0103: The name '_historyBox' does not exist in the current context [C:\Users\NoahR\OneDrive\Desktop\Jarvis\src\Jarvis.App\Jarvis.App.csproj]
         C:\Users\NoahR\OneDrive\Desktop\Jarvis\src\Jarvis.App\JarvisMainForm.Runtime.cs(1185,37): error CS0103: The name '_historyMessageFont' does not exist in the current context [C:\Users\NoahR\OneDrive\Desktop\Jarvis\src\Jarvis.App\Jarvis.App.csproj]
         C:\Users\NoahR\OneDrive\Desktop\Jarvis\src\Jarvis.App\JarvisMainForm.Runtime.cs(1186,9): error CS0103: The name '_historyBox' does not exist in the current context [C:\Users\NoahR\OneDrive\Desktop\Jarvis\src\Jarvis.App\Jarvis.App.csproj]
         C:\Users\NoahR\OneDrive\Desktop\Jarvis\src\Jarvis.App\JarvisMainForm.Runtime.cs(1187,9): error CS0103: The name '_historyBox' does not exist in the current context [C:\Users\NoahR\OneDrive\Desktop\Jarvis\src\Jarvis.App\Jarvis.App.csproj]
         C:\Users\NoahR\OneDrive\Desktop\Jarvis\src\Jarvis.App\JarvisMainForm.Runtime.cs(1187,38): error CS0103: The name '_historyBox' does not exist in the current context [C:\Users\NoahR\OneDrive\Desktop\Jarvis\src\Jarvis.App\Jarvis.App.csproj]
         C:\Users\NoahR\OneDrive\Desktop\Jarvis\src\Jarvis.App\JarvisMainForm.Runtime.cs(1188,9): error CS0103: The name '_historyBox' does not exist in the current context [C:\Users\NoahR\OneDrive\Desktop\Jarvis\src\Jarvis.App\Jarvis.App.csproj]
         C:\Users\NoahR\OneDrive\Desktop\Jarvis\src\Jarvis.App\JarvisMainForm.Runtime.cs(1193,14): error CS0103: The name 'CanUseUi' does not exist in the current context [C:\Users\NoahR\OneDrive\Desktop\Jarvis\src\Jarvis.App\Jarvis.App.csproj]
         C:\Users\NoahR\OneDrive\Desktop\Jarvis\src\Jarvis.App\JarvisMainForm.Runtime.cs(1200,9): error CS0103: The name '_timelineBox' does not exist in the current context [C:\Users\NoahR\OneDrive\Desktop\Jarvis\src\Jarvis.App\Jarvis.App.csproj]
         C:\Users\NoahR\OneDrive\Desktop\Jarvis\src\Jarvis.App\JarvisMainForm.Runtime.cs(1200,39): error CS0103: The name '_timelineBox' does not exist in the current context [C:\Users\NoahR\OneDrive\Desktop\Jarvis\src\Jarvis.App\Jarvis.App.csproj]
         C:\Users\NoahR\OneDrive\Desktop\Jarvis\src\Jarvis.App\JarvisMainForm.Runtime.cs(1201,9): error CS0103: The name '_timelineBox' does not exist in the current context [C:\Users\NoahR\OneDrive\Desktop\Jarvis\src\Jarvis.App\Jarvis.App.csproj]
         C:\Users\NoahR\OneDrive\Desktop\Jarvis\src\Jarvis.App\JarvisMainForm.Runtime.cs(1202,9): error CS0103: The name '_timelineBox' does not exist in the current context [C:\Users\NoahR\OneDrive\Desktop\Jarvis\src\Jarvis.App\Jarvis.App.csproj]
         C:\Users\NoahR\OneDrive\Desktop\Jarvis\src\Jarvis.App\JarvisMainForm.Runtime.cs(1203,9): error CS0103: The name '_timelineBox' does not exist in the current context [C:\Users\NoahR\OneDrive\Desktop\Jarvis\src\Jarvis.App\Jarvis.App.csproj]
         C:\Users\NoahR\OneDrive\Desktop\Jarvis\src\Jarvis.App\JarvisMainForm.Runtime.cs(1203,38): error CS0103: The name '_historySourceFont' does not exist in the current context [C:\Users\NoahR\OneDrive\Desktop\Jarvis\src\Jarvis.App\Jarvis.App.csproj]
         C:\Users\NoahR\OneDrive\Desktop\Jarvis\src\Jarvis.App\JarvisMainForm.Runtime.cs(1204,9): error CS0103: The name '_timelineBox' does not exist in the current context [C:\Users\NoahR\OneDrive\Desktop\Jarvis\src\Jarvis.App\Jarvis.App.csproj]
         C:\Users\NoahR\OneDrive\Desktop\Jarvis\src\Jarvis.App\JarvisMainForm.Runtime.cs(1205,9): error CS0103: The name '_timelineBox' does not exist in the current context [C:\Users\NoahR\OneDrive\Desktop\Jarvis\src\Jarvis.App\Jarvis.App.csproj]
         C:\Users\NoahR\OneDrive\Desktop\Jarvis\src\Jarvis.App\JarvisMainForm.Runtime.cs(1206,9): error CS0103: The name '_timelineBox' does not exist in the current context [C:\Users\NoahR\OneDrive\Desktop\Jarvis\src\Jarvis.App\Jarvis.App.csproj]
         C:\Users\NoahR\OneDrive\Desktop\Jarvis\src\Jarvis.App\JarvisMainForm.Runtime.cs(1206,38): error CS0103: The name '_historyMessageFont' does not exist in the current context [C:\Users\NoahR\OneDrive\Desktop\Jarvis\src\Jarvis.App\Jarvis.App.csproj]
         C:\Users\NoahR\OneDrive\Desktop\Jarvis\src\Jarvis.App\JarvisMainForm.Runtime.cs(1207,9): error CS0103: The name '_timelineBox' does not exist in the current context [C:\Users\NoahR\OneDrive\Desktop\Jarvis\src\Jarvis.App\Jarvis.App.csproj]
         C:\Users\NoahR\OneDrive\Desktop\Jarvis\src\Jarvis.App\JarvisMainForm.Runtime.cs(1211,13): error CS0103: The name '_timelineBox' does not exist in the current context [C:\Users\NoahR\OneDrive\Desktop\Jarvis\src\Jarvis.App\Jarvis.App.csproj]
         C:\Users\NoahR\OneDrive\Desktop\Jarvis\src\Jarvis.App\JarvisMainForm.Runtime.cs(1212,13): error CS0103: The name '_timelineBox' does not exist in the current context [C:\Users\NoahR\OneDrive\Desktop\Jarvis\src\Jarvis.App\Jarvis.App.csproj]
         C:\Users\NoahR\OneDrive\Desktop\Jarvis\src\Jarvis.App\JarvisMainForm.Runtime.cs(1212,42): error CS0103: The name '_historyMessageFont' does not exist in the current context [C:\Users\NoahR\OneDrive\Desktop\Jarvis\src\Jarvis.App\Jarvis.App.csproj]
         C:\Users\NoahR\OneDrive\Desktop\Jarvis\src\Jarvis.App\JarvisMainForm.Runtime.cs(1213,13): error CS0103: The name '_timelineBox' does not exist in the current context [C:\Users\NoahR\OneDrive\Desktop\Jarvis\src\Jarvis.App\Jarvis.App.csproj]
         C:\Users\NoahR\OneDrive\Desktop\Jarvis\src\Jarvis.App\JarvisMainForm.Runtime.cs(1216,9): error CS0103: The name '_timelineBox' does not exist in the current context [C:\Users\NoahR\OneDrive\Desktop\Jarvis\src\Jarvis.App\Jarvis.App.csproj]
         C:\Users\NoahR\OneDrive\Desktop\Jarvis\src\Jarvis.App\JarvisMainForm.Runtime.cs(1217,9): error CS0103: The name '_timelineBox' does not exist in the current context [C:\Users\NoahR\OneDrive\Desktop\Jarvis\src\Jarvis.App\Jarvis.App.csproj]
         C:\Users\NoahR\OneDrive\Desktop\Jarvis\src\Jarvis.App\JarvisMainForm.Runtime.cs(1217,39): error CS0103: The name '_timelineBox' does not exist in the current context [C:\Users\NoahR\OneDrive\Desktop\Jarvis\src\Jarvis.App\Jarvis.App.csproj]
         C:\Users\NoahR\OneDrive\Desktop\Jarvis\src\Jarvis.App\JarvisMainForm.Runtime.cs(1218,9): error CS0103: The name '_timelineBox' does not exist in the current context [C:\Users\NoahR\OneDrive\Desktop\Jarvis\src\Jarvis.App\Jarvis.App.csproj]
         C:\Users\NoahR\OneDrive\Desktop\Jarvis\src\Jarvis.App\JarvisMainForm.Runtime.cs(1234,9): error CS0103: The name '_sendButton' does not exist in the current context [C:\Users\NoahR\OneDrive\Desktop\Jarvis\src\Jarvis.App\Jarvis.App.csproj]
         C:\Users\NoahR\OneDrive\Desktop\Jarvis\src\Jarvis.App\JarvisMainForm.Runtime.cs(1235,9): error CS0103: The name '_helpButton' does not exist in the current context [C:\Users\NoahR\OneDrive\Desktop\Jarvis\src\Jarvis.App\Jarvis.App.csproj]
         C:\Users\NoahR\OneDrive\Desktop\Jarvis\src\Jarvis.App\JarvisMainForm.Runtime.cs(1236,9): error CS0103: The name '_statusButton' does not exist in the current context [C:\Users\NoahR\OneDrive\Desktop\Jarvis\src\Jarvis.App\Jarvis.App.csproj]
         C:\Users\NoahR\OneDrive\Desktop\Jarvis\src\Jarvis.App\JarvisMainForm.Runtime.cs(1237,9): error CS0103: The name '_notesButton' does not exist in the current context [C:\Users\NoahR\OneDrive\Desktop\Jarvis\src\Jarvis.App\Jarvis.App.csproj]
         C:\Users\NoahR\OneDrive\Desktop\Jarvis\src\Jarvis.App\JarvisMainForm.Runtime.cs(1238,9): error CS0103: The name '_approveButton' does not exist in the current context [C:\Users\NoahR\OneDrive\Desktop\Jarvis\src\Jarvis.App\Jarvis.App.csproj]
         C:\Users\NoahR\OneDrive\Desktop\Jarvis\src\Jarvis.App\JarvisMainForm.Runtime.cs(1239,9): error CS0103: The name '_denyButton' does not exist in the current context [C:\Users\NoahR\OneDrive\Desktop\Jarvis\src\Jarvis.App\Jarvis.App.csproj]
         C:\Users\NoahR\OneDrive\Desktop\Jarvis\src\Jarvis.App\JarvisMainForm.Runtime.cs(1240,9): error CS0103: The name '_inputBox' does not exist in the current context [C:\Users\NoahR\OneDrive\Desktop\Jarvis\src\Jarvis.App\Jarvis.App.csproj]
         C:\Users\NoahR\OneDrive\Desktop\Jarvis\src\Jarvis.App\JarvisMainForm.Runtime.cs(1241,9): error CS0118: 'Cursor' is a type but is used like a variable [C:\Users\NoahR\OneDrive\Desktop\Jarvis\src\Jarvis.App\Jarvis.App.csproj]
         C:\Users\NoahR\OneDrive\Desktop\Jarvis\src\Jarvis.App\JarvisMainForm.Runtime.cs(1247,17): error CS0103: The name '_currentOptions' does not exist in the current context [C:\Users\NoahR\OneDrive\Desktop\Jarvis\src\Jarvis.App\Jarvis.App.csproj]
         C:\Users\NoahR\OneDrive\Desktop\Jarvis\src\Jarvis.App\JarvisMainForm.Runtime.cs(1250,16): error CS0103: The name '_currentVoiceRuntime' does not exist in the current context [C:\Users\NoahR\OneDrive\Desktop\Jarvis\src\Jarvis.App\Jarvis.App.csproj]
         C:\Users\NoahR\OneDrive\Desktop\Jarvis\src\Jarvis.App\JarvisMainForm.Runtime.cs(1256,23): error CS0103: The name '_currentVoiceRuntime' does not exist in the current context [C:\Users\NoahR\OneDrive\Desktop\Jarvis\src\Jarvis.App\Jarvis.App.csproj]
         C:\Users\NoahR\OneDrive\Desktop\Jarvis\src\Jarvis.App\JarvisMainForm.Runtime.cs(1259,19): error CS0103: The name '_context' does not exist in the current context [C:\Users\NoahR\OneDrive\Desktop\Jarvis\src\Jarvis.App\Jarvis.App.csproj]
         C:\Users\NoahR\OneDrive\Desktop\Jarvis\src\Jarvis.App\JarvisMainForm.Runtime.cs(1271,21): error CS0103: The name '_currentOptions' does not exist in the current context [C:\Users\NoahR\OneDrive\Desktop\Jarvis\src\Jarvis.App\Jarvis.App.csproj]
         C:\Users\NoahR\OneDrive\Desktop\Jarvis\src\Jarvis.App\JarvisMainForm.Runtime.cs(1272,21): error CS0103: The name '_cancellationTokenSource' does not exist in the current context [C:\Users\NoahR\OneDrive\Desktop\Jarvis\src\Jarvis.App\Jarvis.App.csproj]
         C:\Users\NoahR\OneDrive\Desktop\Jarvis\src\Jarvis.App\JarvisMainForm.Runtime.cs(1276,27): error CS0103: The name '_currentVoiceRuntime' does not exist in the current context [C:\Users\NoahR\OneDrive\Desktop\Jarvis\src\Jarvis.App\Jarvis.App.csproj]
         C:\Users\NoahR\OneDrive\Desktop\Jarvis\src\Jarvis.App\JarvisMainForm.Runtime.cs(1276,59): error CS0103: The name '_cancellationTokenSource' does not exist in the current context [C:\Users\NoahR\OneDrive\Desktop\Jarvis\src\Jarvis.App\Jarvis.App.csproj]
         C:\Users\NoahR\OneDrive\Desktop\Jarvis\src\Jarvis.App\JarvisMainForm.Runtime.cs(1287,16): error CS0103: The name '_currentOptions' does not exist in the current context [C:\Users\NoahR\OneDrive\Desktop\Jarvis\src\Jarvis.App\Jarvis.App.csproj]
         C:\Users\NoahR\OneDrive\Desktop\Jarvis\src\Jarvis.App\JarvisMainForm.Runtime.cs(1294,16): error CS0103: The name '_isInTrayMode' does not exist in the current context [C:\Users\NoahR\OneDrive\Desktop\Jarvis\src\Jarvis.App\Jarvis.App.csproj]
         C:\Users\NoahR\OneDrive\Desktop\Jarvis\src\Jarvis.App\JarvisMainForm.Runtime.cs(1295,17): error CS0103: The name 'Visible' does not exist in the current context [C:\Users\NoahR\OneDrive\Desktop\Jarvis\src\Jarvis.App\Jarvis.App.csproj]
         C:\Users\NoahR\OneDrive\Desktop\Jarvis\src\Jarvis.App\JarvisMainForm.Runtime.cs(1296,16): error CS0103: The name 'WindowState' does not exist in the current context [C:\Users\NoahR\OneDrive\Desktop\Jarvis\src\Jarvis.App\Jarvis.App.csproj]

    9 Warning(s)
    547 Error(s)

Time Elapsed 00:00:02.57
